layer at (0,0) size 800x600
  RenderView at (0,0) size 800x600
layer at (0,0) size 800x420
  RenderBlock {HTML} at (0,0) size 800x420
    RenderBody {BODY} at (8,14) size 784x392 [color=#0000FF]
      RenderBlock {P} at (0,0) size 784x115
        RenderText {#text} at (0,0) size 29x19
          text run at (0,0) width 29: "The "
        RenderInline {STRONG} at (0,0) size 56x20
          RenderText {#text} at (29,0) size 56x20
            text run at (29,0) width 56: "first line"
        RenderText {#text} at (85,0) size 304x19
          text run at (85,0) width 206: " of this paragraph, and only that "
          text run at (291,0) width 98: "one, should be "
        RenderInline {STRONG} at (0,0) size 39x20
          RenderText {#text} at (389,0) size 39x20
            text run at (389,0) width 39: "green"
        RenderText {#text} at (428,0) size 783x115
          text run at (428,0) width 177: ". If this precise combination "
          text run at (605,0) width 154: "does not occur, then the"
          text run at (0,20) width 269: "user agent has failed this test. Remember "
          text run at (269,20) width 399: "that in order to ensure a complete test, the paragraph must be "
          text run at (668,20) width 80: "displayed on"
          text run at (0,39) width 348: "more than one line. Dummy text. Dummy text. Dummy "
          text run at (348,39) width 416: "text. Dummy text. Dummy text. Dummy text. Dummy text. Dummy"
          text run at (0,58) width 31: "text. "
          text run at (31,58) width 473: "Dummy text. Dummy text. Dummy text. Dummy text. Dummy text. Dummy "
          text run at (504,58) width 279: "text. Dummy text. Dummy text. Dummy text."
          text run at (0,77) width 168: "Dummy text. Dummy text. "
          text run at (168,77) width 473: "Dummy text. Dummy text. Dummy text. Dummy text. Dummy text. Dummy "
          text run at (641,77) width 111: "text. Dummy text."
          text run at (0,96) width 164: "Dummy text. Dummy text."
      RenderBlock {P} at (0,129) size 784x134
        RenderText {#text} at (0,1) size 57x36
          text run at (0,1) width 57: "The "
        RenderInline {STRONG} at (0,0) size 110x38
          RenderText {#text} at (57,0) size 110x38
            text run at (57,0) width 110: "first line"
        RenderText {#text} at (167,1) size 765x56
          text run at (167,1) width 410: " of this paragraph, and only that "
          text run at (577,1) width 188: "one, should be"
          text run at (0,38) width 12: "a "
        RenderInline {STRONG} at (0,0) size 39x20
          RenderText {#text} at (12,38) size 39x20
            text run at (12,38) width 39: "larger"
        RenderText {#text} at (51,38) size 127x19
          text run at (51,38) width 127: " font size as well as "
        RenderInline {STRONG} at (0,0) size 39x20
          RenderText {#text} at (178,38) size 39x20
            text run at (178,38) width 39: "green"
        RenderText {#text} at (217,38) size 765x96
          text run at (217,38) width 279: ". If this precise combination does not occur, "
          text run at (496,38) width 246: "then the user agent has failed this test."
          text run at (0,58) width 172: "Remember that in order to "
          text run at (172,58) width 423: "ensure a complete test, the paragraph must be displayed on more "
          text run at (595,58) width 170: "than one line. Dummy text."
          text run at (0,77) width 252: "Dummy text. Dummy text. Dummy text. "
          text run at (252,77) width 473: "Dummy text. Dummy text. Dummy text. Dummy text. Dummy text. Dummy "
          text run at (725,77) width 27: "text."
          text run at (0,96) width 420: "Dummy text. Dummy text. Dummy text. Dummy text. Dummy text. "
          text run at (420,96) width 332: "Dummy text. Dummy text. Dummy text. Dummy text."
          text run at (0,115) width 137: "Dummy text. Dummy "
          text run at (137,115) width 451: "text. Dummy text. Dummy text. Dummy text. Dummy text. Dummy text. "
          text run at (588,115) width 164: "Dummy text. Dummy text."
      RenderBlock {P} at (0,277) size 784x115
        RenderText {#text} at (0,0) size 27x19
          text run at (0,0) width 27: "The "
        RenderInline {STRONG} at (0,0) size 56x20
          RenderText {#text} at (27,0) size 56x20
            text run at (27,0) width 56: "first line"
        RenderText {#text} at (83,0) size 378x19
          text run at (83,0) width 208: " of this paragraph, and only that "
          text run at (291,0) width 170: "one, should be displayed in "
        RenderInline {STRONG} at (0,0) size 67x20
          RenderText {#text} at (461,0) size 67x20
            text run at (461,0) width 67: "small-caps"
        RenderText {#text} at (528,0) size 109x19
          text run at (528,0) width 59: " style as "
          text run at (587,0) width 50: "well as "
        RenderInline {STRONG} at (0,0) size 36x20
          RenderText {#text} at (637,0) size 36x20
            text run at (637,0) width 36: "green"
        RenderText {#text} at (673,0) size 774x115
          text run at (673,0) width 79: ". Thus, if the"
          text run at (0,20) width 106: "first line is not in "
          text run at (106,20) width 346: "small-caps style, or if the entire paragraph turns out in "
          text run at (452,20) width 322: "small-caps, then the user agent has failed this test."
          text run at (0,39) width 84: "Dummy text. "
          text run at (84,39) width 473: "Dummy text. Dummy text. Dummy text. Dummy text. Dummy text. Dummy "
          text run at (557,39) width 195: "text. Dummy text. Dummy text."
          text run at (0,58) width 252: "Dummy text. Dummy text. Dummy text. "
          text run at (252,58) width 473: "Dummy text. Dummy text. Dummy text. Dummy text. Dummy text. Dummy "
          text run at (725,58) width 27: "text."
          text run at (0,77) width 420: "Dummy text. Dummy text. Dummy text. Dummy text. Dummy text. "
          text run at (420,77) width 332: "Dummy text. Dummy text. Dummy text. Dummy text."
          text run at (0,96) width 80: "Dummy text."
