layer at (0,0) size 800x600
  RenderView at (0,0) size 800x600
layer at (0,0) size 800x295
  RenderBlock {HTML} at (0,0) size 800x295
    RenderBody {BODY} at (8,14) size 784x273
      RenderBlock {P} at (0,0) size 784x19
        RenderText {#text} at (0,0) size 313x19
          text run at (0,0) width 313: "There should be a green block with no red below."
      RenderBlock {DIV} at (15,33) size 90x240 [color=#008000] [bgcolor=#FF0000]
        RenderBlock {DIV} at (0,0) size 90x33
          RenderImage {IMG} at (0,0) size 30x30
          RenderInline {SPAN} at (0,0) size 15x16
            RenderText {#text} at (30,0) size 15x16
              text run at (30,0) width 15: "X"
          RenderText {#text} at (45,18) size 15x16
            text run at (45,18) width 15: "X"
        RenderBlock {DIV} at (0,33) size 90x36
          RenderImage {IMG} at (0,0) size 30x30
          RenderInline {SPAN} at (0,0) size 45x31
            RenderInline {SPAN} at (0,0) size 15x16
              RenderText {#text} at (30,6) size 15x16
                text run at (30,6) width 15: "X"
            RenderText {#text} at (45,6) size 30x31
              text run at (45,6) width 30: "X"
        RenderBlock {DIV} at (0,69) size 90x30
          RenderImage {IMG} at (0,0) size 30x30
          RenderText {#text} at (30,9) size 15x16
            text run at (30,9) width 15: "X"
        RenderBlock {DIV} at (0,99) size 90x36
          RenderImage {IMG} at (0,0) size 30x30
          RenderInline {SPAN} at (0,0) size 45x31
            RenderInline {SPAN} at (0,0) size 15x16
              RenderText {#text} at (30,21) size 15x16
                text run at (30,21) width 15: "X"
            RenderText {#text} at (45,6) size 30x31
              text run at (45,6) width 30: "X"
        RenderBlock {DIV} at (0,135) size 90x36
          RenderImage {IMG} at (0,0) size 30x30
          RenderInline {SPAN} at (0,0) size 45x31
            RenderInline {SPAN} at (0,0) size 15x16
              RenderText {#text} at (30,21) size 15x16
                text run at (30,21) width 15: "X"
            RenderText {#text} at (45,6) size 30x31
              text run at (45,6) width 30: "X"
        RenderBlock {DIV} at (0,171) size 90x36
          RenderImage {IMG} at (0,0) size 30x30
          RenderInline {SPAN} at (0,0) size 45x31
            RenderInline {SPAN} at (0,0) size 15x16
              RenderText {#text} at (30,18) size 15x16
                text run at (30,18) width 15: "X"
            RenderText {#text} at (45,6) size 30x31
              text run at (45,6) width 30: "X"
        RenderBlock {DIV} at (0,207) size 90x33
          RenderImage {IMG} at (0,0) size 30x30
          RenderInline {SPAN} at (0,0) size 15x16
            RenderText {#text} at (30,8) size 15x16
              text run at (30,8) width 15: "X"
          RenderText {#text} at (45,18) size 15x16
            text run at (45,18) width 15: "X"
