layer at (0,0) size 800x600
  RenderView at (0,0) size 800x600
layer at (0,0) size 800x318
  RenderBlock {HTML} at (0,0) size 800x318
    RenderBody {BODY} at (8,14) size 784x296
      RenderBlock {P} at (0,0) size 784x19
        RenderText {#text} at (0,0) size 441x19
          text run at (0,0) width 441: "There should be no red below, just the outline of an empty green box."
      RenderBlock {DIV} at (0,33) size 360x263 [color=#FFFFFF] [bgcolor=#FF0000] [border: (20px solid #008000)]
        RenderText {#text} at (40,39) size 280x104
          text run at (40,39) width 280: "xxxx xxxx xxxx"
          text run at (40,79) width 280: "xxxx xxxx xxxx"
          text run at (40,122) width 100: "xxxx "
        RenderImage {IMG} at (130,80) size 100x100 [border: (20px solid #FFFFFF)]
        RenderText {#text} at (220,122) size 280x101
          text run at (220,122) width 20: " "
          text run at (240,122) width 80: "xxxx"
          text run at (40,162) width 280: "xxxx xxxx xxxx"
          text run at (40,202) width 280: "xxxx xxxx xxxx"
