layer at (0,0) size 1700x584
  RenderView at (0,0) size 800x584
layer at (0,0) size 1700x103
  RenderBlock {HTML} at (0,0) size 800x103
    RenderBody {BODY} at (8,16) size 784x79
      RenderBlock {P} at (0,0) size 784x21
        RenderText {#text} at (0,0) size 306x21
          text run at (0,0) width 306: "The following two lines should look the same:"
      RenderBlock {DIV} at (0,37) size 784x21
        RenderInline {SPAN} at (0,0) size 36x21
          RenderInline (generated) at (0,0) size 36x21
            RenderCounter at (0,0) size 36x21
              text run at (0,0) width 36: "\x{10D0}.\x{10D0}"
        RenderText {#text} at (36,0) size 4x21
          text run at (36,0) width 4: " "
        RenderInline {SPAN} at (0,0) size 36x21
          RenderInline (generated) at (0,0) size 36x21
            RenderCounter at (40,0) size 36x21
              text run at (40,0) width 36: "\x{10D0}.\x{10D1}"
        RenderText {#text} at (76,0) size 4x21
          text run at (76,0) width 4: " "
        RenderInline {SPAN} at (0,0) size 36x21
          RenderInline (generated) at (0,0) size 36x21
            RenderCounter at (80,0) size 36x21
              text run at (80,0) width 36: "\x{10D0}.\x{10D2}"
        RenderText {#text} at (116,0) size 4x21
          text run at (116,0) width 4: " "
        RenderInline {SPAN} at (0,0) size 36x21
          RenderInline (generated) at (0,0) size 36x21
            RenderCounter at (120,0) size 36x21
              text run at (120,0) width 36: "\x{10D0}.\x{10D3}"
        RenderText {#text} at (156,0) size 4x21
          text run at (156,0) width 4: " "
        RenderInline {SPAN} at (0,0) size 36x21
          RenderInline (generated) at (0,0) size 36x21
            RenderCounter at (160,0) size 36x21
              text run at (160,0) width 36: "\x{10D0}.\x{10D4}"
        RenderText {#text} at (196,0) size 4x21
          text run at (196,0) width 4: " "
        RenderInline {SPAN} at (0,0) size 36x21
          RenderInline (generated) at (0,0) size 36x21
            RenderCounter at (200,0) size 36x21
              text run at (200,0) width 36: "\x{10D0}.\x{10D5}"
        RenderText {#text} at (236,0) size 4x21
          text run at (236,0) width 4: " "
        RenderInline {SPAN} at (0,0) size 36x21
          RenderInline (generated) at (0,0) size 36x21
            RenderCounter at (240,0) size 36x21
              text run at (240,0) width 36: "\x{10D0}.\x{10D6}"
        RenderText {#text} at (276,0) size 4x21
          text run at (276,0) width 4: " "
        RenderInline {SPAN} at (0,0) size 36x21
          RenderInline (generated) at (0,0) size 36x21
            RenderCounter at (280,0) size 36x21
              text run at (280,0) width 36: "\x{10D0}.\x{10F1}"
        RenderText {#text} at (316,0) size 4x21
          text run at (316,0) width 4: " "
        RenderInline {SPAN} at (0,0) size 36x21
          RenderInline (generated) at (0,0) size 36x21
            RenderCounter at (320,0) size 36x21
              text run at (320,0) width 36: "\x{10D0}.\x{10D7}"
        RenderText {#text} at (356,0) size 4x21
          text run at (356,0) width 4: " "
        RenderInline {SPAN} at (0,0) size 36x21
          RenderInline (generated) at (0,0) size 36x21
            RenderCounter at (360,0) size 36x21
              text run at (360,0) width 36: "\x{10D0}.\x{10D8}"
        RenderText {#text} at (396,0) size 4x21
          text run at (396,0) width 4: " "
        RenderInline {SPAN} at (0,0) size 52x21
          RenderInline (generated) at (0,0) size 52x21
            RenderCounter at (400,0) size 52x21
              text run at (400,0) width 52: "\x{10D0}.\x{10D8}\x{10D0}"
        RenderText {#text} at (452,0) size 4x21
          text run at (452,0) width 4: " "
        RenderInline {SPAN} at (0,0) size 52x21
          RenderInline (generated) at (0,0) size 52x21
            RenderCounter at (456,0) size 52x21
              text run at (456,0) width 52: "\x{10D0}.\x{10D8}\x{10D1}"
        RenderText {#text} at (508,0) size 4x21
          text run at (508,0) width 4: " "
        RenderInline {SPAN} at (0,0) size 36x21
          RenderInline (generated) at (0,0) size 36x21
            RenderCounter at (512,0) size 36x21
              text run at (512,0) width 36: "\x{10D0}.\x{10D9}"
        RenderText {#text} at (548,0) size 4x21
          text run at (548,0) width 4: " "
        RenderInline {SPAN} at (0,0) size 36x21
          RenderInline (generated) at (0,0) size 36x21
            RenderCounter at (552,0) size 36x21
              text run at (552,0) width 36: "\x{10D0}.\x{10DA}"
        RenderText {#text} at (588,0) size 4x21
          text run at (588,0) width 4: " "
        RenderInline {SPAN} at (0,0) size 36x21
          RenderInline (generated) at (0,0) size 36x21
            RenderCounter at (592,0) size 36x21
              text run at (592,0) width 36: "\x{10D0}.\x{10DB}"
        RenderText {#text} at (628,0) size 4x21
          text run at (628,0) width 4: " "
        RenderInline {SPAN} at (0,0) size 36x21
          RenderInline (generated) at (0,0) size 36x21
            RenderCounter at (632,0) size 36x21
              text run at (632,0) width 36: "\x{10D0}.\x{10DC}"
        RenderText {#text} at (668,0) size 4x21
          text run at (668,0) width 4: " "
        RenderInline {SPAN} at (0,0) size 36x21
          RenderInline (generated) at (0,0) size 36x21
            RenderCounter at (672,0) size 36x21
              text run at (672,0) width 36: "\x{10D0}.\x{10F2}"
        RenderText {#text} at (708,0) size 4x21
          text run at (708,0) width 4: " "
        RenderInline {SPAN} at (0,0) size 36x21
          RenderInline (generated) at (0,0) size 36x21
            RenderCounter at (712,0) size 36x21
              text run at (712,0) width 36: "\x{10D0}.\x{10DD}"
        RenderText {#text} at (748,0) size 4x21
          text run at (748,0) width 4: " "
        RenderInline {SPAN} at (0,0) size 36x21
          RenderInline (generated) at (0,0) size 36x21
            RenderCounter at (752,0) size 36x21
              text run at (752,0) width 36: "\x{10D0}.\x{10DE}"
        RenderText {#text} at (788,0) size 4x21
          text run at (788,0) width 4: " "
        RenderInline {SPAN} at (0,0) size 36x21
          RenderInline (generated) at (0,0) size 36x21
            RenderCounter at (792,0) size 36x21
              text run at (792,0) width 36: "\x{10D0}.\x{10DF}"
        RenderText {#text} at (828,0) size 4x21
          text run at (828,0) width 4: " "
        RenderInline {SPAN} at (0,0) size 36x21
          RenderInline (generated) at (0,0) size 36x21
            RenderCounter at (832,0) size 36x21
              text run at (832,0) width 36: "\x{10D0}.\x{10E0}"
        RenderText {#text} at (868,0) size 4x21
          text run at (868,0) width 4: " "
        RenderInline {SPAN} at (0,0) size 36x21
          RenderInline (generated) at (0,0) size 36x21
            RenderCounter at (872,0) size 36x21
              text run at (872,0) width 36: "\x{10D0}.\x{10E1}"
        RenderText {#text} at (908,0) size 4x21
          text run at (908,0) width 4: " "
        RenderInline {SPAN} at (0,0) size 36x21
          RenderInline (generated) at (0,0) size 36x21
            RenderCounter at (912,0) size 36x21
              text run at (912,0) width 36: "\x{10D0}.\x{10E2}"
        RenderText {#text} at (948,0) size 4x21
          text run at (948,0) width 4: " "
        RenderInline {SPAN} at (0,0) size 36x21
          RenderInline (generated) at (0,0) size 36x21
            RenderCounter at (952,0) size 36x21
              text run at (952,0) width 36: "\x{10D0}.\x{10F3}"
        RenderText {#text} at (988,0) size 4x21
          text run at (988,0) width 4: " "
        RenderInline {SPAN} at (0,0) size 36x21
          RenderInline (generated) at (0,0) size 36x21
            RenderCounter at (992,0) size 36x21
              text run at (992,0) width 36: "\x{10D0}.\x{10E4}"
        RenderText {#text} at (1028,0) size 4x21
          text run at (1028,0) width 4: " "
        RenderInline {SPAN} at (0,0) size 36x21
          RenderInline (generated) at (0,0) size 36x21
            RenderCounter at (1032,0) size 36x21
              text run at (1032,0) width 36: "\x{10D0}.\x{10E5}"
        RenderText {#text} at (1068,0) size 4x21
          text run at (1068,0) width 4: " "
        RenderInline {SPAN} at (0,0) size 36x21
          RenderInline (generated) at (0,0) size 36x21
            RenderCounter at (1072,0) size 36x21
              text run at (1072,0) width 36: "\x{10D0}.\x{10E6}"
        RenderText {#text} at (1108,0) size 4x21
          text run at (1108,0) width 4: " "
        RenderInline {SPAN} at (0,0) size 36x21
          RenderInline (generated) at (0,0) size 36x21
            RenderCounter at (1112,0) size 36x21
              text run at (1112,0) width 36: "\x{10D0}.\x{10E7}"
        RenderText {#text} at (1148,0) size 4x21
          text run at (1148,0) width 4: " "
        RenderInline {SPAN} at (0,0) size 36x21
          RenderInline (generated) at (0,0) size 36x21
            RenderCounter at (1152,0) size 36x21
              text run at (1152,0) width 36: "\x{10D0}.\x{10E8}"
        RenderText {#text} at (1188,0) size 4x21
          text run at (1188,0) width 4: " "
        RenderInline {SPAN} at (0,0) size 36x21
          RenderInline (generated) at (0,0) size 36x21
            RenderCounter at (1192,0) size 36x21
              text run at (1192,0) width 36: "\x{10D0}.\x{10E9}"
        RenderText {#text} at (1228,0) size 4x21
          text run at (1228,0) width 4: " "
        RenderInline {SPAN} at (0,0) size 36x21
          RenderInline (generated) at (0,0) size 36x21
            RenderCounter at (1232,0) size 36x21
              text run at (1232,0) width 36: "\x{10D0}.\x{10EA}"
        RenderText {#text} at (1268,0) size 4x21
          text run at (1268,0) width 4: " "
        RenderInline {SPAN} at (0,0) size 36x21
          RenderInline (generated) at (0,0) size 36x21
            RenderCounter at (1272,0) size 36x21
              text run at (1272,0) width 36: "\x{10D0}.\x{10EB}"
        RenderText {#text} at (1308,0) size 4x21
          text run at (1308,0) width 4: " "
        RenderInline {SPAN} at (0,0) size 36x21
          RenderInline (generated) at (0,0) size 36x21
            RenderCounter at (1312,0) size 36x21
              text run at (1312,0) width 36: "\x{10D0}.\x{10EC}"
        RenderText {#text} at (1348,0) size 4x21
          text run at (1348,0) width 4: " "
        RenderInline {SPAN} at (0,0) size 36x21
          RenderInline (generated) at (0,0) size 36x21
            RenderCounter at (1352,0) size 36x21
              text run at (1352,0) width 36: "\x{10D0}.\x{10ED}"
        RenderText {#text} at (1388,0) size 4x21
          text run at (1388,0) width 4: " "
        RenderInline {SPAN} at (0,0) size 36x21
          RenderInline (generated) at (0,0) size 36x21
            RenderCounter at (1392,0) size 36x21
              text run at (1392,0) width 36: "\x{10D0}.\x{10EE}"
        RenderText {#text} at (1428,0) size 4x21
          text run at (1428,0) width 4: " "
        RenderInline {SPAN} at (0,0) size 36x21
          RenderInline (generated) at (0,0) size 36x21
            RenderCounter at (1432,0) size 36x21
              text run at (1432,0) width 36: "\x{10D0}.\x{10F4}"
        RenderText {#text} at (1468,0) size 4x21
          text run at (1468,0) width 4: " "
        RenderInline {SPAN} at (0,0) size 36x21
          RenderInline (generated) at (0,0) size 36x21
            RenderCounter at (1472,0) size 36x21
              text run at (1472,0) width 36: "\x{10D0}.\x{10EF}"
        RenderText {#text} at (1508,0) size 4x21
          text run at (1508,0) width 4: " "
        RenderInline {SPAN} at (0,0) size 36x21
          RenderInline (generated) at (0,0) size 36x21
            RenderCounter at (1512,0) size 36x21
              text run at (1512,0) width 36: "\x{10D0}.\x{10F0}"
        RenderText {#text} at (1548,0) size 4x21
          text run at (1548,0) width 4: " "
        RenderInline {SPAN} at (0,0) size 36x21
          RenderInline (generated) at (0,0) size 36x21
            RenderCounter at (1552,0) size 36x21
              text run at (1552,0) width 36: "\x{10D0}.\x{10F5}"
        RenderText {#text} at (1588,0) size 4x21
          text run at (1588,0) width 4: " "
        RenderInline {SPAN} at (0,0) size 100x21
          RenderInline (generated) at (0,0) size 100x21
            RenderCounter at (1592,0) size 100x21
              text run at (1592,0) width 100: "\x{10D0}.\x{10F5}\x{10F0}\x{10E8}\x{10DF}\x{10D7}"
        RenderText {#text} at (0,0) size 0x0
      RenderBlock {DIV} at (0,58) size 784x21
        RenderText {#text} at (0,0) size 1692x21
          text run at (0,0) width 40: "\x{10D0}.\x{10D0} "
          text run at (40,0) width 40: "\x{10D0}.\x{10D1} "
          text run at (80,0) width 40: "\x{10D0}.\x{10D2} "
          text run at (120,0) width 40: "\x{10D0}.\x{10D3} "
          text run at (160,0) width 40: "\x{10D0}.\x{10D4} "
          text run at (200,0) width 40: "\x{10D0}.\x{10D5} "
          text run at (240,0) width 40: "\x{10D0}.\x{10D6} "
          text run at (280,0) width 40: "\x{10D0}.\x{10F1} "
          text run at (320,0) width 40: "\x{10D0}.\x{10D7} "
          text run at (360,0) width 40: "\x{10D0}.\x{10D8} "
          text run at (400,0) width 56: "\x{10D0}.\x{10D8}\x{10D0} "
          text run at (456,0) width 56: "\x{10D0}.\x{10D8}\x{10D1} "
          text run at (512,0) width 40: "\x{10D0}.\x{10D9} "
          text run at (552,0) width 40: "\x{10D0}.\x{10DA} "
          text run at (592,0) width 40: "\x{10D0}.\x{10DB} "
          text run at (632,0) width 40: "\x{10D0}.\x{10DC} "
          text run at (672,0) width 40: "\x{10D0}.\x{10F2} "
          text run at (712,0) width 40: "\x{10D0}.\x{10DD} "
          text run at (752,0) width 40: "\x{10D0}.\x{10DE} "
          text run at (792,0) width 40: "\x{10D0}.\x{10DF} "
          text run at (832,0) width 40: "\x{10D0}.\x{10E0} "
          text run at (872,0) width 40: "\x{10D0}.\x{10E1} "
          text run at (912,0) width 40: "\x{10D0}.\x{10E2} "
          text run at (952,0) width 40: "\x{10D0}.\x{10F3} "
          text run at (992,0) width 40: "\x{10D0}.\x{10E4} "
          text run at (1032,0) width 40: "\x{10D0}.\x{10E5} "
          text run at (1072,0) width 40: "\x{10D0}.\x{10E6} "
          text run at (1112,0) width 40: "\x{10D0}.\x{10E7} "
          text run at (1152,0) width 40: "\x{10D0}.\x{10E8} "
          text run at (1192,0) width 40: "\x{10D0}.\x{10E9} "
          text run at (1232,0) width 40: "\x{10D0}.\x{10EA} "
          text run at (1272,0) width 40: "\x{10D0}.\x{10EB} "
          text run at (1312,0) width 40: "\x{10D0}.\x{10EC} "
          text run at (1352,0) width 40: "\x{10D0}.\x{10ED} "
          text run at (1392,0) width 40: "\x{10D0}.\x{10EE} "
          text run at (1432,0) width 40: "\x{10D0}.\x{10F4} "
          text run at (1472,0) width 40: "\x{10D0}.\x{10EF} "
          text run at (1512,0) width 40: "\x{10D0}.\x{10F0} "
          text run at (1552,0) width 40: "\x{10D0}.\x{10F5} "
          text run at (1592,0) width 100: "\x{10D0}.\x{10F5}\x{10F0}\x{10E8}\x{10DF}\x{10D7}"
