layer at (0,0) size 800x600
  RenderView at (0,0) size 800x600
layer at (0,0) size 800x103
  RenderBlock {HTML} at (0,0) size 800x103
    RenderBody {BODY} at (8,16) size 784x79
      RenderBlock {P} at (0,0) size 784x21
        RenderText {#text} at (0,0) size 306x21
          text run at (0,0) width 306: "The following two lines should look the same:"
      RenderBlock {DIV} at (0,37) size 784x21
        RenderInline {SPAN} at (0,0) size 36x21
          RenderInline (generated) at (0,0) size 36x21
            RenderCounter at (0,0) size 36x21
              text run at (0,0) width 36: "\x{3B1}.\x{3B1}"
        RenderText {#text} at (36,0) size 4x21
          text run at (36,0) width 4: " "
        RenderInline {SPAN} at (0,0) size 36x21
          RenderInline (generated) at (0,0) size 36x21
            RenderCounter at (40,0) size 36x21
              text run at (40,0) width 36: "\x{3B1}.\x{3B2}"
        RenderText {#text} at (76,0) size 4x21
          text run at (76,0) width 4: " "
        RenderInline {SPAN} at (0,0) size 36x21
          RenderInline (generated) at (0,0) size 36x21
            RenderCounter at (80,0) size 36x21
              text run at (80,0) width 36: "\x{3B1}.\x{3B3}"
        RenderText {#text} at (116,0) size 4x21
          text run at (116,0) width 4: " "
        RenderInline {SPAN} at (0,0) size 36x21
          RenderInline (generated) at (0,0) size 36x21
            RenderCounter at (120,0) size 36x21
              text run at (120,0) width 36: "\x{3B1}.\x{3B4}"
        RenderText {#text} at (156,0) size 4x21
          text run at (156,0) width 4: " "
        RenderInline {SPAN} at (0,0) size 36x21
          RenderInline (generated) at (0,0) size 36x21
            RenderCounter at (160,0) size 36x21
              text run at (160,0) width 36: "\x{3B1}.\x{3B5}"
        RenderText {#text} at (196,0) size 4x21
          text run at (196,0) width 4: " "
        RenderInline {SPAN} at (0,0) size 36x21
          RenderInline (generated) at (0,0) size 36x21
            RenderCounter at (200,0) size 36x21
              text run at (200,0) width 36: "\x{3B1}.\x{3B6}"
        RenderText {#text} at (236,0) size 4x21
          text run at (236,0) width 4: " "
        RenderInline {SPAN} at (0,0) size 36x21
          RenderInline (generated) at (0,0) size 36x21
            RenderCounter at (240,0) size 36x21
              text run at (240,0) width 36: "\x{3B1}.\x{3B7}"
        RenderText {#text} at (276,0) size 4x21
          text run at (276,0) width 4: " "
        RenderInline {SPAN} at (0,0) size 36x21
          RenderInline (generated) at (0,0) size 36x21
            RenderCounter at (280,0) size 36x21
              text run at (280,0) width 36: "\x{3B1}.\x{3B8}"
        RenderText {#text} at (316,0) size 4x21
          text run at (316,0) width 4: " "
        RenderInline {SPAN} at (0,0) size 36x21
          RenderInline (generated) at (0,0) size 36x21
            RenderCounter at (320,0) size 36x21
              text run at (320,0) width 36: "\x{3B1}.\x{3B9}"
        RenderText {#text} at (356,0) size 4x21
          text run at (356,0) width 4: " "
        RenderInline {SPAN} at (0,0) size 36x21
          RenderInline (generated) at (0,0) size 36x21
            RenderCounter at (360,0) size 36x21
              text run at (360,0) width 36: "\x{3B1}.\x{3BA}"
        RenderText {#text} at (396,0) size 4x21
          text run at (396,0) width 4: " "
        RenderInline {SPAN} at (0,0) size 36x21
          RenderInline (generated) at (0,0) size 36x21
            RenderCounter at (400,0) size 36x21
              text run at (400,0) width 36: "\x{3B1}.\x{3BB}"
        RenderText {#text} at (436,0) size 4x21
          text run at (436,0) width 4: " "
        RenderInline {SPAN} at (0,0) size 36x21
          RenderInline (generated) at (0,0) size 36x21
            RenderCounter at (440,0) size 36x21
              text run at (440,0) width 36: "\x{3B1}.\x{3BC}"
        RenderText {#text} at (0,0) size 0x0
      RenderBlock {DIV} at (0,58) size 784x21
        RenderText {#text} at (0,0) size 476x21
          text run at (0,0) width 40: "\x{3B1}.\x{3B1} "
          text run at (40,0) width 40: "\x{3B1}.\x{3B2} "
          text run at (80,0) width 40: "\x{3B1}.\x{3B3} "
          text run at (120,0) width 40: "\x{3B1}.\x{3B4} "
          text run at (160,0) width 40: "\x{3B1}.\x{3B5} "
          text run at (200,0) width 40: "\x{3B1}.\x{3B6} "
          text run at (240,0) width 40: "\x{3B1}.\x{3B7} "
          text run at (280,0) width 40: "\x{3B1}.\x{3B8} "
          text run at (320,0) width 40: "\x{3B1}.\x{3B9} "
          text run at (360,0) width 40: "\x{3B1}.\x{3BA} "
          text run at (400,0) width 40: "\x{3B1}.\x{3BB} "
          text run at (440,0) width 36: "\x{3B1}.\x{3BC}"
