layer at (0,0) size 800x600
  RenderView at (0,0) size 800x600
layer at (0,0) size 800x103
  RenderBlock {HTML} at (0,0) size 800x103
    RenderBody {BODY} at (8,16) size 784x79
      RenderBlock {P} at (0,0) size 784x21
        RenderText {#text} at (0,0) size 306x21
          text run at (0,0) width 306: "The following two lines should look the same:"
      RenderBlock {DIV} at (0,37) size 784x21
        RenderInline {SPAN} at (0,0) size 16x21
          RenderInline (generated) at (0,0) size 16x21
            RenderCounter at (0,0) size 16x21
              text run at (0,0) width 16: "\x{3B1}"
        RenderText {#text} at (16,0) size 4x21
          text run at (16,0) width 4: " "
        RenderInline {SPAN} at (0,0) size 16x21
          RenderInline (generated) at (0,0) size 16x21
            RenderCounter at (20,0) size 16x21
              text run at (20,0) width 16: "\x{3B2}"
        RenderText {#text} at (36,0) size 4x21
          text run at (36,0) width 4: " "
        RenderInline {SPAN} at (0,0) size 16x21
          RenderInline (generated) at (0,0) size 16x21
            RenderCounter at (40,0) size 16x21
              text run at (40,0) width 16: "\x{3B3}"
        RenderText {#text} at (56,0) size 4x21
          text run at (56,0) width 4: " "
        RenderInline {SPAN} at (0,0) size 16x21
          RenderInline (generated) at (0,0) size 16x21
            RenderCounter at (60,0) size 16x21
              text run at (60,0) width 16: "\x{3B4}"
        RenderText {#text} at (76,0) size 4x21
          text run at (76,0) width 4: " "
        RenderInline {SPAN} at (0,0) size 16x21
          RenderInline (generated) at (0,0) size 16x21
            RenderCounter at (80,0) size 16x21
              text run at (80,0) width 16: "\x{3B5}"
        RenderText {#text} at (96,0) size 4x21
          text run at (96,0) width 4: " "
        RenderInline {SPAN} at (0,0) size 16x21
          RenderInline (generated) at (0,0) size 16x21
            RenderCounter at (100,0) size 16x21
              text run at (100,0) width 16: "\x{3B6}"
        RenderText {#text} at (116,0) size 4x21
          text run at (116,0) width 4: " "
        RenderInline {SPAN} at (0,0) size 16x21
          RenderInline (generated) at (0,0) size 16x21
            RenderCounter at (120,0) size 16x21
              text run at (120,0) width 16: "\x{3B7}"
        RenderText {#text} at (136,0) size 4x21
          text run at (136,0) width 4: " "
        RenderInline {SPAN} at (0,0) size 16x21
          RenderInline (generated) at (0,0) size 16x21
            RenderCounter at (140,0) size 16x21
              text run at (140,0) width 16: "\x{3B8}"
        RenderText {#text} at (156,0) size 4x21
          text run at (156,0) width 4: " "
        RenderInline {SPAN} at (0,0) size 16x21
          RenderInline (generated) at (0,0) size 16x21
            RenderCounter at (160,0) size 16x21
              text run at (160,0) width 16: "\x{3B9}"
        RenderText {#text} at (176,0) size 4x21
          text run at (176,0) width 4: " "
        RenderInline {SPAN} at (0,0) size 16x21
          RenderInline (generated) at (0,0) size 16x21
            RenderCounter at (180,0) size 16x21
              text run at (180,0) width 16: "\x{3BA}"
        RenderText {#text} at (196,0) size 4x21
          text run at (196,0) width 4: " "
        RenderInline {SPAN} at (0,0) size 16x21
          RenderInline (generated) at (0,0) size 16x21
            RenderCounter at (200,0) size 16x21
              text run at (200,0) width 16: "\x{3BB}"
        RenderText {#text} at (216,0) size 4x21
          text run at (216,0) width 4: " "
        RenderInline {SPAN} at (0,0) size 16x21
          RenderInline (generated) at (0,0) size 16x21
            RenderCounter at (220,0) size 16x21
              text run at (220,0) width 16: "\x{3BC}"
        RenderText {#text} at (0,0) size 0x0
      RenderBlock {DIV} at (0,58) size 784x21
        RenderText {#text} at (0,0) size 236x21
          text run at (0,0) width 20: "\x{3B1} "
          text run at (20,0) width 20: "\x{3B2} "
          text run at (40,0) width 20: "\x{3B3} "
          text run at (60,0) width 20: "\x{3B4} "
          text run at (80,0) width 20: "\x{3B5} "
          text run at (100,0) width 20: "\x{3B6} "
          text run at (120,0) width 20: "\x{3B7} "
          text run at (140,0) width 20: "\x{3B8} "
          text run at (160,0) width 20: "\x{3B9} "
          text run at (180,0) width 20: "\x{3BA} "
          text run at (200,0) width 20: "\x{3BB} "
          text run at (220,0) width 16: "\x{3BC}"
