layer at (0,0) size 800x600
  RenderView at (0,0) size 800x600
layer at (0,0) size 800x94
  RenderBlock {HTML} at (0,0) size 800x94
    RenderBody {BODY} at (8,14) size 784x72
      RenderBlock {P} at (0,0) size 784x20
        RenderText {#text} at (0,0) size 223x19
          text run at (0,0) width 223: "The following two lines should look "
        RenderInline {EM} at (0,0) size 89x19
          RenderText {#text} at (223,0) size 89x19
            text run at (223,0) width 89: "approximately"
        RenderText {#text} at (312,0) size 67x19
          text run at (312,0) width 67: " the same:"
      RenderBlock {DIV} at (0,34) size 784x19
        RenderInline {SPAN} at (0,0) size 12x19
          RenderInline (generated) at (0,0) size 12x19
            RenderCounter at (0,0) size 12x19
              text run at (0,0) width 12: "\x{25A0}.\x{25A0}"
        RenderText {#text} at (12,0) size 4x19
          text run at (12,0) width 4: " "
        RenderInline {SPAN} at (0,0) size 12x19
          RenderInline (generated) at (0,0) size 12x19
            RenderCounter at (16,0) size 12x19
              text run at (16,0) width 12: "\x{25A0}.\x{25A0}"
        RenderText {#text} at (28,0) size 4x19
          text run at (28,0) width 4: " "
        RenderInline {SPAN} at (0,0) size 12x19
          RenderInline (generated) at (0,0) size 12x19
            RenderCounter at (32,0) size 12x19
              text run at (32,0) width 12: "\x{25A0}.\x{25A0}"
        RenderText {#text} at (44,0) size 4x19
          text run at (44,0) width 4: " "
        RenderInline {SPAN} at (0,0) size 12x19
          RenderInline (generated) at (0,0) size 12x19
            RenderCounter at (48,0) size 12x19
              text run at (48,0) width 12: "\x{25A0}.\x{25A0}"
        RenderText {#text} at (60,0) size 4x19
          text run at (60,0) width 4: " "
        RenderInline {SPAN} at (0,0) size 12x19
          RenderInline (generated) at (0,0) size 12x19
            RenderCounter at (64,0) size 12x19
              text run at (64,0) width 12: "\x{25A0}.\x{25A0}"
        RenderText {#text} at (76,0) size 4x19
          text run at (76,0) width 4: " "
        RenderInline {SPAN} at (0,0) size 12x19
          RenderInline (generated) at (0,0) size 12x19
            RenderCounter at (80,0) size 12x19
              text run at (80,0) width 12: "\x{25A0}.\x{25A0}"
        RenderText {#text} at (92,0) size 4x19
          text run at (92,0) width 4: " "
        RenderInline {SPAN} at (0,0) size 12x19
          RenderInline (generated) at (0,0) size 12x19
            RenderCounter at (96,0) size 12x19
              text run at (96,0) width 12: "\x{25A0}.\x{25A0}"
        RenderText {#text} at (108,0) size 4x19
          text run at (108,0) width 4: " "
        RenderInline {SPAN} at (0,0) size 12x19
          RenderInline (generated) at (0,0) size 12x19
            RenderCounter at (112,0) size 12x19
              text run at (112,0) width 12: "\x{25A0}.\x{25A0}"
        RenderText {#text} at (124,0) size 4x19
          text run at (124,0) width 4: " "
        RenderInline {SPAN} at (0,0) size 12x19
          RenderInline (generated) at (0,0) size 12x19
            RenderCounter at (128,0) size 12x19
              text run at (128,0) width 12: "\x{25A0}.\x{25A0}"
        RenderText {#text} at (140,0) size 4x19
          text run at (140,0) width 4: " "
        RenderInline {SPAN} at (0,0) size 12x19
          RenderInline (generated) at (0,0) size 12x19
            RenderCounter at (144,0) size 12x19
              text run at (144,0) width 12: "\x{25A0}.\x{25A0}"
        RenderText {#text} at (156,0) size 4x19
          text run at (156,0) width 4: " "
        RenderInline {SPAN} at (0,0) size 12x19
          RenderInline (generated) at (0,0) size 12x19
            RenderCounter at (160,0) size 12x19
              text run at (160,0) width 12: "\x{25A0}.\x{25A0}"
        RenderText {#text} at (172,0) size 4x19
          text run at (172,0) width 4: " "
        RenderInline {SPAN} at (0,0) size 12x19
          RenderInline (generated) at (0,0) size 12x19
            RenderCounter at (176,0) size 12x19
              text run at (176,0) width 12: "\x{25A0}.\x{25A0}"
        RenderText {#text} at (0,0) size 0x0
      RenderBlock {DIV} at (0,53) size 784x19
        RenderText {#text} at (0,0) size 188x19
          text run at (0,0) width 16: "\x{25FE}.\x{25FE} "
          text run at (16,0) width 16: "\x{25FE}.\x{25FE} "
          text run at (32,0) width 16: "\x{25FE}.\x{25FE} "
          text run at (48,0) width 16: "\x{25FE}.\x{25FE} "
          text run at (64,0) width 16: "\x{25FE}.\x{25FE} "
          text run at (80,0) width 16: "\x{25FE}.\x{25FE} "
          text run at (96,0) width 16: "\x{25FE}.\x{25FE} "
          text run at (112,0) width 16: "\x{25FE}.\x{25FE} "
          text run at (128,0) width 16: "\x{25FE}.\x{25FE} "
          text run at (144,0) width 16: "\x{25FE}.\x{25FE} "
          text run at (160,0) width 16: "\x{25FE}.\x{25FE} "
          text run at (176,0) width 12: "\x{25FE}.\x{25FE}"
