layer at (0,0) size 800x600
  RenderView at (0,0) size 800x600
layer at (0,0) size 800x225
  RenderBlock {HTML} at (0,0) size 800x225
    RenderBody {BODY} at (8,18) size 784x189 [color=#000080]
      RenderBlock {P} at (0,0) size 784x189
        RenderText {#text} at (0,1) size 662x24
          text run at (0,1) width 662: "This text should be 18px sans-serif. There should be a 9px gap between each line. "
        RenderInline {SPAN} at (0,0) size 779x186 [color=#C0C0C0]
          RenderText {#text} at (662,1) size 779x186
            text run at (662,1) width 93: "dummy text"
            text run at (0,28) width 456: "dummy text dummy text dummy text dummy text dummy "
            text run at (456,28) width 323: "text dummy text dummy text dummy text"
            text run at (0,55) width 260: "dummy text dummy text dummy "
            text run at (260,55) width 519: "text dummy text dummy text dummy text dummy text dummy text"
            text run at (0,82) width 64: "dummy "
            text run at (64,82) width 588: "text dummy text dummy text dummy text dummy text dummy text dummy "
            text run at (652,82) width 127: "text dummy text"
            text run at (0,109) width 456: "dummy text dummy text dummy text dummy text dummy "
            text run at (456,109) width 323: "text dummy text dummy text dummy text"
            text run at (0,136) width 260: "dummy text dummy text dummy "
            text run at (260,136) width 519: "text dummy text dummy text dummy text dummy text dummy text"
            text run at (0,163) width 64: "dummy "
            text run at (64,163) width 519: "text dummy text dummy text dummy text dummy text dummy text"
        RenderText {#text} at (0,0) size 0x0
