layer at (0,0) size 800x600
  RenderView at (0,0) size 800x600
layer at (0,0) size 800x319
  RenderBlock {HTML} at (0,0) size 800x319
    RenderBody {BODY} at (8,14) size 784x297
      RenderBlock {P} at (0,0) size 784x19
        RenderText {#text} at (0,0) size 713x19
          text run at (0,0) width 713: "There should be a stripy pattern of yellow and aqua below (each vertical stripe should be straight and unbroken)."
      RenderBlock {DIV} at (0,33) size 432x24 [color=#00FFFF] [bgcolor=#FFFF00]
        RenderText {#text} at (0,-1) size 360x26
          text run at (0,-1) width 360: "x x   x x   x x"
      RenderBlock {DIV} at (0,57) size 432x24 [color=#00FFFF] [bgcolor=#FFFF00]
        RenderText {#text} at (0,-1) size 360x26
          text run at (0,-1) width 360: "x x   x x   x x"
      RenderBlock {DIV} at (0,81) size 432x24 [color=#00FFFF] [bgcolor=#FFFF00]
        RenderText {#text} at (0,-1) size 360x26
          text run at (0,-1) width 360: "x x   x x   x x"
      RenderBlock {DIV} at (0,105) size 432x24 [color=#00FFFF] [bgcolor=#FFFF00]
        RenderText {#text} at (0,-1) size 192x26
          text run at (0,-1) width 192: "xx xx xx"
      RenderBlock {DIV} at (0,129) size 432x24 [color=#00FFFF] [bgcolor=#FFFF00]
        RenderText {#text} at (0,-1) size 192x26
          text run at (0,-1) width 192: "xx xx xx"
      RenderBlock {DIV} at (0,153) size 432x24 [color=#00FFFF] [bgcolor=#FFFF00]
        RenderText {#text} at (0,-1) size 192x26
          text run at (0,-1) width 192: "xx xx xx"
      RenderBlock {DIV} at (0,177) size 432x24 [color=#00FFFF] [bgcolor=#FFFF00]
        RenderText {#text} at (0,-1) size 192x26
          text run at (0,-1) width 192: "xx xx xx"
      RenderBlock {DIV} at (0,201) size 432x24 [color=#00FFFF] [bgcolor=#FFFF00]
        RenderText {#text} at (0,-1) size 192x26
          text run at (0,-1) width 192: "xx xx xx"
      RenderBlock {DIV} at (0,225) size 432x24 [color=#00FFFF] [bgcolor=#FFFF00]
        RenderText {#text} at (0,-1) size 192x26
          text run at (0,-1) width 192: "xx xx xx"
      RenderBlock {DIV} at (0,249) size 432x24 [color=#00FFFF] [bgcolor=#FFFF00]
        RenderText {#text} at (0,-1) size 192x26
          text run at (0,-1) width 192: "xx xx xx"
      RenderBlock {DIV} at (0,273) size 432x24 [color=#00FFFF] [bgcolor=#FFFF00]
        RenderText {#text} at (0,-1) size 192x26
          text run at (0,-1) width 192: "xx xx xx"
