layer at (0,0) size 800x600
  RenderView at (0,0) size 800x600
layer at (0,0) size 800x102
  RenderBlock {HTML} at (0,0) size 800x102
    RenderBody {BODY} at (8,14) size 784x80
      RenderBlock {P} at (0,0) size 784x19
        RenderText {#text} at (0,0) size 410x19
          text run at (0,0) width 410: "There should be a single small column of blue below with no red:"
      RenderBlock {DIV} at (0,33) size 784x15
        RenderImage {IMG} at (384,0) size 15x15
      RenderBlock {DIV} at (0,48) size 784x15
        RenderImage {IMG} at (384,0) size 15x15
      RenderBlock {DIV} at (0,63) size 784x17 [color=#0000FF]
        RenderText {#text} at (384,0) size 15x16
          text run at (384,0) width 15: "X"
