layer at (0,0) size 800x600
  RenderView at (0,0) size 800x600
layer at (0,0) size 800x600
  RenderBlock {HTML} at (0,0) size 800x600
    RenderBody {BODY} at (8,8) size 784x578
      RenderBlock {P} at (0,0) size 784x40
        RenderText {#text} at (0,0) size 53x19
          text run at (0,0) width 53: "Test for "
        RenderInline {I} at (0,0) size 736x39
          RenderInline {A} at (0,0) size 294x19 [color=#0000EE]
            RenderText {#text} at (53,0) size 294x19
              text run at (53,0) width 294: "http://bugs.webkit.org/show_bug.cgi?id=11124"
          RenderText {#text} at (347,0) size 736x39
            text run at (347,0) width 4: " "
            text run at (351,0) width 385: "REGRESSION (r14297): No drag image for partially-selected"
            text run at (0,20) width 80: "complex text"
        RenderText {#text} at (80,20) size 4x19
          text run at (80,20) width 4: "."
      RenderBlock {P} at (0,54) size 784x19
        RenderText {#text} at (0,0) size 137x19
          text run at (0,0) width 137: "This should look like \x{201C}"
        RenderInline {SPAN} at (0,0) size 83x19 [color=#008000]
          RenderText {#text} at (137,0) size 83x19
            text run at (137,0) width 83: "Lore\x{300}m ipsum"
        RenderText {#text} at (220,0) size 13x19
          text run at (220,0) width 13: "\x{201D}: "
        RenderInline {SPAN} at (0,0) size 87x19
          RenderText {#text} at (233,0) size 87x19
            text run at (233,0) width 87: " Lore\x{300}m ipsum"
        RenderText {#text} at (0,0) size 0x0
selection start: position 1 of child 0 {#text} of child 3 {SPAN} of child 2 {P} of body
selection end:   position 13 of child 0 {#text} of child 3 {SPAN} of child 2 {P} of body
