layer at (0,0) size 800x600
  RenderView at (0,0) size 800x600
layer at (0,0) size 800x600
  RenderBlock {HTML} at (0,0) size 800x600
    RenderBody {BODY} at (8,8) size 784x578
      RenderBlock {P} at (0,0) size 784x40
        RenderText {#text} at (0,0) size 219x19
          text run at (0,0) width 219: "This tests for a regression against "
        RenderInline {I} at (0,0) size 736x39
          RenderInline {A} at (0,0) size 337x19 [color=#0000EE]
            RenderText {#text} at (219,0) size 337x19
              text run at (219,0) width 337: "http://bugzilla.opendarwin.org/show_bug.cgi?id=6397"
          RenderText {#text} at (556,0) size 736x39
            text run at (556,0) width 180: " ATSUI small caps use small"
            text run at (0,20) width 74: "punctuation"
        RenderText {#text} at (74,20) size 4x19
          text run at (74,20) width 4: "."
      RenderBlock {P} at (0,54) size 784x19
        RenderText {#text} at (0,0) size 356x19
          text run at (0,0) width 356: "All four question marks below should be \x{201C}big\x{201D}, like this: ?"
      RenderBlock {HR} at (0,87) size 784x2 [border: (1px inset #000000)]
      RenderBlock {P} at (0,103) size 784x19
        RenderText {#text} at (0,0) size 49x19
          text run at (0,0) width 49: "ATSUI: "
        RenderInline {SPAN} at (0,0) size 43x19
          RenderText {#text} at (49,0) size 43x19
            text run at (49,0) width 43: "A?b?e\x{300}"
      RenderBlock {P} at (0,136) size 784x19
        RenderText {#text} at (0,0) size 29x19
          text run at (0,0) width 29: "CG: "
        RenderInline {SPAN} at (0,0) size 39x19
          RenderText {#text} at (29,0) size 39x19
            text run at (29,0) width 39: "A?b?e"
