layer at (0,0) size 800x600
  RenderView at (0,0) size 800x600
layer at (0,0) size 800x600
  RenderBlock {HTML} at (0,0) size 800x600
    RenderBody {BODY} at (8,8) size 784x578
      RenderBlock {P} at (0,0) size 784x40
        RenderText {#text} at (0,0) size 105x19
          text run at (0,0) width 105: "This is a test for "
        RenderInline {I} at (0,0) size 745x39
          RenderText {#text} at (105,0) size 745x39
            text run at (105,0) width 640: "http://bugzilla.opendarwin.org/show_bug.cgi?id=6139 ATSUI code path should implement small caps,"
            text run at (0,20) width 399: "synthetic bold and oblique and correct metrics for fallback fonts"
        RenderText {#text} at (399,20) size 4x19
          text run at (399,20) width 4: "."
      RenderBlock {HR} at (0,54) size 784x2 [border: (1px inset #000000)]
      RenderBlock {P} at (0,70) size 784x19
        RenderText {#text} at (0,0) size 606x19
          text run at (0,0) width 606: "The two columns should be identical except for the accent over the e and the umlaut over the u."
      RenderTable {TABLE} at (0,103) size 247x156 [border: none]
        RenderTableSection {TBODY} at (0,0) size 246x155
          RenderTableRow {TR} at (0,0) size 246x31
            RenderTableCell {TD} at (0,0) size 123x31 [border: (1px solid #008000)] [r=0 c=0 rs=1 cs=1]
              RenderText {#text} at (2,2) size 63x27
                text run at (2,2) width 63: "Lore\x{300}m "
              RenderInline {SPAN} at (0,0) size 53x28
                RenderText {#text} at (65,2) size 53x28
                  text run at (65,2) width 53: "ipsu\x{308}m"
              RenderText {#text} at (0,0) size 0x0
            RenderTableCell {TD} at (123,0) size 123x31 [border: (1px solid #008000)] [r=0 c=1 rs=1 cs=1]
              RenderText {#text} at (2,2) size 63x27
                text run at (2,2) width 63: "Lorem "
              RenderInline {SPAN} at (0,0) size 53x28
                RenderText {#text} at (65,2) size 53x28
                  text run at (65,2) width 53: "ipsum"
              RenderText {#text} at (0,0) size 0x0
          RenderTableRow {TR} at (0,31) size 246x31
            RenderTableCell {TD} at (0,31) size 123x31 [border: (1px solid #008000)] [r=1 c=0 rs=1 cs=1]
              RenderText {#text} at (2,2) size 67x28
                text run at (2,2) width 67: "Lore\x{300}m "
              RenderInline {SPAN} at (0,0) size 53x28
                RenderText {#text} at (69,2) size 53x28
                  text run at (69,2) width 53: "ipsu\x{308}m"
              RenderText {#text} at (0,0) size 0x0
            RenderTableCell {TD} at (123,31) size 123x31 [border: (1px solid #008000)] [r=1 c=1 rs=1 cs=1]
              RenderText {#text} at (2,2) size 67x28
                text run at (2,2) width 67: "Lorem "
              RenderInline {SPAN} at (0,0) size 53x28
                RenderText {#text} at (69,2) size 53x28
                  text run at (69,2) width 53: "ipsum"
              RenderText {#text} at (0,0) size 0x0
          RenderTableRow {TR} at (0,62) size 246x31
            RenderTableCell {TD} at (0,62) size 123x31 [border: (1px solid #008000)] [r=2 c=0 rs=1 cs=1]
              RenderText {#text} at (2,2) size 63x27
                text run at (2,2) width 63: "Lore\x{300}m "
              RenderInline {SPAN} at (0,0) size 51x28
                RenderText {#text} at (65,2) size 51x28
                  text run at (65,2) width 51: "ipsu\x{308}m"
              RenderText {#text} at (0,0) size 0x0
            RenderTableCell {TD} at (123,62) size 123x31 [border: (1px solid #008000)] [r=2 c=1 rs=1 cs=1]
              RenderText {#text} at (2,2) size 63x27
                text run at (2,2) width 63: "Lorem "
              RenderInline {SPAN} at (0,0) size 51x28
                RenderText {#text} at (65,2) size 51x28
                  text run at (65,2) width 51: "ipsum"
              RenderText {#text} at (0,0) size 0x0
          RenderTableRow {TR} at (0,93) size 246x31
            RenderTableCell {TD} at (0,93) size 123x31 [border: (1px solid #008000)] [r=3 c=0 rs=1 cs=1]
              RenderText {#text} at (2,2) size 67x28
                text run at (2,2) width 67: "Lore\x{300}m "
              RenderInline {SPAN} at (0,0) size 51x28
                RenderText {#text} at (69,2) size 51x28
                  text run at (69,2) width 51: "ipsu\x{308}m"
              RenderText {#text} at (0,0) size 0x0
            RenderTableCell {TD} at (123,93) size 123x31 [border: (1px solid #008000)] [r=3 c=1 rs=1 cs=1]
              RenderText {#text} at (2,2) size 67x28
                text run at (2,2) width 67: "Lorem "
              RenderInline {SPAN} at (0,0) size 51x28
                RenderText {#text} at (69,2) size 51x28
                  text run at (69,2) width 51: "ipsum"
              RenderText {#text} at (0,0) size 0x0
          RenderTableRow {TR} at (0,124) size 246x31
            RenderTableCell {TD} at (0,124) size 123x31 [border: (1px solid #008000)] [r=4 c=0 rs=1 cs=1]
              RenderText {#text} at (2,2) size 116x28
                text run at (2,2) width 116: "Lore\x{300}m ipsu\x{308}m"
            RenderTableCell {TD} at (123,124) size 123x31 [border: (1px solid #008000)] [r=4 c=1 rs=1 cs=1]
              RenderText {#text} at (2,2) size 106x28
                text run at (2,2) width 106: "Lorem ipsum"
      RenderBlock {HR} at (0,266) size 784x2 [border: (1px inset #000000)]
      RenderBlock {P} at (0,282) size 784x19
        RenderText {#text} at (0,0) size 269x19
          text run at (0,0) width 269: "The following two lines should be identical."
      RenderBlock {P} at (0,315) size 784x25
        RenderInline {SPAN} at (0,0) size 578x28 [border: (1px solid #008000)]
          RenderText {#text} at (1,0) size 576x26
            text run at (1,0) width 576: "\x{E01}\x{E02}\x{E03}\x{E04}\x{E05}\x{E06}\x{E07}\x{E08}\x{E01}\x{E02}\x{E03}\x{E04}\x{E05}\x{E06}\x{E07}\x{E08}\x{E01}\x{E02}\x{E03}\x{E04}\x{E05}\x{E06}\x{E07}\x{E08}\x{E01}\x{E02}\x{E03}\x{E04}\x{E05}\x{E06}\x{E07}\x{E08}"
        RenderText {#text} at (0,0) size 0x0
      RenderBlock {P} at (0,354) size 784x24
        RenderInline {SPAN} at (0,0) size 578x27 [border: (1px solid #008000)]
          RenderText {#text} at (1,0) size 576x25
            text run at (1,0) width 576: "\x{E01}\x{E02}\x{E03}\x{E04}\x{E05}\x{E06}\x{E07}\x{E08}\x{E01}\x{E02}\x{E03}\x{E04}\x{E05}\x{E06}\x{E07}\x{E08}\x{E01}\x{E02}\x{E03}\x{E04}\x{E05}\x{E06}\x{E07}\x{E08}\x{E01}\x{E02}\x{E03}\x{E04}\x{E05}\x{E06}\x{E07}\x{E08}"
        RenderText {#text} at (0,0) size 0x0
