layer at (0,0) size 800x600
  RenderView at (0,0) size 800x600
layer at (0,0) size 800x238
  RenderBlock {HTML} at (0,0) size 800x238
    RenderBody {BODY} at (8,8) size 784x210
      RenderBlock (anonymous) at (0,0) size 784x19
        RenderText {#text} at (0,0) size 81x19
          text run at (0,0) width 81: "This is good:"
      RenderBlock {DIV} at (0,39) size 200x56
        RenderBlock {P} at (0,0) size 200x56 [border: (1px solid #008000)]
          RenderText {#text} at (1,1) size 196x54
            text run at (1,1) width 196: "lorem ipsum dolor sit?"
            text run at (1,28) width 56: "?amet"
      RenderBlock (anonymous) at (0,115) size 784x19
        RenderText {#text} at (0,0) size 235x19
          text run at (0,0) width 235: "The following should look like \x{201C}good\x{201D}:"
      RenderBlock {DIV} at (0,154) size 200x56
        RenderBlock {P} at (0,0) size 200x56 [border: (1px solid #008000)]
          RenderText {#text} at (1,1) size 196x54
            text run at (1,1) width 196: "lorem ipsum dolor sit?"
            text run at (1,28) width 56: "?amet"
