layer at (0,0) size 800x600
  RenderView at (0,0) size 800x600
layer at (0,0) size 800x600
  RenderBlock {HTML} at (0,0) size 800x600
    RenderBody {BODY} at (8,8) size 784x584
      RenderBlock {P} at (0,0) size 784x20
        RenderText {#text} at (0,0) size 53x19
          text run at (0,0) width 53: "Test for "
        RenderInline {I} at (0,0) size 593x19
          RenderInline {A} at (0,0) size 294x19 [color=#0000EE]
            RenderText {#text} at (53,0) size 294x19
              text run at (53,0) width 294: "http://bugs.webkit.org/show_bug.cgi?id=13178"
          RenderText {#text} at (347,0) size 299x19
            text run at (347,0) width 4: " "
            text run at (351,0) width 295: "Helvetica zero-width space has non-zero width"
        RenderText {#text} at (646,0) size 4x19
          text run at (646,0) width 4: "."
      RenderBlock {P} at (0,34) size 784x19
        RenderText {#text} at (0,0) size 261x19
          text run at (0,0) width 261: "The following lines should all be identical."
      RenderBlock {DIV} at (0,67) size 784x47
        RenderText {#text} at (0,0) size 386x47
          text run at (0,0) width 386: "Lor\x{E9}m\x{200B}ipsum\x{200E}dolor\x{1F}sit"
      RenderBlock {DIV} at (0,114) size 784x47
        RenderText {#text} at (0,0) size 386x47
          text run at (0,0) width 386: "Lore\x{301}m\x{200B}ipsum\x{200E}dolor\x{1F}sit"
      RenderBlock {DIV} at (0,161) size 784x47
        RenderText {#text} at (0,0) size 386x47
          text run at (0,0) width 386: "Lor\x{E9}mipsumdolorsit"
