layer at (0,0) size 800x1020
  RenderView at (0,0) size 800x600
layer at (0,0) size 800x1020
  RenderBlock {HTML} at (0,0) size 800x1020
    RenderBody {BODY} at (8,8) size 784x1004
      RenderBlock (anonymous) at (0,0) size 784x19
        RenderText {#text} at (0,0) size 689x19
          text run at (0,0) width 689: "This example tests that word-break properly shrinks a cell to one character per line when it is set to break-all."
      RenderTable {TABLE} at (0,19) size 784x109 [border: (1px outset #808080)]
        RenderTableSection {TBODY} at (1,1) size 782x107
          RenderTableRow {TR} at (0,0) size 782x107
            RenderTableCell {TD} at (0,0) size 22x107 [border: (1px inset #808080)] [r=0 c=0 rs=1 cs=1]
              RenderText {#text} at (6,6) size 10x95
                text run at (6,6) width 10: "N"
                text run at (6,25) width 8: "a"
                text run at (6,44) width 10: "rr"
                text run at (6,63) width 8: "o"
                text run at (6,82) width 10: "w"
            RenderTableCell {TD} at (22,38) size 760x31 [border: (1px inset #808080)] [r=0 c=1 rs=1 cs=1]
              RenderText {#text} at (6,6) size 133x19
                text run at (6,6) width 133: "This cell should grow"
      RenderBlock (anonymous) at (0,128) size 784x38
        RenderBR {BR} at (0,0) size 0x19
        RenderText {#text} at (0,19) size 433x19
          text run at (0,19) width 433: "This test checks that word-break is ignored when white-space is pre."
      RenderBlock {PRE} at (0,180) size 110x29 [border: (5px solid #000000)]
        RenderText {#text} at (5,5) size 378x19
          text run at (5,5) width 378: "Thislongwordshouldnotgetbrokenbutshouldstickoutofthepre."
          text run at (383,5) width 0: " "
      RenderBlock (anonymous) at (0,223) size 784x76
        RenderBR {BR} at (0,0) size 0x19
        RenderText {#text} at (0,19) size 783x57
          text run at (0,19) width 468: "The next two examples test our custom break-word value for word-break. "
          text run at (468,19) width 299: "We should get the same results as break-all for"
          text run at (0,38) width 783: "the first test, but we should break up the word in the second test (since our behavior matches word-wrap: break-word in that"
          text run at (0,57) width 39: "case)."
      RenderTable {TABLE} at (0,299) size 784x109 [border: (1px outset #808080)]
        RenderTableSection {TBODY} at (1,1) size 782x107
          RenderTableRow {TR} at (0,0) size 782x107
            RenderTableCell {TD} at (0,0) size 22x107 [border: (1px inset #808080)] [r=0 c=0 rs=1 cs=1]
              RenderText {#text} at (6,6) size 10x95
                text run at (6,6) width 10: "N"
                text run at (6,25) width 8: "a"
                text run at (6,44) width 10: "rr"
                text run at (6,63) width 8: "o"
                text run at (6,82) width 10: "w"
            RenderTableCell {TD} at (22,38) size 760x31 [border: (1px inset #808080)] [r=0 c=1 rs=1 cs=1]
              RenderText {#text} at (6,6) size 133x19
                text run at (6,6) width 133: "This cell should grow"
      RenderBlock (anonymous) at (0,408) size 784x19
        RenderBR {BR} at (0,0) size 0x19
      RenderBlock {PRE} at (0,441) size 110x86 [border: (5px solid #000000)]
        RenderText {#text} at (5,5) size 100x76
          text run at (5,5) width 100: "Thislongwordsh"
          text run at (5,24) width 95: "ouldnotgetbrok"
          text run at (5,43) width 99: "enbutshouldstic"
          text run at (5,62) width 84: "koutofthepre."
          text run at (89,62) width 0: " "
      RenderBlock (anonymous) at (0,541) size 784x57
        RenderBR {BR} at (0,0) size 0x19
        RenderText {#text} at (0,19) size 784x38
          text run at (0,19) width 628: "This test makes sure floating and positioned elements do the right thing with word-break: break-all. "
          text run at (628,19) width 124: "The minimum width"
          text run at (0,38) width 298: "should be less than the containing block width. "
          text run at (298,38) width 486: "The breaking should be \"dumb\" and just occur when the end of the line is hit."
      RenderBlock {DIV} at (0,598) size 304x42 [border: (2px solid #000000)]
        RenderBlock (floating) {DIV} at (2,2) size 300x38
          RenderText {#text} at (0,0) size 294x38
            text run at (0,0) width 294: "Eventhoughthishasareallylongword itshouldnot"
            text run at (0,19) width 224: "stick out oftheenclosing300pxblock."
        RenderBR {BR} at (302,2) size 0x19
      RenderBlock (anonymous) at (0,640) size 784x19
        RenderBR {BR} at (0,0) size 0x19
      RenderBlock (anonymous) at (0,763) size 784x76
        RenderBR {BR} at (0,0) size 0x19
        RenderText {#text} at (0,19) size 769x57
          text run at (0,19) width 645: "This test makes sure floating and positioned elements do the right thing with word-break: break-word. "
          text run at (645,19) width 124: "The minimum width"
          text run at (0,38) width 298: "should be less than the containing block width. "
          text run at (298,38) width 457: "The breaking should be \"smart\" and be like word-wrap: break-word, with"
          text run at (0,57) width 488: "words preferring to wrap first before allowing break opportunities within them."
      RenderBlock {DIV} at (0,839) size 304x42 [border: (2px solid #000000)]
        RenderBlock (floating) {DIV} at (2,2) size 300x38
          RenderText {#text} at (0,0) size 293x38
            text run at (0,0) width 221: "Eventhoughthishasareallylongword"
            text run at (0,19) width 293: "itshouldnotstick out oftheenclosing300pxblock."
        RenderBR {BR} at (302,2) size 0x19
      RenderBlock (anonymous) at (0,881) size 784x19
        RenderBR {BR} at (0,0) size 0x19
layer at (8,667) size 304x104
  RenderBlock (relative positioned) {DIV} at (0,659) size 304x104 [border: (2px solid #000000)]
layer at (10,669) size 300x38
  RenderBlock (positioned) {DIV} at (2,2) size 300x38
    RenderText {#text} at (0,0) size 294x38
      text run at (0,0) width 294: "Eventhoughthishasareallylongword itshouldnot"
      text run at (0,19) width 224: "stick out oftheenclosing300pxblock."
layer at (8,908) size 304x104
  RenderBlock (relative positioned) {DIV} at (0,900) size 304x104 [border: (2px solid #000000)]
layer at (10,910) size 300x38
  RenderBlock (positioned) {DIV} at (2,2) size 300x38
    RenderText {#text} at (0,0) size 293x38
      text run at (0,0) width 221: "Eventhoughthishasareallylongword"
      text run at (0,19) width 293: "itshouldnotstick out oftheenclosing300pxblock."
