layer at (0,0) size 800x600
  RenderView at (0,0) size 800x600
layer at (0,0) size 800x600
  RenderBlock {HTML} at (0,0) size 800x600
    RenderBody {BODY} at (8,8) size 784x578
      RenderBlock {P} at (0,0) size 784x40
        RenderText {#text} at (0,0) size 53x19
          text run at (0,0) width 53: "Test for "
        RenderInline {I} at (0,0) size 773x39
          RenderInline {A} at (0,0) size 294x19 [color=#0000EE]
            RenderText {#text} at (53,0) size 294x19
              text run at (53,0) width 294: "http://bugs.webkit.org/show_bug.cgi?id=15367"
          RenderText {#text} at (347,0) size 773x39
            text run at (347,0) width 4: " "
            text run at (351,0) width 422: "Assertion failure inspecting a document including soft hyphen code"
            text run at (0,20) width 41: "(0xad)"
        RenderText {#text} at (41,20) size 4x19
          text run at (41,20) width 4: "."
      RenderBlock {P} at (0,54) size 784x19
        RenderText {#text} at (0,0) size 480x19
          text run at (0,0) width 480: "The following text should not wrap and the border should fit tightly around it."
layer at (8,95) size 114x25
  RenderBlock (positioned) {DIV} at (8,95) size 114x25 [border: (3px solid #000000)]
    RenderText {#text} at (3,3) size 108x19
      text run at (3,3) width 54: "Two soft"
      text run at (57,3) width 23: "hyp"
      text run at (80,3) width 31: "hens"
