layer at (0,0) size 785x20085
  RenderView at (0,0) size 785x600
layer at (0,0) size 785x20085
  RenderBlock {html} at (0,0) size 785x20085
    RenderBody {body} at (8,16) size 769x20061
      RenderBlock {p} at (0,0) size 769x40
        RenderText {#text} at (0,0) size 759x39
          text run at (0,0) width 382: "The circle below is a link. When you activate the circle, nothing "
          text run at (382,0) width 377: "should happen. If the document scrolls or the image pans when"
          text run at (0,20) width 26: "you "
          text run at (26,20) width 208: "activate the link, the test has failed."
      RenderBlock (anonymous) at (0,56) size 769x20005
        RenderSVGRoot {svg} at (8,72) size 100x20000
          RenderSVGContainer {a} at (8,72) size 100x100
            RenderSVGPath {circle} at (8,72) size 100x100 [fill={[type=SOLID] [color=#0000FF]}] [cx=50.00] [cy=50.00] [r=50.00]
          RenderSVGPath {circle} at (8,19972) size 100x100 [fill={[type=SOLID] [color=#FF0000]}] [cx=50.00] [cy=19950.00] [r=50.00]
        RenderText {#text} at (0,0) size 0x0
