layer at (0,0) size 800x600
  RenderView at (0,0) size 800x600
layer at (0,0) size 800x600
  RenderBlock {HTML} at (0,0) size 800x600
    RenderBody {BODY} at (8,8) size 784x584
      RenderBlock (anonymous) at (0,0) size 784x20
        RenderText {#text} at (0,0) size 274x19
          text run at (0,0) width 274: "The popup buttons below should not overlap."
      RenderTable {TABLE} at (0,20) size 784x26
        RenderTableSection {TBODY} at (0,0) size 784x26
          RenderTableRow {TR} at (0,1) size 784x24
            RenderTableCell {TD} at (1,1) size 46x24 [r=0 c=0 rs=1 cs=1]
              RenderMenuList {SELECT} at (1,3) size 44x18 [bgcolor=#DDDDDD]
                RenderBlock (anonymous) at (0,0) size 44x18
                  RenderText at (4,1) size 21x16
                    text run at (4,1) width 21: "one"
            RenderTableCell {TD} at (48,1) size 2x24 [r=0 c=1 rs=1 cs=1]
              RenderMenuList {SELECT} at (1,3) size 0x18 [bgcolor=#DDDDDD]
                RenderBlock (anonymous) at (0,0) size 23x18
                  RenderText at (4,1) size 20x16
                    text run at (4,1) width 20: "two"
            RenderTableCell {TD} at (51,1) size 2x24 [r=0 c=2 rs=1 cs=1]
              RenderMenuList {SELECT} at (1,3) size 0x18 [bgcolor=#DDDDDD]
                RenderBlock (anonymous) at (0,0) size 23x18
                  RenderText at (4,1) size 29x16
                    text run at (4,1) width 29: "three"
            RenderTableCell {TD} at (54,2) size 729x22 [r=0 c=3 rs=1 cs=1]
              RenderText {#text} at (1,1) size 4x19
                text run at (1,1) width 4: " "
