layer at (0,0) size 800x600
  RenderView at (0,0) size 800x600
layer at (0,0) size 800x600
  RenderBlock {HTML} at (0,0) size 800x600
    RenderBody {BODY} at (8,8) size 784x576
      RenderBlock (anonymous) at (0,0) size 784x20
        RenderText {#text} at (0,0) size 565x19
          text run at (0,0) width 565: "The following two lines should be visible without the white background clipping any of the text:"
      RenderBlock {P} at (0,36) size 784x32
        RenderInline {SPAN} at (0,0) size 77x38 [bgcolor=#FFFFFF]
          RenderText {#text} at (0,0) size 0x0
          RenderInline {SPAN} at (0,0) size 77x31
            RenderText {#text} at (0,0) size 77x15
              text run at (0,0) width 77: "FOOBARBAZ"
            RenderBR {BR} at (77,12) size 0x0
            RenderText {#text} at (0,16) size 77x15
              text run at (0,16) width 77: "BAZBARFOO"
        RenderText {#text} at (0,0) size 0x0
      RenderBlock (anonymous) at (0,84) size 784x20
        RenderText {#text} at (0,0) size 391x19
          text run at (0,0) width 391: "The background below should be 10x10 and snugly fit the image:"
      RenderBlock {P} at (0,120) size 784x10
        RenderInline {SPAN} at (0,0) size 10x46 [bgcolor=#FF0000]
          RenderImage {IMG} at (0,0) size 10x10
        RenderText {#text} at (0,0) size 0x0
