layer at (0,0) size 826x585
  RenderView at (0,0) size 800x585
layer at (0,0) size 826x585
  RenderBlock {HTML} at (0,0) size 826x585
    RenderBody {BODY} at (8,8) size 810x569
layer at (8,8) size 810x569
  RenderBlock {DIV} at (0,0) size 810x569 [border: (5px solid #000000)]
    RenderText {#text} at (5,15) size 2399x169
      text run at (5,15) width 169: "Lorem ipsum dolor sit amet,"
      text run at (25,15) width 164: "consectetuer adipiscing elit."
      text run at (45,15) width 143: "Nulla varius enim ac mi."
      text run at (65,15) width 150: "Curabitur sollicitudin felis"
      text run at (85,15) width 120: "quis lectus. Quisque"
      text run at (105,15) width 142: "adipiscing rhoncus sem."
      text run at (125,15) width 162: "Proin nulla purus, vulputate"
      text run at (145,15) width 152: "vel, varius ut, euismod et,"
      text run at (165,15) width 158: "nisi. Sed vitae felis vel orci"
      text run at (185,15) width 127: "sagittis aliquam. Cras"
      text run at (205,15) width 146: "convallis adipiscing sem."
      text run at (225,15) width 128: "Nam nonummy enim."
      text run at (245,15) width 155: "Nullam bibendum lobortis"
      text run at (265,15) width 139: "neque. Vestibulum velit"
      text run at (285,15) width 132: "orci, tempus euismod,"
      text run at (305,15) width 169: "pretium quis, interdum vitae,"
      text run at (325,15) width 163: "nulla. Phasellus eget ante et"
      text run at (345,15) width 118: "tortor condimentum"
      text run at (365,15) width 145: "vestibulum. Suspendisse"
      text run at (385,15) width 146: "hendrerit quam nec felis."
      text run at (405,15) width 132: "Sed varius turpis vitae"
      text run at (425,15) width 153: "pede. Lorem ipsum dolor"
      text run at (445,15) width 130: "sit amet, consectetuer"
      text run at (465,15) width 120: "adipiscing elit. Proin"
      text run at (485,15) width 146: "bibendum justo ac enim."
      text run at (505,15) width 163: "Class aptent taciti sociosqu"
      text run at (525,15) width 127: "ad litora torquent per"
      text run at (545,15) width 116: "conubia nostra, per"
      text run at (565,15) width 153: "inceptos hymenaeos. Sed"
      text run at (585,15) width 162: "leo nulla, rutrum eu, dictum"
      text run at (605,15) width 160: "ut, posuere vel, arcu. Nam"
      text run at (625,15) width 111: "libero. Morbi orci."
      text run at (645,15) width 144: "Maecenas pellentesque."
      text run at (665,15) width 115: "Curabitur erat erat,"
      text run at (685,15) width 138: "ullamcorper at, gravida"
      text run at (705,15) width 133: "vitae, iaculis vitae, elit."
      text run at (725,15) width 165: "Nullam quam. Quisque orci"
      text run at (745,15) width 135: "lectus, ullamcorper eu,"
      text run at (765,15) width 167: "imperdiet sed, accumsan et,"
      text run at (785,15) width 169: "ligula. Duis diam nisl, sagittis"
      text run at (805,15) width 167: "a, blandit volutpat, interdum"
      text run at (825,15) width 169: "sed, velit. Vestibulum quam."
      text run at (845,15) width 143: "Nulla a purus. Phasellus"
      text run at (865,15) width 134: "semper semper lectus."
      text run at (885,15) width 169: "Nulla porttitor, dolor dictum"
      text run at (905,15) width 136: "scelerisque luctus, velit"
      text run at (925,15) width 149: "ipsum lobortis mauris, ac"
      text run at (945,15) width 165: "pretium enim nunc vel risus."
      text run at (965,15) width 141: "Proin gravida mi ut sem"
      text run at (985,15) width 121: "cursus mattis. Fusce"
      text run at (1005,15) width 134: "laoreet, nisi quis luctus"
      text run at (1025,15) width 116: "volutpat, arcu pede"
      text run at (1045,15) width 111: "tincidunt enim, nec"
      text run at (1065,15) width 134: "malesuada urna nisl eu"
      text run at (1085,15) width 166: "enim. Vivamus varius augue"
      text run at (1105,15) width 126: "ac purus. Vestibulum"
      text run at (1125,15) width 162: "vestibulum. Phasellus et est"
      text run at (1145,15) width 120: "vitae ante accumsan"
      text run at (1165,15) width 152: "rhoncus. Morbi convallis,"
      text run at (1185,15) width 150: "arcu at hendrerit gravida,"
      text run at (1205,15) width 150: "sem diam dignissim risus,"
      text run at (1225,15) width 146: "sed aliquet erat mi ut mi."
      text run at (1245,15) width 141: "Nunc cursus lacinia elit."
      text run at (1265,15) width 160: "Nunc nisi. Quisque at erat."
      text run at (1285,15) width 148: "Vestibulum dictum quam"
      text run at (1305,15) width 159: "vitae nibh. Nunc vitae ante"
      text run at (1325,15) width 157: "non odio interdum blandit."
      text run at (1345,15) width 120: "Curabitur leo quam,"
      text run at (1365,15) width 153: "fermentum sed, feugiat in,"
      text run at (1385,15) width 123: "ullamcorper id, nibh."
      text run at (1405,15) width 149: "Suspendisse ac turpis. In"
      text run at (1425,15) width 128: "iaculis sollicitudin dui."
      text run at (1445,15) width 148: "Aenean vitae lectus vitae"
      text run at (1465,15) width 105: "nulla pellentesque"
      text run at (1485,15) width 151: "sollicitudin. Nunc gravida"
      text run at (1505,15) width 164: "pharetra lectus. Etiam lacus"
      text run at (1525,15) width 149: "ligula, placerat ut, dictum"
      text run at (1545,15) width 139: "vitae, tempus vel, risus."
      text run at (1565,15) width 140: "Cras rhoncus. Praesent"
      text run at (1585,15) width 159: "varius ultricies orci. Donec"
      text run at (1605,15) width 137: "mattis, neque ut ornare"
      text run at (1625,15) width 157: "fringilla, ante urna placerat"
      text run at (1645,15) width 139: "eros, vel commodo nisi"
      text run at (1665,15) width 138: "tortor ut mauris. Morbi"
      text run at (1685,15) width 163: "magna dui, sagittis sit amet,"
      text run at (1705,15) width 137: "tincidunt et, elementum"
      text run at (1725,15) width 163: "eget, quam. Fusce molestie"
      text run at (1745,15) width 160: "nisl vitae nisi. Vestibulum a"
      text run at (1765,15) width 168: "sapien. Phasellus ante lacus,"
      text run at (1785,15) width 135: "vehicula non, cursus a,"
      text run at (1805,15) width 109: "tempor ut, magna."
      text run at (1825,15) width 163: "Suspendisse potenti. Fusce"
      text run at (1845,15) width 119: "aliquet, odio viverra"
      text run at (1865,15) width 165: "vulputate dictum, enim odio"
      text run at (1885,15) width 160: "luctus purus, ut scelerisque"
      text run at (1905,15) width 159: "quam nulla non est. Donec"
      text run at (1925,15) width 148: "eros lacus, egestas vitae,"
      text run at (1945,15) width 148: "lacinia quis, tempor quis,"
      text run at (1965,15) width 134: "pede. Morbi orci erat,"
      text run at (1985,15) width 120: "iaculis id, ornare ac,"
      text run at (2005,15) width 152: "elementum at, sem. Nunc"
      text run at (2025,15) width 157: "ornare sodales nisi. Morbi"
      text run at (2045,15) width 144: "interdum commodo nisl."
      text run at (2065,15) width 144: "Fusce eget eros non nisi"
      text run at (2085,15) width 117: "ornare facilisis. Sed"
      text run at (2105,15) width 151: "placerat, est non posuere"
      text run at (2125,15) width 117: "posuere, purus sem"
      text run at (2145,15) width 152: "dignissim libero, a viverra"
      text run at (2165,15) width 162: "tellus dolor vel lorem. Cras"
      text run at (2185,15) width 126: "augue. Etiam ultricies"
      text run at (2205,15) width 160: "consequat odio. Mauris ac"
      text run at (2225,15) width 132: "libero. Etiam posuere,"
      text run at (2245,15) width 120: "libero vitae euismod"
      text run at (2265,15) width 159: "gravida, urna elit imperdiet"
      text run at (2285,15) width 154: "magna, vel cursus elit felis"
      text run at (2305,15) width 140: "non mauris. Donec orci"
      text run at (2325,15) width 159: "erat, porta id, dignissim ut,"
      text run at (2345,15) width 122: "posuere dictum, leo."
      text run at (2365,15) width 144: "Suspendisse scelerisque"
      text run at (2385,15) width 79: "egestas nulla."
