layer at (0,0) size 800x600
  RenderView at (0,0) size 800x600
layer at (0,0) size 800x600
  RenderBlock {HTML} at (0,0) size 800x600
    RenderBody {BODY} at (8,8) size 784x584
      RenderText {#text} at (0,0) size 60x19
        text run at (0,0) width 60: "GIF89a\x{D4}\x{1}"
      RenderText {#text} at (60,0) size 316x19
        text run at (60,0) width 316: "<\x{FFFD}\x{20AC}\x{FFFD}\x{FFFD}\x{FFFD}\x{FFFD}\x{7F}\x{FFFD}\x{FFFD}\x{FFFD}!\x{FF}\x{B}NETSCAPE2.0\x{3}\x{1}\x{FFFD}\x{FFFD}\x{FFFD}!\x{F9}\x{4}\x{4}"
      RenderText {#text} at (376,0) size 137x19
        text run at (376,0) width 137: "<\x{FFFD}\x{FFFD}\x{FFFD},\x{FFFD}\x{FFFD}\x{FFFD}\x{FFFD}\x{D4}\x{1}"
      RenderText {#text} at (513,0) size 650x39
        text run at (513,0) width 137: "<\x{FFFD}\x{201A}\x{FFFD}\x{FFFD}\x{7F}\x{FF}\x{FF}\x{FFFD}\x{FF}\x{FF}\x{FF}\x{DF}\x{DF}\x{DF}"
        text run at (0,20) width 430: "\x{BF}\x{BF}\x{BF}\x{7F}\x{7F}\x{7F}\x{FFFD}\x{FFFD}\x{FFFD}\x{FFFD}\x{FFFD}\x{FFFD}\x{3}\x{FF}8\x{BA}\x{DC}\x{FE}0\x{CA}I\x{AB}\x{BD}8\x{EB}\x{CD}\x{BB}\x{FF}`(\x{17D}di*\x{C6} \x{AC}l\x{EB}\x{BE}p,\x{CF}tm\x{DF}x\x{AE}\x{EF}|\x{EF}\x{FF}\x{C0} pH,"
