layer at (0,0) size 800x600
  RenderView at (0,0) size 800x600
layer at (0,0) size 800x600
  RenderBlock {HTML} at (0,0) size 800x600
    RenderBody {BODY} at (8,8) size 784x584
      RenderInline {A} at (0,0) size 8x19 [color=#0000EE]
        RenderText {#text} at (0,0) size 8x19
          text run at (0,0) width 8: "\x{5EFA}\x{7BC9}"
      RenderText {#text} at (8,0) size 8x19
        text run at (8,0) width 8: ", "
      RenderInline {A} at (0,0) size 12x19 [color=#0000EE]
        RenderText {#text} at (16,0) size 12x19
          text run at (16,0) width 12: "\x{7F8E}\x{8853}\x{9928}"
      RenderText {#text} at (28,0) size 8x19
        text run at (28,0) width 8: ", "
      RenderInline {A} at (0,0) size 8x19 [color=#0000EE]
        RenderText {#text} at (36,0) size 8x19
          text run at (36,0) width 8: "\x{6B74}\x{53F2}"
      RenderText {#text} at (44,0) size 8x19
        text run at (44,0) width 8: ", "
      RenderInline {A} at (0,0) size 8x19 [color=#0000EE]
        RenderText {#text} at (52,0) size 8x19
          text run at (52,0) width 8: "\x{6587}\x{5B66}"
      RenderText {#text} at (60,0) size 24x19
        text run at (60,0) width 4: " "
        text run at (64,0) width 20: "...a"
      RenderText {#text} at (0,0) size 0x0
      RenderText {#text} at (0,0) size 0x0
