layer at (0,0) size 800x600
  RenderView at (0,0) size 800x600
layer at (0,0) size 800x600
  RenderBlock {HTML} at (0,0) size 800x600
    RenderBody {BODY} at (8,8) size 784x584
      RenderTable {TABLE} at (0,0) size 633x38
        RenderTableSection {TBODY} at (0,0) size 633x38
          RenderTableRow {TR} at (0,0) size 633x38
            RenderTableCell {TD} at (0,0) size 633x38 [r=0 c=0 rs=1 cs=1]
              RenderText {#text} at (0,0) size 633x38
                text run at (0,0) width 308: "\x{2019}N\x{201A}\x{C5}\x{201A}\x{E0}\x{201A} \x{201A}\x{C8}\x{201A}\x{BD}\x{201A}\x{CC}\x{192}h\x{192}L\x{192}\x{2026}\x{192}\x{81}\x{192}\x{201C}\x{192}g\x{201A}\x{F0}\x{192}I\x{192}\x{160}\x{192}W\x{192}i\x{192}\x{2039}\x{201A}\x{CC}\x{2018}\x{CC}\x{8D}\x{D9}\x{201A}\x{C5}\x{160}J\x{201A}"
                text run at (308,0) width 88: "\x{201A}\x{B1}\x{201A}\x{C6}\x{201A}\x{AA}\x{201A}\x{C5}\x{201A}\x{AB}\x{201A}\x{DC}\x{201A}\x{B7}\x{81}B"
                text run at (0,19) width 633: "\x{201A} \x{201A}\x{C8}\x{201A}\x{BD}\x{201A}\x{CC}\x{2C6}\x{D3}\x{90}}\x{201A}\x{B5}\x{201A}\x{BD}\x{201A}\x{C6}\x{201A}\x{A8}\x{201A}\x{E8}\x{201A}\x{C9}\x{8F}\x{EE}\x{2022}\x{F1}\x{201A}\x{F0}\x{201C}`\x{201A}\x{A6}\x{201A}\x{E9}\x{201A}\x{B1}\x{201A}\x{C6}\x{201A}\x{AA}\x{201A}\x{C5}\x{201A}\x{AB}\x{201A}\x{DC}\x{201A}\x{B7}\x{81}B\x{201A}\x{B3}\x{201A}\x{E7}\x{201A}\x{C9}\x{81}A\x{192}u\x{192}\x{2030}\x{192}E\x{192}U\x{201A}\x{A9}\x{201A}\x{E7}\x{192}R\x{192}\x{81}\x{192}\x{201C}\x{192}g\x{201A}\x{E2}\x{192}}\x{81}[\x{192}N\x{192}A\x{192}b\x{192}v\x{201A}\x{F0}\x{8F}\x{2018}\x{201A}\x{AB}\x{8D}\x{17E}\x{201A}\x{F1}\x{201A}\x{BE}\x{201A}\x{E8}"
