layer at (0,0) size 800x600
  RenderView at (0,0) size 800x600
layer at (0,0) size 800x600
  RenderBlock {HTML} at (0,0) size 800x600
    RenderBody {BODY} at (8,8) size 784x584
      RenderTable {TABLE} at (0,0) size 784x303 [border: (5px outset #808080)]
        RenderTableSection {TBODY} at (5,5) size 774x293
          RenderTableRow {TR} at (0,2) size 774x289
            RenderTableCell {TD} at (2,144) size 748x4 [border: (1px inset #808080)] [r=0 c=0 rs=1 cs=1]
            RenderTableCell {TD} at (752,2) size 20x289 [border: (1px inset #808080)] [r=0 c=1 rs=1 cs=1]
              RenderInline {A} at (0,0) size 8x19 [color=#0000EE]
                RenderText {#text} at (2,2) size 8x19
                  text run at (2,2) width 8: "\x{5CA1}\x{5C71}"
              RenderText {#text} at (10,2) size 4x19
                text run at (10,2) width 4: "\x{FF5C}"
              RenderInline {A} at (0,0) size 16x38 [color=#0000EE]
                RenderText {#text} at (14,2) size 16x38
                  text run at (14,2) width 4: "\x{5E83}"
                  text run at (2,21) width 4: "\x{5CF6}"
              RenderText {#text} at (6,21) size 4x19
                text run at (6,21) width 4: "\x{FF5C}"
              RenderInline {A} at (0,0) size 12x38 [color=#0000EE]
                RenderText {#text} at (10,21) size 12x38
                  text run at (10,21) width 4: "\x{5C71}"
                  text run at (2,40) width 4: "\x{53E3}"
              RenderText {#text} at (6,40) size 4x19
                text run at (6,40) width 4: "\x{FF5C}"
              RenderInline {A} at (0,0) size 12x38 [color=#0000EE]
                RenderText {#text} at (10,40) size 12x38
                  text run at (10,40) width 4: "\x{5FB3}"
                  text run at (2,59) width 4: "\x{5CF6}"
              RenderText {#text} at (6,59) size 4x19
                text run at (6,59) width 4: "\x{FF5C}"
              RenderInline {A} at (0,0) size 12x38 [color=#0000EE]
                RenderText {#text} at (10,59) size 12x38
                  text run at (10,59) width 4: "\x{9999}"
                  text run at (2,78) width 4: "\x{5DDD}"
              RenderText {#text} at (6,78) size 4x19
                text run at (6,78) width 4: "\x{FF5C}"
              RenderInline {A} at (0,0) size 12x38 [color=#0000EE]
                RenderText {#text} at (10,78) size 12x38
                  text run at (10,78) width 4: "\x{611B}"
                  text run at (2,97) width 4: "\x{5A9B}"
              RenderText {#text} at (6,97) size 4x19
                text run at (6,97) width 4: "\x{FF5C}"
              RenderInline {A} at (0,0) size 12x38 [color=#0000EE]
                RenderText {#text} at (10,97) size 12x38
                  text run at (10,97) width 4: "\x{9AD8}"
                  text run at (2,116) width 4: "\x{77E5}"
              RenderText {#text} at (6,116) size 4x19
                text run at (6,116) width 4: "\x{FF5C}"
              RenderInline {A} at (0,0) size 16x57 [color=#0000EE]
                RenderText {#text} at (10,116) size 16x57
                  text run at (10,116) width 8: "\x{798F}\x{5CA1}"
                  text run at (2,135) width 12: "\x{30FB}\x{5317}\x{4E5D}"
                  text run at (2,154) width 4: "\x{5DDE}"
              RenderText {#text} at (6,154) size 4x19
                text run at (6,154) width 4: "\x{FF5C}"
              RenderInline {A} at (0,0) size 12x38 [color=#0000EE]
                RenderText {#text} at (10,154) size 12x38
                  text run at (10,154) width 4: "\x{4F50}"
                  text run at (2,173) width 4: "\x{8CC0}"
              RenderText {#text} at (6,173) size 4x19
                text run at (6,173) width 4: "\x{FF5C}"
              RenderInline {A} at (0,0) size 12x38 [color=#0000EE]
                RenderText {#text} at (10,173) size 12x38
                  text run at (10,173) width 4: "\x{9577}"
                  text run at (2,192) width 4: "\x{5D0E}"
              RenderText {#text} at (6,192) size 4x19
                text run at (6,192) width 4: "\x{FF5C}"
              RenderInline {A} at (0,0) size 12x38 [color=#0000EE]
                RenderText {#text} at (10,192) size 12x38
                  text run at (10,192) width 4: "\x{718A}"
                  text run at (2,211) width 4: "\x{672C}"
              RenderText {#text} at (6,211) size 4x19
                text run at (6,211) width 4: "\x{FF5C}"
              RenderInline {A} at (0,0) size 12x38 [color=#0000EE]
                RenderText {#text} at (10,211) size 12x38
                  text run at (10,211) width 4: "\x{5927}"
                  text run at (2,230) width 4: "\x{5206}"
              RenderText {#text} at (6,230) size 4x19
                text run at (6,230) width 4: "\x{FF5C}"
              RenderInline {A} at (0,0) size 12x38 [color=#0000EE]
                RenderText {#text} at (10,230) size 12x38
                  text run at (10,230) width 4: "\x{5BAE}"
                  text run at (2,249) width 4: "\x{5D0E}"
              RenderText {#text} at (6,249) size 4x19
                text run at (6,249) width 4: "\x{FF5C}"
              RenderInline {A} at (0,0) size 16x38 [color=#0000EE]
                RenderText {#text} at (10,249) size 16x38
                  text run at (10,249) width 8: "\x{9E7F}\x{5150}"
                  text run at (2,268) width 4: "\x{5CF6}"
              RenderText {#text} at (6,268) size 4x19
                text run at (6,268) width 4: "\x{FF5C}"
