layer at (0,0) size 800x600
  RenderView at (0,0) size 800x600
layer at (0,0) size 800x600
  RenderBlock {HTML} at (0,0) size 800x600
    RenderBody {BODY} at (8,8) size 784x578
      RenderBlock {P} at (0,0) size 784x40
        RenderText {#text} at (0,0) size 105x19
          text run at (0,0) width 105: "This is a test for "
        RenderInline {I} at (0,0) size 778x39
          RenderText {#text} at (105,0) size 778x39
            text run at (105,0) width 673: "http://bugzilla.opendarwin.org/show_bug.cgi?id=5980 Bidi properties of an inline container whose first child"
            text run at (0,20) width 207: "is an inline container are ignored"
        RenderText {#text} at (207,20) size 4x19
          text run at (207,20) width 4: "."
      RenderBlock {HR} at (0,54) size 784x2 [border: (1px inset #000000)]
      RenderBlock {P} at (0,70) size 784x19
        RenderText {#text} at (0,0) size 295x19
          text run at (0,0) width 295: "The following lines should read \x{201C}ABCDEFGHI\x{201D}:"
      RenderBlock {P} at (0,103) size 784x19
        RenderText {#text} at (0,0) size 28x19
          text run at (0,0) width 28: "ABC"
        RenderInline {SPAN} at (0,0) size 28x19
          RenderText {#text} at (28,0) size 28x19
            text run at (28,0) width 28 RTL override: "FED"
        RenderText {#text} at (56,0) size 25x19
          text run at (56,0) width 25: "GHI"
      RenderBlock {P} at (0,136) size 784x19
        RenderText {#text} at (0,0) size 28x19
          text run at (0,0) width 28: "ABC"
        RenderInline {SPAN} at (0,0) size 28x19
          RenderInline {SPAN} at (0,0) size 28x19
            RenderText {#text} at (28,0) size 28x19
              text run at (28,0) width 28 RTL override: "FED"
        RenderText {#text} at (56,0) size 25x19
          text run at (56,0) width 25: "GHI"
      RenderBlock {P} at (0,169) size 784x19
        RenderText {#text} at (0,0) size 28x19
          text run at (0,0) width 28: "ABC"
        RenderInline {SPAN} at (0,0) size 28x19
          RenderText {#text} at (47,0) size 9x19
            text run at (47,0) width 9 RTL override: "F"
          RenderInline {SPAN} at (0,0) size 19x19
            RenderText {#text} at (28,0) size 19x19
              text run at (28,0) width 19 RTL override: "ED"
        RenderText {#text} at (56,0) size 25x19
          text run at (56,0) width 25: "GHI"
      RenderBlock {P} at (0,202) size 784x19
        RenderText {#text} at (0,0) size 28x19
          text run at (0,0) width 28: "ABC"
        RenderInline {SPAN} at (0,0) size 28x19
          RenderText {#text} at (47,0) size 9x19
            text run at (47,0) width 9 RTL override: "F"
          RenderInline {SPAN} at (0,0) size 9x19
            RenderText {#text} at (38,0) size 9x19
              text run at (38,0) width 9 RTL override: "E"
          RenderText {#text} at (28,0) size 10x19
            text run at (28,0) width 10 RTL override: "D"
        RenderText {#text} at (56,0) size 25x19
          text run at (56,0) width 25: "GHI"
      RenderBlock {P} at (0,235) size 784x19
        RenderText {#text} at (0,0) size 28x19
          text run at (0,0) width 28: "ABC"
        RenderInline {SPAN} at (0,0) size 28x19
          RenderInline {SPAN} at (0,0) size 18x19
            RenderText {#text} at (38,0) size 18x19
              text run at (38,0) width 18 RTL override: "FE"
          RenderText {#text} at (28,0) size 10x19
            text run at (28,0) width 10 RTL override: "D"
        RenderText {#text} at (56,0) size 25x19
          text run at (56,0) width 25: "GHI"
      RenderBlock {P} at (0,268) size 784x19
        RenderInline {SPAN} at (0,0) size 81x19
          RenderText {#text} at (0,0) size 81x19
            text run at (0,0) width 81 RTL override: "IHGFEDCBA"
        RenderText {#text} at (0,0) size 0x0
      RenderBlock {P} at (0,301) size 784x19
        RenderInline {SPAN} at (0,0) size 81x19
          RenderText {#text} at (0,0) size 81x19
            text run at (0,0) width 81 RTL override: "IHGFEDCBA"
        RenderText {#text} at (0,0) size 0x0
      RenderBlock {HR} at (0,334) size 784x2 [border: (1px inset #000000)]
      RenderBlock (anonymous) at (0,343) size 784x19
        RenderText {#text} at (0,0) size 243x19
          text run at (0,0) width 243: "The following lines should be identical:"
      RenderBlock {P} at (0,376) size 784x19
        RenderText {#text} at (0,0) size 93x19
          text run at (0,0) width 42 RTL: "\x{5D3}\x{5D4}\x{5D5}"
          text run at (42,0) width 9: "(["
          text run at (51,0) width 42 RTL: "\x{5D0}\x{5D1}\x{5D2}"
      RenderBlock {P} at (0,409) size 784x19
        RenderText {#text} at (0,0) size 51x19
          text run at (0,0) width 42 RTL: "\x{5D3}\x{5D4}\x{5D5}"
          text run at (42,0) width 9: "(["
        RenderInline {SPAN} at (0,0) size 0x19
        RenderText {#text} at (51,0) size 42x19
          text run at (51,0) width 42 RTL: "\x{5D0}\x{5D1}\x{5D2}"
      RenderBlock {P} at (0,442) size 784x19
        RenderText {#text} at (0,0) size 51x19
          text run at (0,0) width 42 RTL: "\x{5D3}\x{5D4}\x{5D5}"
          text run at (42,0) width 9: "(["
        RenderInline {SPAN} at (0,0) size 0x19
          RenderInline {SPAN} at (0,0) size 0x19
        RenderText {#text} at (51,0) size 42x19
          text run at (51,0) width 42 RTL: "\x{5D0}\x{5D1}\x{5D2}"
      RenderBlock {P} at (0,475) size 784x19
        RenderText {#text} at (0,0) size 51x19
          text run at (0,0) width 42 RTL: "\x{5D3}\x{5D4}\x{5D5}"
          text run at (42,0) width 9: "(["
        RenderInline {SPAN} at (0,0) size 0x19
          RenderInline {SPAN} at (0,0) size 0x19
        RenderText {#text} at (51,0) size 42x19
          text run at (51,0) width 42 RTL: "\x{5D0}\x{5D1}\x{5D2}"
