layer at (0,0) size 800x600
  RenderView at (0,0) size 800x600
layer at (0,0) size 800x573
  RenderBlock {HTML} at (0,0) size 800x573
    RenderBody {BODY} at (8,14) size 784x551
      RenderBlock {P} at (0,0) size 784x19
        RenderText {#text} at (0,0) size 569x19
          text run at (0,0) width 569: "The T column should match the R column. The H columns uses <br/> to force line breaks."
      RenderTable {TABLE} at (0,33) size 184x518 [border: none]
        RenderTableSection {TBODY} at (0,0) size 183x517
          RenderTableRow {TR} at (0,0) size 183x27
            RenderTableCell {TD} at (0,11) size 56x4 [r=0 c=0 rs=1 cs=1]
            RenderTableCell {TD} at (56,0) size 45x27 [border: (1px solid #008000)] [r=0 c=1 rs=1 cs=1]
              RenderText {#text} at (3,3) size 12x22
                text run at (3,3) width 12: "H"
            RenderTableCell {TD} at (101,0) size 37x27 [border: (1px solid #008000)] [r=0 c=2 rs=1 cs=1]
              RenderText {#text} at (3,3) size 10x22
                text run at (3,3) width 10: "T"
            RenderTableCell {TD} at (138,0) size 45x27 [border: (1px solid #008000)] [r=0 c=3 rs=1 cs=1]
              RenderText {#text} at (3,3) size 12x22
                text run at (3,3) width 12: "R"
          RenderTableRow {TR} at (0,27) size 183x49
            RenderTableCell {TD} at (0,38) size 56x27 [border: (1px solid #008000)] [r=1 c=0 rs=1 cs=1]
              RenderText {#text} at (3,3) size 9x22
                text run at (3,3) width 9: "1"
            RenderTableCell {TD} at (56,27) size 45x49 [border: (1px solid #008000)] [r=1 c=1 rs=1 cs=1]
              RenderText {#text} at (3,3) size 20x22
                text run at (3,3) width 16 RTL: "\x{5D0}"
                text run at (19,3) width 4: "."
              RenderBR {BR} at (23,19) size 0x0
              RenderText {#text} at (3,25) size 9x22
                text run at (3,25) width 9: "b"
            RenderTableCell {TD} at (101,27) size 37x49 [border: (1px solid #008000)] [r=1 c=2 rs=1 cs=1]
              RenderText {#text} at (3,3) size 20x44
                text run at (3,3) width 16 RTL: "\x{5D0}"
                text run at (19,3) width 4: "."
                text run at (3,25) width 9: "b"
            RenderTableCell {TD} at (138,27) size 45x49 [border: (1px solid #008000)] [r=1 c=3 rs=1 cs=1]
              RenderBlock {P} at (3,3) size 40x22
                RenderText {#text} at (0,0) size 20x22
                  text run at (0,0) width 20 LTR override: "\x{5D0}."
              RenderBlock {P} at (3,25) size 40x22
                RenderText {#text} at (0,0) size 9x22
                  text run at (0,0) width 9 LTR override: "b"
          RenderTableRow {TR} at (0,76) size 183x49
            RenderTableCell {TD} at (0,87) size 56x27 [border: (1px solid #008000)] [r=2 c=0 rs=1 cs=1]
              RenderText {#text} at (3,3) size 9x22
                text run at (3,3) width 9: "2"
            RenderTableCell {TD} at (56,76) size 45x49 [border: (1px solid #008000)] [r=2 c=1 rs=1 cs=1]
              RenderText {#text} at (3,3) size 20x22
                text run at (3,3) width 16 RTL: "\x{5D0}"
                text run at (19,3) width 4: "."
              RenderBR {BR} at (23,19) size 0x0
              RenderText {#text} at (3,25) size 16x22
                text run at (3,25) width 16 RTL: "\x{5D1}"
            RenderTableCell {TD} at (101,76) size 37x49 [border: (1px solid #008000)] [r=2 c=2 rs=1 cs=1]
              RenderText {#text} at (3,3) size 20x44
                text run at (3,3) width 20 RTL: "\x{5D0}."
                text run at (3,25) width 16 RTL: "\x{5D1}"
            RenderTableCell {TD} at (138,76) size 45x49 [border: (1px solid #008000)] [r=2 c=3 rs=1 cs=1]
              RenderBlock {P} at (3,3) size 40x22
                RenderText {#text} at (0,0) size 20x22
                  text run at (0,0) width 20 LTR override: ".\x{5D0}"
              RenderBlock {P} at (3,25) size 40x22
                RenderText {#text} at (0,0) size 16x22
                  text run at (0,0) width 16 LTR override: "\x{5D1}"
          RenderTableRow {TR} at (0,125) size 183x49
            RenderTableCell {TD} at (0,136) size 56x27 [border: (1px solid #008000)] [r=3 c=0 rs=1 cs=1]
              RenderText {#text} at (3,3) size 9x22
                text run at (3,3) width 9: "3"
            RenderTableCell {TD} at (56,125) size 45x49 [border: (1px solid #008000)] [r=3 c=1 rs=1 cs=1]
              RenderText {#text} at (3,3) size 32x22
                text run at (3,3) width 32 RTL: "\x{5D0}\x{5D0}"
              RenderBR {BR} at (3,19) size 0x0
              RenderText {#text} at (3,25) size 22x22
                text run at (3,25) width 9: "b"
                text run at (12,25) width 4 RTL: " "
                text run at (16,25) width 9: "1"
            RenderTableCell {TD} at (101,125) size 37x49 [border: (1px solid #008000)] [r=3 c=2 rs=1 cs=1]
              RenderText {#text} at (3,3) size 32x44
                text run at (3,3) width 32 RTL: "\x{5D0}\x{5D0}"
                text run at (3,25) width 9: "b"
                text run at (12,25) width 4 RTL: " "
                text run at (16,25) width 9: "1"
            RenderTableCell {TD} at (138,125) size 45x49 [border: (1px solid #008000)] [r=3 c=3 rs=1 cs=1]
              RenderBlock {P} at (3,3) size 40x22
                RenderText {#text} at (0,0) size 32x22
                  text run at (0,0) width 32 LTR override: "\x{5D0}\x{5D0}"
              RenderBlock {P} at (3,25) size 40x22
                RenderText {#text} at (0,0) size 22x22
                  text run at (0,0) width 22 LTR override: "b 1"
          RenderTableRow {TR} at (0,174) size 183x49
            RenderTableCell {TD} at (0,185) size 56x27 [border: (1px solid #008000)] [r=4 c=0 rs=1 cs=1]
              RenderText {#text} at (3,3) size 9x22
                text run at (3,3) width 9: "4"
            RenderTableCell {TD} at (56,174) size 45x49 [border: (1px solid #008000)] [r=4 c=1 rs=1 cs=1]
              RenderText {#text} at (3,3) size 18x22
                text run at (3,3) width 18: "aa"
              RenderBR {BR} at (3,19) size 0x0
              RenderText {#text} at (3,25) size 22x22
                text run at (3,25) width 9: "b"
                text run at (12,25) width 4 RTL: " "
                text run at (16,25) width 9: "1"
            RenderTableCell {TD} at (101,174) size 37x49 [border: (1px solid #008000)] [r=4 c=2 rs=1 cs=1]
              RenderText {#text} at (3,3) size 31x44
                text run at (3,3) width 31: "aa 1"
                text run at (3,25) width 9: "b"
            RenderTableCell {TD} at (138,174) size 45x49 [border: (1px solid #008000)] [r=4 c=3 rs=1 cs=1]
              RenderBlock {P} at (3,3) size 40x22
                RenderText {#text} at (0,0) size 18x22
                  text run at (0,0) width 18 LTR override: "aa"
              RenderBlock {P} at (3,25) size 40x22
                RenderText {#text} at (0,0) size 22x22
                  text run at (0,0) width 22 LTR override: "1 b"
          RenderTableRow {TR} at (0,223) size 183x49
            RenderTableCell {TD} at (0,234) size 56x27 [border: (1px solid #008000)] [r=5 c=0 rs=1 cs=1]
              RenderText {#text} at (3,3) size 9x22
                text run at (3,3) width 9: "5"
            RenderTableCell {TD} at (56,223) size 45x49 [border: (1px solid #008000)] [r=5 c=1 rs=1 cs=1]
              RenderText {#text} at (3,3) size 32x22
                text run at (3,3) width 32 RTL: "\x{5D0}\x{5D0}"
              RenderBR {BR} at (3,19) size 0x0
              RenderText {#text} at (3,25) size 29x22
                text run at (3,25) width 20 RTL: " \x{5D1}"
                text run at (23,25) width 9: "1"
            RenderTableCell {TD} at (101,223) size 37x49 [border: (1px solid #008000)] [r=5 c=2 rs=1 cs=1]
              RenderText {#text} at (3,3) size 32x44
                text run at (3,3) width 32 RTL: "\x{5D0}\x{5D0}"
                text run at (3,25) width 20 RTL: " \x{5D1}"
                text run at (23,25) width 9: "1"
            RenderTableCell {TD} at (138,223) size 45x49 [border: (1px solid #008000)] [r=5 c=3 rs=1 cs=1]
              RenderBlock {P} at (3,3) size 40x22
                RenderText {#text} at (0,0) size 32x22
                  text run at (0,0) width 32 LTR override: "\x{5D0}\x{5D0}"
              RenderBlock {P} at (3,25) size 40x22
                RenderText {#text} at (0,0) size 29x22
                  text run at (0,0) width 29 LTR override: "\x{5D1} 1"
          RenderTableRow {TR} at (0,272) size 183x49
            RenderTableCell {TD} at (0,283) size 56x27 [border: (1px solid #008000)] [r=6 c=0 rs=1 cs=1]
              RenderText {#text} at (3,3) size 9x22
                text run at (3,3) width 9: "6"
            RenderTableCell {TD} at (56,272) size 45x49 [border: (1px solid #008000)] [r=6 c=1 rs=1 cs=1]
              RenderText {#text} at (3,3) size 18x22
                text run at (3,3) width 18: "aa"
              RenderBR {BR} at (3,19) size 0x0
              RenderText {#text} at (3,25) size 29x22
                text run at (3,25) width 20 RTL: " \x{5D1}"
                text run at (23,25) width 9: "1"
            RenderTableCell {TD} at (101,272) size 37x49 [border: (1px solid #008000)] [r=6 c=2 rs=1 cs=1]
              RenderText {#text} at (3,3) size 31x44
                text run at (3,3) width 31: "aa 1"
                text run at (3,25) width 16 RTL: "\x{5D1}"
            RenderTableCell {TD} at (138,272) size 45x49 [border: (1px solid #008000)] [r=6 c=3 rs=1 cs=1]
              RenderBlock {P} at (3,3) size 40x22
                RenderText {#text} at (0,0) size 18x22
                  text run at (0,0) width 18 LTR override: "aa"
              RenderBlock {P} at (3,25) size 40x22
                RenderText {#text} at (0,0) size 29x22
                  text run at (0,0) width 29 LTR override: "\x{5D1} 1"
          RenderTableRow {TR} at (0,321) size 183x49
            RenderTableCell {TD} at (0,332) size 56x27 [border: (1px solid #008000)] [r=7 c=0 rs=1 cs=1]
              RenderText {#text} at (3,3) size 9x22
                text run at (3,3) width 9: "7"
            RenderTableCell {TD} at (56,321) size 45x49 [border: (1px solid #008000)] [r=7 c=1 rs=1 cs=1]
              RenderText {#text} at (3,3) size 18x22
                text run at (3,3) width 18: "a ("
              RenderBR {BR} at (21,19) size 0x0
              RenderText {#text} at (3,25) size 17x22
                text run at (3,25) width 17: "] b"
            RenderTableCell {TD} at (101,321) size 37x49 [border: (1px solid #008000)] [r=7 c=2 rs=1 cs=1]
              RenderText {#text} at (3,3) size 26x44
                text run at (3,3) width 26: "a ( ]"
                text run at (3,25) width 9: "b"
            RenderTableCell {TD} at (138,321) size 45x49 [border: (1px solid #008000)] [r=7 c=3 rs=1 cs=1]
              RenderBlock {P} at (3,3) size 40x22
                RenderText {#text} at (0,0) size 18x22
                  text run at (0,0) width 18 LTR override: "a ("
              RenderBlock {P} at (3,25) size 40x22
                RenderText {#text} at (0,0) size 17x22
                  text run at (0,0) width 17 LTR override: "] b"
          RenderTableRow {TR} at (0,370) size 183x49
            RenderTableCell {TD} at (0,381) size 56x27 [border: (1px solid #008000)] [r=8 c=0 rs=1 cs=1]
              RenderText {#text} at (3,3) size 9x22
                text run at (3,3) width 9: "8"
            RenderTableCell {TD} at (56,370) size 45x49 [border: (1px solid #008000)] [r=8 c=1 rs=1 cs=1]
              RenderText {#text} at (3,3) size 25x22
                text run at (3,3) width 16 RTL: "\x{5D0}"
                text run at (19,3) width 9: " ("
              RenderBR {BR} at (28,19) size 0x0
              RenderText {#text} at (3,25) size 17x22
                text run at (3,25) width 17: "] b"
            RenderTableCell {TD} at (101,370) size 37x49 [border: (1px solid #008000)] [r=8 c=2 rs=1 cs=1]
              RenderText {#text} at (3,3) size 25x44
                text run at (3,3) width 16 RTL: "\x{5D0}"
                text run at (19,3) width 9: " ("
                text run at (3,25) width 17: "] b"
            RenderTableCell {TD} at (138,370) size 45x49 [border: (1px solid #008000)] [r=8 c=3 rs=1 cs=1]
              RenderBlock {P} at (3,3) size 40x22
                RenderText {#text} at (0,0) size 25x22
                  text run at (0,0) width 25 LTR override: "\x{5D0} ("
              RenderBlock {P} at (3,25) size 40x22
                RenderText {#text} at (0,0) size 17x22
                  text run at (0,0) width 17 LTR override: "] b"
          RenderTableRow {TR} at (0,419) size 183x49
            RenderTableCell {TD} at (0,430) size 56x27 [border: (1px solid #008000)] [r=9 c=0 rs=1 cs=1]
              RenderText {#text} at (3,3) size 9x22
                text run at (3,3) width 9: "9"
            RenderTableCell {TD} at (56,419) size 45x49 [border: (1px solid #008000)] [r=9 c=1 rs=1 cs=1]
              RenderText {#text} at (3,3) size 18x22
                text run at (3,3) width 18: "a ("
              RenderBR {BR} at (21,19) size 0x0
              RenderText {#text} at (3,25) size 24x22
                text run at (3,25) width 8: "] "
                text run at (11,25) width 16 RTL: "\x{5D1}"
            RenderTableCell {TD} at (101,419) size 37x49 [border: (1px solid #008000)] [r=9 c=2 rs=1 cs=1]
              RenderText {#text} at (3,3) size 26x44
                text run at (3,3) width 26: "a ( ]"
                text run at (3,25) width 16 RTL: "\x{5D1}"
            RenderTableCell {TD} at (138,419) size 45x49 [border: (1px solid #008000)] [r=9 c=3 rs=1 cs=1]
              RenderBlock {P} at (3,3) size 40x22
                RenderText {#text} at (0,0) size 18x22
                  text run at (0,0) width 18 LTR override: "a ("
              RenderBlock {P} at (3,25) size 40x22
                RenderText {#text} at (0,0) size 24x22
                  text run at (0,0) width 24 LTR override: "] \x{5D1}"
          RenderTableRow {TR} at (0,468) size 183x49
            RenderTableCell {TD} at (0,479) size 56x27 [border: (1px solid #008000)] [r=10 c=0 rs=1 cs=1]
              RenderText {#text} at (3,3) size 18x22
                text run at (3,3) width 18: "10"
            RenderTableCell {TD} at (56,468) size 45x49 [border: (1px solid #008000)] [r=10 c=1 rs=1 cs=1]
              RenderText {#text} at (3,3) size 25x22
                text run at (3,3) width 16 RTL: "\x{5D0}"
                text run at (19,3) width 9: " ("
              RenderBR {BR} at (28,19) size 0x0
              RenderText {#text} at (3,25) size 24x22
                text run at (3,25) width 8: "] "
                text run at (11,25) width 16 RTL: "\x{5D1}"
            RenderTableCell {TD} at (101,468) size 37x49 [border: (1px solid #008000)] [r=10 c=2 rs=1 cs=1]
              RenderText {#text} at (3,3) size 25x44
                text run at (3,3) width 25 RTL: "\x{5D0} ("
                text run at (3,25) width 24 RTL: "] \x{5D1}"
            RenderTableCell {TD} at (138,468) size 45x49 [border: (1px solid #008000)] [r=10 c=3 rs=1 cs=1]
              RenderBlock {P} at (3,3) size 40x22
                RenderText {#text} at (0,0) size 25x22
                  text run at (0,0) width 25 LTR override: ") \x{5D0}"
              RenderBlock {P} at (3,25) size 40x22
                RenderText {#text} at (0,0) size 24x22
                  text run at (0,0) width 24 LTR override: "\x{5D1} ["
