layer at (0,0) size 800x600
  RenderView at (0,0) size 800x600
layer at (0,0) size 800x600
  RenderBlock {HTML} at (0,0) size 800x600
    RenderBody {BODY} at (8,8) size 784x584
      RenderBlock {P} at (0,0) size 784x40
        RenderText {#text} at (0,0) size 86x19
          text run at (0,0) width 86: "This tests for "
        RenderInline {I} at (0,0) size 750x39
          RenderText {#text} at (86,0) size 750x39
            text run at (86,0) width 664: "http://bugzilla.opendarwin.org/show_bug.cgi?id=6014 Bidi algorithm: incorrect resolved levels for neutrals"
            text run at (0,20) width 155: "between R and ET ON L"
        RenderText {#text} at (155,20) size 4x19
          text run at (155,20) width 4: "."
      RenderBlock {P} at (0,54) size 784x38
        RenderText {#text} at (0,0) size 767x38
          text run at (0,0) width 100: "The characters "
          text run at (100,0) width 14 RTL: "\x{5D0}"
          text run at (114,0) width 32: " and "
          text run at (146,0) width 14 RTL: "\x{5D1}"
          text run at (160,0) width 607: " are of type R; ^ and @ are of type ON; $ and % are of type ET; a is of type L; 1 is of type EN. In"
          text run at (0,19) width 466: "each of the following pairs, the two lines should be identical to each other."
      RenderBlock {HR} at (0,106) size 784x2 [border: (1px inset #000000)]
      RenderBlock {P} at (0,122) size 784x19
        RenderText {#text} at (0,0) size 79x19
          text run at (0,0) width 14 RTL: "\x{5D0}"
          text run at (14,0) width 65: " ^ @ $% a"
      RenderBlock (anonymous) at (0,155) size 784x19
        RenderInline {BDO} at (0,0) size 79x19
          RenderText {#text} at (0,0) size 79x19
            text run at (0,0) width 79 LTR override: "\x{5D0} ^ @ $% a"
        RenderText {#text} at (0,0) size 0x0
      RenderBlock {HR} at (0,181) size 784x2 [border: (1px inset #000000)]
      RenderBlock {P} at (0,197) size 784x19
        RenderText {#text} at (0,0) size 85x19
          text run at (0,0) width 85 RTL: "\x{5D0} ^ @ $% \x{5D1}"
      RenderBlock (anonymous) at (0,230) size 784x19
        RenderInline {BDO} at (0,0) size 85x19
          RenderText {#text} at (0,0) size 85x19
            text run at (0,0) width 85 LTR override: "\x{5D1} %$ @ ^ \x{5D0}"
        RenderText {#text} at (0,0) size 0x0
      RenderBlock {HR} at (0,256) size 784x2 [border: (1px inset #000000)]
      RenderBlock {P} at (0,272) size 784x19
        RenderText {#text} at (0,0) size 75x19
          text run at (0,0) width 28: "$%1"
          text run at (28,0) width 47 RTL: "\x{5D0} ^ @ "
      RenderBlock (anonymous) at (0,305) size 784x19
        RenderInline {BDO} at (0,0) size 75x19
          RenderText {#text} at (0,0) size 75x19
            text run at (0,0) width 75 LTR override: "$%1 @ ^ \x{5D0}"
        RenderText {#text} at (0,0) size 0x0
      RenderBlock {HR} at (0,331) size 784x2 [border: (1px inset #000000)]
      RenderBlock {P} at (0,347) size 784x19
        RenderText {#text} at (0,0) size 79x19
          text run at (0,0) width 8: "a"
          text run at (8,0) width 71 RTL: "\x{5D0} ^ @ $% "
      RenderBlock (anonymous) at (0,380) size 784x19
        RenderInline {BDO} at (0,0) size 79x19
          RenderText {#text} at (0,0) size 79x19
            text run at (0,0) width 79 LTR override: "a %$ @ ^ \x{5D0}"
        RenderText {#text} at (0,0) size 0x0
      RenderBlock {HR} at (0,406) size 784x2 [border: (1px inset #000000)]
      RenderBlock {P} at (0,422) size 784x19
        RenderText {#text} at (0,0) size 85x19
          text run at (0,0) width 85 RTL: "\x{5D0} ^ @ $% \x{5D1}"
      RenderBlock (anonymous) at (0,455) size 784x19
        RenderInline {BDO} at (0,0) size 85x19
          RenderText {#text} at (0,0) size 85x19
            text run at (0,0) width 85 LTR override: "\x{5D1} %$ @ ^ \x{5D0}"
        RenderText {#text} at (0,0) size 0x0
      RenderBlock {HR} at (0,481) size 784x2 [border: (1px inset #000000)]
      RenderBlock {P} at (0,497) size 784x19
        RenderText {#text} at (0,0) size 75x19
          text run at (0,0) width 28: "$%1"
          text run at (28,0) width 47 RTL: "\x{5D0} ^ @ "
      RenderBlock (anonymous) at (0,530) size 784x19
        RenderInline {BDO} at (0,0) size 75x19
          RenderText {#text} at (0,0) size 75x19
            text run at (0,0) width 75 LTR override: "$%1 @ ^ \x{5D0}"
        RenderText {#text} at (0,0) size 0x0
        RenderText {#text} at (0,0) size 0x0
        RenderText {#text} at (0,0) size 0x0
