layer at (0,0) size 800x5849
  RenderView at (0,0) size 800x600
layer at (0,0) size 800x5849
  RenderBlock {HTML} at (0,0) size 800x5849
    RenderBody {BODY} at (8,8) size 784x5827
      RenderBlock {P} at (0,0) size 784x19
        RenderText {#text} at (0,0) size 304x19
          text run at (0,0) width 304: "Tests the resolved level of runs of neutral types."
      RenderBlock {DIV} at (0,33) size 784x2890
        RenderBlock {P} at (0,0) size 784x19
          RenderText {#text} at (0,0) size 43x19
            text run at (0,0) width 43: "ab(^cd"
        RenderBlock {P} at (0,33) size 784x19
          RenderText {#text} at (0,0) size 55x19
            text run at (0,0) width 28 RTL: "\x{5D0}\x{5D1}"
            text run at (28,0) width 27: "(^cd"
        RenderBlock {P} at (0,66) size 784x19
          RenderText {#text} at (0,0) size 55x19
            text run at (0,0) width 28 RTL: "\x{627}\x{628}"
            text run at (28,0) width 27: "(^cd"
        RenderBlock {P} at (0,99) size 784x19
          RenderText {#text} at (0,0) size 59x19
            text run at (0,0) width 59: "ab12(^cd"
        RenderBlock {P} at (0,132) size 784x19
          RenderText {#text} at (0,0) size 71x19
            text run at (0,0) width 16: "12"
            text run at (16,0) width 28 RTL: "\x{5D0}\x{5D1}"
            text run at (44,0) width 27: "(^cd"
        RenderBlock {P} at (0,165) size 784x19
          RenderText {#text} at (0,0) size 71x19
            text run at (0,0) width 16: "12"
            text run at (16,0) width 28 RTL: "\x{627}\x{628}"
            text run at (44,0) width 27: "(^cd"
        RenderBlock {P} at (0,198) size 784x19
          RenderText {#text} at (0,0) size 51x19
            text run at (0,0) width 16: "ab"
            text run at (16,0) width 8: "\x{661}\x{662}"
            text run at (24,0) width 27: "(^cd"
        RenderBlock {P} at (0,231) size 784x19
          RenderText {#text} at (0,0) size 63x19
            text run at (0,0) width 8: "\x{661}\x{662}"
            text run at (8,0) width 28 RTL: "\x{5D0}\x{5D1}"
            text run at (36,0) width 27: "(^cd"
        RenderBlock {P} at (0,264) size 784x19
          RenderText {#text} at (0,0) size 63x19
            text run at (0,0) width 8: "\x{661}\x{662}"
            text run at (8,0) width 28 RTL: "\x{627}\x{628}"
            text run at (36,0) width 27: "(^cd"
        RenderBlock {P} at (0,297) size 784x19
          RenderText {#text} at (0,0) size 35x19
            text run at (0,0) width 8: "?"
            text run at (8,0) width 27: "(^cd"
        RenderBlock {P} at (0,330) size 784x19
          RenderText {#text} at (0,0) size 35x19
            text run at (0,0) width 8 RTL: "?"
            text run at (8,0) width 27: "(^cd"
        RenderBlock {P} at (0,363) size 784x19
          RenderText {#text} at (0,0) size 56x19
            text run at (0,0) width 28: "ab(^"
            text run at (28,0) width 28 RTL: "\x{5D2}\x{5D3}"
        RenderBlock {P} at (0,396) size 784x19
          RenderText {#text} at (0,0) size 68x19
            text run at (0,0) width 68 RTL: "\x{5D0}\x{5D1}(^\x{5D2}\x{5D3}"
        RenderBlock {P} at (0,429) size 784x19
          RenderText {#text} at (0,0) size 68x19
            text run at (0,0) width 68 RTL: "\x{627}\x{628}(^\x{5D2}\x{5D3}"
        RenderBlock {P} at (0,462) size 784x19
          RenderText {#text} at (0,0) size 72x19
            text run at (0,0) width 44: "ab12(^"
            text run at (44,0) width 28 RTL: "\x{5D2}\x{5D3}"
        RenderBlock {P} at (0,495) size 784x19
          RenderText {#text} at (0,0) size 84x19
            text run at (0,0) width 40 RTL: "(^\x{5D2}\x{5D3}"
            text run at (40,0) width 16: "12"
            text run at (56,0) width 28 RTL: "\x{5D0}\x{5D1}"
        RenderBlock {P} at (0,528) size 784x19
          RenderText {#text} at (0,0) size 84x19
            text run at (0,0) width 40 RTL: "(^\x{5D2}\x{5D3}"
            text run at (40,0) width 16: "12"
            text run at (56,0) width 28 RTL: "\x{627}\x{628}"
        RenderBlock {P} at (0,561) size 784x19
          RenderText {#text} at (0,0) size 64x19
            text run at (0,0) width 16: "ab"
            text run at (16,0) width 40 RTL: "(^\x{5D2}\x{5D3}"
            text run at (56,0) width 8: "\x{661}\x{662}"
        RenderBlock {P} at (0,594) size 784x19
          RenderText {#text} at (0,0) size 76x19
            text run at (0,0) width 40 RTL: "(^\x{5D2}\x{5D3}"
            text run at (40,0) width 8: "\x{661}\x{662}"
            text run at (48,0) width 28 RTL: "\x{5D0}\x{5D1}"
        RenderBlock {P} at (0,627) size 784x19
          RenderText {#text} at (0,0) size 76x19
            text run at (0,0) width 40 RTL: "(^\x{5D2}\x{5D3}"
            text run at (40,0) width 8: "\x{661}\x{662}"
            text run at (48,0) width 28 RTL: "\x{627}\x{628}"
        RenderBlock {P} at (0,660) size 784x19
          RenderText {#text} at (0,0) size 48x19
            text run at (0,0) width 8: "?"
            text run at (8,0) width 12: "(^"
            text run at (20,0) width 28 RTL: "\x{5D2}\x{5D3}"
        RenderBlock {P} at (0,693) size 784x19
          RenderText {#text} at (0,0) size 48x19
            text run at (0,0) width 40 RTL: "(^\x{5D2}\x{5D3}"
            text run at (40,0) width 8 RTL: "?"
        RenderBlock {P} at (0,726) size 784x19
          RenderText {#text} at (0,0) size 56x19
            text run at (0,0) width 28: "ab(^"
            text run at (28,0) width 28 RTL: "\x{62C}\x{62F}"
        RenderBlock {P} at (0,759) size 784x19
          RenderText {#text} at (0,0) size 68x19
            text run at (0,0) width 68 RTL: "\x{5D0}\x{5D1}(^\x{62C}\x{62F}"
        RenderBlock {P} at (0,792) size 784x19
          RenderText {#text} at (0,0) size 68x19
            text run at (0,0) width 68 RTL: "\x{627}\x{628}(^\x{62C}\x{62F}"
        RenderBlock {P} at (0,825) size 784x19
          RenderText {#text} at (0,0) size 72x19
            text run at (0,0) width 44: "ab12(^"
            text run at (44,0) width 28 RTL: "\x{62C}\x{62F}"
        RenderBlock {P} at (0,858) size 784x19
          RenderText {#text} at (0,0) size 84x19
            text run at (0,0) width 40 RTL: "(^\x{62C}\x{62F}"
            text run at (40,0) width 16: "12"
            text run at (56,0) width 28 RTL: "\x{5D0}\x{5D1}"
        RenderBlock {P} at (0,891) size 784x19
          RenderText {#text} at (0,0) size 84x19
            text run at (0,0) width 40 RTL: "(^\x{62C}\x{62F}"
            text run at (40,0) width 16: "12"
            text run at (56,0) width 28 RTL: "\x{627}\x{628}"
        RenderBlock {P} at (0,924) size 784x19
          RenderText {#text} at (0,0) size 64x19
            text run at (0,0) width 16: "ab"
            text run at (16,0) width 40 RTL: "(^\x{62C}\x{62F}"
            text run at (56,0) width 8: "\x{661}\x{662}"
        RenderBlock {P} at (0,957) size 784x19
          RenderText {#text} at (0,0) size 76x19
            text run at (0,0) width 40 RTL: "(^\x{62C}\x{62F}"
            text run at (40,0) width 8: "\x{661}\x{662}"
            text run at (48,0) width 28 RTL: "\x{5D0}\x{5D1}"
        RenderBlock {P} at (0,990) size 784x19
          RenderText {#text} at (0,0) size 76x19
            text run at (0,0) width 40 RTL: "(^\x{62C}\x{62F}"
            text run at (40,0) width 8: "\x{661}\x{662}"
            text run at (48,0) width 28 RTL: "\x{627}\x{628}"
        RenderBlock {P} at (0,1023) size 784x19
          RenderText {#text} at (0,0) size 48x19
            text run at (0,0) width 8: "?"
            text run at (8,0) width 12: "(^"
            text run at (20,0) width 28 RTL: "\x{62C}\x{62F}"
        RenderBlock {P} at (0,1056) size 784x19
          RenderText {#text} at (0,0) size 48x19
            text run at (0,0) width 40 RTL: "(^\x{62C}\x{62F}"
            text run at (40,0) width 8 RTL: "?"
        RenderBlock {P} at (0,1089) size 784x19
          RenderText {#text} at (0,0) size 65x19
            text run at (0,0) width 44: "ab(^34"
            text run at (44,0) width 14 RTL: "\x{5E9}"
            text run at (58,0) width 7: "z"
        RenderBlock {P} at (0,1122) size 784x19
          RenderText {#text} at (0,0) size 77x19
            text run at (0,0) width 14 RTL: "\x{5E9}"
            text run at (14,0) width 16: "34"
            text run at (30,0) width 40 RTL: "\x{5D0}\x{5D1}(^"
            text run at (70,0) width 7: "z"
        RenderBlock {P} at (0,1155) size 784x19
          RenderText {#text} at (0,0) size 77x19
            text run at (0,0) width 14 RTL: "\x{5E9}"
            text run at (14,0) width 16: "34"
            text run at (30,0) width 40 RTL: "\x{627}\x{628}(^"
            text run at (70,0) width 7: "z"
        RenderBlock {P} at (0,1188) size 784x19
          RenderText {#text} at (0,0) size 81x19
            text run at (0,0) width 60: "ab12(^34"
            text run at (60,0) width 14 RTL: "\x{5E9}"
            text run at (74,0) width 7: "z"
        RenderBlock {P} at (0,1221) size 784x19
          RenderText {#text} at (0,0) size 93x19
            text run at (0,0) width 14 RTL: "\x{5E9}"
            text run at (14,0) width 16: "34"
            text run at (30,0) width 12 RTL: "(^"
            text run at (42,0) width 16: "12"
            text run at (58,0) width 28 RTL: "\x{5D0}\x{5D1}"
            text run at (86,0) width 7: "z"
        RenderBlock {P} at (0,1254) size 784x19
          RenderText {#text} at (0,0) size 93x19
            text run at (0,0) width 14 RTL: "\x{5E9}"
            text run at (14,0) width 16: "34"
            text run at (30,0) width 12 RTL: "(^"
            text run at (42,0) width 16: "12"
            text run at (58,0) width 28 RTL: "\x{627}\x{628}"
            text run at (86,0) width 7: "z"
        RenderBlock {P} at (0,1287) size 784x19
          RenderText {#text} at (0,0) size 73x19
            text run at (0,0) width 16: "ab"
            text run at (16,0) width 8: "\x{661}\x{662}"
            text run at (24,0) width 28: "(^34"
            text run at (52,0) width 14 RTL: "\x{5E9}"
            text run at (66,0) width 7: "z"
        RenderBlock {P} at (0,1320) size 784x19
          RenderText {#text} at (0,0) size 85x19
            text run at (0,0) width 14 RTL: "\x{5E9}"
            text run at (14,0) width 16: "34"
            text run at (30,0) width 12 RTL: "(^"
            text run at (42,0) width 8: "\x{661}\x{662}"
            text run at (50,0) width 28 RTL: "\x{5D0}\x{5D1}"
            text run at (78,0) width 7: "z"
        RenderBlock {P} at (0,1353) size 784x19
          RenderText {#text} at (0,0) size 85x19
            text run at (0,0) width 14 RTL: "\x{5E9}"
            text run at (14,0) width 16: "34"
            text run at (30,0) width 12 RTL: "(^"
            text run at (42,0) width 8: "\x{661}\x{662}"
            text run at (50,0) width 28 RTL: "\x{627}\x{628}"
            text run at (78,0) width 7: "z"
        RenderBlock {P} at (0,1386) size 784x19
          RenderText {#text} at (0,0) size 57x19
            text run at (0,0) width 8: "?"
            text run at (8,0) width 28: "(^34"
            text run at (36,0) width 14 RTL: "\x{5E9}"
            text run at (50,0) width 7: "z"
        RenderBlock {P} at (0,1419) size 784x19
          RenderText {#text} at (0,0) size 57x19
            text run at (0,0) width 14 RTL: "\x{5E9}"
            text run at (14,0) width 16: "34"
            text run at (30,0) width 12 RTL: "(^"
            text run at (42,0) width 8 RTL: "?"
            text run at (50,0) width 7: "z"
        RenderBlock {P} at (0,1452) size 784x19
          RenderText {#text} at (0,0) size 57x19
            text run at (0,0) width 28: "ab(^"
            text run at (28,0) width 14 RTL: "\x{5E9}"
            text run at (42,0) width 8: "\x{663}\x{664}"
            text run at (50,0) width 7: "z"
        RenderBlock {P} at (0,1485) size 784x19
          RenderText {#text} at (0,0) size 69x19
            text run at (0,0) width 14 RTL: "\x{5E9}"
            text run at (14,0) width 8: "\x{663}\x{664}"
            text run at (22,0) width 40 RTL: "\x{5D0}\x{5D1}(^"
            text run at (62,0) width 7: "z"
        RenderBlock {P} at (0,1518) size 784x19
          RenderText {#text} at (0,0) size 69x19
            text run at (0,0) width 14 RTL: "\x{5E9}"
            text run at (14,0) width 8: "\x{663}\x{664}"
            text run at (22,0) width 40 RTL: "\x{627}\x{628}(^"
            text run at (62,0) width 7: "z"
        RenderBlock {P} at (0,1551) size 784x19
          RenderText {#text} at (0,0) size 73x19
            text run at (0,0) width 44: "ab12(^"
            text run at (44,0) width 14 RTL: "\x{5E9}"
            text run at (58,0) width 8: "\x{663}\x{664}"
            text run at (66,0) width 7: "z"
        RenderBlock {P} at (0,1584) size 784x19
          RenderText {#text} at (0,0) size 85x19
            text run at (0,0) width 14 RTL: "\x{5E9}"
            text run at (14,0) width 8: "\x{663}\x{664}"
            text run at (22,0) width 12 RTL: "(^"
            text run at (34,0) width 16: "12"
            text run at (50,0) width 28 RTL: "\x{5D0}\x{5D1}"
            text run at (78,0) width 7: "z"
        RenderBlock {P} at (0,1617) size 784x19
          RenderText {#text} at (0,0) size 85x19
            text run at (0,0) width 14 RTL: "\x{5E9}"
            text run at (14,0) width 8: "\x{663}\x{664}"
            text run at (22,0) width 12 RTL: "(^"
            text run at (34,0) width 16: "12"
            text run at (50,0) width 28 RTL: "\x{627}\x{628}"
            text run at (78,0) width 7: "z"
        RenderBlock {P} at (0,1650) size 784x19
          RenderText {#text} at (0,0) size 65x19
            text run at (0,0) width 16: "ab"
            text run at (16,0) width 14 RTL: "\x{5E9}"
            text run at (30,0) width 8: "\x{663}\x{664}"
            text run at (38,0) width 12 RTL: "(^"
            text run at (50,0) width 8: "\x{661}\x{662}"
            text run at (58,0) width 7: "z"
        RenderBlock {P} at (0,1683) size 784x19
          RenderText {#text} at (0,0) size 77x19
            text run at (0,0) width 14 RTL: "\x{5E9}"
            text run at (14,0) width 8: "\x{663}\x{664}"
            text run at (22,0) width 12 RTL: "(^"
            text run at (34,0) width 8: "\x{661}\x{662}"
            text run at (42,0) width 28 RTL: "\x{5D0}\x{5D1}"
            text run at (70,0) width 7: "z"
        RenderBlock {P} at (0,1716) size 784x19
          RenderText {#text} at (0,0) size 77x19
            text run at (0,0) width 14 RTL: "\x{5E9}"
            text run at (14,0) width 8: "\x{663}\x{664}"
            text run at (22,0) width 12 RTL: "(^"
            text run at (34,0) width 8: "\x{661}\x{662}"
            text run at (42,0) width 28 RTL: "\x{627}\x{628}"
            text run at (70,0) width 7: "z"
        RenderBlock {P} at (0,1749) size 784x19
          RenderText {#text} at (0,0) size 49x19
            text run at (0,0) width 8: "?"
            text run at (8,0) width 12: "(^"
            text run at (20,0) width 14 RTL: "\x{5E9}"
            text run at (34,0) width 8: "\x{663}\x{664}"
            text run at (42,0) width 7: "z"
        RenderBlock {P} at (0,1782) size 784x19
          RenderText {#text} at (0,0) size 49x19
            text run at (0,0) width 14 RTL: "\x{5E9}"
            text run at (14,0) width 8: "\x{663}\x{664}"
            text run at (22,0) width 12 RTL: "(^"
            text run at (34,0) width 8 RTL: "?"
            text run at (42,0) width 7: "z"
        RenderBlock {P} at (0,1815) size 784x19
          RenderText {#text} at (0,0) size 32x19
            text run at (0,0) width 28: "ab(^"
            text run at (28,0) width 4: "!"
        RenderBlock {P} at (0,1848) size 784x19
          RenderText {#text} at (0,0) size 44x19
            text run at (0,0) width 28 RTL: "\x{5D0}\x{5D1}"
            text run at (28,0) width 12: "(^"
            text run at (40,0) width 4: "!"
        RenderBlock {P} at (0,1881) size 784x19
          RenderText {#text} at (0,0) size 44x19
            text run at (0,0) width 28 RTL: "\x{627}\x{628}"
            text run at (28,0) width 12: "(^"
            text run at (40,0) width 4: "!"
        RenderBlock {P} at (0,1914) size 784x19
          RenderText {#text} at (0,0) size 48x19
            text run at (0,0) width 44: "ab12(^"
            text run at (44,0) width 4: "!"
        RenderBlock {P} at (0,1947) size 784x19
          RenderText {#text} at (0,0) size 60x19
            text run at (0,0) width 16: "12"
            text run at (16,0) width 28 RTL: "\x{5D0}\x{5D1}"
            text run at (44,0) width 12: "(^"
            text run at (56,0) width 4: "!"
        RenderBlock {P} at (0,1980) size 784x19
          RenderText {#text} at (0,0) size 60x19
            text run at (0,0) width 16: "12"
            text run at (16,0) width 28 RTL: "\x{627}\x{628}"
            text run at (44,0) width 12: "(^"
            text run at (56,0) width 4: "!"
        RenderBlock {P} at (0,2013) size 784x19
          RenderText {#text} at (0,0) size 40x19
            text run at (0,0) width 16: "ab"
            text run at (16,0) width 8: "\x{661}\x{662}"
            text run at (24,0) width 12: "(^"
            text run at (36,0) width 4: "!"
        RenderBlock {P} at (0,2046) size 784x19
          RenderText {#text} at (0,0) size 52x19
            text run at (0,0) width 8: "\x{661}\x{662}"
            text run at (8,0) width 28 RTL: "\x{5D0}\x{5D1}"
            text run at (36,0) width 12: "(^"
            text run at (48,0) width 4: "!"
        RenderBlock {P} at (0,2079) size 784x19
          RenderText {#text} at (0,0) size 52x19
            text run at (0,0) width 8: "\x{661}\x{662}"
            text run at (8,0) width 28 RTL: "\x{627}\x{628}"
            text run at (36,0) width 12: "(^"
            text run at (48,0) width 4: "!"
        RenderBlock {P} at (0,2112) size 784x19
          RenderText {#text} at (0,0) size 24x19
            text run at (0,0) width 8: "?"
            text run at (8,0) width 12: "(^"
            text run at (20,0) width 4: "!"
        RenderBlock {P} at (0,2145) size 784x19
          RenderText {#text} at (0,0) size 24x19
            text run at (0,0) width 8 RTL: "?"
            text run at (8,0) width 12: "(^"
            text run at (20,0) width 4: "!"
        RenderBlock {P} at (0,2178) size 784x19
          RenderText {#text} at (0,0) size 32x19
            text run at (0,0) width 28: "ab(^"
            text run at (28,0) width 4 RTL: "!"
        RenderBlock {P} at (0,2211) size 784x19
          RenderText {#text} at (0,0) size 44x19
            text run at (0,0) width 4 RTL: "!"
            text run at (4,0) width 40 RTL: "\x{5D0}\x{5D1}(^"
        RenderBlock {P} at (0,2244) size 784x19
          RenderText {#text} at (0,0) size 44x19
            text run at (0,0) width 4 RTL: "!"
            text run at (4,0) width 40 RTL: "\x{627}\x{628}(^"
        RenderBlock {P} at (0,2277) size 784x19
          RenderText {#text} at (0,0) size 48x19
            text run at (0,0) width 44: "ab12(^"
            text run at (44,0) width 4 RTL: "!"
        RenderBlock {P} at (0,2310) size 784x19
          RenderText {#text} at (0,0) size 60x19
            text run at (0,0) width 4 RTL: "!"
            text run at (4,0) width 12 RTL: "(^"
            text run at (16,0) width 16: "12"
            text run at (32,0) width 28 RTL: "\x{5D0}\x{5D1}"
        RenderBlock {P} at (0,2343) size 784x19
          RenderText {#text} at (0,0) size 60x19
            text run at (0,0) width 4 RTL: "!"
            text run at (4,0) width 12 RTL: "(^"
            text run at (16,0) width 16: "12"
            text run at (32,0) width 28 RTL: "\x{627}\x{628}"
        RenderBlock {P} at (0,2376) size 784x19
          RenderText {#text} at (0,0) size 40x19
            text run at (0,0) width 16: "ab"
            text run at (16,0) width 4 RTL: "!"
            text run at (20,0) width 12 RTL: "(^"
            text run at (32,0) width 8: "\x{661}\x{662}"
        RenderBlock {P} at (0,2409) size 784x19
          RenderText {#text} at (0,0) size 52x19
            text run at (0,0) width 4 RTL: "!"
            text run at (4,0) width 12 RTL: "(^"
            text run at (16,0) width 8: "\x{661}\x{662}"
            text run at (24,0) width 28 RTL: "\x{5D0}\x{5D1}"
        RenderBlock {P} at (0,2442) size 784x19
          RenderText {#text} at (0,0) size 52x19
            text run at (0,0) width 4 RTL: "!"
            text run at (4,0) width 12 RTL: "(^"
            text run at (16,0) width 8: "\x{661}\x{662}"
            text run at (24,0) width 28 RTL: "\x{627}\x{628}"
        RenderBlock {P} at (0,2475) size 784x19
          RenderText {#text} at (0,0) size 24x19
            text run at (0,0) width 8: "?"
            text run at (8,0) width 12: "(^"
            text run at (20,0) width 4 RTL: "!"
        RenderBlock {P} at (0,2508) size 784x19
          RenderText {#text} at (0,0) size 24x19
            text run at (0,0) width 4 RTL: "!"
            text run at (4,0) width 12 RTL: "(^"
            text run at (16,0) width 8 RTL: "?"
        RenderBlock {P} at (0,2541) size 784x19
          RenderText {#text} at (0,0) size 28x19
            text run at (0,0) width 28: "ab(^"
        RenderBlock {P} at (0,2574) size 784x19
          RenderText {#text} at (0,0) size 40x19
            text run at (0,0) width 28 RTL: "\x{5D0}\x{5D1}"
            text run at (28,0) width 12: "(^"
        RenderBlock {P} at (0,2607) size 784x19
          RenderText {#text} at (0,0) size 40x19
            text run at (0,0) width 28 RTL: "\x{627}\x{628}"
            text run at (28,0) width 12: "(^"
        RenderBlock {P} at (0,2640) size 784x19
          RenderText {#text} at (0,0) size 44x19
            text run at (0,0) width 44: "ab12(^"
        RenderBlock {P} at (0,2673) size 784x19
          RenderText {#text} at (0,0) size 56x19
            text run at (0,0) width 16: "12"
            text run at (16,0) width 28 RTL: "\x{5D0}\x{5D1}"
            text run at (44,0) width 12: "(^"
        RenderBlock {P} at (0,2706) size 784x19
          RenderText {#text} at (0,0) size 56x19
            text run at (0,0) width 16: "12"
            text run at (16,0) width 28 RTL: "\x{627}\x{628}"
            text run at (44,0) width 12: "(^"
        RenderBlock {P} at (0,2739) size 784x19
          RenderText {#text} at (0,0) size 36x19
            text run at (0,0) width 16: "ab"
            text run at (16,0) width 8: "\x{661}\x{662}"
            text run at (24,0) width 12: "(^"
        RenderBlock {P} at (0,2772) size 784x19
          RenderText {#text} at (0,0) size 48x19
            text run at (0,0) width 8: "\x{661}\x{662}"
            text run at (8,0) width 28 RTL: "\x{5D0}\x{5D1}"
            text run at (36,0) width 12: "(^"
        RenderBlock {P} at (0,2805) size 784x19
          RenderText {#text} at (0,0) size 48x19
            text run at (0,0) width 8: "\x{661}\x{662}"
            text run at (8,0) width 28 RTL: "\x{627}\x{628}"
            text run at (36,0) width 12: "(^"
        RenderBlock {P} at (0,2838) size 784x19
          RenderText {#text} at (0,0) size 20x19
            text run at (0,0) width 8: "?"
            text run at (8,0) width 12: "(^"
        RenderBlock {P} at (0,2871) size 784x19
          RenderText {#text} at (0,0) size 20x19
            text run at (0,0) width 8 RTL: "?"
            text run at (8,0) width 12: "(^"
      RenderBlock {DIV} at (0,2937) size 784x2890
        RenderBlock {P} at (0,0) size 784x19
          RenderText {#text} at (0,0) size 43x19
            text run at (0,0) width 43: "ab(^cd"
        RenderBlock {P} at (0,33) size 784x19
          RenderText {#text} at (0,0) size 55x19
            text run at (0,0) width 15: "cd"
            text run at (15,0) width 40 RTL: "\x{5D0}\x{5D1}(^"
        RenderBlock {P} at (0,66) size 784x19
          RenderText {#text} at (0,0) size 55x19
            text run at (0,0) width 15: "cd"
            text run at (15,0) width 40 RTL: "\x{627}\x{628}(^"
        RenderBlock {P} at (0,99) size 784x19
          RenderText {#text} at (0,0) size 59x19
            text run at (0,0) width 59: "ab12(^cd"
        RenderBlock {P} at (0,132) size 784x19
          RenderText {#text} at (0,0) size 71x19
            text run at (0,0) width 15: "cd"
            text run at (15,0) width 12 RTL: "(^"
            text run at (27,0) width 16: "12"
            text run at (43,0) width 28 RTL: "\x{5D0}\x{5D1}"
        RenderBlock {P} at (0,165) size 784x19
          RenderText {#text} at (0,0) size 71x19
            text run at (0,0) width 15: "cd"
            text run at (15,0) width 12 RTL: "(^"
            text run at (27,0) width 16: "12"
            text run at (43,0) width 28 RTL: "\x{627}\x{628}"
        RenderBlock {P} at (0,198) size 784x19
          RenderText {#text} at (0,0) size 51x19
            text run at (0,0) width 15: "cd"
            text run at (15,0) width 12 RTL: "(^"
            text run at (27,0) width 24: "ab\x{661}\x{662}"
        RenderBlock {P} at (0,231) size 784x19
          RenderText {#text} at (0,0) size 63x19
            text run at (0,0) width 15: "cd"
            text run at (15,0) width 12 RTL: "(^"
            text run at (27,0) width 8: "\x{661}\x{662}"
            text run at (35,0) width 28 RTL: "\x{5D0}\x{5D1}"
        RenderBlock {P} at (0,264) size 784x19
          RenderText {#text} at (0,0) size 63x19
            text run at (0,0) width 15: "cd"
            text run at (15,0) width 12 RTL: "(^"
            text run at (27,0) width 8: "\x{661}\x{662}"
            text run at (35,0) width 28 RTL: "\x{627}\x{628}"
        RenderBlock {P} at (0,297) size 784x19
          RenderText {#text} at (0,0) size 35x19
            text run at (0,0) width 8: "?"
            text run at (8,0) width 27: "(^cd"
        RenderBlock {P} at (0,330) size 784x19
          RenderText {#text} at (0,0) size 35x19
            text run at (0,0) width 15: "cd"
            text run at (15,0) width 12 RTL: "(^"
            text run at (27,0) width 8 RTL: "?"
        RenderBlock {P} at (0,363) size 784x19
          RenderText {#text} at (0,0) size 56x19
            text run at (0,0) width 40 RTL: "(^\x{5D2}\x{5D3}"
            text run at (40,0) width 16: "ab"
        RenderBlock {P} at (0,396) size 784x19
          RenderText {#text} at (0,0) size 68x19
            text run at (0,0) width 68 RTL: "\x{5D0}\x{5D1}(^\x{5D2}\x{5D3}"
        RenderBlock {P} at (0,429) size 784x19
          RenderText {#text} at (0,0) size 68x19
            text run at (0,0) width 68 RTL: "\x{627}\x{628}(^\x{5D2}\x{5D3}"
        RenderBlock {P} at (0,462) size 784x19
          RenderText {#text} at (0,0) size 72x19
            text run at (0,0) width 40 RTL: "(^\x{5D2}\x{5D3}"
            text run at (40,0) width 32: "ab12"
        RenderBlock {P} at (0,495) size 784x19
          RenderText {#text} at (0,0) size 84x19
            text run at (0,0) width 40 RTL: "(^\x{5D2}\x{5D3}"
            text run at (40,0) width 16: "12"
            text run at (56,0) width 28 RTL: "\x{5D0}\x{5D1}"
        RenderBlock {P} at (0,528) size 784x19
          RenderText {#text} at (0,0) size 84x19
            text run at (0,0) width 40 RTL: "(^\x{5D2}\x{5D3}"
            text run at (40,0) width 16: "12"
            text run at (56,0) width 28 RTL: "\x{627}\x{628}"
        RenderBlock {P} at (0,561) size 784x19
          RenderText {#text} at (0,0) size 64x19
            text run at (0,0) width 40 RTL: "(^\x{5D2}\x{5D3}"
            text run at (40,0) width 24: "ab\x{661}\x{662}"
        RenderBlock {P} at (0,594) size 784x19
          RenderText {#text} at (0,0) size 76x19
            text run at (0,0) width 40 RTL: "(^\x{5D2}\x{5D3}"
            text run at (40,0) width 8: "\x{661}\x{662}"
            text run at (48,0) width 28 RTL: "\x{5D0}\x{5D1}"
        RenderBlock {P} at (0,627) size 784x19
          RenderText {#text} at (0,0) size 76x19
            text run at (0,0) width 40 RTL: "(^\x{5D2}\x{5D3}"
            text run at (40,0) width 8: "\x{661}\x{662}"
            text run at (48,0) width 28 RTL: "\x{627}\x{628}"
        RenderBlock {P} at (0,660) size 784x19
          RenderText {#text} at (0,0) size 48x19
            text run at (0,0) width 40 RTL: "(^\x{5D2}\x{5D3}"
            text run at (40,0) width 8: "?"
        RenderBlock {P} at (0,693) size 784x19
          RenderText {#text} at (0,0) size 48x19
            text run at (0,0) width 40 RTL: "(^\x{5D2}\x{5D3}"
            text run at (40,0) width 8 RTL: "?"
        RenderBlock {P} at (0,726) size 784x19
          RenderText {#text} at (0,0) size 56x19
            text run at (0,0) width 40 RTL: "(^\x{62C}\x{62F}"
            text run at (40,0) width 16: "ab"
        RenderBlock {P} at (0,759) size 784x19
          RenderText {#text} at (0,0) size 68x19
            text run at (0,0) width 68 RTL: "\x{5D0}\x{5D1}(^\x{62C}\x{62F}"
        RenderBlock {P} at (0,792) size 784x19
          RenderText {#text} at (0,0) size 68x19
            text run at (0,0) width 68 RTL: "\x{627}\x{628}(^\x{62C}\x{62F}"
        RenderBlock {P} at (0,825) size 784x19
          RenderText {#text} at (0,0) size 72x19
            text run at (0,0) width 40 RTL: "(^\x{62C}\x{62F}"
            text run at (40,0) width 32: "ab12"
        RenderBlock {P} at (0,858) size 784x19
          RenderText {#text} at (0,0) size 84x19
            text run at (0,0) width 40 RTL: "(^\x{62C}\x{62F}"
            text run at (40,0) width 16: "12"
            text run at (56,0) width 28 RTL: "\x{5D0}\x{5D1}"
        RenderBlock {P} at (0,891) size 784x19
          RenderText {#text} at (0,0) size 84x19
            text run at (0,0) width 40 RTL: "(^\x{62C}\x{62F}"
            text run at (40,0) width 16: "12"
            text run at (56,0) width 28 RTL: "\x{627}\x{628}"
        RenderBlock {P} at (0,924) size 784x19
          RenderText {#text} at (0,0) size 64x19
            text run at (0,0) width 40 RTL: "(^\x{62C}\x{62F}"
            text run at (40,0) width 24: "ab\x{661}\x{662}"
        RenderBlock {P} at (0,957) size 784x19
          RenderText {#text} at (0,0) size 76x19
            text run at (0,0) width 40 RTL: "(^\x{62C}\x{62F}"
            text run at (40,0) width 8: "\x{661}\x{662}"
            text run at (48,0) width 28 RTL: "\x{5D0}\x{5D1}"
        RenderBlock {P} at (0,990) size 784x19
          RenderText {#text} at (0,0) size 76x19
            text run at (0,0) width 40 RTL: "(^\x{62C}\x{62F}"
            text run at (40,0) width 8: "\x{661}\x{662}"
            text run at (48,0) width 28 RTL: "\x{627}\x{628}"
        RenderBlock {P} at (0,1023) size 784x19
          RenderText {#text} at (0,0) size 48x19
            text run at (0,0) width 40 RTL: "(^\x{62C}\x{62F}"
            text run at (40,0) width 8: "?"
        RenderBlock {P} at (0,1056) size 784x19
          RenderText {#text} at (0,0) size 48x19
            text run at (0,0) width 40 RTL: "(^\x{62C}\x{62F}"
            text run at (40,0) width 8 RTL: "?"
        RenderBlock {P} at (0,1089) size 784x19
          RenderText {#text} at (0,0) size 65x19
            text run at (0,0) width 7: "z"
            text run at (7,0) width 14 RTL: "\x{5E9}"
            text run at (21,0) width 44: "ab(^34"
        RenderBlock {P} at (0,1122) size 784x19
          RenderText {#text} at (0,0) size 77x19
            text run at (0,0) width 7: "z"
            text run at (7,0) width 14 RTL: "\x{5E9}"
            text run at (21,0) width 16: "34"
            text run at (37,0) width 40 RTL: "\x{5D0}\x{5D1}(^"
        RenderBlock {P} at (0,1155) size 784x19
          RenderText {#text} at (0,0) size 77x19
            text run at (0,0) width 7: "z"
            text run at (7,0) width 14 RTL: "\x{5E9}"
            text run at (21,0) width 16: "34"
            text run at (37,0) width 40 RTL: "\x{627}\x{628}(^"
        RenderBlock {P} at (0,1188) size 784x19
          RenderText {#text} at (0,0) size 81x19
            text run at (0,0) width 7: "z"
            text run at (7,0) width 14 RTL: "\x{5E9}"
            text run at (21,0) width 60: "ab12(^34"
        RenderBlock {P} at (0,1221) size 784x19
          RenderText {#text} at (0,0) size 93x19
            text run at (0,0) width 7: "z"
            text run at (7,0) width 14 RTL: "\x{5E9}"
            text run at (21,0) width 16: "34"
            text run at (37,0) width 12 RTL: "(^"
            text run at (49,0) width 16: "12"
            text run at (65,0) width 28 RTL: "\x{5D0}\x{5D1}"
        RenderBlock {P} at (0,1254) size 784x19
          RenderText {#text} at (0,0) size 93x19
            text run at (0,0) width 7: "z"
            text run at (7,0) width 14 RTL: "\x{5E9}"
            text run at (21,0) width 16: "34"
            text run at (37,0) width 12 RTL: "(^"
            text run at (49,0) width 16: "12"
            text run at (65,0) width 28 RTL: "\x{627}\x{628}"
        RenderBlock {P} at (0,1287) size 784x19
          RenderText {#text} at (0,0) size 73x19
            text run at (0,0) width 7: "z"
            text run at (7,0) width 14 RTL: "\x{5E9}"
            text run at (21,0) width 16: "34"
            text run at (37,0) width 12 RTL: "(^"
            text run at (49,0) width 24: "ab\x{661}\x{662}"
        RenderBlock {P} at (0,1320) size 784x19
          RenderText {#text} at (0,0) size 85x19
            text run at (0,0) width 7: "z"
            text run at (7,0) width 14 RTL: "\x{5E9}"
            text run at (21,0) width 16: "34"
            text run at (37,0) width 12 RTL: "(^"
            text run at (49,0) width 8: "\x{661}\x{662}"
            text run at (57,0) width 28 RTL: "\x{5D0}\x{5D1}"
        RenderBlock {P} at (0,1353) size 784x19
          RenderText {#text} at (0,0) size 85x19
            text run at (0,0) width 7: "z"
            text run at (7,0) width 14 RTL: "\x{5E9}"
            text run at (21,0) width 16: "34"
            text run at (37,0) width 12 RTL: "(^"
            text run at (49,0) width 8: "\x{661}\x{662}"
            text run at (57,0) width 28 RTL: "\x{627}\x{628}"
        RenderBlock {P} at (0,1386) size 784x19
          RenderText {#text} at (0,0) size 57x19
            text run at (0,0) width 7: "z"
            text run at (7,0) width 14 RTL: "\x{5E9}"
            text run at (21,0) width 8: "?"
            text run at (29,0) width 28: "(^34"
        RenderBlock {P} at (0,1419) size 784x19
          RenderText {#text} at (0,0) size 57x19
            text run at (0,0) width 7: "z"
            text run at (7,0) width 14 RTL: "\x{5E9}"
            text run at (21,0) width 16: "34"
            text run at (37,0) width 12 RTL: "(^"
            text run at (49,0) width 8 RTL: "?"
        RenderBlock {P} at (0,1452) size 784x19
          RenderText {#text} at (0,0) size 57x19
            text run at (0,0) width 7: "z"
            text run at (7,0) width 14 RTL: "\x{5E9}"
            text run at (21,0) width 8: "\x{663}\x{664}"
            text run at (29,0) width 12 RTL: "(^"
            text run at (41,0) width 16: "ab"
        RenderBlock {P} at (0,1485) size 784x19
          RenderText {#text} at (0,0) size 69x19
            text run at (0,0) width 7: "z"
            text run at (7,0) width 14 RTL: "\x{5E9}"
            text run at (21,0) width 8: "\x{663}\x{664}"
            text run at (29,0) width 40 RTL: "\x{5D0}\x{5D1}(^"
        RenderBlock {P} at (0,1518) size 784x19
          RenderText {#text} at (0,0) size 69x19
            text run at (0,0) width 7: "z"
            text run at (7,0) width 14 RTL: "\x{5E9}"
            text run at (21,0) width 8: "\x{663}\x{664}"
            text run at (29,0) width 40 RTL: "\x{627}\x{628}(^"
        RenderBlock {P} at (0,1551) size 784x19
          RenderText {#text} at (0,0) size 73x19
            text run at (0,0) width 7: "z"
            text run at (7,0) width 14 RTL: "\x{5E9}"
            text run at (21,0) width 8: "\x{663}\x{664}"
            text run at (29,0) width 12 RTL: "(^"
            text run at (41,0) width 32: "ab12"
        RenderBlock {P} at (0,1584) size 784x19
          RenderText {#text} at (0,0) size 85x19
            text run at (0,0) width 7: "z"
            text run at (7,0) width 14 RTL: "\x{5E9}"
            text run at (21,0) width 8: "\x{663}\x{664}"
            text run at (29,0) width 12 RTL: "(^"
            text run at (41,0) width 16: "12"
            text run at (57,0) width 28 RTL: "\x{5D0}\x{5D1}"
        RenderBlock {P} at (0,1617) size 784x19
          RenderText {#text} at (0,0) size 85x19
            text run at (0,0) width 7: "z"
            text run at (7,0) width 14 RTL: "\x{5E9}"
            text run at (21,0) width 8: "\x{663}\x{664}"
            text run at (29,0) width 12 RTL: "(^"
            text run at (41,0) width 16: "12"
            text run at (57,0) width 28 RTL: "\x{627}\x{628}"
        RenderBlock {P} at (0,1650) size 784x19
          RenderText {#text} at (0,0) size 65x19
            text run at (0,0) width 7: "z"
            text run at (7,0) width 14 RTL: "\x{5E9}"
            text run at (21,0) width 8: "\x{663}\x{664}"
            text run at (29,0) width 12 RTL: "(^"
            text run at (41,0) width 24: "ab\x{661}\x{662}"
        RenderBlock {P} at (0,1683) size 784x19
          RenderText {#text} at (0,0) size 77x19
            text run at (0,0) width 7: "z"
            text run at (7,0) width 14 RTL: "\x{5E9}"
            text run at (21,0) width 8: "\x{663}\x{664}"
            text run at (29,0) width 12 RTL: "(^"
            text run at (41,0) width 8: "\x{661}\x{662}"
            text run at (49,0) width 28 RTL: "\x{5D0}\x{5D1}"
        RenderBlock {P} at (0,1716) size 784x19
          RenderText {#text} at (0,0) size 77x19
            text run at (0,0) width 7: "z"
            text run at (7,0) width 14 RTL: "\x{5E9}"
            text run at (21,0) width 8: "\x{663}\x{664}"
            text run at (29,0) width 12 RTL: "(^"
            text run at (41,0) width 8: "\x{661}\x{662}"
            text run at (49,0) width 28 RTL: "\x{627}\x{628}"
        RenderBlock {P} at (0,1749) size 784x19
          RenderText {#text} at (0,0) size 49x19
            text run at (0,0) width 7: "z"
            text run at (7,0) width 14 RTL: "\x{5E9}"
            text run at (21,0) width 8: "\x{663}\x{664}"
            text run at (29,0) width 12 RTL: "(^"
            text run at (41,0) width 8: "?"
        RenderBlock {P} at (0,1782) size 784x19
          RenderText {#text} at (0,0) size 49x19
            text run at (0,0) width 7: "z"
            text run at (7,0) width 14 RTL: "\x{5E9}"
            text run at (21,0) width 8: "\x{663}\x{664}"
            text run at (29,0) width 12 RTL: "(^"
            text run at (41,0) width 8 RTL: "?"
        RenderBlock {P} at (0,1815) size 784x19
          RenderText {#text} at (0,0) size 32x19
            text run at (0,0) width 28: "ab(^"
            text run at (28,0) width 4: "!"
        RenderBlock {P} at (0,1848) size 784x19
          RenderText {#text} at (0,0) size 44x19
            text run at (0,0) width 4: "!"
            text run at (4,0) width 40 RTL: "\x{5D0}\x{5D1}(^"
        RenderBlock {P} at (0,1881) size 784x19
          RenderText {#text} at (0,0) size 44x19
            text run at (0,0) width 4: "!"
            text run at (4,0) width 40 RTL: "\x{627}\x{628}(^"
        RenderBlock {P} at (0,1914) size 784x19
          RenderText {#text} at (0,0) size 48x19
            text run at (0,0) width 44: "ab12(^"
            text run at (44,0) width 4: "!"
        RenderBlock {P} at (0,1947) size 784x19
          RenderText {#text} at (0,0) size 60x19
            text run at (0,0) width 4: "!"
            text run at (4,0) width 12 RTL: "(^"
            text run at (16,0) width 16: "12"
            text run at (32,0) width 28 RTL: "\x{5D0}\x{5D1}"
        RenderBlock {P} at (0,1980) size 784x19
          RenderText {#text} at (0,0) size 60x19
            text run at (0,0) width 4: "!"
            text run at (4,0) width 12 RTL: "(^"
            text run at (16,0) width 16: "12"
            text run at (32,0) width 28 RTL: "\x{627}\x{628}"
        RenderBlock {P} at (0,2013) size 784x19
          RenderText {#text} at (0,0) size 40x19
            text run at (0,0) width 4: "!"
            text run at (4,0) width 12 RTL: "(^"
            text run at (16,0) width 24: "ab\x{661}\x{662}"
        RenderBlock {P} at (0,2046) size 784x19
          RenderText {#text} at (0,0) size 52x19
            text run at (0,0) width 4: "!"
            text run at (4,0) width 12 RTL: "(^"
            text run at (16,0) width 8: "\x{661}\x{662}"
            text run at (24,0) width 28 RTL: "\x{5D0}\x{5D1}"
        RenderBlock {P} at (0,2079) size 784x19
          RenderText {#text} at (0,0) size 52x19
            text run at (0,0) width 4: "!"
            text run at (4,0) width 12 RTL: "(^"
            text run at (16,0) width 8: "\x{661}\x{662}"
            text run at (24,0) width 28 RTL: "\x{627}\x{628}"
        RenderBlock {P} at (0,2112) size 784x19
          RenderText {#text} at (0,0) size 24x19
            text run at (0,0) width 8: "?"
            text run at (8,0) width 12: "(^"
            text run at (20,0) width 4: "!"
        RenderBlock {P} at (0,2145) size 784x19
          RenderText {#text} at (0,0) size 24x19
            text run at (0,0) width 4: "!"
            text run at (4,0) width 12 RTL: "(^"
            text run at (16,0) width 8 RTL: "?"
        RenderBlock {P} at (0,2178) size 784x19
          RenderText {#text} at (0,0) size 32x19
            text run at (0,0) width 4 RTL: "!"
            text run at (4,0) width 12 RTL: "(^"
            text run at (16,0) width 16: "ab"
        RenderBlock {P} at (0,2211) size 784x19
          RenderText {#text} at (0,0) size 44x19
            text run at (0,0) width 4 RTL: "!"
            text run at (4,0) width 40 RTL: "\x{5D0}\x{5D1}(^"
        RenderBlock {P} at (0,2244) size 784x19
          RenderText {#text} at (0,0) size 44x19
            text run at (0,0) width 4 RTL: "!"
            text run at (4,0) width 40 RTL: "\x{627}\x{628}(^"
        RenderBlock {P} at (0,2277) size 784x19
          RenderText {#text} at (0,0) size 48x19
            text run at (0,0) width 4 RTL: "!"
            text run at (4,0) width 12 RTL: "(^"
            text run at (16,0) width 32: "ab12"
        RenderBlock {P} at (0,2310) size 784x19
          RenderText {#text} at (0,0) size 60x19
            text run at (0,0) width 4 RTL: "!"
            text run at (4,0) width 12 RTL: "(^"
            text run at (16,0) width 16: "12"
            text run at (32,0) width 28 RTL: "\x{5D0}\x{5D1}"
        RenderBlock {P} at (0,2343) size 784x19
          RenderText {#text} at (0,0) size 60x19
            text run at (0,0) width 4 RTL: "!"
            text run at (4,0) width 12 RTL: "(^"
            text run at (16,0) width 16: "12"
            text run at (32,0) width 28 RTL: "\x{627}\x{628}"
        RenderBlock {P} at (0,2376) size 784x19
          RenderText {#text} at (0,0) size 40x19
            text run at (0,0) width 4 RTL: "!"
            text run at (4,0) width 12 RTL: "(^"
            text run at (16,0) width 24: "ab\x{661}\x{662}"
        RenderBlock {P} at (0,2409) size 784x19
          RenderText {#text} at (0,0) size 52x19
            text run at (0,0) width 4 RTL: "!"
            text run at (4,0) width 12 RTL: "(^"
            text run at (16,0) width 8: "\x{661}\x{662}"
            text run at (24,0) width 28 RTL: "\x{5D0}\x{5D1}"
        RenderBlock {P} at (0,2442) size 784x19
          RenderText {#text} at (0,0) size 52x19
            text run at (0,0) width 4 RTL: "!"
            text run at (4,0) width 12 RTL: "(^"
            text run at (16,0) width 8: "\x{661}\x{662}"
            text run at (24,0) width 28 RTL: "\x{627}\x{628}"
        RenderBlock {P} at (0,2475) size 784x19
          RenderText {#text} at (0,0) size 24x19
            text run at (0,0) width 4 RTL: "!"
            text run at (4,0) width 12 RTL: "(^"
            text run at (16,0) width 8: "?"
        RenderBlock {P} at (0,2508) size 784x19
          RenderText {#text} at (0,0) size 24x19
            text run at (0,0) width 4 RTL: "!"
            text run at (4,0) width 12 RTL: "(^"
            text run at (16,0) width 8 RTL: "?"
        RenderBlock {P} at (0,2541) size 784x19
          RenderText {#text} at (0,0) size 28x19
            text run at (0,0) width 28: "ab(^"
        RenderBlock {P} at (0,2574) size 784x19
          RenderText {#text} at (0,0) size 40x19
            text run at (0,0) width 28 RTL: "\x{5D0}\x{5D1}"
            text run at (28,0) width 12: "(^"
        RenderBlock {P} at (0,2607) size 784x19
          RenderText {#text} at (0,0) size 40x19
            text run at (0,0) width 28 RTL: "\x{627}\x{628}"
            text run at (28,0) width 12: "(^"
        RenderBlock {P} at (0,2640) size 784x19
          RenderText {#text} at (0,0) size 44x19
            text run at (0,0) width 44: "ab12(^"
        RenderBlock {P} at (0,2673) size 784x19
          RenderText {#text} at (0,0) size 56x19
            text run at (0,0) width 16: "12"
            text run at (16,0) width 28 RTL: "\x{5D0}\x{5D1}"
            text run at (44,0) width 12: "(^"
        RenderBlock {P} at (0,2706) size 784x19
          RenderText {#text} at (0,0) size 56x19
            text run at (0,0) width 16: "12"
            text run at (16,0) width 28 RTL: "\x{627}\x{628}"
            text run at (44,0) width 12: "(^"
        RenderBlock {P} at (0,2739) size 784x19
          RenderText {#text} at (0,0) size 36x19
            text run at (0,0) width 16: "ab"
            text run at (16,0) width 8: "\x{661}\x{662}"
            text run at (24,0) width 12: "(^"
        RenderBlock {P} at (0,2772) size 784x19
          RenderText {#text} at (0,0) size 48x19
            text run at (0,0) width 8: "\x{661}\x{662}"
            text run at (8,0) width 28 RTL: "\x{5D0}\x{5D1}"
            text run at (36,0) width 12: "(^"
        RenderBlock {P} at (0,2805) size 784x19
          RenderText {#text} at (0,0) size 48x19
            text run at (0,0) width 8: "\x{661}\x{662}"
            text run at (8,0) width 28 RTL: "\x{627}\x{628}"
            text run at (36,0) width 12: "(^"
        RenderBlock {P} at (0,2838) size 784x19
          RenderText {#text} at (0,0) size 20x19
            text run at (0,0) width 8: "?"
            text run at (8,0) width 12: "(^"
        RenderBlock {P} at (0,2871) size 784x19
          RenderText {#text} at (0,0) size 20x19
            text run at (0,0) width 8 RTL: "?"
            text run at (8,0) width 12: "(^"
