layer at (0,0) size 800x600
  RenderView at (0,0) size 800x600
layer at (0,0) size 800x600
  RenderBlock {HTML} at (0,0) size 800x600
    RenderBody {BODY} at (8,8) size 784x584
      RenderBlock {P} at (0,0) size 784x57
        RenderText {#text} at (0,0) size 447x19
          text run at (0,0) width 447: "This tests that bidirectional text is correctly rendered in popup controls."
        RenderBR {BR} at (447,14) size 0x0
        RenderText {#text} at (0,19) size 782x38
          text run at (0,19) width 782: "The order of the text below each popup button should match the order of the select's option text, and the order of the text in"
          text run at (0,38) width 108: "the popup menu."
      RenderBlock (anonymous) at (0,71) size 784x48
        RenderText {#text} at (0,0) size 267x19
          text run at (0,0) width 267: "1) direction: rtl; -webkit-rtl-ordering: logical"
        RenderBR {BR} at (267,14) size 0x0
        RenderMenuList {SELECT} at (0,21) size 100x25 [bgcolor=#FFFFFF]
          RenderBlock (anonymous) at (8,3) size 84x19
            RenderText at (0,0) size 121x19
              text run at (0,0) width 23: "abc"
              text run at (23,0) width 98 RTL: "\x{5D0}\x{5E4}\x{5E8}\x{5E1}\x{5DE}\x{5D5}\x{5DF}"
        RenderBR {BR} at (100,38) size 0x0
      RenderBlock {DIV} at (0,119) size 100x19
        RenderText {#text} at (0,0) size 121x19
          text run at (0,0) width 23: "abc"
          text run at (23,0) width 98 RTL: "\x{5D0}\x{5E4}\x{5E8}\x{5E1}\x{5DE}\x{5D5}\x{5DF}"
      RenderBlock (anonymous) at (0,138) size 784x67
        RenderBR {BR} at (0,0) size 0x19
        RenderText {#text} at (0,19) size 111x19
          text run at (0,19) width 111: "2) text-align: right"
        RenderBR {BR} at (111,33) size 0x0
        RenderMenuList {SELECT} at (0,40) size 200x25 [bgcolor=#FFFFFF]
          RenderBlock (anonymous) at (8,3) size 184x19
            RenderText at (0,0) size 121x19
              text run at (0,0) width 23: "abc"
              text run at (23,0) width 98 RTL: "\x{5D0}\x{5E4}\x{5E8}\x{5E1}\x{5DE}\x{5D5}\x{5DF}"
        RenderBR {BR} at (200,57) size 0x0
      RenderBlock {DIV} at (0,205) size 200x19
        RenderText {#text} at (0,0) size 121x19
          text run at (0,0) width 23: "abc"
          text run at (23,0) width 98 RTL: "\x{5D0}\x{5E4}\x{5E8}\x{5E1}\x{5DE}\x{5D5}\x{5DF}"
      RenderBlock (anonymous) at (0,224) size 784x67
        RenderBR {BR} at (0,0) size 0x19
        RenderText {#text} at (0,19) size 68x19
          text run at (0,19) width 68: "3) No style"
        RenderBR {BR} at (68,33) size 0x0
        RenderMenuList {SELECT} at (0,40) size 100x25 [bgcolor=#FFFFFF]
          RenderBlock (anonymous) at (8,3) size 84x19
            RenderText at (0,0) size 121x19
              text run at (0,0) width 23: "abc"
              text run at (23,0) width 98 RTL: "\x{5D0}\x{5E4}\x{5E8}\x{5E1}\x{5DE}\x{5D5}\x{5DF}"
        RenderBR {BR} at (100,57) size 0x0
      RenderBlock {DIV} at (0,291) size 100x19
        RenderText {#text} at (0,0) size 121x19
          text run at (0,0) width 23: "abc"
          text run at (23,0) width 98 RTL: "\x{5D0}\x{5E4}\x{5E8}\x{5E1}\x{5DE}\x{5D5}\x{5DF}"
      RenderBlock (anonymous) at (0,310) size 784x19
        RenderBR {BR} at (0,0) size 0x19
