layer at (0,0) size 800x600
  RenderView at (0,0) size 800x600
layer at (0,0) size 800x600
  RenderBlock {HTML} at (0,0) size 800x600
    RenderBody {BODY} at (8,8) size 784x584
      RenderBlock {P} at (0,0) size 784x40
        RenderText {#text} at (0,0) size 176x19
          text run at (0,0) width 176: "This is a regression test for "
        RenderInline {I} at (0,0) size 777x39
          RenderInline {A} at (0,0) size 337x19 [color=#0000EE]
            RenderText {#text} at (176,0) size 337x19
              text run at (176,0) width 337: "http://bugzilla.opendarwin.org/show_bug.cgi?id=8866"
          RenderText {#text} at (513,0) size 777x39
            text run at (513,0) width 4: " "
            text run at (517,0) width 260: "REGRESSION: Incorrect caret position in"
            text run at (0,20) width 54: "RTL text"
        RenderText {#text} at (54,20) size 4x19
          text run at (54,20) width 4: "."
      RenderBlock {P} at (0,54) size 784x19
        RenderText {#text} at (0,0) size 344x19
          text run at (0,0) width 344: "The caret should be in the middle of the Hebrew word."
      RenderBlock {HR} at (0,87) size 784x2 [border: (1px inset #000000)]
      RenderBlock {DIV} at (0,96) size 784x19
        RenderText {#text} at (0,0) size 112x19
          text run at (0,0) width 112 RTL: "\x{5D0}\x{5D5}\x{5DB}\x{5DE}\x{5E0}\x{5D9}\x{5D5}\x{5EA}"
caret: position 5 of child 0 {#text} of child 7 {DIV} of body
