layer at (0,0) size 800x82824
  RenderView at (0,0) size 800x600
layer at (0,0) size 800x600
  RenderBlock {HTML} at (0,0) size 800x600
    RenderBody {BODY} at (8,8) size 784x578
      RenderBlock {P} at (0,0) size 784x76
        RenderText {#text} at (0,0) size 774x76
          text run at (0,0) width 762: "The column on the right has explicit spaces. Line breaks should be roughly the same if Thai line breaks are working well."
          text run at (0,19) width 774: "The original source of this text was ICU, and the test program said \"by it's very nature, Thai word breaking is not exact\", so"
          text run at (0,38) width 742: "the columns don't match exactly. In a future version we might decide to tweak the right column to match our expected"
          text run at (0,57) width 59: "behavior."
layer at (240,98) size 33x82726
  RenderBlock (positioned) {DIV} at (240,98) size 1x82726
    RenderText {#text} at (0,0) size 33x82726
      text run at (0,0) width 14: "\x{E1A}"
      text run at (0,19) width 14: "\x{E17}"
      text run at (0,38) width 14: "\x{E17}"
      text run at (0,57) width 14: "\x{E35}"
      text run at (0,76) width 14: "\x{E48}"
      text run at (0,95) width 14: "\x{E51}"
      text run at (0,114) width 14: "\x{E1E}"
      text run at (0,133) width 14: "\x{E32}"
      text run at (0,152) width 14: "\x{E22}"
      text run at (0,171) width 14: "\x{E38}"
      text run at (0,190) width 14: "\x{E44}"
      text run at (0,209) width 14: "\x{E0B}"
      text run at (0,228) width 14: "\x{E42}"
      text run at (0,247) width 14: "\x{E04}"
      text run at (0,266) width 28: "\x{E25}\x{E19}"
      text run at (0,285) width 14: "\x{E42}"
      text run at (0,304) width 14: "\x{E14}"
      text run at (0,323) width 14: "\x{E42}"
      text run at (0,342) width 14: "\x{E23}"
      text run at (0,361) width 14: "\x{E18}"
      text run at (0,380) width 14: "\x{E35}"
      text run at (0,399) width 14: "\x{E2D}"
      text run at (0,418) width 14: "\x{E32}"
      text run at (0,437) width 14: "\x{E28}"
      text run at (0,456) width 14: "\x{E31}"
      text run at (0,475) width 14: "\x{E22}"
      text run at (0,494) width 14: "\x{E2D}"
      text run at (0,513) width 14: "\x{E22}"
      text run at (0,532) width 14: "\x{E39}"
      text run at (0,551) width 14: "\x{E48}"
      text run at (0,570) width 14: "\x{E17}"
      text run at (0,589) width 14: "\x{E48}"
      text run at (0,608) width 14: "\x{E32}"
      text run at (0,627) width 14: "\x{E21}"
      text run at (0,646) width 14: "\x{E01}"
      text run at (0,665) width 14: "\x{E25}"
      text run at (0,684) width 14: "\x{E32}"
      text run at (0,703) width 14: "\x{E07}"
      text run at (0,722) width 14: "\x{E17}"
      text run at (0,741) width 14: "\x{E38}"
      text run at (0,760) width 14: "\x{E48}"
      text run at (0,779) width 14: "\x{E07}"
      text run at (0,798) width 14: "\x{E43}"
      text run at (0,817) width 14: "\x{E2B}"
      text run at (0,836) width 14: "\x{E0D}"
      text run at (0,855) width 14: "\x{E48}"
      text run at (0,874) width 14: "\x{E43}"
      text run at (0,893) width 14: "\x{E19}"
      text run at (0,912) width 14: "\x{E41}"
      text run at (0,931) width 14: "\x{E04}"
      text run at (0,950) width 14: "\x{E19}"
      text run at (0,969) width 14: "\x{E0B}"
      text run at (0,988) width 14: "\x{E31}"
      text run at (0,1007) width 14: "\x{E2A}"
      text run at (0,1026) width 14: "\x{E01}"
      text run at (0,1045) width 14: "\x{E31}"
      text run at (0,1064) width 14: "\x{E1A}"
      text run at (0,1083) width 14: "\x{E25}"
      text run at (0,1102) width 14: "\x{E38}"
      text run at (0,1121) width 14: "\x{E07}"
      text run at (0,1140) width 14: "\x{E40}"
      text run at (0,1159) width 14: "\x{E2E}"
      text run at (0,1178) width 14: "\x{E19}"
      text run at (0,1197) width 14: "\x{E23}"
      text run at (0,1216) width 14: "\x{E35}"
      text run at (0,1235) width 14: "\x{E0A}"
      text run at (0,1254) width 14: "\x{E32}"
      text run at (0,1273) width 14: "\x{E27}"
      text run at (0,1292) width 14: "\x{E44}"
      text run at (0,1311) width 14: "\x{E23}"
      text run at (0,1330) width 14: "\x{E48}"
      text run at (0,1349) width 14: "\x{E41}"
      text run at (0,1368) width 14: "\x{E25}"
      text run at (0,1387) width 14: "\x{E30}"
      text run at (0,1406) width 14: "\x{E1B}"
      text run at (0,1425) width 14: "\x{E49}"
      text run at (0,1444) width 14: "\x{E32}"
      text run at (0,1463) width 14: "\x{E40}"
      text run at (0,1482) width 14: "\x{E2D}"
      text run at (0,1501) width 14: "\x{E47}"
      text run at (0,1520) width 14: "\x{E21}"
      text run at (0,1539) width 14: "\x{E20}"
      text run at (0,1558) width 14: "\x{E23}"
      text run at (0,1577) width 14: "\x{E23}"
      text run at (0,1596) width 14: "\x{E22}"
      text run at (0,1615) width 14: "\x{E32}"
      text run at (0,1634) width 14: "\x{E0A}"
      text run at (0,1653) width 14: "\x{E32}"
      text run at (0,1672) width 14: "\x{E27}"
      text run at (0,1691) width 14: "\x{E44}"
      text run at (0,1710) width 14: "\x{E23}\x{E48}"
      text run at (0,1729) width 14: "\x{E1A}"
      text run at (0,1748) width 14: "\x{E49}"
      text run at (0,1767) width 14: "\x{E32}"
      text run at (0,1786) width 14: "\x{E19}"
      text run at (0,1805) width 14: "\x{E02}"
      text run at (0,1824) width 14: "\x{E2D}"
      text run at (0,1843) width 14: "\x{E07}"
      text run at (0,1862) width 14: "\x{E1E}"
      text run at (0,1881) width 14: "\x{E27}"
      text run at (0,1900) width 14: "\x{E01}"
      text run at (0,1919) width 14: "\x{E40}"
      text run at (0,1938) width 14: "\x{E02}"
      text run at (0,1957) width 14: "\x{E32}"
      text run at (0,1976) width 14: "\x{E2B}"
      text run at (0,1995) width 14: "\x{E25}"
      text run at (0,2014) width 14: "\x{E31}"
      text run at (0,2033) width 14: "\x{E07}"
      text run at (0,2052) width 14: "\x{E40}"
      text run at (0,2071) width 14: "\x{E25}"
      text run at (0,2090) width 14: "\x{E47}"
      text run at (0,2109) width 14: "\x{E01}"
      text run at (0,2128) width 14: "\x{E40}"
      text run at (0,2147) width 14: "\x{E1E}"
      text run at (0,2166) width 14: "\x{E23}"
      text run at (0,2185) width 14: "\x{E32}"
      text run at (0,2204) width 14: "\x{E30}"
      text run at (0,2223) width 14: "\x{E44}"
      text run at (0,2242) width 14: "\x{E21}"
      text run at (0,2261) width 14: "\x{E49}"
      text run at (0,2280) width 14: "\x{E2A}"
      text run at (0,2299) width 14: "\x{E23}"
      text run at (0,2318) width 14: "\x{E49}"
      text run at (0,2337) width 14: "\x{E32}"
      text run at (0,2356) width 14: "\x{E07}"
      text run at (0,2375) width 14: "\x{E1A}"
      text run at (0,2394) width 14: "\x{E49}"
      text run at (0,2413) width 14: "\x{E32}"
      text run at (0,2432) width 14: "\x{E19}"
      text run at (0,2451) width 14: "\x{E15}"
      text run at (0,2470) width 14: "\x{E49}"
      text run at (0,2489) width 14: "\x{E2D}"
      text run at (0,2508) width 14: "\x{E07}"
      text run at (0,2527) width 14: "\x{E02}"
      text run at (0,2546) width 14: "\x{E19}"
      text run at (0,2565) width 14: "\x{E21}"
      text run at (0,2584) width 14: "\x{E32}"
      text run at (0,2603) width 14: "\x{E14}"
      text run at (0,2622) width 14: "\x{E49}"
      text run at (0,2641) width 14: "\x{E27}"
      text run at (0,2660) width 14: "\x{E22}"
      text run at (0,2679) width 14: "\x{E40}"
      text run at (0,2698) width 14: "\x{E01}"
      text run at (0,2717) width 14: "\x{E27}"
      text run at (0,2736) width 14: "\x{E35}"
      text run at (0,2755) width 14: "\x{E22}"
      text run at (0,2774) width 14: "\x{E19}"
      text run at (0,2793) width 14: "\x{E40}"
      text run at (0,2812) width 14: "\x{E1B}"
      text run at (0,2831) width 28: "\x{E47}\x{E19}"
      text run at (0,2850) width 14: "\x{E23}"
      text run at (0,2869) width 14: "\x{E30}"
      text run at (0,2888) width 14: "\x{E22}"
      text run at (0,2907) width 14: "\x{E30}"
      text run at (0,2926) width 14: "\x{E17}"
      text run at (0,2945) width 14: "\x{E32}"
      text run at (0,2964) width 14: "\x{E07}"
      text run at (0,2983) width 14: "\x{E2B}"
      text run at (0,3002) width 14: "\x{E25}"
      text run at (0,3021) width 14: "\x{E32}"
      text run at (0,3040) width 14: "\x{E22}"
      text run at (0,3059) width 14: "\x{E44}"
      text run at (0,3078) width 14: "\x{E21}"
      text run at (0,3097) width 14: "\x{E25}\x{E4C}"
      text run at (0,3116) width 14: "\x{E1A}"
      text run at (0,3135) width 14: "\x{E49}"
      text run at (0,3154) width 14: "\x{E32}"
      text run at (0,3173) width 14: "\x{E19}"
      text run at (0,3192) width 14: "\x{E21}"
      text run at (0,3211) width 14: "\x{E35}"
      text run at (0,3230) width 14: "\x{E2A}"
      text run at (0,3249) width 14: "\x{E35}"
      text run at (0,3268) width 14: "\x{E48}"
      text run at (0,3287) width 14: "\x{E1D}"
      text run at (0,3306) width 14: "\x{E32}"
      text run at (0,3325) width 14: "\x{E21}"
      text run at (0,3344) width 14: "\x{E35}"
      text run at (0,3363) width 14: "\x{E1E}"
      text run at (0,3382) width 14: "\x{E37}"
      text run at (0,3401) width 14: "\x{E49}"
      text run at (0,3420) width 14: "\x{E19}"
      text run at (0,3439) width 14: "\x{E01}"
      text run at (0,3458) width 14: "\x{E31}"
      text run at (0,3477) width 14: "\x{E1A}"
      text run at (0,3496) width 14: "\x{E2B}"
      text run at (0,3515) width 14: "\x{E25}"
      text run at (0,3534) width 14: "\x{E31}"
      text run at (0,3553) width 14: "\x{E07}"
      text run at (0,3572) width 14: "\x{E04}"
      text run at (0,3591) width 14: "\x{E32}"
      text run at (0,3610) width 14: "\x{E23}"
      text run at (0,3629) width 14: "\x{E27}"
      text run at (0,3648) width 14: "\x{E21}"
      text run at (0,3667) width 14: "\x{E17}"
      text run at (0,3686) width 14: "\x{E33}"
      text run at (0,3705) width 14: "\x{E40}"
      text run at (0,3724) width 14: "\x{E1B}"
      text run at (0,3743) width 14: "\x{E47}"
      text run at (0,3762) width 14: "\x{E19}"
      text run at (0,3781) width 14: "\x{E2B}"
      text run at (0,3800) width 14: "\x{E49}"
      text run at (0,3819) width 14: "\x{E2D}"
      text run at (0,3838) width 14: "\x{E07}"
      text run at (0,3857) width 14: "\x{E40}"
      text run at (0,3876) width 14: "\x{E14}"
      text run at (0,3895) width 14: "\x{E35}"
      text run at (0,3914) width 28: "\x{E22}\x{E27}"
      text run at (0,3933) width 14: "\x{E43}"
      text run at (0,3952) width 14: "\x{E19}"
      text run at (0,3971) width 14: "\x{E2B}"
      text run at (0,3990) width 14: "\x{E49}"
      text run at (0,4009) width 14: "\x{E2D}"
      text run at (0,4028) width 14: "\x{E07}"
      text run at (0,4047) width 14: "\x{E21}"
      text run at (0,4066) width 14: "\x{E35}"
      text run at (0,4085) width 14: "\x{E17}"
      text run at (0,4104) width 14: "\x{E31}"
      text run at (0,4123) width 14: "\x{E49}"
      text run at (0,4142) width 14: "\x{E07}"
      text run at (0,4161) width 14: "\x{E40}"
      text run at (0,4180) width 14: "\x{E15}"
      text run at (0,4199) width 14: "\x{E32}"
      text run at (0,4218) width 14: "\x{E2B}"
      text run at (0,4237) width 14: "\x{E38}"
      text run at (0,4256) width 14: "\x{E07}"
      text run at (0,4275) width 14: "\x{E15}"
      text run at (0,4294) width 14: "\x{E49}"
      text run at (0,4313) width 14: "\x{E21}"
      text run at (0,4332) width 14: "\x{E17}"
      text run at (0,4351) width 14: "\x{E35}"
      text run at (0,4370) width 14: "\x{E48}"
      text run at (0,4389) width 14: "\x{E2A}"
      text run at (0,4408) width 14: "\x{E19}"
      text run at (0,4427) width 14: "\x{E34}"
      text run at (0,4446) width 14: "\x{E21}"
      text run at (0,4465) width 14: "\x{E14}"
      text run at (0,4484) width 14: "\x{E39}"
      text run at (0,4503) width 14: "\x{E02}"
      text run at (0,4522) width 14: "\x{E36}"
      text run at (0,4541) width 14: "\x{E49}"
      text run at (0,4560) width 14: "\x{E19}"
      text run at (0,4579) width 14: "\x{E40}"
      text run at (0,4598) width 14: "\x{E25}"
      text run at (0,4617) width 28: "\x{E2D}\x{E30}"
      text run at (0,4636) width 14: "\x{E21}"
      text run at (0,4655) width 14: "\x{E35}"
      text run at (0,4674) width 14: "\x{E15}"
      text run at (0,4693) width 14: "\x{E39}"
      text run at (0,4712) width 14: "\x{E49}"
      text run at (0,4731) width 14: "\x{E43}"
      text run at (0,4750) width 14: "\x{E2A}"
      text run at (0,4769) width 14: "\x{E48}"
      text run at (0,4788) width 14: "\x{E16}"
      text run at (0,4807) width 14: "\x{E49}"
      text run at (0,4826) width 28: "\x{E27}\x{E22}"
      text run at (0,4845) width 14: "\x{E0A}"
      text run at (0,4864) width 28: "\x{E32}\x{E21}"
      text run at (0,4883) width 14: "\x{E42}"
      text run at (0,4902) width 14: "\x{E15}"
      text run at (0,4921) width 28: "\x{E4A}\x{E30}"
      text run at (0,4940) width 14: "\x{E40}"
      text run at (0,4959) width 14: "\x{E01}"
      text run at (0,4978) width 14: "\x{E49}"
      text run at (0,4997) width 14: "\x{E32}"
      text run at (0,5016) width 14: "\x{E2D}"
      text run at (0,5035) width 14: "\x{E35}"
      text run at (0,5054) width 14: "\x{E49}"
      text run at (0,5073) width 14: "\x{E2A}"
      text run at (0,5092) width 14: "\x{E32}"
      text run at (0,5111) width 14: "\x{E21}"
      text run at (0,5130) width 14: "\x{E2B}"
      text run at (0,5149) width 14: "\x{E23}"
      text run at (0,5168) width 14: "\x{E37}"
      text run at (0,5187) width 14: "\x{E2D}"
      text run at (0,5206) width 14: "\x{E2A}"
      text run at (0,5225) width 14: "\x{E35}"
      text run at (0,5244) width 14: "\x{E48}"
      text run at (0,5263) width 14: "\x{E15}"
      text run at (0,5282) width 28: "\x{E31}\x{E27}"
      text run at (0,5301) width 14: "\x{E41}"
      text run at (0,5320) width 14: "\x{E25}"
      text run at (0,5339) width 14: "\x{E49}"
      text run at (0,5358) width 14: "\x{E27}"
      text run at (0,5377) width 14: "\x{E01}"
      text run at (0,5396) width 14: "\x{E47}"
      text run at (0,5415) width 14: "\x{E21}"
      text run at (0,5434) width 14: "\x{E35}"
      text run at (0,5453) width 14: "\x{E40}"
      text run at (0,5472) width 14: "\x{E15}"
      text run at (0,5491) width 14: "\x{E35}"
      text run at (0,5510) width 14: "\x{E22}"
      text run at (0,5529) width 14: "\x{E07}"
      text run at (0,5548) width 14: "\x{E19}"
      text run at (0,5567) width 28: "\x{E2D}\x{E19}"
      text run at (0,5586) width 14: "\x{E25}"
      text run at (0,5605) width 14: "\x{E38}"
      text run at (0,5624) width 14: "\x{E07}"
      text run at (0,5643) width 14: "\x{E40}"
      text run at (0,5662) width 14: "\x{E2E}"
      text run at (0,5681) width 14: "\x{E19}"
      text run at (0,5700) width 14: "\x{E23}"
      text run at (0,5719) width 14: "\x{E35}"
      text run at (0,5738) width 14: "\x{E01}"
      text run at (0,5757) width 14: "\x{E31}"
      text run at (0,5776) width 14: "\x{E1A}"
      text run at (0,5795) width 14: "\x{E1B}"
      text run at (0,5814) width 14: "\x{E49}"
      text run at (0,5833) width 14: "\x{E32}"
      text run at (0,5852) width 14: "\x{E40}"
      text run at (0,5871) width 14: "\x{E2D}"
      text run at (0,5890) width 14: "\x{E47}"
      text run at (0,5909) width 14: "\x{E21}"
      text run at (0,5928) width 14: "\x{E21}"
      text run at (0,5947) width 14: "\x{E35}"
      text run at (0,5966) width 14: "\x{E40}"
      text run at (0,5985) width 14: "\x{E15}"
      text run at (0,6004) width 14: "\x{E35}"
      text run at (0,6023) width 14: "\x{E22}"
      text run at (0,6042) width 14: "\x{E07}"
      text run at (0,6061) width 14: "\x{E19}"
      text run at (0,6080) width 14: "\x{E2D}"
      text run at (0,6099) width 14: "\x{E19}"
      text run at (0,6118) width 14: "\x{E43}"
      text run at (0,6137) width 14: "\x{E2B}"
      text run at (0,6156) width 14: "\x{E0D}"
      text run at (0,6175) width 14: "\x{E48}"
      text run at (0,6194) width 14: "\x{E2D}"
      text run at (0,6213) width 14: "\x{E22}"
      text run at (0,6232) width 14: "\x{E39}"
      text run at (0,6251) width 14: "\x{E48}"
      text run at (0,6270) width 14: "\x{E17}"
      text run at (0,6289) width 14: "\x{E35}"
      text run at (0,6308) width 14: "\x{E48}"
      text run at (0,6327) width 14: "\x{E21}"
      text run at (0,6346) width 14: "\x{E38}"
      text run at (0,6365) width 14: "\x{E21}"
      text run at (0,6384) width 14: "\x{E2B}"
      text run at (0,6403) width 14: "\x{E19}"
      text run at (0,6422) width 14: "\x{E36}"
      text run at (0,6441) width 28: "\x{E48}\x{E07}"
      text run at (0,6460) width 14: "\x{E2A}"
      text run at (0,6479) width 14: "\x{E48}"
      text run at (0,6498) width 14: "\x{E27}"
      text run at (0,6517) width 14: "\x{E19}"
      text run at (0,6536) width 14: "\x{E42}"
      text run at (0,6555) width 14: "\x{E14}"
      text run at (0,6574) width 14: "\x{E42}"
      text run at (0,6593) width 14: "\x{E23}"
      text run at (0,6612) width 14: "\x{E18}"
      text run at (0,6631) width 14: "\x{E35}"
      text run at (0,6650) width 14: "\x{E21}"
      text run at (0,6669) width 14: "\x{E35}"
      text run at (0,6688) width 14: "\x{E40}"
      text run at (0,6707) width 14: "\x{E15}"
      text run at (0,6726) width 14: "\x{E35}"
      text run at (0,6745) width 14: "\x{E22}"
      text run at (0,6764) width 14: "\x{E07}"
      text run at (0,6783) width 14: "\x{E40}"
      text run at (0,6802) width 14: "\x{E25}"
      text run at (0,6821) width 14: "\x{E47}"
      text run at (0,6840) width 14: "\x{E01}"
      text run at (0,6859) width 14: "\x{E2D}"
      text run at (0,6878) width 14: "\x{E35}"
      text run at (0,6897) width 14: "\x{E01}"
      text run at (0,6916) width 14: "\x{E17}"
      text run at (0,6935) width 14: "\x{E35}"
      text run at (0,6954) width 14: "\x{E48}"
      text run at (0,6973) width 14: "\x{E21}"
      text run at (0,6992) width 14: "\x{E38}"
      text run at (0,7011) width 14: "\x{E21}"
      text run at (0,7030) width 14: "\x{E2B}"
      text run at (0,7049) width 14: "\x{E19}"
      text run at (0,7068) width 14: "\x{E36}"
      text run at (0,7087) width 28: "\x{E48}\x{E07}"
      text run at (0,7106) width 14: "\x{E44}"
      text run at (0,7125) width 14: "\x{E21}"
      text run at (0,7144) width 14: "\x{E48}"
      text run at (0,7163) width 14: "\x{E21}"
      text run at (0,7182) width 14: "\x{E35}"
      text run at (0,7201) width 14: "\x{E2B}"
      text run at (0,7220) width 14: "\x{E49}"
      text run at (0,7239) width 14: "\x{E2D}"
      text run at (0,7258) width 14: "\x{E07}"
      text run at (0,7277) width 14: "\x{E43}"
      text run at (0,7296) width 14: "\x{E15}"
      text run at (0,7315) width 14: "\x{E49}"
      text run at (0,7334) width 14: "\x{E40}"
      text run at (0,7353) width 14: "\x{E1E}"
      text run at (0,7372) width 14: "\x{E14}"
      text run at (0,7391) width 14: "\x{E32}"
      text run at (0,7410) width 14: "\x{E19}"
      text run at (0,7429) width 14: "\x{E40}"
      text run at (0,7448) width 14: "\x{E25}"
      text run at (0,7467) width 14: "\x{E22}"
      text run at (0,7486) width 14: "\x{E2B}"
      text run at (0,7505) width 14: "\x{E49}"
      text run at (0,7524) width 14: "\x{E2D}"
      text run at (0,7543) width 14: "\x{E07}"
      text run at (0,7562) width 14: "\x{E43}"
      text run at (0,7581) width 14: "\x{E15}"
      text run at (0,7600) width 14: "\x{E49}"
      text run at (0,7619) width 14: "\x{E16}"
      text run at (0,7638) width 14: "\x{E38}"
      text run at (0,7657) width 14: "\x{E19}"
      text run at (0,7676) width 14: "\x{E01}"
      text run at (0,7695) width 14: "\x{E47}"
      text run at (0,7714) width 14: "\x{E44}"
      text run at (0,7733) width 14: "\x{E21}"
      text run at (0,7752) width 14: "\x{E48}"
      text run at (0,7771) width 14: "\x{E21}\x{E35}"
      text run at (0,7790) width 14: "\x{E40}"
      text run at (0,7809) width 14: "\x{E27}"
      text run at (0,7828) width 14: "\x{E49}"
      text run at (0,7847) width 14: "\x{E19}"
      text run at (0,7866) width 14: "\x{E41}"
      text run at (0,7885) width 14: "\x{E15}"
      text run at (0,7904) width 14: "\x{E48}"
      text run at (0,7923) width 14: "\x{E21}"
      text run at (0,7942) width 14: "\x{E35}"
      text run at (0,7961) width 14: "\x{E42}"
      text run at (0,7980) width 14: "\x{E1E}"
      text run at (0,7999) width 14: "\x{E23}"
      text run at (0,8018) width 14: "\x{E07}"
      text run at (0,8037) width 14: "\x{E40}"
      text run at (0,8056) width 14: "\x{E25}"
      text run at (0,8075) width 14: "\x{E47}"
      text run at (0,8094) width 28: "\x{E01}\x{E46}"
      text run at (0,8113) width 14: "\x{E17}"
      text run at (0,8132) width 14: "\x{E35}"
      text run at (0,8151) width 14: "\x{E48}"
      text run at (0,8170) width 14: "\x{E02}"
      text run at (0,8189) width 14: "\x{E38}"
      text run at (0,8208) width 14: "\x{E14}"
      text run at (0,8227) width 14: "\x{E44}"
      text run at (0,8246) width 14: "\x{E1B}"
      text run at (0,8265) width 14: "\x{E43}"
      text run at (0,8284) width 14: "\x{E15}\x{E49}"
      text run at (0,8303) width 14: "\x{E1E}"
      text run at (0,8322) width 14: "\x{E37}"
      text run at (0,8341) width 14: "\x{E49}"
      text run at (0,8360) width 14: "\x{E19}"
      text run at (0,8379) width 14: "\x{E40}"
      text run at (0,8398) width 14: "\x{E23}"
      text run at (0,8417) width 14: "\x{E35}"
      text run at (0,8436) width 14: "\x{E22}"
      text run at (0,8455) width 14: "\x{E01}"
      text run at (0,8474) width 14: "\x{E27}"
      text run at (0,8493) width 28: "\x{E48}\x{E32}"
      text run at (0,8512) width 5: "\""
      text run at (0,8531) width 14: "\x{E42}"
      text run at (0,8550) width 14: "\x{E1E}"
      text run at (0,8569) width 14: "\x{E23}"
      text run at (0,8588) width 14: "\x{E07}"
      text run at (0,8607) width 14: "\x{E44}"
      text run at (0,8626) width 14: "\x{E0B}"
      text run at (0,8645) width 14: "\x{E42}"
      text run at (0,8664) width 14: "\x{E04}"
      text run at (0,8683) width 33: "\x{E25}\x{E19}\""
      text run at (0,8702) width 14: "\x{E40}"
      text run at (0,8721) width 14: "\x{E1B}"
      text run at (0,8740) width 14: "\x{E47}"
      text run at (0,8759) width 14: "\x{E19}"
      text run at (0,8778) width 14: "\x{E17}"
      text run at (0,8797) width 14: "\x{E35}"
      text run at (0,8816) width 14: "\x{E48}"
      text run at (0,8835) width 14: "\x{E04}"
      text run at (0,8854) width 14: "\x{E23}"
      text run at (0,8873) width 14: "\x{E2D}"
      text run at (0,8892) width 14: "\x{E1A}"
      text run at (0,8911) width 14: "\x{E04}"
      text run at (0,8930) width 14: "\x{E23}"
      text run at (0,8949) width 14: "\x{E31}"
      text run at (0,8968) width 14: "\x{E27}"
      text run at (0,8987) width 14: "\x{E19}"
      text run at (0,9006) width 14: "\x{E35}"
      text run at (0,9025) width 14: "\x{E49}"
      text run at (0,9044) width 14: "\x{E08}"
      text run at (0,9063) width 14: "\x{E30}"
      text run at (0,9082) width 14: "\x{E21}"
      text run at (0,9101) width 14: "\x{E38}"
      text run at (0,9120) width 14: "\x{E14}"
      text run at (0,9139) width 14: "\x{E40}"
      text run at (0,9158) width 14: "\x{E02}"
      text run at (0,9177) width 14: "\x{E49}"
      text run at (0,9196) width 14: "\x{E32}"
      text run at (0,9215) width 14: "\x{E44}"
      text run at (0,9234) width 14: "\x{E1B}"
      text run at (0,9253) width 14: "\x{E40}"
      text run at (0,9272) width 14: "\x{E21}"
      text run at (0,9291) width 14: "\x{E37}"
      text run at (0,9310) width 14: "\x{E48}"
      text run at (0,9329) width 14: "\x{E2D}"
      text run at (0,9348) width 14: "\x{E40}"
      text run at (0,9367) width 14: "\x{E01}"
      text run at (0,9386) width 14: "\x{E34}"
      text run at (0,9405) width 14: "\x{E14}"
      text run at (0,9424) width 14: "\x{E25}"
      text run at (0,9443) width 14: "\x{E21}"
      text run at (0,9462) width 14: "\x{E21}"
      text run at (0,9481) width 14: "\x{E2B}"
      text run at (0,9500) width 14: "\x{E32}"
      text run at (0,9519) width 14: "\x{E20}"
      text run at (0,9538) width 28: "\x{E31}\x{E22}"
      text run at (0,9557) width 14: "\x{E0B}"
      text run at (0,9576) width 14: "\x{E36}"
      text run at (0,9595) width 14: "\x{E48}"
      text run at (0,9614) width 14: "\x{E07}"
      text run at (0,9633) width 14: "\x{E01}"
      text run at (0,9652) width 14: "\x{E23}"
      text run at (0,9671) width 14: "\x{E30}"
      text run at (0,9690) width 14: "\x{E42}"
      text run at (0,9709) width 14: "\x{E0A}"
      text run at (0,9728) width 14: "\x{E01}"
      text run at (0,9747) width 14: "\x{E41}"
      text run at (0,9766) width 14: "\x{E23}"
      text run at (0,9785) width 14: "\x{E07}"
      text run at (0,9804) width 14: "\x{E08}"
      text run at (0,9823) width 14: "\x{E19}"
      text run at (0,9842) width 14: "\x{E1A}"
      text run at (0,9861) width 14: "\x{E14}"
      text run at (0,9880) width 14: "\x{E02}"
      text run at (0,9899) width 14: "\x{E22}"
      text run at (0,9918) width 14: "\x{E35}"
      text run at (0,9937) width 14: "\x{E49}"
      text run at (0,9956) width 14: "\x{E2A}"
      text run at (0,9975) width 14: "\x{E34}"
      text run at (0,9994) width 14: "\x{E48}"
      text run at (0,10013) width 14: "\x{E07}"
      text run at (0,10032) width 14: "\x{E01}"
      text run at (0,10051) width 14: "\x{E48}"
      text run at (0,10070) width 14: "\x{E2D}"
      text run at (0,10089) width 14: "\x{E2A}"
      text run at (0,10108) width 14: "\x{E23}"
      text run at (0,10127) width 14: "\x{E49}"
      text run at (0,10146) width 14: "\x{E32}"
      text run at (0,10165) width 14: "\x{E07}"
      text run at (0,10184) width 14: "\x{E43}"
      text run at (0,10203) width 28: "\x{E14}\x{E46}"
      text run at (0,10222) width 14: "\x{E17}"
      text run at (0,10241) width 14: "\x{E35}"
      text run at (0,10260) width 14: "\x{E48}"
      text run at (0,10279) width 14: "\x{E02}"
      text run at (0,10298) width 14: "\x{E27}"
      text run at (0,10317) width 14: "\x{E32}"
      text run at (0,10336) width 14: "\x{E07}"
      text run at (0,10355) width 14: "\x{E17}"
      text run at (0,10374) width 14: "\x{E32}"
      text run at (0,10393) width 14: "\x{E07}"
      text run at (0,10412) width 14: "\x{E21}"
      text run at (0,10431) width 14: "\x{E31}"
      text run at (0,10450) width 14: "\x{E19}"
      text run at (0,10469) width 14: "\x{E44}"
      text run at (0,10488) width 14: "\x{E14}"
      text run at (0,10507) width 14: "\x{E49}"
      text run at (0,10526) width 14: "\x{E15}"
      text run at (0,10545) width 14: "\x{E23}"
      text run at (0,10564) width 14: "\x{E07}"
      text run at (0,10583) width 14: "\x{E01}"
      text run at (0,10602) width 14: "\x{E25}"
      text run at (0,10621) width 14: "\x{E32}"
      text run at (0,10640) width 14: "\x{E07}"
      text run at (0,10659) width 14: "\x{E1E}"
      text run at (0,10678) width 14: "\x{E37}"
      text run at (0,10697) width 14: "\x{E49}"
      text run at (0,10716) width 14: "\x{E19}"
      text run at (0,10735) width 14: "\x{E21}"
      text run at (0,10754) width 14: "\x{E35}"
      text run at (0,10773) width 14: "\x{E1D}"
      text run at (0,10792) width 14: "\x{E32}"
      text run at (0,10811) width 14: "\x{E40}"
      text run at (0,10830) width 14: "\x{E1B}"
      text run at (0,10849) width 14: "\x{E34}"
      text run at (0,10868) width 14: "\x{E14}"
      text run at (0,10887) width 14: "\x{E40}"
      text run at (0,10906) width 14: "\x{E02}"
      text run at (0,10925) width 14: "\x{E49}"
      text run at (0,10944) width 14: "\x{E32}"
      text run at (0,10963) width 28: "\x{E44}\x{E1B}"
      text run at (0,10982) width 14: "\x{E08}"
      text run at (0,11001) width 14: "\x{E32}"
      text run at (0,11020) width 14: "\x{E01}"
      text run at (0,11039) width 14: "\x{E19}"
      text run at (0,11058) width 14: "\x{E31}"
      text run at (0,11077) width 14: "\x{E49}"
      text run at (0,11096) width 14: "\x{E19}"
      text run at (0,11115) width 14: "\x{E21}"
      text run at (0,11134) width 14: "\x{E35}"
      text run at (0,11153) width 14: "\x{E1A}"
      text run at (0,11172) width 14: "\x{E31}"
      text run at (0,11191) width 14: "\x{E19}"
      text run at (0,11210) width 14: "\x{E44}"
      text run at (0,11229) width 14: "\x{E14}"
      text run at (0,11248) width 14: "\x{E25}"
      text run at (0,11267) width 14: "\x{E07}"
      text run at (0,11286) width 14: "\x{E44}"
      text run at (0,11305) width 14: "\x{E1B}"
      text run at (0,11324) width 14: "\x{E16}"
      text run at (0,11343) width 14: "\x{E36}"
      text run at (0,11362) width 14: "\x{E07}"
      text run at (0,11381) width 14: "\x{E42}"
      text run at (0,11400) width 14: "\x{E1E}"
      text run at (0,11419) width 14: "\x{E23}"
      text run at (0,11438) width 14: "\x{E07}"
      text run at (0,11457) width 14: "\x{E21}"
      text run at (0,11476) width 14: "\x{E37}"
      text run at (0,11495) width 14: "\x{E14}"
      text run at (0,11514) width 14: "\x{E40}"
      text run at (0,11533) width 14: "\x{E25}"
      text run at (0,11552) width 14: "\x{E47}"
      text run at (0,11571) width 28: "\x{E01}\x{E46}"
      text run at (0,11590) width 14: "\x{E40}"
      text run at (0,11609) width 14: "\x{E21}"
      text run at (0,11628) width 14: "\x{E37}"
      text run at (0,11647) width 14: "\x{E48}"
      text run at (0,11666) width 14: "\x{E2D}"
      text run at (0,11685) width 14: "\x{E42}"
      text run at (0,11704) width 14: "\x{E14}"
      text run at (0,11723) width 14: "\x{E42}"
      text run at (0,11742) width 14: "\x{E23}"
      text run at (0,11761) width 14: "\x{E18}"
      text run at (0,11780) width 14: "\x{E35}"
      text run at (0,11799) width 14: "\x{E22}"
      text run at (0,11818) width 14: "\x{E37}"
      text run at (0,11837) width 14: "\x{E19}"
      text run at (0,11856) width 14: "\x{E17}"
      text run at (0,11875) width 14: "\x{E35}"
      text run at (0,11894) width 14: "\x{E48}"
      text run at (0,11913) width 14: "\x{E1B}"
      text run at (0,11932) width 14: "\x{E32}"
      text run at (0,11951) width 14: "\x{E01}"
      text run at (0,11970) width 14: "\x{E1B}"
      text run at (0,11989) width 14: "\x{E23}"
      text run at (0,12008) width 14: "\x{E30}"
      text run at (0,12027) width 14: "\x{E15}"
      text run at (0,12046) width 14: "\x{E39}"
      text run at (0,12065) width 14: "\x{E41}"
      text run at (0,12084) width 14: "\x{E25}"
      text run at (0,12103) width 14: "\x{E30}"
      text run at (0,12122) width 14: "\x{E21}"
      text run at (0,12141) width 14: "\x{E2D}"
      text run at (0,12160) width 14: "\x{E07}"
      text run at (0,12179) width 14: "\x{E44}"
      text run at (0,12198) width 14: "\x{E1B}"
      text run at (0,12217) width 14: "\x{E23}"
      text run at (0,12236) width 14: "\x{E2D}"
      text run at (0,12255) width 28: "\x{E1A}\x{E46}"
      text run at (0,12274) width 14: "\x{E40}"
      text run at (0,12293) width 14: "\x{E18}"
      text run at (0,12312) width 14: "\x{E2D}"
      text run at (0,12331) width 14: "\x{E44}"
      text run at (0,12350) width 14: "\x{E21}"
      text run at (0,12369) width 14: "\x{E48}"
      text run at (0,12388) width 14: "\x{E40}"
      text run at (0,12407) width 14: "\x{E2B}"
      text run at (0,12426) width 14: "\x{E47}"
      text run at (0,12445) width 14: "\x{E19}"
      text run at (0,12464) width 14: "\x{E2D}"
      text run at (0,12483) width 14: "\x{E30}"
      text run at (0,12502) width 14: "\x{E44}"
      text run at (0,12521) width 14: "\x{E23}"
      text run at (0,12540) width 14: "\x{E19}"
      text run at (0,12559) width 14: "\x{E2D}"
      text run at (0,12578) width 14: "\x{E01}"
      text run at (0,12597) width 14: "\x{E08}"
      text run at (0,12616) width 14: "\x{E32}"
      text run at (0,12635) width 14: "\x{E01}"
      text run at (0,12654) width 14: "\x{E17}"
      text run at (0,12673) width 14: "\x{E49}"
      text run at (0,12692) width 14: "\x{E2D}"
      text run at (0,12711) width 14: "\x{E07}"
      text run at (0,12730) width 14: "\x{E17}"
      text run at (0,12749) width 14: "\x{E38}"
      text run at (0,12768) width 14: "\x{E48}"
      text run at (0,12787) width 14: "\x{E07}"
      text run at (0,12806) width 14: "\x{E01}"
      text run at (0,12825) width 14: "\x{E27}"
      text run at (0,12844) width 14: "\x{E49}"
      text run at (0,12863) width 14: "\x{E32}"
      text run at (0,12882) width 14: "\x{E07}"
      text run at (0,12901) width 14: "\x{E2A}"
      text run at (0,12920) width 14: "\x{E35}"
      text run at (0,12939) width 14: "\x{E40}"
      text run at (0,12958) width 14: "\x{E17}"
      text run at (0,12977) width 14: "\x{E32}"
      text run at (0,12996) width 14: "\x{E2B}"
      text run at (0,13015) width 14: "\x{E21}"
      text run at (0,13034) width 14: "\x{E48}"
      text run at (0,13053) width 14: "\x{E19}"
      text run at (0,13072) width 14: "\x{E17}"
      text run at (0,13091) width 14: "\x{E31}"
      text run at (0,13110) width 14: "\x{E48}"
      text run at (0,13129) width 14: "\x{E27}"
      text run at (0,13148) width 14: "\x{E17}"
      text run at (0,13167) width 14: "\x{E38}"
      text run at (0,13186) width 14: "\x{E01}"
      text run at (0,13205) width 14: "\x{E14}"
      text run at (0,13224) width 14: "\x{E49}"
      text run at (0,13243) width 28: "\x{E32}\x{E19}"
      text run at (0,13262) width 14: "\x{E44}"
      text run at (0,13281) width 14: "\x{E21}"
      text run at (0,13300) width 14: "\x{E48}"
      text run at (0,13319) width 14: "\x{E21}"
      text run at (0,13338) width 14: "\x{E35}"
      text run at (0,13357) width 14: "\x{E41}"
      text run at (0,13376) width 14: "\x{E21}"
      text run at (0,13395) width 14: "\x{E49}"
      text run at (0,13414) width 14: "\x{E15}"
      text run at (0,13433) width 14: "\x{E49}"
      text run at (0,13452) width 14: "\x{E19}"
      text run at (0,13471) width 14: "\x{E44}"
      text run at (0,13490) width 14: "\x{E21}"
      text run at (0,13509) width 14: "\x{E49}"
      text run at (0,13528) width 14: "\x{E2A}"
      text run at (0,13547) width 14: "\x{E31}"
      text run at (0,13566) width 14: "\x{E01}"
      text run at (0,13585) width 14: "\x{E15}"
      text run at (0,13604) width 14: "\x{E49}"
      text run at (0,13623) width 14: "\x{E19}"
      text run at (0,13642) width 14: "\x{E2B}"
      text run at (0,13661) width 14: "\x{E23}"
      text run at (0,13680) width 14: "\x{E37}"
      text run at (0,13699) width 14: "\x{E2D}"
      text run at (0,13718) width 14: "\x{E1A}"
      text run at (0,13737) width 14: "\x{E49}"
      text run at (0,13756) width 14: "\x{E32}"
      text run at (0,13775) width 14: "\x{E19}"
      text run at (0,13794) width 14: "\x{E2A}"
      text run at (0,13813) width 14: "\x{E31}"
      text run at (0,13832) width 14: "\x{E01}"
      text run at (0,13851) width 14: "\x{E2B}"
      text run at (0,13870) width 14: "\x{E25}"
      text run at (0,13889) width 14: "\x{E31}"
      text run at (0,13908) width 14: "\x{E07}"
      text run at (0,13927) width 14: "\x{E17}"
      text run at (0,13946) width 14: "\x{E35}"
      text run at (0,13965) width 14: "\x{E48}"
      text run at (0,13984) width 14: "\x{E42}"
      text run at (0,14003) width 14: "\x{E1C}"
      text run at (0,14022) width 14: "\x{E25}"
      text run at (0,14041) width 14: "\x{E48}"
      text run at (0,14060) width 14: "\x{E1E}"
      text run at (0,14079) width 14: "\x{E49}"
      text run at (0,14098) width 14: "\x{E19}"
      text run at (0,14117) width 14: "\x{E20}"
      text run at (0,14136) width 14: "\x{E39}"
      text run at (0,14155) width 14: "\x{E21}"
      text run at (0,14174) width 14: "\x{E34}"
      text run at (0,14193) width 14: "\x{E1B}"
      text run at (0,14212) width 14: "\x{E23}"
      text run at (0,14231) width 14: "\x{E30}"
      text run at (0,14250) width 14: "\x{E40}"
      text run at (0,14269) width 14: "\x{E17}"
      text run at (0,14288) width 14: "\x{E28}"
      text run at (0,14307) width 14: "\x{E2D}"
      text run at (0,14326) width 14: "\x{E31}"
      text run at (0,14345) width 14: "\x{E19}"
      text run at (0,14364) width 14: "\x{E23}"
      text run at (0,14383) width 14: "\x{E32}"
      text run at (0,14402) width 14: "\x{E1A}"
      text run at (0,14421) width 14: "\x{E40}"
      text run at (0,14440) width 14: "\x{E23}"
      text run at (0,14459) width 14: "\x{E35}"
      text run at (0,14478) width 28: "\x{E22}\x{E1A}"
      text run at (0,14497) width 14: "\x{E41}"
      text run at (0,14516) width 14: "\x{E1C}"
      text run at (0,14535) width 14: "\x{E48}"
      text run at (0,14554) width 14: "\x{E44}"
      text run at (0,14573) width 14: "\x{E1B}"
      text run at (0,14592) width 14: "\x{E44}"
      text run at (0,14611) width 14: "\x{E01}"
      text run at (0,14630) width 14: "\x{E25}"
      text run at (0,14649) width 14: "\x{E08}"
      text run at (0,14668) width 14: "\x{E19}"
      text run at (0,14687) width 14: "\x{E08}"
      text run at (0,14706) width 14: "\x{E14}"
      text run at (0,14725) width 14: "\x{E02}"
      text run at (0,14744) width 14: "\x{E2D}"
      text run at (0,14763) width 14: "\x{E1A}"
      text run at (0,14782) width 14: "\x{E1F}"
      text run at (0,14801) width 14: "\x{E49}"
      text run at (0,14820) width 14: "\x{E32}"
      text run at (0,14839) width 14: "\x{E17}"
      text run at (0,14858) width 14: "\x{E31}"
      text run at (0,14877) width 14: "\x{E48}"
      text run at (0,14896) width 14: "\x{E27}"
      text run at (0,14915) width 14: "\x{E17}"
      text run at (0,14934) width 14: "\x{E38}"
      text run at (0,14953) width 14: "\x{E01}"
      text run at (0,14972) width 14: "\x{E17}"
      text run at (0,14991) width 28: "\x{E34}\x{E28}"
      text run at (0,15010) width 14: "\x{E14}"
      text run at (0,15029) width 14: "\x{E27}"
      text run at (0,15048) width 14: "\x{E07}"
      text run at (0,15067) width 14: "\x{E15}"
      text run at (0,15086) width 14: "\x{E30}"
      text run at (0,15105) width 14: "\x{E27}"
      text run at (0,15124) width 14: "\x{E31}"
      text run at (0,15143) width 14: "\x{E19}"
      text run at (0,15162) width 14: "\x{E40}"
      text run at (0,15181) width 14: "\x{E1C}"
      text run at (0,15200) width 14: "\x{E32}"
      text run at (0,15219) width 14: "\x{E1C}"
      text run at (0,15238) width 14: "\x{E37}"
      text run at (0,15257) width 14: "\x{E19}"
      text run at (0,15276) width 14: "\x{E14}"
      text run at (0,15295) width 14: "\x{E34}"
      text run at (0,15314) width 14: "\x{E19}"
      text run at (0,15333) width 14: "\x{E17}"
      text run at (0,15352) width 14: "\x{E35}"
      text run at (0,15371) width 14: "\x{E48}"
      text run at (0,15390) width 14: "\x{E44}"
      text run at (0,15409) width 14: "\x{E16}"
      text run at (0,15428) width 14: "\x{E41}"
      text run at (0,15447) width 14: "\x{E25}"
      text run at (0,15466) width 14: "\x{E49}"
      text run at (0,15485) width 14: "\x{E27}"
      text run at (0,15504) width 14: "\x{E08}"
      text run at (0,15523) width 14: "\x{E19}"
      text run at (0,15542) width 14: "\x{E01}"
      text run at (0,15561) width 14: "\x{E25}"
      text run at (0,15580) width 14: "\x{E32}"
      text run at (0,15599) width 14: "\x{E22}"
      text run at (0,15618) width 14: "\x{E40}"
      text run at (0,15637) width 14: "\x{E1B}"
      text run at (0,15656) width 14: "\x{E47}"
      text run at (0,15675) width 14: "\x{E19}"
      text run at (0,15694) width 14: "\x{E41}"
      text run at (0,15713) width 14: "\x{E1C}"
      text run at (0,15732) width 14: "\x{E48}"
      text run at (0,15751) width 14: "\x{E19}"
      text run at (0,15770) width 14: "\x{E21}"
      text run at (0,15789) width 14: "\x{E2B}"
      text run at (0,15808) width 14: "\x{E36}"
      text run at (0,15827) width 14: "\x{E21}"
      text run at (0,15846) width 14: "\x{E32}"
      text run at (0,15865) width 14: "\x{E2A}"
      text run at (0,15884) width 14: "\x{E35}"
      text run at (0,15903) width 28: "\x{E14}\x{E33}"
      text run at (0,15922) width 14: "\x{E21}"
      text run at (0,15941) width 14: "\x{E35}"
      text run at (0,15960) width 14: "\x{E23}"
      text run at (0,15979) width 14: "\x{E2D}"
      text run at (0,15998) width 14: "\x{E22}"
      text run at (0,16017) width 14: "\x{E41}"
      text run at (0,16036) width 14: "\x{E15}"
      text run at (0,16055) width 14: "\x{E01}"
      text run at (0,16074) width 14: "\x{E23}"
      text run at (0,16093) width 14: "\x{E30}"
      text run at (0,16112) width 14: "\x{E41}"
      text run at (0,16131) width 14: "\x{E2B}"
      text run at (0,16150) width 14: "\x{E07}"
      text run at (0,16169) width 14: "\x{E2D}"
      text run at (0,16188) width 14: "\x{E22}"
      text run at (0,16207) width 14: "\x{E39}"
      text run at (0,16226) width 14: "\x{E48}"
      text run at (0,16245) width 14: "\x{E15}"
      text run at (0,16264) width 14: "\x{E25}"
      text run at (0,16283) width 28: "\x{E2D}\x{E14}"
      text run at (0,16302) width 14: "\x{E41}"
      text run at (0,16321) width 14: "\x{E21}"
      text run at (0,16340) width 14: "\x{E49}"
      text run at (0,16359) width 14: "\x{E41}"
      text run at (0,16378) width 14: "\x{E15}"
      text run at (0,16397) width 14: "\x{E48}"
      text run at (0,16416) width 14: "\x{E2B}"
      text run at (0,16435) width 14: "\x{E0D}"
      text run at (0,16454) width 14: "\x{E49}"
      text run at (0,16473) width 14: "\x{E32}"
      text run at (0,16492) width 14: "\x{E01}"
      text run at (0,16511) width 14: "\x{E47}"
      text run at (0,16530) width 14: "\x{E44}"
      text run at (0,16549) width 14: "\x{E21}"
      text run at (0,16568) width 14: "\x{E48}"
      text run at (0,16587) width 14: "\x{E40}"
      text run at (0,16606) width 14: "\x{E02}"
      text run at (0,16625) width 14: "\x{E35}"
      text run at (0,16644) width 28: "\x{E22}\x{E27}"
      text run at (0,16663) width 14: "\x{E40}"
      text run at (0,16682) width 14: "\x{E1E}"
      text run at (0,16701) width 14: "\x{E23}"
      text run at (0,16720) width 14: "\x{E32}"
      text run at (0,16739) width 14: "\x{E30}"
      text run at (0,16758) width 14: "\x{E14}"
      text run at (0,16777) width 14: "\x{E27}"
      text run at (0,16796) width 14: "\x{E07}"
      text run at (0,16815) width 14: "\x{E15}"
      text run at (0,16834) width 14: "\x{E30}"
      text run at (0,16853) width 14: "\x{E27}"
      text run at (0,16872) width 14: "\x{E31}"
      text run at (0,16891) width 14: "\x{E19}"
      text run at (0,16910) width 14: "\x{E40}"
      text run at (0,16929) width 14: "\x{E1C}"
      text run at (0,16948) width 14: "\x{E32}"
      text run at (0,16967) width 14: "\x{E22}"
      text run at (0,16986) width 14: "\x{E2D}"
      text run at (0,17005) width 14: "\x{E14}"
      text run at (0,17024) width 14: "\x{E43}"
      text run at (0,17043) width 14: "\x{E1A}"
      text run at (0,17062) width 14: "\x{E22}"
      text run at (0,17081) width 14: "\x{E32}"
      text run at (0,17100) width 14: "\x{E27}"
      text run at (0,17119) width 14: "\x{E40}"
      text run at (0,17138) width 14: "\x{E2A}"
      text run at (0,17157) width 14: "\x{E35}"
      text run at (0,17176) width 14: "\x{E22}"
      text run at (0,17195) width 14: "\x{E08}"
      text run at (0,17214) width 14: "\x{E19}"
      text run at (0,17233) width 14: "\x{E40}"
      text run at (0,17252) width 14: "\x{E1B}"
      text run at (0,17271) width 14: "\x{E47}"
      text run at (0,17290) width 14: "\x{E19}"
      text run at (0,17309) width 14: "\x{E2A}"
      text run at (0,17328) width 14: "\x{E35}"
      text run at (0,17347) width 14: "\x{E40}"
      text run at (0,17366) width 14: "\x{E17}"
      text run at (0,17385) width 14: "\x{E32}"
      text run at (0,17404) width 14: "\x{E2B}"
      text run at (0,17423) width 14: "\x{E21}"
      text run at (0,17442) width 14: "\x{E48}"
      text run at (0,17461) width 14: "\x{E19}"
      text run at (0,17480) width 14: "\x{E21}"
      text run at (0,17499) width 14: "\x{E2D}"
      text run at (0,17518) width 14: "\x{E07}"
      text run at (0,17537) width 14: "\x{E40}"
      text run at (0,17556) width 14: "\x{E2B}"
      text run at (0,17575) width 14: "\x{E47}"
      text run at (0,17594) width 14: "\x{E19}"
      text run at (0,17613) width 14: "\x{E2D}"
      text run at (0,17632) width 14: "\x{E22}"
      text run at (0,17651) width 14: "\x{E39}"
      text run at (0,17670) width 14: "\x{E48}"
      text run at (0,17689) width 14: "\x{E17}"
      text run at (0,17708) width 14: "\x{E31}"
      text run at (0,17727) width 14: "\x{E48}"
      text run at (0,17746) width 14: "\x{E27}"
      text run at (0,17765) width 28: "\x{E44}\x{E1B}"
      text run at (0,17784) width 14: "\x{E04}"
      text run at (0,17803) width 14: "\x{E23}"
      text run at (0,17822) width 14: "\x{E31}"
      text run at (0,17841) width 14: "\x{E49}"
      text run at (0,17860) width 14: "\x{E07}"
      text run at (0,17879) width 14: "\x{E2B}"
      text run at (0,17898) width 14: "\x{E19}"
      text run at (0,17917) width 14: "\x{E36}"
      text run at (0,17936) width 14: "\x{E48}"
      text run at (0,17955) width 14: "\x{E07}"
      text run at (0,17974) width 14: "\x{E40}"
      text run at (0,17993) width 14: "\x{E04}"
      text run at (0,18012) width 14: "\x{E22}"
      text run at (0,18031) width 14: "\x{E17}"
      text run at (0,18050) width 14: "\x{E32}"
      text run at (0,18069) width 14: "\x{E2A}"
      text run at (0,18088) width 14: "\x{E35}"
      text run at (0,18107) width 14: "\x{E1A}"
      text run at (0,18126) width 14: "\x{E49}"
      text run at (0,18145) width 14: "\x{E32}"
      text run at (0,18164) width 14: "\x{E19}"
      text run at (0,18183) width 14: "\x{E40}"
      text run at (0,18202) width 14: "\x{E2D}"
      text run at (0,18221) width 14: "\x{E32}"
      text run at (0,18240) width 14: "\x{E44}"
      text run at (0,18259) width 14: "\x{E27}\x{E49}"
      text run at (0,18278) width 14: "\x{E41}"
      text run at (0,18297) width 14: "\x{E15}"
      text run at (0,18316) width 14: "\x{E48}"
      text run at (0,18335) width 14: "\x{E01}"
      text run at (0,18354) width 14: "\x{E47}"
      text run at (0,18373) width 14: "\x{E16}"
      text run at (0,18392) width 14: "\x{E39}"
      text run at (0,18411) width 14: "\x{E01}"
      text run at (0,18430) width 14: "\x{E14}"
      text run at (0,18449) width 14: "\x{E27}"
      text run at (0,18468) width 14: "\x{E07}"
      text run at (0,18487) width 14: "\x{E15}"
      text run at (0,18506) width 14: "\x{E30}"
      text run at (0,18525) width 14: "\x{E27}"
      text run at (0,18544) width 14: "\x{E31}"
      text run at (0,18563) width 14: "\x{E19}"
      text run at (0,18582) width 14: "\x{E40}"
      text run at (0,18601) width 14: "\x{E1C}"
      text run at (0,18620) width 14: "\x{E32}"
      text run at (0,18639) width 14: "\x{E40}"
      text run at (0,18658) width 14: "\x{E2A}"
      text run at (0,18677) width 14: "\x{E35}"
      text run at (0,18696) width 14: "\x{E22}"
      text run at (0,18715) width 14: "\x{E08}"
      text run at (0,18734) width 14: "\x{E19}"
      text run at (0,18753) width 14: "\x{E2A}"
      text run at (0,18772) width 14: "\x{E35}"
      text run at (0,18791) width 14: "\x{E1E}"
      text run at (0,18810) width 28: "\x{E2D}\x{E07}"
      text run at (0,18829) width 14: "\x{E41}"
      text run at (0,18848) width 14: "\x{E25}"
      text run at (0,18867) width 14: "\x{E49}"
      text run at (0,18886) width 14: "\x{E27}"
      text run at (0,18905) width 14: "\x{E1D}"
      text run at (0,18924) width 14: "\x{E19}"
      text run at (0,18943) width 14: "\x{E01}"
      text run at (0,18962) width 14: "\x{E47}"
      text run at (0,18981) width 14: "\x{E0A}"
      text run at (0,19000) width 14: "\x{E30}"
      text run at (0,19019) width 14: "\x{E21}"
      text run at (0,19038) width 14: "\x{E31}"
      text run at (0,19057) width 14: "\x{E19}"
      text run at (0,19076) width 14: "\x{E2B}"
      text run at (0,19095) width 14: "\x{E25}"
      text run at (0,19114) width 14: "\x{E38}"
      text run at (0,19133) width 14: "\x{E14}"
      text run at (0,19152) width 14: "\x{E44}"
      text run at (0,19171) width 14: "\x{E1B}"
      text run at (0,19190) width 14: "\x{E08}"
      text run at (0,19209) width 14: "\x{E19}"
      text run at (0,19228) width 14: "\x{E2B}"
      text run at (0,19247) width 28: "\x{E21}\x{E14}"
      text run at (0,19266) width 14: "\x{E41}"
      text run at (0,19285) width 14: "\x{E25}"
      text run at (0,19304) width 14: "\x{E30}"
      text run at (0,19323) width 14: "\x{E15}"
      text run at (0,19342) width 14: "\x{E2D}"
      text run at (0,19361) width 14: "\x{E19}"
      text run at (0,19380) width 14: "\x{E19}"
      text run at (0,19399) width 14: "\x{E35}"
      text run at (0,19418) width 14: "\x{E49}"
      text run at (0,19437) width 14: "\x{E1A}"
      text run at (0,19456) width 14: "\x{E49}"
      text run at (0,19475) width 14: "\x{E32}"
      text run at (0,19494) width 14: "\x{E19}"
      text run at (0,19513) width 14: "\x{E08}"
      text run at (0,19532) width 14: "\x{E36}"
      text run at (0,19551) width 14: "\x{E07}"
      text run at (0,19570) width 14: "\x{E14}"
      text run at (0,19589) width 14: "\x{E39}"
      text run at (0,19608) width 14: "\x{E2B}"
      text run at (0,19627) width 14: "\x{E21}"
      text run at (0,19646) width 14: "\x{E48}"
      text run at (0,19665) width 14: "\x{E19}"
      text run at (0,19684) width 14: "\x{E2B}"
      text run at (0,19703) width 14: "\x{E21}"
      text run at (0,19722) width 14: "\x{E2D}"
      text run at (0,19741) width 14: "\x{E07}"
      text run at (0,19760) width 14: "\x{E40}"
      text run at (0,19779) width 14: "\x{E1B}"
      text run at (0,19798) width 14: "\x{E47}"
      text run at (0,19817) width 14: "\x{E19}"
      text run at (0,19836) width 14: "\x{E2A}"
      text run at (0,19855) width 14: "\x{E35}"
      text run at (0,19874) width 14: "\x{E40}"
      text run at (0,19893) width 14: "\x{E17}"
      text run at (0,19912) width 14: "\x{E32}"
      text run at (0,19931) width 14: "\x{E40}"
      text run at (0,19950) width 14: "\x{E2B}"
      text run at (0,19969) width 14: "\x{E21}"
      text run at (0,19988) width 14: "\x{E37}"
      text run at (0,20007) width 14: "\x{E2D}"
      text run at (0,20026) width 14: "\x{E19}"
      text run at (0,20045) width 14: "\x{E2A}"
      text run at (0,20064) width 14: "\x{E34}"
      text run at (0,20083) width 14: "\x{E48}"
      text run at (0,20102) width 14: "\x{E07}"
      text run at (0,20121) width 14: "\x{E2D}"
      text run at (0,20140) width 14: "\x{E37}"
      text run at (0,20159) width 14: "\x{E48}"
      text run at (0,20178) width 28: "\x{E19}\x{E46}"
      text run at (0,20197) width 14: "\x{E14}"
      text run at (0,20216) width 14: "\x{E49}"
      text run at (0,20235) width 28: "\x{E27}\x{E22}"
      text run at (0,20254) width 14: "\x{E15}"
      text run at (0,20273) width 14: "\x{E2D}"
      text run at (0,20292) width 14: "\x{E19}"
      text run at (0,20311) width 14: "\x{E17}"
      text run at (0,20330) width 14: "\x{E35}"
      text run at (0,20349) width 14: "\x{E48}"
      text run at (0,20368) width 14: "\x{E1B}"
      text run at (0,20387) width 14: "\x{E49}"
      text run at (0,20406) width 14: "\x{E32}"
      text run at (0,20425) width 14: "\x{E40}"
      text run at (0,20444) width 14: "\x{E2D}"
      text run at (0,20463) width 14: "\x{E47}"
      text run at (0,20482) width 14: "\x{E21}"
      text run at (0,20501) width 14: "\x{E22}"
      text run at (0,20520) width 14: "\x{E49}"
      text run at (0,20539) width 14: "\x{E32}"
      text run at (0,20558) width 14: "\x{E22}"
      text run at (0,20577) width 14: "\x{E21}"
      text run at (0,20596) width 14: "\x{E32}"
      text run at (0,20615) width 14: "\x{E2D}"
      text run at (0,20634) width 14: "\x{E22}"
      text run at (0,20653) width 14: "\x{E39}"
      text run at (0,20672) width 14: "\x{E48}"
      text run at (0,20691) width 14: "\x{E17}"
      text run at (0,20710) width 14: "\x{E35}"
      text run at (0,20729) width 14: "\x{E48}"
      text run at (0,20748) width 14: "\x{E19}"
      text run at (0,20767) width 14: "\x{E35}\x{E48}"
      text run at (0,20786) width 14: "\x{E40}"
      text run at (0,20805) width 14: "\x{E18}"
      text run at (0,20824) width 14: "\x{E2D}"
      text run at (0,20843) width 14: "\x{E22}"
      text run at (0,20862) width 14: "\x{E31}"
      text run at (0,20881) width 14: "\x{E07}"
      text run at (0,20900) width 14: "\x{E2A}"
      text run at (0,20919) width 28: "\x{E32}\x{E27}"
      text run at (0,20938) width 14: "\x{E40}"
      text run at (0,20957) width 14: "\x{E1B}"
      text run at (0,20976) width 14: "\x{E47}"
      text run at (0,20995) width 14: "\x{E19}"
      text run at (0,21014) width 14: "\x{E20}"
      text run at (0,21033) width 14: "\x{E23}"
      text run at (0,21052) width 14: "\x{E23}"
      text run at (0,21071) width 14: "\x{E22}"
      text run at (0,21090) width 14: "\x{E32}"
      text run at (0,21109) width 14: "\x{E17}"
      text run at (0,21128) width 14: "\x{E35}"
      text run at (0,21147) width 14: "\x{E48}"
      text run at (0,21166) width 14: "\x{E07}"
      text run at (0,21185) width 14: "\x{E14}"
      text run at (0,21204) width 14: "\x{E07}"
      text run at (0,21223) width 28: "\x{E32}\x{E21}"
      text run at (0,21242) width 14: "\x{E41}"
      text run at (0,21261) width 14: "\x{E25}"
      text run at (0,21280) width 14: "\x{E49}"
      text run at (0,21299) width 14: "\x{E27}"
      text run at (0,21318) width 14: "\x{E41}"
      text run at (0,21337) width 14: "\x{E14}"
      text run at (0,21356) width 14: "\x{E14}"
      text run at (0,21375) width 14: "\x{E41}"
      text run at (0,21394) width 14: "\x{E25}"
      text run at (0,21413) width 14: "\x{E30}"
      text run at (0,21432) width 14: "\x{E25}"
      text run at (0,21451) width 14: "\x{E21}"
      text run at (0,21470) width 14: "\x{E01}"
      text run at (0,21489) width 14: "\x{E47}"
      text run at (0,21508) width 14: "\x{E44}"
      text run at (0,21527) width 14: "\x{E14}"
      text run at (0,21546) width 14: "\x{E49}"
      text run at (0,21565) width 14: "\x{E40}"
      text run at (0,21584) width 14: "\x{E1B}"
      text run at (0,21603) width 14: "\x{E25}"
      text run at (0,21622) width 14: "\x{E35}"
      text run at (0,21641) width 14: "\x{E48}"
      text run at (0,21660) width 14: "\x{E22}"
      text run at (0,21679) width 14: "\x{E19}"
      text run at (0,21698) width 14: "\x{E40}"
      text run at (0,21717) width 14: "\x{E18}"
      text run at (0,21736) width 14: "\x{E2D}"
      text run at (0,21755) width 28: "\x{E44}\x{E1B}"
      text run at (0,21774) width 14: "\x{E40}"
      text run at (0,21793) width 14: "\x{E2D}"
      text run at (0,21812) width 14: "\x{E32}"
      text run at (0,21831) width 14: "\x{E1B}"
      text run at (0,21850) width 14: "\x{E23}"
      text run at (0,21869) width 14: "\x{E30}"
      text run at (0,21888) width 14: "\x{E01}"
      text run at (0,21907) width 14: "\x{E32}"
      text run at (0,21926) width 14: "\x{E22}"
      text run at (0,21945) width 14: "\x{E44}"
      text run at (0,21964) width 14: "\x{E1B}"
      text run at (0,21983) width 14: "\x{E08}"
      text run at (0,22002) width 14: "\x{E32}"
      text run at (0,22021) width 14: "\x{E01}"
      text run at (0,22040) width 14: "\x{E14}"
      text run at (0,22059) width 14: "\x{E27}"
      text run at (0,22078) width 14: "\x{E07}"
      text run at (0,22097) width 14: "\x{E15}"
      text run at (0,22116) width 14: "\x{E32}"
      text run at (0,22135) width 14: "\x{E40}"
      text run at (0,22154) width 14: "\x{E18}"
      text run at (0,22173) width 14: "\x{E2D}"
      text run at (0,22192) width 14: "\x{E1B}"
      text run at (0,22211) width 14: "\x{E25}"
      text run at (0,22230) width 14: "\x{E48}"
      text run at (0,22249) width 14: "\x{E2D}"
      text run at (0,22268) width 14: "\x{E22}"
      text run at (0,22287) width 14: "\x{E44}"
      text run at (0,22306) width 14: "\x{E27}"
      text run at (0,22325) width 14: "\x{E49}"
      text run at (0,22344) width 14: "\x{E41}"
      text run at (0,22363) width 14: "\x{E15}"
      text run at (0,22382) width 14: "\x{E48}"
      text run at (0,22401) width 14: "\x{E04}"
      text run at (0,22420) width 14: "\x{E27}"
      text run at (0,22439) width 14: "\x{E32}"
      text run at (0,22458) width 14: "\x{E21}"
      text run at (0,22477) width 14: "\x{E2A}"
      text run at (0,22496) width 14: "\x{E38}"
      text run at (0,22515) width 14: "\x{E02}"
      text run at (0,22534) width 14: "\x{E38}"
      text run at (0,22553) width 14: "\x{E21}"
      text run at (0,22572) width 14: "\x{E2D}"
      text run at (0,22591) width 14: "\x{E22}"
      text run at (0,22610) width 14: "\x{E48}"
      text run at (0,22629) width 14: "\x{E32}"
      text run at (0,22648) width 14: "\x{E07}"
      text run at (0,22667) width 14: "\x{E2B}"
      text run at (0,22686) width 14: "\x{E21}"
      text run at (0,22705) width 14: "\x{E48}"
      text run at (0,22724) width 14: "\x{E19}"
      text run at (0,22743) width 14: "\x{E2B}"
      text run at (0,22762) width 14: "\x{E21}"
      text run at (0,22781) width 28: "\x{E2D}\x{E07}"
      text run at (0,22800) width 14: "\x{E40}"
      text run at (0,22819) width 14: "\x{E2D}"
      text run at (0,22838) width 14: "\x{E32}"
      text run at (0,22857) width 14: "\x{E2A}"
      text run at (0,22876) width 14: "\x{E35}"
      text run at (0,22895) width 14: "\x{E41}"
      text run at (0,22914) width 14: "\x{E14}"
      text run at (0,22933) width 14: "\x{E07}"
      text run at (0,22952) width 14: "\x{E08}"
      text run at (0,22971) width 14: "\x{E32}"
      text run at (0,22990) width 14: "\x{E01}"
      text run at (0,23009) width 14: "\x{E41}"
      text run at (0,23028) width 14: "\x{E01}"
      text run at (0,23047) width 14: "\x{E49}"
      text run at (0,23066) width 14: "\x{E21}"
      text run at (0,23085) width 14: "\x{E41}"
      text run at (0,23104) width 14: "\x{E25}"
      text run at (0,23123) width 14: "\x{E30}"
      text run at (0,23142) width 14: "\x{E23}"
      text run at (0,23161) width 14: "\x{E34}"
      text run at (0,23180) width 14: "\x{E21}"
      text run at (0,23199) width 14: "\x{E1D}"
      text run at (0,23218) width 14: "\x{E35}"
      text run at (0,23237) width 14: "\x{E1B}"
      text run at (0,23256) width 14: "\x{E32}"
      text run at (0,23275) width 14: "\x{E01}"
      text run at (0,23294) width 14: "\x{E40}"
      text run at (0,23313) width 14: "\x{E18}"
      text run at (0,23332) width 14: "\x{E2D}"
      text run at (0,23351) width 28: "\x{E44}\x{E1B}"
      text run at (0,23370) width 14: "\x{E01}"
      text run at (0,23389) width 14: "\x{E25}"
      text run at (0,23408) width 14: "\x{E32}"
      text run at (0,23427) width 14: "\x{E22}"
      text run at (0,23446) width 14: "\x{E40}"
      text run at (0,23465) width 14: "\x{E1B}"
      text run at (0,23484) width 14: "\x{E47}"
      text run at (0,23503) width 14: "\x{E19}"
      text run at (0,23522) width 14: "\x{E2A}"
      text run at (0,23541) width 14: "\x{E35}"
      text run at (0,23560) width 14: "\x{E2B}"
      text run at (0,23579) width 14: "\x{E21}"
      text run at (0,23598) width 14: "\x{E48}"
      text run at (0,23617) width 28: "\x{E19}\x{E46}"
      text run at (0,23636) width 14: "\x{E40}"
      text run at (0,23655) width 14: "\x{E2B}"
      text run at (0,23674) width 14: "\x{E21}"
      text run at (0,23693) width 14: "\x{E37}"
      text run at (0,23712) width 14: "\x{E2D}"
      text run at (0,23731) width 14: "\x{E19}"
      text run at (0,23750) width 14: "\x{E01}"
      text run at (0,23769) width 28: "\x{E31}\x{E19}"
      text run at (0,23788) width 14: "\x{E40}"
      text run at (0,23807) width 14: "\x{E18}"
      text run at (0,23826) width 14: "\x{E2D}"
      text run at (0,23845) width 14: "\x{E1C}"
      text run at (0,23864) width 14: "\x{E2D}"
      text run at (0,23883) width 14: "\x{E21}"
      text run at (0,23902) width 14: "\x{E41}"
      text run at (0,23921) width 14: "\x{E25}"
      text run at (0,23940) width 14: "\x{E30}"
      text run at (0,23959) width 14: "\x{E2B}"
      text run at (0,23978) width 14: "\x{E25}"
      text run at (0,23997) width 14: "\x{E31}"
      text run at (0,24016) width 14: "\x{E07}"
      text run at (0,24035) width 14: "\x{E42}"
      text run at (0,24054) width 14: "\x{E04}"
      text run at (0,24073) width 28: "\x{E49}\x{E07}"
      text run at (0,24092) width 14: "\x{E41}"
      text run at (0,24111) width 14: "\x{E25}"
      text run at (0,24130) width 14: "\x{E30}"
      text run at (0,24149) width 14: "\x{E40}"
      text run at (0,24168) width 14: "\x{E14}"
      text run at (0,24187) width 14: "\x{E35}"
      text run at (0,24206) width 14: "\x{E4B}"
      text run at (0,24225) width 14: "\x{E22}"
      text run at (0,24244) width 14: "\x{E27}"
      text run at (0,24263) width 14: "\x{E19}"
      text run at (0,24282) width 14: "\x{E35}"
      text run at (0,24301) width 14: "\x{E49}"
      text run at (0,24320) width 14: "\x{E44}"
      text run at (0,24339) width 14: "\x{E21}"
      text run at (0,24358) width 14: "\x{E48}"
      text run at (0,24377) width 14: "\x{E40}"
      text run at (0,24396) width 14: "\x{E04}"
      text run at (0,24415) width 14: "\x{E22}"
      text run at (0,24434) width 14: "\x{E22}"
      text run at (0,24453) width 14: "\x{E34}"
      text run at (0,24472) width 14: "\x{E49}"
      text run at (0,24491) width 14: "\x{E21}"
      text run at (0,24510) width 14: "\x{E40}"
      text run at (0,24529) width 28: "\x{E25}\x{E22}"
      text run at (0,24548) width 14: "\x{E40}"
      text run at (0,24567) width 14: "\x{E21}"
      text run at (0,24586) width 14: "\x{E37}"
      text run at (0,24605) width 14: "\x{E48}"
      text run at (0,24624) width 14: "\x{E2D}"
      text run at (0,24643) width 14: "\x{E42}"
      text run at (0,24662) width 14: "\x{E14}"
      text run at (0,24681) width 14: "\x{E42}"
      text run at (0,24700) width 14: "\x{E23}"
      text run at (0,24719) width 14: "\x{E18}"
      text run at (0,24738) width 14: "\x{E35}"
      text run at (0,24757) width 14: "\x{E0B}"
      text run at (0,24776) width 14: "\x{E36}"
      text run at (0,24795) width 14: "\x{E48}"
      text run at (0,24814) width 14: "\x{E07}"
      text run at (0,24833) width 14: "\x{E40}"
      text run at (0,24852) width 14: "\x{E1B}"
      text run at (0,24871) width 14: "\x{E47}"
      text run at (0,24890) width 14: "\x{E19}"
      text run at (0,24909) width 14: "\x{E40}"
      text run at (0,24928) width 14: "\x{E14}"
      text run at (0,24947) width 14: "\x{E47}"
      text run at (0,24966) width 14: "\x{E01}"
      text run at (0,24985) width 14: "\x{E01}"
      text run at (0,25004) width 14: "\x{E33}"
      text run at (0,25023) width 14: "\x{E1E}"
      text run at (0,25042) width 14: "\x{E23}"
      text run at (0,25061) width 14: "\x{E49}"
      text run at (0,25080) width 14: "\x{E32}"
      text run at (0,25099) width 14: "\x{E21}"
      text run at (0,25118) width 14: "\x{E32}"
      text run at (0,25137) width 14: "\x{E2D}"
      text run at (0,25156) width 14: "\x{E22}"
      text run at (0,25175) width 14: "\x{E39}"
      text run at (0,25194) width 14: "\x{E48}"
      text run at (0,25213) width 14: "\x{E01}"
      text run at (0,25232) width 14: "\x{E31}"
      text run at (0,25251) width 14: "\x{E1A}"
      text run at (0,25270) width 14: "\x{E40}"
      text run at (0,25289) width 14: "\x{E18}"
      text run at (0,25308) width 14: "\x{E2D}"
      text run at (0,25327) width 14: "\x{E15}"
      text run at (0,25346) width 14: "\x{E2D}"
      text run at (0,25365) width 14: "\x{E19}"
      text run at (0,25384) width 14: "\x{E41}"
      text run at (0,25403) width 28: "\x{E23}\x{E01}"
      text run at (0,25422) width 14: "\x{E1B}"
      text run at (0,25441) width 14: "\x{E49}"
      text run at (0,25460) width 14: "\x{E32}"
      text run at (0,25479) width 14: "\x{E40}"
      text run at (0,25498) width 14: "\x{E2D}"
      text run at (0,25517) width 14: "\x{E47}"
      text run at (0,25536) width 14: "\x{E21}"
      text run at (0,25555) width 14: "\x{E15}"
      text run at (0,25574) width 14: "\x{E37}"
      text run at (0,25593) width 14: "\x{E48}"
      text run at (0,25612) width 14: "\x{E19}"
      text run at (0,25631) width 14: "\x{E40}"
      text run at (0,25650) width 14: "\x{E15}"
      text run at (0,25669) width 14: "\x{E49}"
      text run at (0,25688) width 14: "\x{E19}"
      text run at (0,25707) width 14: "\x{E01}"
      text run at (0,25726) width 14: "\x{E31}"
      text run at (0,25745) width 14: "\x{E1A}"
      text run at (0,25764) width 14: "\x{E40}"
      text run at (0,25783) width 14: "\x{E2A}"
      text run at (0,25802) width 14: "\x{E35}"
      text run at (0,25821) width 14: "\x{E22}"
      text run at (0,25840) width 14: "\x{E07}"
      text run at (0,25859) width 14: "\x{E2B}"
      text run at (0,25878) width 14: "\x{E31}"
      text run at (0,25897) width 14: "\x{E27}"
      text run at (0,25916) width 14: "\x{E40}"
      text run at (0,25935) width 14: "\x{E23}"
      text run at (0,25954) width 14: "\x{E32}"
      text run at (0,25973) width 14: "\x{E30}"
      text run at (0,25992) width 14: "\x{E02}"
      text run at (0,26011) width 14: "\x{E2D}"
      text run at (0,26030) width 14: "\x{E07}"
      text run at (0,26049) width 14: "\x{E40}"
      text run at (0,26068) width 14: "\x{E14}"
      text run at (0,26087) width 14: "\x{E47}"
      text run at (0,26106) width 14: "\x{E01}"
      text run at (0,26125) width 14: "\x{E19}"
      text run at (0,26144) width 14: "\x{E49}"
      text run at (0,26163) width 14: "\x{E2D}"
      text run at (0,26182) width 14: "\x{E22}"
      text run at (0,26201) width 14: "\x{E21}"
      text run at (0,26220) width 28: "\x{E32}\x{E01}"
      text run at (0,26239) width 14: "\x{E40}"
      text run at (0,26258) width 14: "\x{E18}"
      text run at (0,26277) width 14: "\x{E2D}"
      text run at (0,26296) width 14: "\x{E08}"
      text run at (0,26315) width 14: "\x{E30}"
      text run at (0,26334) width 14: "\x{E2A}"
      text run at (0,26353) width 14: "\x{E48}"
      text run at (0,26372) width 14: "\x{E07}"
      text run at (0,26391) width 14: "\x{E40}"
      text run at (0,26410) width 14: "\x{E2A}"
      text run at (0,26429) width 14: "\x{E35}"
      text run at (0,26448) width 14: "\x{E22}"
      text run at (0,26467) width 14: "\x{E07}"
      text run at (0,26486) width 14: "\x{E23}"
      text run at (0,26505) width 14: "\x{E49}"
      text run at (0,26524) width 14: "\x{E2D}"
      text run at (0,26543) width 14: "\x{E07}"
      text run at (0,26562) width 14: "\x{E41}"
      text run at (0,26581) width 14: "\x{E25}"
      text run at (0,26600) width 14: "\x{E49}"
      text run at (0,26619) width 14: "\x{E27}"
      text run at (0,26638) width 14: "\x{E40}"
      text run at (0,26657) width 14: "\x{E2D}"
      text run at (0,26676) width 14: "\x{E32}"
      text run at (0,26695) width 14: "\x{E21}"
      text run at (0,26714) width 14: "\x{E37}"
      text run at (0,26733) width 14: "\x{E2D}"
      text run at (0,26752) width 14: "\x{E17}"
      text run at (0,26771) width 14: "\x{E32}"
      text run at (0,26790) width 14: "\x{E1A}"
      text run at (0,26809) width 14: "\x{E2D}"
      text run at (0,26828) width 14: "\x{E01}"
      text run at (0,26847) width 14: "\x{E17}"
      text run at (0,26866) width 14: "\x{E38}"
      text run at (0,26885) width 14: "\x{E01}"
      text run at (0,26904) width 14: "\x{E04}"
      text run at (0,26923) width 14: "\x{E23}"
      text run at (0,26942) width 14: "\x{E31}"
      text run at (0,26961) width 14: "\x{E49}"
      text run at (0,26980) width 14: "\x{E07}"
      text run at (0,26999) width 14: "\x{E17}"
      text run at (0,27018) width 14: "\x{E35}"
      text run at (0,27037) width 14: "\x{E48}"
      text run at (0,27056) width 14: "\x{E40}"
      text run at (0,27075) width 14: "\x{E2A}"
      text run at (0,27094) width 14: "\x{E35}"
      text run at (0,27113) width 14: "\x{E22}"
      text run at (0,27132) width 14: "\x{E07}"
      text run at (0,27151) width 14: "\x{E2D}"
      text run at (0,27170) width 14: "\x{E31}"
      text run at (0,27189) width 14: "\x{E19}"
      text run at (0,27208) width 14: "\x{E23}"
      text run at (0,27227) width 14: "\x{E48}"
      text run at (0,27246) width 14: "\x{E32}"
      text run at (0,27265) width 14: "\x{E40}"
      text run at (0,27284) width 14: "\x{E23}"
      text run at (0,27303) width 14: "\x{E34}"
      text run at (0,27322) width 14: "\x{E07}"
      text run at (0,27341) width 14: "\x{E02}"
      text run at (0,27360) width 14: "\x{E2D}"
      text run at (0,27379) width 14: "\x{E07}"
      text run at (0,27398) width 14: "\x{E42}"
      text run at (0,27417) width 14: "\x{E14}"
      text run at (0,27436) width 14: "\x{E42}"
      text run at (0,27455) width 14: "\x{E23}"
      text run at (0,27474) width 14: "\x{E18}"
      text run at (0,27493) width 14: "\x{E35}"
      text run at (0,27512) width 14: "\x{E40}"
      text run at (0,27531) width 14: "\x{E02}"
      text run at (0,27550) width 14: "\x{E49}"
      text run at (0,27569) width 14: "\x{E32}"
      text run at (0,27588) width 14: "\x{E2B}"
      text run at (0,27607) width 14: "\x{E39}"
      text run at (0,27626) width 14: "\x{E40}"
      text run at (0,27645) width 28: "\x{E18}\x{E2D}"
      text run at (0,27664) width 14: "\x{E41}"
      text run at (0,27683) width 14: "\x{E25}"
      text run at (0,27702) width 14: "\x{E30}"
      text run at (0,27721) width 14: "\x{E40}"
      text run at (0,27740) width 14: "\x{E18}"
      text run at (0,27759) width 14: "\x{E2D}"
      text run at (0,27778) width 14: "\x{E40}"
      text run at (0,27797) width 14: "\x{E1D}"
      text run at (0,27816) width 14: "\x{E49}"
      text run at (0,27835) width 14: "\x{E32}"
      text run at (0,27854) width 14: "\x{E21}"
      text run at (0,27873) width 14: "\x{E2D}"
      text run at (0,27892) width 14: "\x{E07}"
      text run at (0,27911) width 14: "\x{E40}"
      text run at (0,27930) width 14: "\x{E14}"
      text run at (0,27949) width 14: "\x{E47}"
      text run at (0,27968) width 14: "\x{E01}"
      text run at (0,27987) width 14: "\x{E2B}"
      text run at (0,28006) width 14: "\x{E0D}"
      text run at (0,28025) width 14: "\x{E34}"
      text run at (0,28044) width 14: "\x{E07}"
      text run at (0,28063) width 14: "\x{E19}"
      text run at (0,28082) width 14: "\x{E49}"
      text run at (0,28101) width 14: "\x{E2D}"
      text run at (0,28120) width 28: "\x{E22}\x{E46}"
      text run at (0,28139) width 14: "\x{E14}"
      text run at (0,28158) width 14: "\x{E49}"
      text run at (0,28177) width 14: "\x{E27}"
      text run at (0,28196) width 14: "\x{E22}"
      text run at (0,28215) width 14: "\x{E04}"
      text run at (0,28234) width 14: "\x{E27}"
      text run at (0,28253) width 14: "\x{E32}"
      text run at (0,28272) width 14: "\x{E21}"
      text run at (0,28291) width 14: "\x{E1B}"
      text run at (0,28310) width 14: "\x{E23}"
      text run at (0,28329) width 14: "\x{E30}"
      text run at (0,28348) width 14: "\x{E2B}"
      text run at (0,28367) width 14: "\x{E25}"
      text run at (0,28386) width 14: "\x{E32}"
      text run at (0,28405) width 14: "\x{E14}"
      text run at (0,28424) width 28: "\x{E43}\x{E08}"
      text run at (0,28443) width 14: "\x{E14}"
      text run at (0,28462) width 14: "\x{E49}"
      text run at (0,28481) width 14: "\x{E27}"
      text run at (0,28500) width 14: "\x{E22}"
      text run at (0,28519) width 14: "\x{E22}"
      text run at (0,28538) width 14: "\x{E31}"
      text run at (0,28557) width 14: "\x{E07}"
      text run at (0,28576) width 14: "\x{E2B}"
      text run at (0,28595) width 14: "\x{E32}"
      text run at (0,28614) width 14: "\x{E2D}"
      text run at (0,28633) width 14: "\x{E30}"
      text run at (0,28652) width 14: "\x{E44}"
      text run at (0,28671) width 14: "\x{E23}"
      text run at (0,28690) width 14: "\x{E21}"
      text run at (0,28709) width 14: "\x{E32}"
      text run at (0,28728) width 14: "\x{E40}"
      text run at (0,28747) width 14: "\x{E1B}"
      text run at (0,28766) width 14: "\x{E47}"
      text run at (0,28785) width 14: "\x{E19}"
      text run at (0,28804) width 14: "\x{E40}"
      text run at (0,28823) width 14: "\x{E23}"
      text run at (0,28842) width 14: "\x{E37}"
      text run at (0,28861) width 14: "\x{E48}"
      text run at (0,28880) width 14: "\x{E2D}"
      text run at (0,28899) width 14: "\x{E07}"
      text run at (0,28918) width 14: "\x{E2B}"
      text run at (0,28937) width 14: "\x{E31}"
      text run at (0,28956) width 14: "\x{E27}"
      text run at (0,28975) width 14: "\x{E40}"
      text run at (0,28994) width 14: "\x{E23}"
      text run at (0,29013) width 14: "\x{E32}"
      text run at (0,29032) width 14: "\x{E30}"
      text run at (0,29051) width 14: "\x{E44}"
      text run at (0,29070) width 14: "\x{E14}\x{E49}"
      text run at (0,29089) width 14: "\x{E25}"
      text run at (0,29108) width 14: "\x{E38}"
      text run at (0,29127) width 14: "\x{E07}"
      text run at (0,29146) width 14: "\x{E40}"
      text run at (0,29165) width 14: "\x{E2E}"
      text run at (0,29184) width 14: "\x{E19}"
      text run at (0,29203) width 14: "\x{E23}"
      text run at (0,29222) width 14: "\x{E35}"
      text run at (0,29241) width 14: "\x{E44}"
      text run at (0,29260) width 14: "\x{E21}"
      text run at (0,29279) width 14: "\x{E48}"
      text run at (0,29298) width 14: "\x{E40}"
      text run at (0,29317) width 14: "\x{E04}"
      text run at (0,29336) width 14: "\x{E22}"
      text run at (0,29355) width 14: "\x{E2B}"
      text run at (0,29374) width 14: "\x{E31}"
      text run at (0,29393) width 14: "\x{E27}"
      text run at (0,29412) width 14: "\x{E40}"
      text run at (0,29431) width 14: "\x{E23}"
      text run at (0,29450) width 28: "\x{E32}\x{E30}"
      text run at (0,29469) width 14: "\x{E25}"
      text run at (0,29488) width 14: "\x{E38}"
      text run at (0,29507) width 14: "\x{E07}"
      text run at (0,29526) width 14: "\x{E17}"
      text run at (0,29545) width 14: "\x{E33}"
      text run at (0,29564) width 14: "\x{E07}"
      text run at (0,29583) width 14: "\x{E32}"
      text run at (0,29602) width 14: "\x{E19}"
      text run at (0,29621) width 14: "\x{E2B}"
      text run at (0,29640) width 14: "\x{E19}"
      text run at (0,29659) width 14: "\x{E31}"
      text run at (0,29678) width 14: "\x{E01}"
      text run at (0,29697) width 14: "\x{E08}"
      text run at (0,29716) width 14: "\x{E32}"
      text run at (0,29735) width 14: "\x{E01}"
      text run at (0,29754) width 14: "\x{E40}"
      text run at (0,29773) width 14: "\x{E0A}"
      text run at (0,29792) width 14: "\x{E49}"
      text run at (0,29811) width 14: "\x{E32}"
      text run at (0,29830) width 14: "\x{E22}"
      text run at (0,29849) width 14: "\x{E31}"
      text run at (0,29868) width 14: "\x{E19}"
      text run at (0,29887) width 14: "\x{E04}"
      text run at (0,29906) width 28: "\x{E48}\x{E33}"
      text run at (0,29925) width 14: "\x{E41}"
      text run at (0,29944) width 14: "\x{E25}"
      text run at (0,29963) width 14: "\x{E30}"
      text run at (0,29982) width 14: "\x{E44}"
      text run at (0,30001) width 14: "\x{E21}"
      text run at (0,30020) width 14: "\x{E48}"
      text run at (0,30039) width 14: "\x{E40}"
      text run at (0,30058) width 14: "\x{E04}"
      text run at (0,30077) width 14: "\x{E22}"
      text run at (0,30096) width 14: "\x{E23}"
      text run at (0,30115) width 14: "\x{E39}"
      text run at (0,30134) width 14: "\x{E49}"
      text run at (0,30153) width 14: "\x{E08}"
      text run at (0,30172) width 14: "\x{E31}"
      text run at (0,30191) width 14: "\x{E01}"
      text run at (0,30210) width 14: "\x{E27}"
      text run at (0,30229) width 14: "\x{E48}"
      text run at (0,30248) width 14: "\x{E32}"
      text run at (0,30267) width 14: "\x{E04}"
      text run at (0,30286) width 14: "\x{E27}"
      text run at (0,30305) width 14: "\x{E32}"
      text run at (0,30324) width 14: "\x{E21}"
      text run at (0,30343) width 14: "\x{E23}"
      text run at (0,30362) width 14: "\x{E48}"
      text run at (0,30381) width 14: "\x{E32}"
      text run at (0,30400) width 14: "\x{E40}"
      text run at (0,30419) width 14: "\x{E23}"
      text run at (0,30438) width 14: "\x{E34}"
      text run at (0,30457) width 14: "\x{E07}"
      text run at (0,30476) width 14: "\x{E04}"
      text run at (0,30495) width 14: "\x{E37}"
      text run at (0,30514) width 14: "\x{E2D}"
      text run at (0,30533) width 14: "\x{E2D}"
      text run at (0,30552) width 14: "\x{E30}"
      text run at (0,30571) width 28: "\x{E44}\x{E23}"
      text run at (0,30590) width 14: "\x{E25}"
      text run at (0,30609) width 14: "\x{E38}"
      text run at (0,30628) width 14: "\x{E07}"
      text run at (0,30647) width 14: "\x{E14}"
      text run at (0,30666) width 14: "\x{E39}"
      text run at (0,30685) width 14: "\x{E2B}"
      text run at (0,30704) width 14: "\x{E21}"
      text run at (0,30723) width 14: "\x{E48}"
      text run at (0,30742) width 14: "\x{E19}"
      text run at (0,30761) width 14: "\x{E2B}"
      text run at (0,30780) width 14: "\x{E21}"
      text run at (0,30799) width 14: "\x{E2D}"
      text run at (0,30818) width 14: "\x{E07}"
      text run at (0,30837) width 14: "\x{E44}"
      text run at (0,30856) width 14: "\x{E1B}"
      text run at (0,30875) width 14: "\x{E2B}"
      text run at (0,30894) width 14: "\x{E21}"
      text run at (0,30913) width 14: "\x{E14}"
      text run at (0,30932) width 14: "\x{E15}"
      text run at (0,30951) width 14: "\x{E31}"
      text run at (0,30970) width 14: "\x{E49}"
      text run at (0,30989) width 14: "\x{E07}"
      text run at (0,31008) width 14: "\x{E41}"
      text run at (0,31027) width 14: "\x{E15}"
      text run at (0,31046) width 14: "\x{E48}"
      text run at (0,31065) width 14: "\x{E40}"
      text run at (0,31084) width 14: "\x{E04}"
      text run at (0,31103) width 14: "\x{E23}"
      text run at (0,31122) width 14: "\x{E32}"
      text run at (0,31141) width 14: "\x{E22}"
      text run at (0,31160) width 14: "\x{E32}"
      text run at (0,31179) width 14: "\x{E27}"
      text run at (0,31198) width 14: "\x{E08}"
      text run at (0,31217) width 14: "\x{E19}"
      text run at (0,31236) width 14: "\x{E08}"
      text run at (0,31255) width 14: "\x{E14}"
      text run at (0,31274) width 14: "\x{E23}"
      text run at (0,31293) width 14: "\x{E2D}"
      text run at (0,31312) width 14: "\x{E07}"
      text run at (0,31331) width 14: "\x{E40}"
      text run at (0,31350) width 14: "\x{E17}"
      text run at (0,31369) width 14: "\x{E49}"
      text run at (0,31388) width 14: "\x{E32}"
      text run at (0,31407) width 14: "\x{E1A}"
      text run at (0,31426) width 14: "\x{E39}"
      text run at (0,31445) width 14: "\x{E15}"
      text run at (0,31464) width 14: "\x{E2D}"
      text run at (0,31483) width 14: "\x{E31}"
      text run at (0,31502) width 14: "\x{E19}"
      text run at (0,31521) width 14: "\x{E2B}"
      text run at (0,31540) width 14: "\x{E22}"
      text run at (0,31559) width 28: "\x{E32}\x{E1A}"
      text run at (0,31578) width 14: "\x{E41}"
      text run at (0,31597) width 14: "\x{E25}"
      text run at (0,31616) width 14: "\x{E49}"
      text run at (0,31635) width 14: "\x{E27}"
      text run at (0,31654) width 14: "\x{E25}"
      text run at (0,31673) width 14: "\x{E38}"
      text run at (0,31692) width 14: "\x{E07}"
      text run at (0,31711) width 14: "\x{E01}"
      text run at (0,31730) width 14: "\x{E47}"
      text run at (0,31749) width 14: "\x{E14}"
      text run at (0,31768) width 14: "\x{E39}"
      text run at (0,31787) width 14: "\x{E40}"
      text run at (0,31806) width 14: "\x{E04}"
      text run at (0,31825) width 14: "\x{E23}"
      text run at (0,31844) width 14: "\x{E48}"
      text run at (0,31863) width 14: "\x{E07}"
      text run at (0,31882) width 14: "\x{E02}"
      text run at (0,31901) width 14: "\x{E23}"
      text run at (0,31920) width 14: "\x{E36}"
      text run at (0,31939) width 14: "\x{E21}"
      text run at (0,31958) width 14: "\x{E19}"
      text run at (0,31977) width 14: "\x{E48}"
      text run at (0,31996) width 14: "\x{E32}"
      text run at (0,32015) width 14: "\x{E40}"
      text run at (0,32034) width 14: "\x{E01}"
      text run at (0,32053) width 14: "\x{E23}"
      text run at (0,32072) width 14: "\x{E07}"
      text run at (0,32091) width 14: "\x{E02}"
      text run at (0,32110) width 14: "\x{E32}"
      text run at (0,32129) width 14: "\x{E21}"
      text run at (0,32148) width 14: "\x{E44}"
      text run at (0,32167) width 14: "\x{E21}"
      text run at (0,32186) width 14: "\x{E48}"
      text run at (0,32205) width 14: "\x{E04}"
      text run at (0,32224) width 14: "\x{E48}"
      text run at (0,32243) width 14: "\x{E2D}"
      text run at (0,32262) width 14: "\x{E22}"
      text run at (0,32281) width 14: "\x{E08}"
      text run at (0,32300) width 14: "\x{E30}"
      text run at (0,32319) width 14: "\x{E1E}"
      text run at (0,32338) width 28: "\x{E39}\x{E14}"
      text run at (0,32357) width 14: "\x{E21}"
      text run at (0,32376) width 14: "\x{E35}"
      text run at (0,32395) width 14: "\x{E42}"
      text run at (0,32414) width 14: "\x{E15}"
      text run at (0,32433) width 14: "\x{E42}"
      text run at (0,32452) width 14: "\x{E15}"
      text run at (0,32471) width 14: "\x{E49}"
      text run at (0,32490) width 14: "\x{E17}"
      text run at (0,32509) width 14: "\x{E35}"
      text run at (0,32528) width 14: "\x{E48}"
      text run at (0,32547) width 14: "\x{E17}"
      text run at (0,32566) width 14: "\x{E33}"
      text run at (0,32585) width 14: "\x{E43}"
      text run at (0,32604) width 14: "\x{E2B}"
      text run at (0,32623) width 14: "\x{E49}"
      text run at (0,32642) width 14: "\x{E42}"
      text run at (0,32661) width 14: "\x{E14}"
      text run at (0,32680) width 14: "\x{E42}"
      text run at (0,32699) width 14: "\x{E23}"
      text run at (0,32718) width 14: "\x{E18}"
      text run at (0,32737) width 14: "\x{E35}"
      text run at (0,32756) width 14: "\x{E2B}"
      text run at (0,32775) width 14: "\x{E31}"
      text run at (0,32794) width 14: "\x{E27}"
      text run at (0,32813) width 14: "\x{E40}"
      text run at (0,32832) width 14: "\x{E23}"
      text run at (0,32851) width 14: "\x{E32}"
      text run at (0,32870) width 14: "\x{E30}"
      text run at (0,32889) width 14: "\x{E44}"
      text run at (0,32908) width 14: "\x{E14}\x{E49}"
      text run at (0,32927) width 14: "\x{E41}"
      text run at (0,32946) width 14: "\x{E25}"
      text run at (0,32965) width 14: "\x{E30}"
      text run at (0,32984) width 14: "\x{E0A}"
      text run at (0,33003) width 14: "\x{E48}"
      text run at (0,33022) width 14: "\x{E27}"
      text run at (0,33041) width 14: "\x{E22}"
      text run at (0,33060) width 14: "\x{E40}"
      text run at (0,33079) width 14: "\x{E18}"
      text run at (0,33098) width 14: "\x{E2D}"
      text run at (0,33117) width 14: "\x{E43}"
      text run at (0,33136) width 14: "\x{E2B}"
      text run at (0,33155) width 14: "\x{E49}"
      text run at (0,33174) width 14: "\x{E1E}"
      text run at (0,33193) width 14: "\x{E49}"
      text run at (0,33212) width 14: "\x{E19}"
      text run at (0,33231) width 14: "\x{E08}"
      text run at (0,33250) width 14: "\x{E32}"
      text run at (0,33269) width 14: "\x{E01}"
      text run at (0,33288) width 14: "\x{E01}"
      text run at (0,33307) width 14: "\x{E32}"
      text run at (0,33326) width 14: "\x{E23}"
      text run at (0,33345) width 14: "\x{E01}"
      text run at (0,33364) width 14: "\x{E25}"
      text run at (0,33383) width 14: "\x{E32}"
      text run at (0,33402) width 14: "\x{E22}"
      text run at (0,33421) width 14: "\x{E40}"
      text run at (0,33440) width 14: "\x{E1B}"
      text run at (0,33459) width 14: "\x{E47}"
      text run at (0,33478) width 14: "\x{E19}"
      text run at (0,33497) width 14: "\x{E2A}"
      text run at (0,33516) width 14: "\x{E35}"
      text run at (0,33535) width 14: "\x{E40}"
      text run at (0,33554) width 14: "\x{E17}"
      text run at (0,33573) width 14: "\x{E32}"
      text run at (0,33592) width 14: "\x{E2B}"
      text run at (0,33611) width 14: "\x{E21}"
      text run at (0,33630) width 14: "\x{E48}"
      text run at (0,33649) width 14: "\x{E19}"
      text run at (0,33668) width 14: "\x{E40}"
      text run at (0,33687) width 14: "\x{E2B}"
      text run at (0,33706) width 14: "\x{E21}"
      text run at (0,33725) width 14: "\x{E37}"
      text run at (0,33744) width 14: "\x{E2D}"
      text run at (0,33763) width 14: "\x{E19}"
      text run at (0,33782) width 14: "\x{E01}"
      text run at (0,33801) width 14: "\x{E31}"
      text run at (0,33820) width 14: "\x{E1A}"
      text run at (0,33839) width 14: "\x{E2A}"
      text run at (0,33858) width 14: "\x{E34}"
      text run at (0,33877) width 14: "\x{E48}"
      text run at (0,33896) width 14: "\x{E07}"
      text run at (0,33915) width 14: "\x{E23}"
      text run at (0,33934) width 14: "\x{E2D}"
      text run at (0,33953) width 14: "\x{E1A}"
      text run at (0,33972) width 14: "\x{E15}"
      text run at (0,33991) width 14: "\x{E31}"
      text run at (0,34010) width 14: "\x{E27}"
      text run at (0,34029) width 14: "\x{E2D}"
      text run at (0,34048) width 14: "\x{E37}"
      text run at (0,34067) width 14: "\x{E48}"
      text run at (0,34086) width 28: "\x{E19}\x{E46}"
      text run at (0,34105) width 14: "\x{E42}"
      text run at (0,34124) width 14: "\x{E15}"
      text run at (0,34143) width 14: "\x{E42}"
      text run at (0,34162) width 14: "\x{E15}"
      text run at (0,34181) width 14: "\x{E49}"
      text run at (0,34200) width 14: "\x{E2A}"
      text run at (0,34219) width 14: "\x{E35}"
      text run at (0,34238) width 14: "\x{E44}"
      text run at (0,34257) width 14: "\x{E21}"
      text run at (0,34276) width 14: "\x{E48}"
      text run at (0,34295) width 14: "\x{E40}"
      text run at (0,34314) width 14: "\x{E17}"
      text run at (0,34333) width 14: "\x{E32}"
      text run at (0,34352) width 14: "\x{E2B}"
      text run at (0,34371) width 14: "\x{E21}"
      text run at (0,34390) width 28: "\x{E48}\x{E19}"
      text run at (0,34409) width 14: "\x{E41}"
      text run at (0,34428) width 14: "\x{E15}"
      text run at (0,34447) width 14: "\x{E48}"
      text run at (0,34466) width 14: "\x{E21}"
      text run at (0,34485) width 14: "\x{E31}"
      text run at (0,34504) width 14: "\x{E19}"
      text run at (0,34523) width 14: "\x{E40}"
      text run at (0,34542) width 14: "\x{E1B}"
      text run at (0,34561) width 14: "\x{E47}"
      text run at (0,34580) width 14: "\x{E19}"
      text run at (0,34599) width 14: "\x{E2B}"
      text run at (0,34618) width 14: "\x{E21}"
      text run at (0,34637) width 14: "\x{E32}"
      text run at (0,34656) width 14: "\x{E2A}"
      text run at (0,34675) width 14: "\x{E35}"
      text run at (0,34694) width 14: "\x{E14}"
      text run at (0,34713) width 14: "\x{E33}"
      text run at (0,34732) width 14: "\x{E15}"
      text run at (0,34751) width 14: "\x{E31}"
      text run at (0,34770) width 14: "\x{E27}"
      text run at (0,34789) width 14: "\x{E19}"
      text run at (0,34808) width 14: "\x{E49}"
      text run at (0,34827) width 14: "\x{E2D}"
      text run at (0,34846) width 28: "\x{E22}\x{E46}"
      text run at (0,34865) width 14: "\x{E02}"
      text run at (0,34884) width 14: "\x{E19}"
      text run at (0,34903) width 14: "\x{E22}"
      text run at (0,34922) width 14: "\x{E32}"
      text run at (0,34941) width 14: "\x{E27}"
      text run at (0,34960) width 14: "\x{E1B}"
      text run at (0,34979) width 14: "\x{E38}"
      text run at (0,34998) width 14: "\x{E22}"
      text run at (0,35017) width 14: "\x{E23}"
      text run at (0,35036) width 14: "\x{E32}"
      text run at (0,35055) width 14: "\x{E27}"
      text run at (0,35074) width 14: "\x{E01}"
      text run at (0,35093) width 14: "\x{E31}"
      text run at (0,35112) width 14: "\x{E1A}"
      text run at (0,35131) width 14: "\x{E44}"
      text run at (0,35150) width 28: "\x{E2B}\x{E21}"
      text run at (0,35169) width 14: "\x{E21}"
      text run at (0,35188) width 14: "\x{E35}"
      text run at (0,35207) width 14: "\x{E15}"
      text run at (0,35226) width 14: "\x{E32}"
      text run at (0,35245) width 14: "\x{E14}"
      text run at (0,35264) width 14: "\x{E33}"
      text run at (0,35283) width 14: "\x{E40}"
      text run at (0,35302) width 14: "\x{E25}"
      text run at (0,35321) width 14: "\x{E47}"
      text run at (0,35340) width 14: "\x{E01}"
      text run at (0,35359) width 14: "\x{E40}"
      text run at (0,35378) width 14: "\x{E1B}"
      text run at (0,35397) width 14: "\x{E47}"
      text run at (0,35416) width 14: "\x{E19}"
      text run at (0,35435) width 14: "\x{E1B}"
      text run at (0,35454) width 14: "\x{E23}"
      text run at (0,35473) width 14: "\x{E30}"
      text run at (0,35492) width 14: "\x{E01}"
      text run at (0,35511) width 14: "\x{E32}"
      text run at (0,35530) width 14: "\x{E22}"
      text run at (0,35549) width 14: "\x{E23}"
      text run at (0,35568) width 14: "\x{E37}"
      text run at (0,35587) width 14: "\x{E48}"
      text run at (0,35606) width 14: "\x{E19}"
      text run at (0,35625) width 14: "\x{E40}"
      text run at (0,35644) width 14: "\x{E23}"
      text run at (0,35663) width 14: "\x{E34}"
      text run at (0,35682) width 14: "\x{E07}"
      text run at (0,35701) width 14: "\x{E2D}"
      text run at (0,35720) width 14: "\x{E22}"
      text run at (0,35739) width 14: "\x{E39}"
      text run at (0,35758) width 14: "\x{E48}"
      text run at (0,35777) width 14: "\x{E2A}"
      text run at (0,35796) width 14: "\x{E2D}"
      text run at (0,35815) width 14: "\x{E07}"
      text run at (0,35834) width 14: "\x{E02}"
      text run at (0,35853) width 14: "\x{E49}"
      text run at (0,35872) width 14: "\x{E32}"
      text run at (0,35891) width 14: "\x{E07}"
      text run at (0,35910) width 14: "\x{E08}"
      text run at (0,35929) width 14: "\x{E21}"
      text run at (0,35948) width 14: "\x{E39}"
      text run at (0,35967) width 14: "\x{E01}"
      text run at (0,35986) width 14: "\x{E40}"
      text run at (0,36005) width 14: "\x{E25}"
      text run at (0,36024) width 14: "\x{E47}"
      text run at (0,36043) width 14: "\x{E01}"
      text run at (0,36062) width 14: "\x{E2D}"
      text run at (0,36081) width 14: "\x{E31}"
      text run at (0,36100) width 14: "\x{E19}"
      text run at (0,36119) width 14: "\x{E19}"
      text run at (0,36138) width 14: "\x{E48}"
      text run at (0,36157) width 14: "\x{E32}"
      text run at (0,36176) width 14: "\x{E02}"
      text run at (0,36195) width 14: "\x{E31}"
      text run at (0,36214) width 14: "\x{E19}"
      text run at (0,36233) width 14: "\x{E02}"
      text run at (0,36252) width 14: "\x{E2D}"
      text run at (0,36271) width 14: "\x{E07}"
      text run at (0,36290) width 14: "\x{E21}"
      text run at (0,36309) width 28: "\x{E31}\x{E19}"
      text run at (0,36328) width 14: "\x{E42}"
      text run at (0,36347) width 14: "\x{E15}"
      text run at (0,36366) width 14: "\x{E42}"
      text run at (0,36385) width 14: "\x{E15}"
      text run at (0,36404) width 14: "\x{E49}"
      text run at (0,36423) width 14: "\x{E40}"
      text run at (0,36442) width 14: "\x{E25}"
      text run at (0,36461) width 14: "\x{E48}"
      text run at (0,36480) width 14: "\x{E19}"
      text run at (0,36499) width 14: "\x{E17}"
      text run at (0,36518) width 14: "\x{E31}"
      text run at (0,36537) width 14: "\x{E49}"
      text run at (0,36556) width 14: "\x{E07}"
      text run at (0,36575) width 14: "\x{E27}"
      text run at (0,36594) width 28: "\x{E31}\x{E19}"
      text run at (0,36613) width 14: "\x{E41}"
      text run at (0,36632) width 14: "\x{E25}"
      text run at (0,36651) width 14: "\x{E30}"
      text run at (0,36670) width 14: "\x{E42}"
      text run at (0,36689) width 14: "\x{E14}"
      text run at (0,36708) width 14: "\x{E42}"
      text run at (0,36727) width 14: "\x{E23}"
      text run at (0,36746) width 14: "\x{E18}"
      text run at (0,36765) width 14: "\x{E35}"
      text run at (0,36784) width 14: "\x{E01}"
      text run at (0,36803) width 14: "\x{E47}"
      text run at (0,36822) width 14: "\x{E40}"
      text run at (0,36841) width 14: "\x{E25}"
      text run at (0,36860) width 14: "\x{E48}"
      text run at (0,36879) width 14: "\x{E19}"
      text run at (0,36898) width 14: "\x{E01}"
      text run at (0,36917) width 14: "\x{E31}"
      text run at (0,36936) width 14: "\x{E1A}"
      text run at (0,36955) width 14: "\x{E21}"
      text run at (0,36974) width 28: "\x{E31}\x{E19}"
      text run at (0,36993) width 14: "\x{E41}"
      text run at (0,37012) width 14: "\x{E25}"
      text run at (0,37031) width 14: "\x{E30}"
      text run at (0,37050) width 14: "\x{E23}"
      text run at (0,37069) width 14: "\x{E31}"
      text run at (0,37088) width 14: "\x{E01}"
      text run at (0,37107) width 14: "\x{E21}"
      text run at (0,37126) width 14: "\x{E31}"
      text run at (0,37145) width 14: "\x{E19}"
      text run at (0,37164) width 14: "\x{E40}"
      text run at (0,37183) width 14: "\x{E2B}"
      text run at (0,37202) width 14: "\x{E25}"
      text run at (0,37221) width 14: "\x{E37}"
      text run at (0,37240) width 14: "\x{E2D}"
      text run at (0,37259) width 14: "\x{E40}"
      text run at (0,37278) width 14: "\x{E01}"
      text run at (0,37297) width 28: "\x{E34}\x{E19}"
      text run at (0,37316) width 14: "\x{E2D}"
      text run at (0,37335) width 14: "\x{E22}"
      text run at (0,37354) width 14: "\x{E48}"
      text run at (0,37373) width 14: "\x{E32}"
      text run at (0,37392) width 14: "\x{E07}"
      text run at (0,37411) width 14: "\x{E44}"
      text run at (0,37430) width 14: "\x{E23}"
      text run at (0,37449) width 14: "\x{E01}"
      text run at (0,37468) width 14: "\x{E47}"
      text run at (0,37487) width 14: "\x{E15}"
      text run at (0,37506) width 28: "\x{E32}\x{E21}"
      text run at (0,37525) width 14: "\x{E27}"
      text run at (0,37544) width 14: "\x{E31}"
      text run at (0,37563) width 14: "\x{E19}"
      text run at (0,37582) width 14: "\x{E19}"
      text run at (0,37601) width 14: "\x{E35}"
      text run at (0,37620) width 14: "\x{E49}"
      text run at (0,37639) width 14: "\x{E17}"
      text run at (0,37658) width 14: "\x{E31}"
      text run at (0,37677) width 14: "\x{E49}"
      text run at (0,37696) width 14: "\x{E07}"
      text run at (0,37715) width 14: "\x{E04}"
      text run at (0,37734) width 14: "\x{E39}"
      text run at (0,37753) width 14: "\x{E48}"
      text run at (0,37772) width 14: "\x{E44}"
      text run at (0,37791) width 14: "\x{E21}"
      text run at (0,37810) width 14: "\x{E48}"
      text run at (0,37829) width 14: "\x{E44}"
      text run at (0,37848) width 14: "\x{E14}"
      text run at (0,37867) width 14: "\x{E49}"
      text run at (0,37886) width 14: "\x{E40}"
      text run at (0,37905) width 14: "\x{E25}"
      text run at (0,37924) width 28: "\x{E48}\x{E19}"
      text run at (0,37943) width 14: "\x{E25}"
      text run at (0,37962) width 14: "\x{E38}"
      text run at (0,37981) width 14: "\x{E07}"
      text run at (0,38000) width 14: "\x{E40}"
      text run at (0,38019) width 14: "\x{E2E}"
      text run at (0,38038) width 14: "\x{E19}"
      text run at (0,38057) width 14: "\x{E23}"
      text run at (0,38076) width 14: "\x{E35}"
      text run at (0,38095) width 14: "\x{E19}"
      text run at (0,38114) width 14: "\x{E31}"
      text run at (0,38133) width 14: "\x{E48}"
      text run at (0,38152) width 14: "\x{E07}"
      text run at (0,38171) width 14: "\x{E2D}"
      text run at (0,38190) width 14: "\x{E22}"
      text run at (0,38209) width 14: "\x{E39}"
      text run at (0,38228) width 14: "\x{E48}"
      text run at (0,38247) width 14: "\x{E17}"
      text run at (0,38266) width 14: "\x{E35}"
      text run at (0,38285) width 14: "\x{E48}"
      text run at (0,38304) width 14: "\x{E1A}"
      text run at (0,38323) width 14: "\x{E31}"
      text run at (0,38342) width 14: "\x{E19}"
      text run at (0,38361) width 14: "\x{E44}"
      text run at (0,38380) width 14: "\x{E14}"
      text run at (0,38399) width 14: "\x{E1B}"
      text run at (0,38418) width 14: "\x{E23}"
      text run at (0,38437) width 14: "\x{E30}"
      text run at (0,38456) width 14: "\x{E15}"
      text run at (0,38475) width 14: "\x{E39}"
      text run at (0,38494) width 14: "\x{E41}"
      text run at (0,38513) width 14: "\x{E25}"
      text run at (0,38532) width 14: "\x{E30}"
      text run at (0,38551) width 14: "\x{E40}"
      text run at (0,38570) width 14: "\x{E1D}"
      text run at (0,38589) width 14: "\x{E49}"
      text run at (0,38608) width 14: "\x{E32}"
      text run at (0,38627) width 14: "\x{E01}"
      text run at (0,38646) width 14: "\x{E31}"
      text run at (0,38665) width 14: "\x{E07}"
      text run at (0,38684) width 14: "\x{E27}"
      text run at (0,38703) width 14: "\x{E25}"
      text run at (0,38722) width 14: "\x{E08}"
      text run at (0,38741) width 14: "\x{E49}"
      text run at (0,38760) width 14: "\x{E2D}"
      text run at (0,38779) width 14: "\x{E07}"
      text run at (0,38798) width 14: "\x{E14}"
      text run at (0,38817) width 14: "\x{E39}"
      text run at (0,38836) width 14: "\x{E17}"
      text run at (0,38855) width 14: "\x{E49}"
      text run at (0,38874) width 14: "\x{E2D}"
      text run at (0,38893) width 14: "\x{E07}"
      text run at (0,38912) width 14: "\x{E1F}"
      text run at (0,38931) width 14: "\x{E49}"
      text run at (0,38950) width 14: "\x{E32}"
      text run at (0,38969) width 14: "\x{E2A}"
      text run at (0,38988) width 14: "\x{E35}"
      text run at (0,39007) width 14: "\x{E40}"
      text run at (0,39026) width 14: "\x{E17}"
      text run at (0,39045) width 14: "\x{E32}"
      text run at (0,39064) width 14: "\x{E2B}"
      text run at (0,39083) width 14: "\x{E21}"
      text run at (0,39102) width 14: "\x{E48}"
      text run at (0,39121) width 14: "\x{E19}"
      text run at (0,39140) width 14: "\x{E1C}"
      text run at (0,39159) width 14: "\x{E34}"
      text run at (0,39178) width 14: "\x{E14}"
      text run at (0,39197) width 14: "\x{E1B}"
      text run at (0,39216) width 14: "\x{E01}"
      text run at (0,39235) width 14: "\x{E15}\x{E34}"
      text run at (0,39254) width 14: "\x{E42}"
      text run at (0,39273) width 14: "\x{E14}"
      text run at (0,39292) width 14: "\x{E42}"
      text run at (0,39311) width 14: "\x{E23}"
      text run at (0,39330) width 14: "\x{E18}"
      text run at (0,39349) width 14: "\x{E35}"
      text run at (0,39368) width 14: "\x{E22}"
      text run at (0,39387) width 14: "\x{E37}"
      text run at (0,39406) width 14: "\x{E19}"
      text run at (0,39425) width 14: "\x{E17}"
      text run at (0,39444) width 14: "\x{E35}"
      text run at (0,39463) width 14: "\x{E48}"
      text run at (0,39482) width 14: "\x{E1B}"
      text run at (0,39501) width 14: "\x{E23}"
      text run at (0,39520) width 14: "\x{E30}"
      text run at (0,39539) width 14: "\x{E15}\x{E39}"
      text run at (0,39558) width 14: "\x{E01}"
      text run at (0,39577) width 14: "\x{E2D}"
      text run at (0,39596) width 14: "\x{E14}"
      text run at (0,39615) width 14: "\x{E42}"
      text run at (0,39634) width 14: "\x{E15}"
      text run at (0,39653) width 14: "\x{E42}"
      text run at (0,39672) width 14: "\x{E15}"
      text run at (0,39691) width 14: "\x{E49}"
      text run at (0,39710) width 14: "\x{E44}"
      text run at (0,39729) width 14: "\x{E27}"
      text run at (0,39748) width 14: "\x{E49}"
      text run at (0,39767) width 14: "\x{E43}"
      text run at (0,39786) width 14: "\x{E19}"
      text run at (0,39805) width 14: "\x{E2D}"
      text run at (0,39824) width 14: "\x{E49}"
      text run at (0,39843) width 14: "\x{E2D}"
      text run at (0,39862) width 14: "\x{E21}"
      text run at (0,39881) width 14: "\x{E41}"
      text run at (0,39900) width 28: "\x{E02}\x{E19}"
      text run at (0,39919) width 14: "\x{E41}"
      text run at (0,39938) width 14: "\x{E25}"
      text run at (0,39957) width 14: "\x{E30}"
      text run at (0,39976) width 14: "\x{E01}"
      text run at (0,39995) width 14: "\x{E47}"
      text run at (0,40014) width 14: "\x{E21}"
      text run at (0,40033) width 14: "\x{E2D}"
      text run at (0,40052) width 14: "\x{E07}"
      text run at (0,40071) width 14: "\x{E14}"
      text run at (0,40090) width 14: "\x{E39}"
      text run at (0,40109) width 14: "\x{E17}"
      text run at (0,40128) width 14: "\x{E49}"
      text run at (0,40147) width 14: "\x{E2D}"
      text run at (0,40166) width 14: "\x{E07}"
      text run at (0,40185) width 14: "\x{E1F}"
      text run at (0,40204) width 14: "\x{E49}"
      text run at (0,40223) width 14: "\x{E32}"
      text run at (0,40242) width 14: "\x{E2D}"
      text run at (0,40261) width 14: "\x{E22}"
      text run at (0,40280) width 14: "\x{E39}"
      text run at (0,40299) width 14: "\x{E48}"
      text run at (0,40318) width 14: "\x{E40}"
      text run at (0,40337) width 14: "\x{E2B}"
      text run at (0,40356) width 14: "\x{E21}"
      text run at (0,40375) width 14: "\x{E37}"
      text run at (0,40394) width 14: "\x{E2D}"
      text run at (0,40413) width 14: "\x{E19}"
      text run at (0,40432) width 14: "\x{E01}"
      text run at (0,40451) width 28: "\x{E31}\x{E19}"
      text run at (0,40470) width 14: "\x{E1B}"
      text run at (0,40489) width 14: "\x{E49}"
      text run at (0,40508) width 14: "\x{E32}"
      text run at (0,40527) width 14: "\x{E40}"
      text run at (0,40546) width 14: "\x{E2D}"
      text run at (0,40565) width 14: "\x{E47}"
      text run at (0,40584) width 14: "\x{E21}"
      text run at (0,40603) width 14: "\x{E01}"
      text run at (0,40622) width 14: "\x{E33}"
      text run at (0,40641) width 14: "\x{E25}"
      text run at (0,40660) width 14: "\x{E31}"
      text run at (0,40679) width 14: "\x{E07}"
      text run at (0,40698) width 14: "\x{E25}"
      text run at (0,40717) width 14: "\x{E49}"
      text run at (0,40736) width 14: "\x{E32}"
      text run at (0,40755) width 14: "\x{E07}"
      text run at (0,40774) width 14: "\x{E0A}"
      text run at (0,40793) width 14: "\x{E32}"
      text run at (0,40812) width 14: "\x{E21}"
      text run at (0,40831) width 14: "\x{E2D}"
      text run at (0,40850) width 14: "\x{E22}"
      text run at (0,40869) width 14: "\x{E39}\x{E48}"
      text run at (0,40888) width 14: "\x{E08}"
      text run at (0,40907) width 14: "\x{E32}"
      text run at (0,40926) width 14: "\x{E01}"
      text run at (0,40945) width 14: "\x{E14}"
      text run at (0,40964) width 14: "\x{E49}"
      text run at (0,40983) width 14: "\x{E32}"
      text run at (0,41002) width 14: "\x{E19}"
      text run at (0,41021) width 14: "\x{E40}"
      text run at (0,41040) width 14: "\x{E2B}"
      text run at (0,41059) width 14: "\x{E19}"
      text run at (0,41078) width 14: "\x{E37}"
      text run at (0,41097) width 14: "\x{E2D}"
      text run at (0,41116) width 14: "\x{E44}"
      text run at (0,41135) width 14: "\x{E01}"
      text run at (0,41154) width 14: "\x{E25}"
      text run at (0,41173) width 14: "\x{E2D}"
      text run at (0,41192) width 14: "\x{E2D}"
      text run at (0,41211) width 14: "\x{E01}"
      text run at (0,41230) width 28: "\x{E44}\x{E1B}"
      text run at (0,41249) width 14: "\x{E21}"
      text run at (0,41268) width 14: "\x{E35}"
      text run at (0,41287) width 14: "\x{E40}"
      text run at (0,41306) width 14: "\x{E2A}"
      text run at (0,41325) width 14: "\x{E35}"
      text run at (0,41344) width 14: "\x{E22}"
      text run at (0,41363) width 14: "\x{E07}"
      text run at (0,41382) width 14: "\x{E25}"
      text run at (0,41401) width 14: "\x{E21}"
      text run at (0,41420) width 14: "\x{E04}"
      text run at (0,41439) width 14: "\x{E23}"
      text run at (0,41458) width 14: "\x{E32}"
      text run at (0,41477) width 14: "\x{E07}"
      text run at (0,41496) width 14: "\x{E41}"
      text run at (0,41515) width 14: "\x{E1C}"
      text run at (0,41534) width 14: "\x{E48}"
      text run at (0,41553) width 14: "\x{E27}"
      text run at (0,41572) width 14: "\x{E40}"
      text run at (0,41591) width 14: "\x{E1A}"
      text run at (0,41610) width 14: "\x{E32}"
      text run at (0,41629) width 14: "\x{E44}"
      text run at (0,41648) width 14: "\x{E14}"
      text run at (0,41667) width 14: "\x{E49}"
      text run at (0,41686) width 14: "\x{E22}"
      text run at (0,41705) width 14: "\x{E34}"
      text run at (0,41724) width 14: "\x{E19}"
      text run at (0,41743) width 28: "\x{E21}\x{E32}"
      text run at (0,41762) width 14: "\x{E25}"
      text run at (0,41781) width 14: "\x{E38}"
      text run at (0,41800) width 14: "\x{E07}"
      text run at (0,41819) width 14: "\x{E40}"
      text run at (0,41838) width 14: "\x{E2E}"
      text run at (0,41857) width 14: "\x{E19}"
      text run at (0,41876) width 14: "\x{E23}"
      text run at (0,41895) width 14: "\x{E35}"
      text run at (0,41914) width 14: "\x{E41}"
      text run at (0,41933) width 14: "\x{E25}"
      text run at (0,41952) width 14: "\x{E30}"
      text run at (0,41971) width 14: "\x{E42}"
      text run at (0,41990) width 14: "\x{E14}"
      text run at (0,42009) width 14: "\x{E42}"
      text run at (0,42028) width 14: "\x{E23}"
      text run at (0,42047) width 14: "\x{E18}"
      text run at (0,42066) width 14: "\x{E35}"
      text run at (0,42085) width 14: "\x{E40}"
      text run at (0,42104) width 14: "\x{E2B}"
      text run at (0,42123) width 14: "\x{E47}"
      text run at (0,42142) width 14: "\x{E19}"
      text run at (0,42161) width 14: "\x{E15}"
      text run at (0,42180) width 14: "\x{E49}"
      text run at (0,42199) width 14: "\x{E19}"
      text run at (0,42218) width 14: "\x{E2B}"
      text run at (0,42237) width 14: "\x{E0D}"
      text run at (0,42256) width 14: "\x{E49}"
      text run at (0,42275) width 14: "\x{E32}"
      text run at (0,42294) width 14: "\x{E2A}"
      text run at (0,42313) width 14: "\x{E39}"
      text run at (0,42332) width 14: "\x{E07}"
      text run at (0,42351) width 14: "\x{E40}"
      text run at (0,42370) width 14: "\x{E2D}"
      text run at (0,42389) width 14: "\x{E19}"
      text run at (0,42408) width 14: "\x{E40}"
      text run at (0,42427) width 14: "\x{E1B}"
      text run at (0,42446) width 14: "\x{E47}"
      text run at (0,42465) width 14: "\x{E19}"
      text run at (0,42484) width 14: "\x{E04}"
      text run at (0,42503) width 14: "\x{E25}"
      text run at (0,42522) width 14: "\x{E37}"
      text run at (0,42541) width 14: "\x{E48}"
      text run at (0,42560) width 14: "\x{E19}"
      text run at (0,42579) width 14: "\x{E01}"
      text run at (0,42598) width 14: "\x{E48}"
      text run at (0,42617) width 14: "\x{E2D}"
      text run at (0,42636) width 14: "\x{E19}"
      text run at (0,42655) width 14: "\x{E17}"
      text run at (0,42674) width 14: "\x{E35}"
      text run at (0,42693) width 14: "\x{E48}"
      text run at (0,42712) width 14: "\x{E1E}"
      text run at (0,42731) width 14: "\x{E32}"
      text run at (0,42750) width 14: "\x{E22}"
      text run at (0,42769) width 14: "\x{E38}"
      text run at (0,42788) width 14: "\x{E08}"
      text run at (0,42807) width 14: "\x{E30}"
      text run at (0,42826) width 14: "\x{E21}"
      text run at (0,42845) width 14: "\x{E32}"
      text run at (0,42864) width 14: "\x{E16}"
      text run at (0,42883) width 28: "\x{E36}\x{E07}"
      text run at (0,42902) width 14: "\x{E41}"
      text run at (0,42921) width 14: "\x{E25}"
      text run at (0,42940) width 14: "\x{E49}"
      text run at (0,42959) width 14: "\x{E27}"
      text run at (0,42978) width 14: "\x{E01}"
      text run at (0,42997) width 14: "\x{E47}"
      text run at (0,43016) width 14: "\x{E21}"
      text run at (0,43035) width 14: "\x{E35}"
      text run at (0,43054) width 14: "\x{E40}"
      text run at (0,43073) width 14: "\x{E2A}"
      text run at (0,43092) width 14: "\x{E35}"
      text run at (0,43111) width 14: "\x{E22}"
      text run at (0,43130) width 14: "\x{E07}"
      text run at (0,43149) width 14: "\x{E2B}"
      text run at (0,43168) width 14: "\x{E27}"
      text run at (0,43187) width 14: "\x{E35}"
      text run at (0,43206) width 14: "\x{E14}"
      text run at (0,43225) width 14: "\x{E2B}"
      text run at (0,43244) width 14: "\x{E27}"
      text run at (0,43263) width 14: "\x{E34}"
      text run at (0,43282) width 14: "\x{E27}"
      text run at (0,43301) width 14: "\x{E0A}"
      text run at (0,43320) width 14: "\x{E31}"
      text run at (0,43339) width 14: "\x{E14}"
      text run at (0,43358) width 14: "\x{E40}"
      text run at (0,43377) width 14: "\x{E08}"
      text run at (0,43396) width 14: "\x{E19}"
      text run at (0,43415) width 14: "\x{E21}"
      text run at (0,43434) width 14: "\x{E32}"
      text run at (0,43453) width 14: "\x{E08}"
      text run at (0,43472) width 14: "\x{E32}"
      text run at (0,43491) width 14: "\x{E01}"
      text run at (0,43510) width 14: "\x{E1A}"
      text run at (0,43529) width 14: "\x{E23}"
      text run at (0,43548) width 14: "\x{E23}"
      text run at (0,43567) width 14: "\x{E22}"
      text run at (0,43586) width 14: "\x{E32}"
      text run at (0,43605) width 14: "\x{E01}"
      text run at (0,43624) width 14: "\x{E32}"
      text run at (0,43643) width 14: "\x{E28}"
      text run at (0,43662) width 14: "\x{E17}"
      text run at (0,43681) width 14: "\x{E32}"
      text run at (0,43700) width 14: "\x{E07}"
      text run at (0,43719) width 14: "\x{E43}"
      text run at (0,43738) width 14: "\x{E15}\x{E49}"
      text run at (0,43757) width 14: "\x{E41}"
      text run at (0,43776) width 14: "\x{E25}"
      text run at (0,43795) width 14: "\x{E30}"
      text run at (0,43814) width 14: "\x{E40}"
      text run at (0,43833) width 14: "\x{E21}"
      text run at (0,43852) width 14: "\x{E37}"
      text run at (0,43871) width 14: "\x{E48}"
      text run at (0,43890) width 14: "\x{E2D}"
      text run at (0,43909) width 14: "\x{E40}"
      text run at (0,43928) width 14: "\x{E2B}"
      text run at (0,43947) width 14: "\x{E25}"
      text run at (0,43966) width 14: "\x{E37}"
      text run at (0,43985) width 14: "\x{E2D}"
      text run at (0,44004) width 14: "\x{E1A}"
      text run at (0,44023) width 14: "\x{E15}"
      text run at (0,44042) width 14: "\x{E32}"
      text run at (0,44061) width 14: "\x{E44}"
      text run at (0,44080) width 14: "\x{E1B}"
      text run at (0,44099) width 14: "\x{E17}"
      text run at (0,44118) width 14: "\x{E32}"
      text run at (0,44137) width 14: "\x{E07}"
      text run at (0,44156) width 14: "\x{E14}"
      text run at (0,44175) width 14: "\x{E49}"
      text run at (0,44194) width 14: "\x{E32}"
      text run at (0,44213) width 14: "\x{E19}"
      text run at (0,44232) width 14: "\x{E19}"
      text run at (0,44251) width 14: "\x{E31}"
      text run at (0,44270) width 14: "\x{E49}"
      text run at (0,44289) width 14: "\x{E19}"
      text run at (0,44308) width 14: "\x{E01}"
      text run at (0,44327) width 14: "\x{E47}"
      text run at (0,44346) width 14: "\x{E40}"
      text run at (0,44365) width 14: "\x{E2B}"
      text run at (0,44384) width 14: "\x{E47}"
      text run at (0,44403) width 14: "\x{E19}"
      text run at (0,44422) width 14: "\x{E04}"
      text run at (0,44441) width 14: "\x{E25}"
      text run at (0,44460) width 14: "\x{E37}"
      text run at (0,44479) width 14: "\x{E48}"
      text run at (0,44498) width 14: "\x{E19}"
      text run at (0,44517) width 14: "\x{E2B}"
      text run at (0,44536) width 14: "\x{E0D}"
      text run at (0,44555) width 14: "\x{E49}"
      text run at (0,44574) width 14: "\x{E32}"
      text run at (0,44593) width 14: "\x{E21}"
      text run at (0,44612) width 14: "\x{E32}"
      text run at (0,44631) width 14: "\x{E17}"
      text run at (0,44650) width 14: "\x{E32}"
      text run at (0,44669) width 14: "\x{E07}"
      text run at (0,44688) width 14: "\x{E14}"
      text run at (0,44707) width 14: "\x{E49}"
      text run at (0,44726) width 14: "\x{E32}"
      text run at (0,44745) width 14: "\x{E19}"
      text run at (0,44764) width 14: "\x{E19}"
      text run at (0,44783) width 14: "\x{E31}"
      text run at (0,44802) width 14: "\x{E49}"
      text run at (0,44821) width 14: "\x{E19}"
      text run at (0,44840) width 14: "\x{E14}"
      text run at (0,44859) width 14: "\x{E49}"
      text run at (0,44878) width 28: "\x{E27}\x{E22}"
      text run at (0,44897) width 14: "\x{E25}"
      text run at (0,44916) width 14: "\x{E38}"
      text run at (0,44935) width 14: "\x{E07}"
      text run at (0,44954) width 14: "\x{E40}"
      text run at (0,44973) width 14: "\x{E2E}"
      text run at (0,44992) width 14: "\x{E19}"
      text run at (0,45011) width 14: "\x{E23}"
      text run at (0,45030) width 14: "\x{E35}"
      text run at (0,45049) width 14: "\x{E1C}"
      text run at (0,45068) width 14: "\x{E38}"
      text run at (0,45087) width 14: "\x{E14}"
      text run at (0,45106) width 14: "\x{E25}"
      text run at (0,45125) width 14: "\x{E38}"
      text run at (0,45144) width 14: "\x{E01}"
      text run at (0,45163) width 14: "\x{E02}"
      text run at (0,45182) width 14: "\x{E36}"
      text run at (0,45201) width 14: "\x{E49}"
      text run at (0,45220) width 14: "\x{E19}"
      text run at (0,45239) width 14: "\x{E17}"
      text run at (0,45258) width 14: "\x{E31}"
      text run at (0,45277) width 14: "\x{E19}"
      text run at (0,45296) width 28: "\x{E43}\x{E14}"
      text run at (0,45315) width 5: "\""
      text run at (0,45334) width 14: "\x{E25}"
      text run at (0,45353) width 14: "\x{E21}"
      text run at (0,45372) width 14: "\x{E44}"
      text run at (0,45391) width 14: "\x{E0B}"
      text run at (0,45410) width 14: "\x{E42}"
      text run at (0,45429) width 14: "\x{E04}"
      text run at (0,45448) width 14: "\x{E25}"
      text run at (0,45467) width 14: "\x{E19}"
      text run at (0,45486) width 28: "\x{E21}\x{E32}"
      text run at (0,45505) width 14: "\x{E40}"
      text run at (0,45524) width 14: "\x{E2D}"
      text run at (0,45543) width 33: "\x{E47}\x{E21}\""
      text run at (0,45562) width 14: "\x{E25}"
      text run at (0,45581) width 14: "\x{E38}"
      text run at (0,45600) width 14: "\x{E07}"
      text run at (0,45619) width 14: "\x{E23}"
      text run at (0,45638) width 14: "\x{E49}"
      text run at (0,45657) width 14: "\x{E2D}"
      text run at (0,45676) width 14: "\x{E07}"
      text run at (0,45695) width 14: "\x{E1A}"
      text run at (0,45714) width 14: "\x{E2D}"
      text run at (0,45733) width 14: "\x{E01}"
      text run at (0,45752) width 14: "\x{E20}"
      text run at (0,45771) width 14: "\x{E23}"
      text run at (0,45790) width 14: "\x{E23}"
      text run at (0,45809) width 28: "\x{E22}\x{E32}"
      text run at (0,45828) width 5: "\""
      text run at (0,45847) width 14: "\x{E02}"
      text run at (0,45866) width 14: "\x{E49}"
      text run at (0,45885) width 14: "\x{E32}"
      text run at (0,45904) width 14: "\x{E08}"
      text run at (0,45923) width 14: "\x{E30}"
      text run at (0,45942) width 14: "\x{E44}"
      text run at (0,45961) width 14: "\x{E1B}"
      text run at (0,45980) width 14: "\x{E14}"
      text run at (0,45999) width 14: "\x{E39}"
      text run at (0,46018) width 14: "\x{E2A}"
      text run at (0,46037) width 14: "\x{E31}"
      text run at (0,46056) width 14: "\x{E15}"
      text run at (0,46075) width 14: "\x{E27}"
      text run at (0,46094) width 14: "\x{E4C}"
      text run at (0,46113) width 14: "\x{E40}"
      text run at (0,46132) width 14: "\x{E25}"
      text run at (0,46151) width 14: "\x{E35}"
      text run at (0,46170) width 14: "\x{E49}"
      text run at (0,46189) width 14: "\x{E22}"
      text run at (0,46208) width 14: "\x{E07}"
      text run at (0,46227) width 14: "\x{E2B}"
      text run at (0,46246) width 14: "\x{E19}"
      text run at (0,46265) width 14: "\x{E48}"
      text run at (0,46284) width 33: "\x{E2D}\x{E22}\""
      text run at (0,46303) width 14: "\x{E41}"
      text run at (0,46322) width 14: "\x{E25}"
      text run at (0,46341) width 14: "\x{E49}"
      text run at (0,46360) width 14: "\x{E27}"
      text run at (0,46379) width 14: "\x{E25}"
      text run at (0,46398) width 14: "\x{E38}"
      text run at (0,46417) width 14: "\x{E07}"
      text run at (0,46436) width 14: "\x{E01}"
      text run at (0,46455) width 14: "\x{E47}"
      text run at (0,46474) width 14: "\x{E27}"
      text run at (0,46493) width 14: "\x{E34}"
      text run at (0,46512) width 14: "\x{E48}"
      text run at (0,46531) width 14: "\x{E07}"
      text run at (0,46550) width 14: "\x{E44}"
      text run at (0,46569) width 14: "\x{E1B}"
      text run at (0,46588) width 14: "\x{E22}"
      text run at (0,46607) width 14: "\x{E31}"
      text run at (0,46626) width 14: "\x{E07}"
      text run at (0,46645) width 14: "\x{E40}"
      text run at (0,46664) width 14: "\x{E1E}"
      text run at (0,46683) width 14: "\x{E34}"
      text run at (0,46702) width 14: "\x{E07}"
      text run at (0,46721) width 14: "\x{E17}"
      text run at (0,46740) width 14: "\x{E35}"
      text run at (0,46759) width 14: "\x{E48}"
      text run at (0,46778) width 14: "\x{E27}"
      text run at (0,46797) width 14: "\x{E31}"
      text run at (0,46816) width 14: "\x{E27}"
      text run at (0,46835) width 14: "\x{E41}"
      text run at (0,46854) width 14: "\x{E25}"
      text run at (0,46873) width 14: "\x{E30}"
      text run at (0,46892) width 14: "\x{E21}"
      text run at (0,46911) width 14: "\x{E49}"
      text run at (0,46930) width 14: "\x{E32}"
      text run at (0,46949) width 14: "\x{E2D}"
      text run at (0,46968) width 14: "\x{E32}"
      text run at (0,46987) width 14: "\x{E28}"
      text run at (0,47006) width 14: "\x{E31}"
      text run at (0,47025) width 14: "\x{E22}"
      text run at (0,47044) width 14: "\x{E2D}"
      text run at (0,47063) width 14: "\x{E22}"
      text run at (0,47082) width 14: "\x{E39}\x{E48}"
      text run at (0,47101) width 14: "\x{E1B}"
      text run at (0,47120) width 14: "\x{E49}"
      text run at (0,47139) width 14: "\x{E32}"
      text run at (0,47158) width 14: "\x{E40}"
      text run at (0,47177) width 14: "\x{E2D}"
      text run at (0,47196) width 14: "\x{E47}"
      text run at (0,47215) width 14: "\x{E21}"
      text run at (0,47234) width 14: "\x{E2B}"
      text run at (0,47253) width 14: "\x{E22}"
      text run at (0,47272) width 14: "\x{E38}"
      text run at (0,47291) width 14: "\x{E14}"
      text run at (0,47310) width 14: "\x{E17}"
      text run at (0,47329) width 14: "\x{E33}"
      text run at (0,47348) width 14: "\x{E07}"
      text run at (0,47367) width 14: "\x{E32}"
      text run at (0,47386) width 14: "\x{E19}"
      text run at (0,47405) width 14: "\x{E41}"
      text run at (0,47424) width 14: "\x{E25}"
      text run at (0,47443) width 14: "\x{E30}"
      text run at (0,47462) width 14: "\x{E21}"
      text run at (0,47481) width 14: "\x{E32}"
      text run at (0,47500) width 14: "\x{E17}"
      text run at (0,47519) width 14: "\x{E35}"
      text run at (0,47538) width 14: "\x{E48}"
      text run at (0,47557) width 14: "\x{E1B}"
      text run at (0,47576) width 14: "\x{E23}"
      text run at (0,47595) width 14: "\x{E30}"
      text run at (0,47614) width 14: "\x{E15}\x{E39}"
      text run at (0,47633) width 14: "\x{E40}"
      text run at (0,47652) width 14: "\x{E1E}"
      text run at (0,47671) width 14: "\x{E35}"
      text run at (0,47690) width 14: "\x{E22}"
      text run at (0,47709) width 14: "\x{E07}"
      text run at (0,47728) width 14: "\x{E0A}"
      text run at (0,47747) width 14: "\x{E32}"
      text run at (0,47766) width 14: "\x{E22}"
      text run at (0,47785) width 14: "\x{E15}"
      text run at (0,47804) width 14: "\x{E32}"
      text run at (0,47823) width 14: "\x{E21}"
      text run at (0,47842) width 28: "\x{E2D}\x{E07}"
      text run at (0,47861) width 14: "\x{E1B}"
      text run at (0,47880) width 14: "\x{E49}"
      text run at (0,47899) width 14: "\x{E32}"
      text run at (0,47918) width 14: "\x{E01}"
      text run at (0,47937) width 14: "\x{E47}"
      text run at (0,47956) width 14: "\x{E1A}"
      text run at (0,47975) width 14: "\x{E2D}"
      text run at (0,47994) width 14: "\x{E01}"
      text run at (0,48013) width 14: "\x{E44}"
      text run at (0,48032) width 14: "\x{E14}"
      text run at (0,48051) width 14: "\x{E49}"
      text run at (0,48070) width 14: "\x{E27}"
      text run at (0,48089) width 14: "\x{E48}"
      text run at (0,48108) width 14: "\x{E32}"
      text run at (0,48127) width 14: "\x{E2D}"
      text run at (0,48146) width 14: "\x{E31}"
      text run at (0,48165) width 14: "\x{E19}"
      text run at (0,48184) width 14: "\x{E15}"
      text run at (0,48203) width 14: "\x{E23}"
      text run at (0,48222) width 14: "\x{E32}"
      text run at (0,48241) width 14: "\x{E22}"
      text run at (0,48260) width 14: "\x{E21}"
      text run at (0,48279) width 14: "\x{E32}"
      text run at (0,48298) width 14: "\x{E16}"
      text run at (0,48317) width 14: "\x{E36}"
      text run at (0,48336) width 14: "\x{E07}"
      text run at (0,48355) width 14: "\x{E41}"
      text run at (0,48374) width 14: "\x{E25}"
      text run at (0,48393) width 28: "\x{E49}\x{E27}"
      text run at (0,48412) width 5: "\""
      text run at (0,48431) width 14: "\x{E40}"
      text run at (0,48450) width 14: "\x{E23}"
      text run at (0,48469) width 14: "\x{E47}"
      text run at (0,48488) width 14: "\x{E27}"
      text run at (0,48507) width 14: "\x{E42}"
      text run at (0,48526) width 14: "\x{E14}"
      text run at (0,48545) width 14: "\x{E42}"
      text run at (0,48564) width 14: "\x{E23}"
      text run at (0,48583) width 23: "\x{E18}\x{E35}!\""
      text run at (0,48602) width 14: "\x{E1B}"
      text run at (0,48621) width 14: "\x{E49}"
      text run at (0,48640) width 14: "\x{E32}"
      text run at (0,48659) width 14: "\x{E15}"
      text run at (0,48678) width 14: "\x{E30}"
      text run at (0,48697) width 14: "\x{E42}"
      text run at (0,48716) width 28: "\x{E01}\x{E19}"
      text run at (0,48735) width 5: "\""
      text run at (0,48754) width 14: "\x{E27}"
      text run at (0,48773) width 14: "\x{E34}"
      text run at (0,48792) width 14: "\x{E48}"
      text run at (0,48811) width 14: "\x{E07}"
      text run at (0,48830) width 14: "\x{E44}"
      text run at (0,48849) width 14: "\x{E1B}"
      text run at (0,48868) width 14: "\x{E2B}"
      text run at (0,48887) width 14: "\x{E49}"
      text run at (0,48906) width 14: "\x{E2D}"
      text run at (0,48925) width 14: "\x{E07}"
      text run at (0,48944) width 14: "\x{E43}"
      text run at (0,48963) width 14: "\x{E15}"
      text run at (0,48982) width 14: "\x{E49}"
      text run at (0,49001) width 14: "\x{E16}"
      text run at (0,49020) width 33: "\x{E38}\x{E19}\""
      text run at (0,49039) width 14: "\x{E42}"
      text run at (0,49058) width 14: "\x{E15}"
      text run at (0,49077) width 14: "\x{E42}"
      text run at (0,49096) width 14: "\x{E15}"
      text run at (0,49115) width 14: "\x{E49}"
      text run at (0,49134) width 14: "\x{E1C}"
      text run at (0,49153) width 14: "\x{E25}"
      text run at (0,49172) width 14: "\x{E38}"
      text run at (0,49191) width 14: "\x{E19}"
      text run at (0,49210) width 14: "\x{E01}"
      text run at (0,49229) width 14: "\x{E23}"
      text run at (0,49248) width 14: "\x{E30}"
      text run at (0,49267) width 14: "\x{E42}"
      text run at (0,49286) width 14: "\x{E14}"
      text run at (0,49305) width 14: "\x{E14}"
      text run at (0,49324) width 14: "\x{E25}"
      text run at (0,49343) width 14: "\x{E07}"
      text run at (0,49362) width 14: "\x{E08}"
      text run at (0,49381) width 14: "\x{E32}"
      text run at (0,49400) width 14: "\x{E01}"
      text run at (0,49419) width 14: "\x{E2D}"
      text run at (0,49438) width 14: "\x{E49}"
      text run at (0,49457) width 14: "\x{E2D}"
      text run at (0,49476) width 14: "\x{E21}"
      text run at (0,49495) width 14: "\x{E41}"
      text run at (0,49514) width 14: "\x{E02}"
      text run at (0,49533) width 14: "\x{E19}"
      text run at (0,49552) width 14: "\x{E42}"
      text run at (0,49571) width 14: "\x{E14}"
      text run at (0,49590) width 14: "\x{E42}"
      text run at (0,49609) width 14: "\x{E23}"
      text run at (0,49628) width 14: "\x{E18}\x{E35}"
      text run at (0,49647) width 14: "\x{E41}"
      text run at (0,49666) width 14: "\x{E25}"
      text run at (0,49685) width 14: "\x{E49}"
      text run at (0,49704) width 14: "\x{E27}"
      text run at (0,49723) width 14: "\x{E40}"
      text run at (0,49742) width 14: "\x{E02}"
      text run at (0,49761) width 14: "\x{E49}"
      text run at (0,49780) width 14: "\x{E32}"
      text run at (0,49799) width 14: "\x{E44}"
      text run at (0,49818) width 14: "\x{E1B}"
      text run at (0,49837) width 14: "\x{E0B}"
      text run at (0,49856) width 14: "\x{E48}"
      text run at (0,49875) width 14: "\x{E2D}"
      text run at (0,49894) width 14: "\x{E19}"
      text run at (0,49913) width 14: "\x{E2D}"
      text run at (0,49932) width 14: "\x{E22}"
      text run at (0,49951) width 14: "\x{E39}"
      text run at (0,49970) width 14: "\x{E48}"
      text run at (0,49989) width 14: "\x{E43}"
      text run at (0,50008) width 14: "\x{E15}"
      text run at (0,50027) width 14: "\x{E49}"
      text run at (0,50046) width 14: "\x{E40}"
      text run at (0,50065) width 14: "\x{E15}"
      text run at (0,50084) width 14: "\x{E35}"
      text run at (0,50103) width 28: "\x{E22}\x{E07}"
      text run at (0,50122) width 14: "\x{E40}"
      text run at (0,50141) width 14: "\x{E14}"
      text run at (0,50160) width 14: "\x{E47}"
      text run at (0,50179) width 14: "\x{E01}"
      text run at (0,50198) width 14: "\x{E2B}"
      text run at (0,50217) width 14: "\x{E0D}"
      text run at (0,50236) width 14: "\x{E34}"
      text run at (0,50255) width 14: "\x{E07}"
      text run at (0,50274) width 14: "\x{E19}"
      text run at (0,50293) width 14: "\x{E49}"
      text run at (0,50312) width 14: "\x{E2D}"
      text run at (0,50331) width 14: "\x{E22}"
      text run at (0,50350) width 14: "\x{E40}"
      text run at (0,50369) width 14: "\x{E02}"
      text run at (0,50388) width 14: "\x{E49}"
      text run at (0,50407) width 14: "\x{E32}"
      text run at (0,50426) width 14: "\x{E44}"
      text run at (0,50445) width 14: "\x{E1B}"
      text run at (0,50464) width 14: "\x{E14}"
      text run at (0,50483) width 14: "\x{E36}"
      text run at (0,50502) width 14: "\x{E07}"
      text run at (0,50521) width 14: "\x{E21}"
      text run at (0,50540) width 14: "\x{E31}"
      text run at (0,50559) width 14: "\x{E19}"
      text run at (0,50578) width 14: "\x{E2D}"
      text run at (0,50597) width 14: "\x{E2D}"
      text run at (0,50616) width 14: "\x{E01}"
      text run at (0,50635) width 28: "\x{E21}\x{E32}"
      text run at (0,50654) width 14: "\x{E1B}"
      text run at (0,50673) width 14: "\x{E49}"
      text run at (0,50692) width 14: "\x{E32}"
      text run at (0,50711) width 14: "\x{E40}"
      text run at (0,50730) width 14: "\x{E2D}"
      text run at (0,50749) width 14: "\x{E47}"
      text run at (0,50768) width 14: "\x{E21}"
      text run at (0,50787) width 14: "\x{E01}"
      text run at (0,50806) width 14: "\x{E23}"
      text run at (0,50825) width 14: "\x{E30}"
      text run at (0,50844) width 14: "\x{E0A}"
      text run at (0,50863) width 14: "\x{E32}"
      text run at (0,50882) width 14: "\x{E01}"
      text run at (0,50901) width 14: "\x{E1D}"
      text run at (0,50920) width 14: "\x{E32}"
      text run at (0,50939) width 14: "\x{E17}"
      text run at (0,50958) width 14: "\x{E35}"
      text run at (0,50977) width 14: "\x{E48}"
      text run at (0,50996) width 14: "\x{E1E}"
      text run at (0,51015) width 14: "\x{E37}"
      text run at (0,51034) width 14: "\x{E49}"
      text run at (0,51053) width 14: "\x{E19}"
      text run at (0,51072) width 14: "\x{E2D}"
      text run at (0,51091) width 14: "\x{E2D}"
      text run at (0,51110) width 14: "\x{E01}"
      text run at (0,51129) width 14: "\x{E2D}"
      text run at (0,51148) width 14: "\x{E22}"
      text run at (0,51167) width 14: "\x{E48}"
      text run at (0,51186) width 14: "\x{E32}"
      text run at (0,51205) width 14: "\x{E07}"
      text run at (0,51224) width 14: "\x{E2D}"
      text run at (0,51243) width 14: "\x{E01}"
      text run at (0,51262) width 14: "\x{E2A}"
      text run at (0,51281) width 14: "\x{E31}"
      text run at (0,51300) width 14: "\x{E48}"
      text run at (0,51319) width 14: "\x{E19}"
      text run at (0,51338) width 14: "\x{E02}"
      text run at (0,51357) width 14: "\x{E27}"
      text run at (0,51376) width 14: "\x{E31}"
      text run at (0,51395) width 14: "\x{E0D}"
      text run at (0,51414) width 14: "\x{E2B}"
      text run at (0,51433) width 28: "\x{E32}\x{E22}"
      text run at (0,51452) width 14: "\x{E1B}"
      text run at (0,51471) width 14: "\x{E35}"
      text run at (0,51490) width 14: "\x{E19}"
      text run at (0,51509) width 14: "\x{E1A}"
      text run at (0,51528) width 14: "\x{E31}"
      text run at (0,51547) width 14: "\x{E19}"
      text run at (0,51566) width 14: "\x{E44}"
      text run at (0,51585) width 14: "\x{E14}"
      text run at (0,51604) width 14: "\x{E44}"
      text run at (0,51623) width 14: "\x{E21}"
      text run at (0,51642) width 14: "\x{E49}"
      text run at (0,51661) width 14: "\x{E25}"
      text run at (0,51680) width 14: "\x{E07}"
      text run at (0,51699) width 14: "\x{E44}"
      text run at (0,51718) width 14: "\x{E1B}"
      text run at (0,51737) width 14: "\x{E43}"
      text run at (0,51756) width 14: "\x{E19}"
      text run at (0,51775) width 14: "\x{E42}"
      text run at (0,51794) width 14: "\x{E1E}"
      text run at (0,51813) width 14: "\x{E23}"
      text run at (0,51832) width 14: "\x{E07}"
      text run at (0,51851) width 14: "\x{E40}"
      text run at (0,51870) width 14: "\x{E25}"
      text run at (0,51889) width 14: "\x{E47}"
      text run at (0,51908) width 14: "\x{E01}"
      text run at (0,51927) width 14: "\x{E2D}"
      text run at (0,51946) width 14: "\x{E31}"
      text run at (0,51965) width 14: "\x{E19}"
      text run at (0,51984) width 14: "\x{E21}"
      text run at (0,52003) width 14: "\x{E37}"
      text run at (0,52022) width 14: "\x{E14}"
      text run at (0,52041) width 14: "\x{E17}"
      text run at (0,52060) width 28: "\x{E36}\x{E1A}"
      text run at (0,52079) width 14: "\x{E42}"
      text run at (0,52098) width 14: "\x{E14}"
      text run at (0,52117) width 14: "\x{E42}"
      text run at (0,52136) width 14: "\x{E23}"
      text run at (0,52155) width 14: "\x{E18}"
      text run at (0,52174) width 14: "\x{E35}"
      text run at (0,52193) width 14: "\x{E08}"
      text run at (0,52212) width 14: "\x{E31}"
      text run at (0,52231) width 14: "\x{E1A}"
      text run at (0,52250) width 14: "\x{E42}"
      text run at (0,52269) width 14: "\x{E15}"
      text run at (0,52288) width 14: "\x{E42}"
      text run at (0,52307) width 14: "\x{E15}"
      text run at (0,52326) width 14: "\x{E49}"
      text run at (0,52345) width 14: "\x{E44}"
      text run at (0,52364) width 14: "\x{E14}"
      text run at (0,52383) width 14: "\x{E49}"
      text run at (0,52402) width 14: "\x{E43}"
      text run at (0,52421) width 14: "\x{E19}"
      text run at (0,52440) width 14: "\x{E17}"
      text run at (0,52459) width 14: "\x{E35}"
      text run at (0,52478) width 14: "\x{E48}"
      text run at (0,52497) width 14: "\x{E2A}"
      text run at (0,52516) width 28: "\x{E38}\x{E14}"
      text run at (0,52535) width 14: "\x{E41}"
      text run at (0,52554) width 14: "\x{E25}"
      text run at (0,52573) width 14: "\x{E30}"
      text run at (0,52592) width 14: "\x{E27}"
      text run at (0,52611) width 14: "\x{E34}"
      text run at (0,52630) width 14: "\x{E48}"
      text run at (0,52649) width 14: "\x{E07}"
      text run at (0,52668) width 14: "\x{E15}"
      text run at (0,52687) width 14: "\x{E32}"
      text run at (0,52706) width 14: "\x{E21}"
      text run at (0,52725) width 14: "\x{E1B}"
      text run at (0,52744) width 14: "\x{E49}"
      text run at (0,52763) width 14: "\x{E32}"
      text run at (0,52782) width 14: "\x{E40}"
      text run at (0,52801) width 14: "\x{E18}"
      text run at (0,52820) width 14: "\x{E2D}"
      text run at (0,52839) width 28: "\x{E44}\x{E1B}"
      text run at (0,52858) width 14: "\x{E40}"
      text run at (0,52877) width 14: "\x{E21}"
      text run at (0,52896) width 14: "\x{E37}"
      text run at (0,52915) width 14: "\x{E48}"
      text run at (0,52934) width 14: "\x{E2D}"
      text run at (0,52953) width 14: "\x{E40}"
      text run at (0,52972) width 14: "\x{E18}"
      text run at (0,52991) width 14: "\x{E2D}"
      text run at (0,53010) width 14: "\x{E21}"
      text run at (0,53029) width 14: "\x{E32}"
      text run at (0,53048) width 14: "\x{E44}"
      text run at (0,53067) width 14: "\x{E14}"
      text run at (0,53086) width 14: "\x{E49}"
      text run at (0,53105) width 14: "\x{E04}"
      text run at (0,53124) width 14: "\x{E23}"
      text run at (0,53143) width 14: "\x{E36}"
      text run at (0,53162) width 14: "\x{E48}"
      text run at (0,53181) width 14: "\x{E07}"
      text run at (0,53200) width 14: "\x{E2B}"
      text run at (0,53219) width 14: "\x{E49}"
      text run at (0,53238) width 14: "\x{E2D}"
      text run at (0,53257) width 14: "\x{E07}"
      text run at (0,53276) width 14: "\x{E01}"
      text run at (0,53295) width 14: "\x{E47}"
      text run at (0,53314) width 14: "\x{E21}"
      text run at (0,53333) width 14: "\x{E35}"
      text run at (0,53352) width 14: "\x{E40}"
      text run at (0,53371) width 14: "\x{E2A}"
      text run at (0,53390) width 14: "\x{E35}"
      text run at (0,53409) width 14: "\x{E22}"
      text run at (0,53428) width 14: "\x{E07}"
      text run at (0,53447) width 14: "\x{E2B}"
      text run at (0,53466) width 14: "\x{E27}"
      text run at (0,53485) width 14: "\x{E35}"
      text run at (0,53504) width 14: "\x{E14}"
      text run at (0,53523) width 14: "\x{E2B}"
      text run at (0,53542) width 14: "\x{E27}"
      text run at (0,53561) width 28: "\x{E37}\x{E2D}"
      text run at (0,53580) width 14: "\x{E2A}"
      text run at (0,53599) width 14: "\x{E48}"
      text run at (0,53618) width 14: "\x{E27}"
      text run at (0,53637) width 14: "\x{E19}"
      text run at (0,53656) width 14: "\x{E1A}"
      text run at (0,53675) width 14: "\x{E49}"
      text run at (0,53694) width 14: "\x{E32}"
      text run at (0,53713) width 14: "\x{E19}"
      text run at (0,53732) width 14: "\x{E01}"
      text run at (0,53751) width 14: "\x{E47}"
      text run at (0,53770) width 14: "\x{E2A}"
      text run at (0,53789) width 14: "\x{E31}"
      text run at (0,53808) width 14: "\x{E48}"
      text run at (0,53827) width 14: "\x{E19}"
      text run at (0,53846) width 14: "\x{E2D}"
      text run at (0,53865) width 14: "\x{E22}"
      text run at (0,53884) width 14: "\x{E48}"
      text run at (0,53903) width 14: "\x{E32}"
      text run at (0,53922) width 14: "\x{E07}"
      text run at (0,53941) width 14: "\x{E41}"
      text run at (0,53960) width 14: "\x{E23}"
      text run at (0,53979) width 14: "\x{E07}"
      text run at (0,53998) width 14: "\x{E08}"
      text run at (0,54017) width 14: "\x{E19}"
      text run at (0,54036) width 14: "\x{E40}"
      text run at (0,54055) width 14: "\x{E18}"
      text run at (0,54074) width 14: "\x{E2D}"
      text run at (0,54093) width 14: "\x{E2B}"
      text run at (0,54112) width 14: "\x{E01}"
      text run at (0,54131) width 14: "\x{E04}"
      text run at (0,54150) width 14: "\x{E30}"
      text run at (0,54169) width 14: "\x{E21}"
      text run at (0,54188) width 14: "\x{E33}"
      text run at (0,54207) width 14: "\x{E19}"
      text run at (0,54226) width 14: "\x{E31}"
      text run at (0,54245) width 14: "\x{E48}"
      text run at (0,54264) width 14: "\x{E07}"
      text run at (0,54283) width 14: "\x{E08}"
      text run at (0,54302) width 14: "\x{E49}"
      text run at (0,54321) width 14: "\x{E33}"
      text run at (0,54340) width 14: "\x{E40}"
      text run at (0,54359) width 14: "\x{E1A}"
      text run at (0,54378) width 14: "\x{E49}"
      text run at (0,54397) width 14: "\x{E32}"
      text run at (0,54416) width 14: "\x{E2D}"
      text run at (0,54435) width 14: "\x{E22}"
      text run at (0,54454) width 14: "\x{E39}"
      text run at (0,54473) width 14: "\x{E48}"
      text run at (0,54492) width 14: "\x{E01}"
      text run at (0,54511) width 14: "\x{E31}"
      text run at (0,54530) width 14: "\x{E1A}"
      text run at (0,54549) width 14: "\x{E1E}"
      text run at (0,54568) width 14: "\x{E37}"
      text run at (0,54587) width 28: "\x{E49}\x{E19}"
      text run at (0,54606) width 14: "\x{E41}"
      text run at (0,54625) width 14: "\x{E25}"
      text run at (0,54644) width 14: "\x{E49}"
      text run at (0,54663) width 14: "\x{E27}"
      text run at (0,54682) width 14: "\x{E2A}"
      text run at (0,54701) width 14: "\x{E34}"
      text run at (0,54720) width 14: "\x{E48}"
      text run at (0,54739) width 14: "\x{E07}"
      text run at (0,54758) width 14: "\x{E1B}"
      text run at (0,54777) width 14: "\x{E23}"
      text run at (0,54796) width 14: "\x{E30}"
      text run at (0,54815) width 14: "\x{E2B}"
      text run at (0,54834) width 14: "\x{E25}"
      text run at (0,54853) width 14: "\x{E32}"
      text run at (0,54872) width 14: "\x{E14}"
      text run at (0,54891) width 14: "\x{E01}"
      text run at (0,54910) width 14: "\x{E47}"
      text run at (0,54929) width 14: "\x{E40}"
      text run at (0,54948) width 14: "\x{E01}"
      text run at (0,54967) width 14: "\x{E34}"
      text run at (0,54986) width 14: "\x{E14}"
      text run at (0,55005) width 14: "\x{E02}"
      text run at (0,55024) width 14: "\x{E36}"
      text run at (0,55043) width 28: "\x{E49}\x{E19}"
      text run at (0,55062) width 14: "\x{E1A}"
      text run at (0,55081) width 14: "\x{E49}"
      text run at (0,55100) width 14: "\x{E32}"
      text run at (0,55119) width 14: "\x{E19}"
      text run at (0,55138) width 14: "\x{E2B}"
      text run at (0,55157) width 14: "\x{E21}"
      text run at (0,55176) width 14: "\x{E38}"
      text run at (0,55195) width 14: "\x{E19}"
      text run at (0,55214) width 14: "\x{E44}"
      text run at (0,55233) width 14: "\x{E1B}"
      text run at (0,55252) width 14: "\x{E2B}"
      text run at (0,55271) width 14: "\x{E21}"
      text run at (0,55290) width 14: "\x{E38}"
      text run at (0,55309) width 14: "\x{E19}"
      text run at (0,55328) width 14: "\x{E21}"
      text run at (0,55347) width 14: "\x{E32}"
      text run at (0,55366) width 14: "\x{E2A}"
      text run at (0,55385) width 14: "\x{E2D}"
      text run at (0,55404) width 14: "\x{E07}"
      text run at (0,55423) width 14: "\x{E2A}"
      text run at (0,55442) width 14: "\x{E32}"
      text run at (0,55461) width 14: "\x{E21}"
      text run at (0,55480) width 14: "\x{E23}"
      text run at (0,55499) width 28: "\x{E2D}\x{E1A}"
      text run at (0,55518) width 14: "\x{E41}"
      text run at (0,55537) width 14: "\x{E25}"
      text run at (0,55556) width 14: "\x{E49}"
      text run at (0,55575) width 14: "\x{E27}"
      text run at (0,55594) width 14: "\x{E01}"
      text run at (0,55613) width 14: "\x{E47}"
      text run at (0,55632) width 14: "\x{E25}"
      text run at (0,55651) width 14: "\x{E2D}"
      text run at (0,55670) width 14: "\x{E22}"
      text run at (0,55689) width 14: "\x{E02}"
      text run at (0,55708) width 14: "\x{E36}"
      text run at (0,55727) width 14: "\x{E49}"
      text run at (0,55746) width 14: "\x{E19}"
      text run at (0,55765) width 14: "\x{E2A}"
      text run at (0,55784) width 14: "\x{E39}"
      text run at (0,55803) width 14: "\x{E48}"
      text run at (0,55822) width 14: "\x{E2D}"
      text run at (0,55841) width 14: "\x{E32}"
      text run at (0,55860) width 14: "\x{E01}"
      text run at (0,55879) width 14: "\x{E32}"
      text run at (0,55898) width 14: "\x{E28}"
      text run at (0,55917) width 14: "\x{E2D}"
      text run at (0,55936) width 14: "\x{E22}"
      text run at (0,55955) width 14: "\x{E48}"
      text run at (0,55974) width 14: "\x{E32}"
      text run at (0,55993) width 14: "\x{E07}"
      text run at (0,56012) width 14: "\x{E0A}"
      text run at (0,56031) width 14: "\x{E49}"
      text run at (0,56050) width 28: "\x{E32}\x{E46}"
      text run at (0,56069) width 14: "\x{E42}"
      text run at (0,56088) width 14: "\x{E14}"
      text run at (0,56107) width 14: "\x{E42}"
      text run at (0,56126) width 14: "\x{E23}"
      text run at (0,56145) width 14: "\x{E18}"
      text run at (0,56164) width 14: "\x{E35}"
      text run at (0,56183) width 14: "\x{E23}"
      text run at (0,56202) width 14: "\x{E39}"
      text run at (0,56221) width 14: "\x{E49}"
      text run at (0,56240) width 14: "\x{E2A}"
      text run at (0,56259) width 14: "\x{E36}"
      text run at (0,56278) width 14: "\x{E01}"
      text run at (0,56297) width 14: "\x{E23}"
      text run at (0,56316) width 14: "\x{E32}"
      text run at (0,56335) width 14: "\x{E27}"
      text run at (0,56354) width 14: "\x{E01}"
      text run at (0,56373) width 14: "\x{E31}"
      text run at (0,56392) width 14: "\x{E1A}"
      text run at (0,56411) width 14: "\x{E27}"
      text run at (0,56430) width 14: "\x{E48}"
      text run at (0,56449) width 14: "\x{E32}"
      text run at (0,56468) width 14: "\x{E40}"
      text run at (0,56487) width 14: "\x{E18}"
      text run at (0,56506) width 14: "\x{E2D}"
      text run at (0,56525) width 14: "\x{E44}"
      text run at (0,56544) width 14: "\x{E14}"
      text run at (0,56563) width 14: "\x{E49}"
      text run at (0,56582) width 14: "\x{E02}"
      text run at (0,56601) width 14: "\x{E36}"
      text run at (0,56620) width 14: "\x{E49}"
      text run at (0,56639) width 14: "\x{E19}"
      text run at (0,56658) width 14: "\x{E44}"
      text run at (0,56677) width 14: "\x{E1B}"
      text run at (0,56696) width 14: "\x{E01}"
      text run at (0,56715) width 14: "\x{E31}"
      text run at (0,56734) width 14: "\x{E1A}"
      text run at (0,56753) width 14: "\x{E25}"
      text run at (0,56772) width 14: "\x{E39}"
      text run at (0,56791) width 14: "\x{E01}"
      text run at (0,56810) width 14: "\x{E1A}"
      text run at (0,56829) width 14: "\x{E2D}"
      text run at (0,56848) width 14: "\x{E25}"
      text run at (0,56867) width 14: "\x{E25}"
      text run at (0,56886) width 28: "\x{E39}\x{E19}"
      text run at (0,56905) width 14: "\x{E1E}"
      text run at (0,56924) width 14: "\x{E32}"
      text run at (0,56943) width 14: "\x{E22}"
      text run at (0,56962) width 14: "\x{E38}"
      text run at (0,56981) width 14: "\x{E40}"
      text run at (0,57000) width 14: "\x{E2B}"
      text run at (0,57019) width 14: "\x{E19}"
      text run at (0,57038) width 14: "\x{E37}"
      text run at (0,57057) width 14: "\x{E2D}"
      text run at (0,57076) width 14: "\x{E01}"
      text run at (0,57095) width 14: "\x{E31}"
      text run at (0,57114) width 14: "\x{E1A}"
      text run at (0,57133) width 14: "\x{E1E}"
      text run at (0,57152) width 14: "\x{E32}"
      text run at (0,57171) width 14: "\x{E22}"
      text run at (0,57190) width 14: "\x{E38}"
      text run at (0,57209) width 14: "\x{E43}"
      text run at (0,57228) width 14: "\x{E15}"
      text run at (0,57247) width 14: "\x{E49}"
      text run at (0,57266) width 14: "\x{E21}"
      text run at (0,57285) width 14: "\x{E32}"
      text run at (0,57304) width 14: "\x{E1E}"
      text run at (0,57323) width 14: "\x{E1A}"
      text run at (0,57342) width 14: "\x{E01}"
      text run at (0,57361) width 14: "\x{E31}"
      text run at (0,57380) width 14: "\x{E19}"
      text run at (0,57399) width 14: "\x{E15}"
      text run at (0,57418) width 14: "\x{E23}"
      text run at (0,57437) width 14: "\x{E07}"
      text run at (0,57456) width 14: "\x{E17}"
      text run at (0,57475) width 14: "\x{E35}"
      text run at (0,57494) width 14: "\x{E48}"
      text run at (0,57513) width 14: "\x{E1A}"
      text run at (0,57532) width 14: "\x{E49}"
      text run at (0,57551) width 14: "\x{E32}"
      text run at (0,57570) width 14: "\x{E19}"
      text run at (0,57589) width 14: "\x{E1E}"
      text run at (0,57608) width 14: "\x{E2D}"
      text run at (0,57627) width 14: "\x{E14}\x{E35}"
      text run at (0,57646) width 14: "\x{E41}"
      text run at (0,57665) width 14: "\x{E25}"
      text run at (0,57684) width 14: "\x{E30}"
      text run at (0,57703) width 14: "\x{E17}"
      text run at (0,57722) width 14: "\x{E33}"
      text run at (0,57741) width 14: "\x{E43}"
      text run at (0,57760) width 14: "\x{E2B}"
      text run at (0,57779) width 14: "\x{E49}"
      text run at (0,57798) width 14: "\x{E15}"
      text run at (0,57817) width 14: "\x{E23}"
      text run at (0,57836) width 14: "\x{E07}"
      text run at (0,57855) width 14: "\x{E19}"
      text run at (0,57874) width 14: "\x{E31}"
      text run at (0,57893) width 14: "\x{E49}"
      text run at (0,57912) width 14: "\x{E19}"
      text run at (0,57931) width 14: "\x{E40}"
      text run at (0,57950) width 14: "\x{E1B}"
      text run at (0,57969) width 14: "\x{E47}"
      text run at (0,57988) width 14: "\x{E19}"
      text run at (0,58007) width 14: "\x{E08}"
      text run at (0,58026) width 14: "\x{E38}"
      text run at (0,58045) width 14: "\x{E14}"
      text run at (0,58064) width 14: "\x{E28}"
      text run at (0,58083) width 14: "\x{E39}"
      text run at (0,58102) width 14: "\x{E19}"
      text run at (0,58121) width 14: "\x{E22}"
      text run at (0,58140) width 14: "\x{E4C}"
      text run at (0,58159) width 14: "\x{E01}"
      text run at (0,58178) width 14: "\x{E25}"
      text run at (0,58197) width 14: "\x{E32}"
      text run at (0,58216) width 14: "\x{E07}"
      text run at (0,58235) width 14: "\x{E02}"
      text run at (0,58254) width 14: "\x{E2D}"
      text run at (0,58273) width 14: "\x{E07}"
      text run at (0,58292) width 14: "\x{E1E}"
      text run at (0,58311) width 14: "\x{E32}"
      text run at (0,58330) width 14: "\x{E22}"
      text run at (0,58349) width 14: "\x{E38}"
      text run at (0,58368) width 14: "\x{E44}"
      text run at (0,58387) width 14: "\x{E0B}"
      text run at (0,58406) width 14: "\x{E42}"
      text run at (0,58425) width 14: "\x{E04}"
      text run at (0,58444) width 28: "\x{E25}\x{E19}"
      text run at (0,58463) width 14: "\x{E15}"
      text run at (0,58482) width 14: "\x{E32}"
      text run at (0,58501) width 14: "\x{E21}"
      text run at (0,58520) width 14: "\x{E1B}"
      text run at (0,58539) width 14: "\x{E01}"
      text run at (0,58558) width 14: "\x{E15}"
      text run at (0,58577) width 14: "\x{E34}"
      text run at (0,58596) width 14: "\x{E15}"
      text run at (0,58615) width 14: "\x{E23}"
      text run at (0,58634) width 14: "\x{E07}"
      text run at (0,58653) width 14: "\x{E01}"
      text run at (0,58672) width 14: "\x{E25}"
      text run at (0,58691) width 14: "\x{E32}"
      text run at (0,58710) width 14: "\x{E07}"
      text run at (0,58729) width 14: "\x{E1E}"
      text run at (0,58748) width 14: "\x{E32}"
      text run at (0,58767) width 14: "\x{E22}"
      text run at (0,58786) width 14: "\x{E38}"
      text run at (0,58805) width 14: "\x{E44}"
      text run at (0,58824) width 14: "\x{E0B}"
      text run at (0,58843) width 14: "\x{E42}"
      text run at (0,58862) width 14: "\x{E04}"
      text run at (0,58881) width 14: "\x{E25}"
      text run at (0,58900) width 14: "\x{E19}"
      text run at (0,58919) width 14: "\x{E2D}"
      text run at (0,58938) width 14: "\x{E32}"
      text run at (0,58957) width 14: "\x{E01}"
      text run at (0,58976) width 14: "\x{E32}"
      text run at (0,58995) width 14: "\x{E28}"
      text run at (0,59014) width 14: "\x{E08}"
      text run at (0,59033) width 14: "\x{E30}"
      text run at (0,59052) width 14: "\x{E19}"
      text run at (0,59071) width 14: "\x{E34}"
      text run at (0,59090) width 28: "\x{E48}\x{E07}"
      text run at (0,59109) width 14: "\x{E41}"
      text run at (0,59128) width 14: "\x{E15}"
      text run at (0,59147) width 14: "\x{E48}"
      text run at (0,59166) width 14: "\x{E04}"
      text run at (0,59185) width 14: "\x{E27}"
      text run at (0,59204) width 14: "\x{E32}"
      text run at (0,59223) width 14: "\x{E21}"
      text run at (0,59242) width 14: "\x{E01}"
      text run at (0,59261) width 14: "\x{E14}"
      text run at (0,59280) width 14: "\x{E14}"
      text run at (0,59299) width 14: "\x{E31}"
      text run at (0,59318) width 14: "\x{E19}"
      text run at (0,59337) width 14: "\x{E2D}"
      text run at (0,59356) width 14: "\x{E22}"
      text run at (0,59375) width 14: "\x{E48}"
      text run at (0,59394) width 14: "\x{E32}"
      text run at (0,59413) width 14: "\x{E07}"
      text run at (0,59432) width 14: "\x{E2B}"
      text run at (0,59451) width 14: "\x{E19}"
      text run at (0,59470) width 14: "\x{E31}"
      text run at (0,59489) width 14: "\x{E01}"
      text run at (0,59508) width 14: "\x{E02}"
      text run at (0,59527) width 14: "\x{E2D}"
      text run at (0,59546) width 14: "\x{E07}"
      text run at (0,59565) width 14: "\x{E25}"
      text run at (0,59584) width 14: "\x{E21}"
      text run at (0,59603) width 14: "\x{E17}"
      text run at (0,59622) width 14: "\x{E38}"
      text run at (0,59641) width 14: "\x{E01}"
      text run at (0,59660) width 14: "\x{E14}"
      text run at (0,59679) width 14: "\x{E49}"
      text run at (0,59698) width 14: "\x{E32}"
      text run at (0,59717) width 14: "\x{E19}"
      text run at (0,59736) width 14: "\x{E23}"
      text run at (0,59755) width 14: "\x{E2D}"
      text run at (0,59774) width 14: "\x{E1A}"
      text run at (0,59793) width 14: "\x{E1A}"
      text run at (0,59812) width 14: "\x{E49}"
      text run at (0,59831) width 28: "\x{E32}\x{E19}"
      text run at (0,59850) width 14: "\x{E17}"
      text run at (0,59869) width 14: "\x{E33}"
      text run at (0,59888) width 14: "\x{E43}"
      text run at (0,59907) width 14: "\x{E2B}"
      text run at (0,59926) width 14: "\x{E49}"
      text run at (0,59945) width 14: "\x{E1A}"
      text run at (0,59964) width 14: "\x{E49}"
      text run at (0,59983) width 14: "\x{E32}"
      text run at (0,60002) width 14: "\x{E19}"
      text run at (0,60021) width 14: "\x{E25}"
      text run at (0,60040) width 14: "\x{E2D}"
      text run at (0,60059) width 14: "\x{E22}"
      text run at (0,60078) width 14: "\x{E2A}"
      text run at (0,60097) width 14: "\x{E39}"
      text run at (0,60116) width 14: "\x{E07}"
      text run at (0,60135) width 14: "\x{E02}"
      text run at (0,60154) width 14: "\x{E36}"
      text run at (0,60173) width 14: "\x{E49}"
      text run at (0,60192) width 28: "\x{E19}\x{E46}"
      text run at (0,60211) width 14: "\x{E08}"
      text run at (0,60230) width 14: "\x{E19}"
      text run at (0,60249) width 14: "\x{E01}"
      text run at (0,60268) width 14: "\x{E23}"
      text run at (0,60287) width 14: "\x{E30}"
      text run at (0,60306) width 14: "\x{E17}"
      text run at (0,60325) width 14: "\x{E31}"
      text run at (0,60344) width 14: "\x{E48}"
      text run at (0,60363) width 14: "\x{E07}"
      text run at (0,60382) width 14: "\x{E02}"
      text run at (0,60401) width 14: "\x{E36}"
      text run at (0,60420) width 14: "\x{E49}"
      text run at (0,60439) width 14: "\x{E19}"
      text run at (0,60458) width 14: "\x{E44}"
      text run at (0,60477) width 14: "\x{E1B}"
      text run at (0,60496) width 14: "\x{E2D}"
      text run at (0,60515) width 14: "\x{E22}"
      text run at (0,60534) width 14: "\x{E39}"
      text run at (0,60553) width 14: "\x{E48}"
      text run at (0,60572) width 14: "\x{E2A}"
      text run at (0,60591) width 14: "\x{E38}"
      text run at (0,60610) width 14: "\x{E14}"
      text run at (0,60629) width 14: "\x{E22}"
      text run at (0,60648) width 14: "\x{E2D}"
      text run at (0,60667) width 14: "\x{E14}"
      text run at (0,60686) width 14: "\x{E02}"
      text run at (0,60705) width 14: "\x{E2D}"
      text run at (0,60724) width 14: "\x{E07}"
      text run at (0,60743) width 14: "\x{E1E}"
      text run at (0,60762) width 14: "\x{E32}"
      text run at (0,60781) width 14: "\x{E22}"
      text run at (0,60800) width 14: "\x{E38}"
      text run at (0,60819) width 14: "\x{E44}"
      text run at (0,60838) width 14: "\x{E0B}"
      text run at (0,60857) width 14: "\x{E42}"
      text run at (0,60876) width 14: "\x{E04}"
      text run at (0,60895) width 28: "\x{E25}\x{E19}"
      text run at (0,60914) width 14: "\x{E41}"
      text run at (0,60933) width 14: "\x{E25}"
      text run at (0,60952) width 14: "\x{E30}"
      text run at (0,60971) width 14: "\x{E08}"
      text run at (0,60990) width 14: "\x{E32}"
      text run at (0,61009) width 14: "\x{E01}"
      text run at (0,61028) width 14: "\x{E15}"
      text run at (0,61047) width 14: "\x{E23}"
      text run at (0,61066) width 14: "\x{E07}"
      text run at (0,61085) width 14: "\x{E19}"
      text run at (0,61104) width 14: "\x{E31}"
      text run at (0,61123) width 14: "\x{E49}"
      text run at (0,61142) width 14: "\x{E19}"
      text run at (0,61161) width 14: "\x{E01}"
      text run at (0,61180) width 14: "\x{E47}"
      text run at (0,61199) width 14: "\x{E16}"
      text run at (0,61218) width 14: "\x{E39}"
      text run at (0,61237) width 14: "\x{E01}"
      text run at (0,61256) width 14: "\x{E2B}"
      text run at (0,61275) width 14: "\x{E2D}"
      text run at (0,61294) width 14: "\x{E1A}"
      text run at (0,61313) width 14: "\x{E44}"
      text run at (0,61332) width 14: "\x{E1B}"
      text run at (0,61351) width 14: "\x{E2B}"
      text run at (0,61370) width 14: "\x{E25}"
      text run at (0,61389) width 14: "\x{E32}"
      text run at (0,61408) width 14: "\x{E22}"
      text run at (0,61427) width 14: "\x{E44}"
      text run at (0,61446) width 14: "\x{E21}"
      text run at (0,61465) width 14: "\x{E25}\x{E4C}"
      text run at (0,61484) width 14: "\x{E07}"
      text run at (0,61503) width 14: "\x{E48}"
      text run at (0,61522) width 14: "\x{E32}"
      text run at (0,61541) width 14: "\x{E22}"
      text run at (0,61560) width 14: "\x{E14}"
      text run at (0,61579) width 14: "\x{E32}"
      text run at (0,61598) width 14: "\x{E22}"
      text run at (0,61617) width 14: "\x{E23}"
      text run at (0,61636) width 14: "\x{E32}"
      text run at (0,61655) width 14: "\x{E27}"
      text run at (0,61674) width 14: "\x{E01}"
      text run at (0,61693) width 14: "\x{E31}"
      text run at (0,61712) width 14: "\x{E1A}"
      text run at (0,61731) width 14: "\x{E2B}"
      text run at (0,61750) width 14: "\x{E2D}"
      text run at (0,61769) width 14: "\x{E1A}"
      text run at (0,61788) width 14: "\x{E02}"
      text run at (0,61807) width 14: "\x{E19}"
      text run at (0,61826) width 28: "\x{E19}\x{E01}"
      text run at (0,61845) width 14: "\x{E21}"
      text run at (0,61864) width 14: "\x{E37}"
      text run at (0,61883) width 14: "\x{E14}"
      text run at (0,61902) width 14: "\x{E21}"
      text run at (0,61921) width 14: "\x{E32}"
      text run at (0,61940) width 14: "\x{E01}"
      text run at (0,61959) width 14: "\x{E41}"
      text run at (0,61978) width 14: "\x{E25}"
      text run at (0,61997) width 28: "\x{E49}\x{E27}"
      text run at (0,62016) width 14: "\x{E25}"
      text run at (0,62035) width 14: "\x{E21}"
      text run at (0,62054) width 14: "\x{E22}"
      text run at (0,62073) width 14: "\x{E31}"
      text run at (0,62092) width 14: "\x{E07}"
      text run at (0,62111) width 14: "\x{E2A}"
      text run at (0,62130) width 14: "\x{E48}"
      text run at (0,62149) width 14: "\x{E07}"
      text run at (0,62168) width 14: "\x{E40}"
      text run at (0,62187) width 14: "\x{E2A}"
      text run at (0,62206) width 14: "\x{E35}"
      text run at (0,62225) width 14: "\x{E22}"
      text run at (0,62244) width 14: "\x{E07}"
      text run at (0,62263) width 14: "\x{E2B}"
      text run at (0,62282) width 14: "\x{E27}"
      text run at (0,62301) width 14: "\x{E35}"
      text run at (0,62320) width 14: "\x{E14}"
      text run at (0,62339) width 14: "\x{E2B}"
      text run at (0,62358) width 14: "\x{E27}"
      text run at (0,62377) width 14: "\x{E37}"
      text run at (0,62396) width 14: "\x{E2D}"
      text run at (0,62415) width 14: "\x{E19}"
      text run at (0,62434) width 14: "\x{E48}"
      text run at (0,62453) width 14: "\x{E32}"
      text run at (0,62472) width 14: "\x{E01}"
      text run at (0,62491) width 14: "\x{E25}"
      text run at (0,62510) width 14: "\x{E31}"
      text run at (0,62529) width 14: "\x{E27}"
      text run at (0,62548) width 14: "\x{E2D}"
      text run at (0,62567) width 14: "\x{E22}"
      text run at (0,62586) width 14: "\x{E39}"
      text run at (0,62605) width 14: "\x{E48}"
      text run at (0,62624) width 14: "\x{E23}"
      text run at (0,62643) width 14: "\x{E2D}"
      text run at (0,62662) width 14: "\x{E1A}"
      text run at (0,62681) width 14: "\x{E15}"
      text run at (0,62700) width 14: "\x{E31}"
      text run at (0,62719) width 14: "\x{E27}"
      text run at (0,62738) width 14: "\x{E40}"
      text run at (0,62757) width 28: "\x{E18}\x{E2D}"
      text run at (0,62776) width 14: "\x{E41}"
      text run at (0,62795) width 14: "\x{E15}"
      text run at (0,62814) width 14: "\x{E48}"
      text run at (0,62833) width 14: "\x{E42}"
      text run at (0,62852) width 14: "\x{E14}"
      text run at (0,62871) width 14: "\x{E42}"
      text run at (0,62890) width 14: "\x{E23}"
      text run at (0,62909) width 14: "\x{E18}"
      text run at (0,62928) width 14: "\x{E35}"
      text run at (0,62947) width 14: "\x{E40}"
      text run at (0,62966) width 14: "\x{E2B}"
      text run at (0,62985) width 14: "\x{E47}"
      text run at (0,63004) width 14: "\x{E19}"
      text run at (0,63023) width 14: "\x{E27}"
      text run at (0,63042) width 14: "\x{E48}"
      text run at (0,63061) width 14: "\x{E32}"
      text run at (0,63080) width 14: "\x{E40}"
      text run at (0,63099) width 14: "\x{E18}"
      text run at (0,63118) width 14: "\x{E2D}"
      text run at (0,63137) width 14: "\x{E2A}"
      text run at (0,63156) width 14: "\x{E32}"
      text run at (0,63175) width 14: "\x{E21}"
      text run at (0,63194) width 14: "\x{E32}"
      text run at (0,63213) width 14: "\x{E23}"
      text run at (0,63232) width 14: "\x{E16}"
      text run at (0,63251) width 14: "\x{E19}"
      text run at (0,63270) width 14: "\x{E31}"
      text run at (0,63289) width 14: "\x{E48}"
      text run at (0,63308) width 14: "\x{E07}"
      text run at (0,63327) width 14: "\x{E44}"
      text run at (0,63346) width 14: "\x{E1B}"
      text run at (0,63365) width 14: "\x{E44}"
      text run at (0,63384) width 14: "\x{E14}"
      text run at (0,63403) width 14: "\x{E49}"
      text run at (0,63422) width 14: "\x{E2D}"
      text run at (0,63441) width 14: "\x{E22}"
      text run at (0,63460) width 14: "\x{E48}"
      text run at (0,63479) width 14: "\x{E32}"
      text run at (0,63498) width 14: "\x{E07}"
      text run at (0,63517) width 14: "\x{E07}"
      text run at (0,63536) width 14: "\x{E48}"
      text run at (0,63555) width 14: "\x{E32}"
      text run at (0,63574) width 14: "\x{E22}"
      text run at (0,63593) width 14: "\x{E14}"
      text run at (0,63612) width 14: "\x{E32}"
      text run at (0,63631) width 14: "\x{E22}"
      text run at (0,63650) width 14: "\x{E19}"
      text run at (0,63669) width 28: "\x{E31}\x{E01}"
      text run at (0,63688) width 14: "\x{E04}"
      text run at (0,63707) width 14: "\x{E23}"
      text run at (0,63726) width 14: "\x{E31}"
      text run at (0,63745) width 14: "\x{E49}"
      text run at (0,63764) width 14: "\x{E07}"
      text run at (0,63783) width 14: "\x{E2B}"
      text run at (0,63802) width 14: "\x{E19}"
      text run at (0,63821) width 14: "\x{E36}"
      text run at (0,63840) width 14: "\x{E48}"
      text run at (0,63859) width 14: "\x{E07}"
      text run at (0,63878) width 14: "\x{E2B}"
      text run at (0,63897) width 14: "\x{E25}"
      text run at (0,63916) width 14: "\x{E31}"
      text run at (0,63935) width 14: "\x{E07}"
      text run at (0,63954) width 14: "\x{E08}"
      text run at (0,63973) width 14: "\x{E32}"
      text run at (0,63992) width 14: "\x{E01}"
      text run at (0,64011) width 14: "\x{E17}"
      text run at (0,64030) width 14: "\x{E35}"
      text run at (0,64049) width 14: "\x{E48}"
      text run at (0,64068) width 14: "\x{E1A}"
      text run at (0,64087) width 14: "\x{E49}"
      text run at (0,64106) width 14: "\x{E32}"
      text run at (0,64125) width 14: "\x{E19}"
      text run at (0,64144) width 14: "\x{E2A}"
      text run at (0,64163) width 14: "\x{E30}"
      text run at (0,64182) width 14: "\x{E14}"
      text run at (0,64201) width 14: "\x{E38}"
      text run at (0,64220) width 14: "\x{E14}"
      text run at (0,64239) width 14: "\x{E2D}"
      text run at (0,64258) width 14: "\x{E22}"
      text run at (0,64277) width 14: "\x{E48}"
      text run at (0,64296) width 14: "\x{E32}"
      text run at (0,64315) width 14: "\x{E07}"
      text run at (0,64334) width 14: "\x{E41}"
      text run at (0,64353) width 14: "\x{E23}"
      text run at (0,64372) width 14: "\x{E07}"
      text run at (0,64391) width 14: "\x{E41}"
      text run at (0,64410) width 14: "\x{E25}"
      text run at (0,64429) width 14: "\x{E30}"
      text run at (0,64448) width 14: "\x{E2B}"
      text run at (0,64467) width 14: "\x{E21}"
      text run at (0,64486) width 14: "\x{E38}"
      text run at (0,64505) width 14: "\x{E19}"
      text run at (0,64524) width 14: "\x{E44}"
      text run at (0,64543) width 14: "\x{E1B}"
      text run at (0,64562) width 14: "\x{E23}"
      text run at (0,64581) width 14: "\x{E2D}"
      text run at (0,64600) width 28: "\x{E1A}\x{E46}"
      text run at (0,64619) width 14: "\x{E2A}"
      text run at (0,64638) width 14: "\x{E2D}"
      text run at (0,64657) width 14: "\x{E07}"
      text run at (0,64676) width 14: "\x{E2A}"
      text run at (0,64695) width 14: "\x{E32}"
      text run at (0,64714) width 14: "\x{E21}"
      text run at (0,64733) width 14: "\x{E04}"
      text run at (0,64752) width 14: "\x{E23}"
      text run at (0,64771) width 14: "\x{E31}"
      text run at (0,64790) width 14: "\x{E49}"
      text run at (0,64809) width 14: "\x{E07}"
      text run at (0,64828) width 14: "\x{E43}"
      text run at (0,64847) width 14: "\x{E19}"
      text run at (0,64866) width 14: "\x{E15}"
      text run at (0,64885) width 14: "\x{E2D}"
      text run at (0,64904) width 14: "\x{E19}"
      text run at (0,64923) width 14: "\x{E41}"
      text run at (0,64942) width 28: "\x{E23}\x{E01}"
      text run at (0,64961) width 14: "\x{E40}"
      text run at (0,64980) width 14: "\x{E18}"
      text run at (0,64999) width 14: "\x{E2D}"
      text run at (0,65018) width 14: "\x{E01}"
      text run at (0,65037) width 14: "\x{E47}"
      text run at (0,65056) width 14: "\x{E23}"
      text run at (0,65075) width 14: "\x{E39}"
      text run at (0,65094) width 14: "\x{E49}"
      text run at (0,65113) width 14: "\x{E2A}"
      text run at (0,65132) width 14: "\x{E36}"
      text run at (0,65151) width 14: "\x{E01}"
      text run at (0,65170) width 14: "\x{E27}"
      text run at (0,65189) width 14: "\x{E48}"
      text run at (0,65208) width 14: "\x{E32}"
      text run at (0,65227) width 14: "\x{E15}"
      text run at (0,65246) width 14: "\x{E31}"
      text run at (0,65265) width 14: "\x{E27}"
      text run at (0,65284) width 14: "\x{E40}"
      text run at (0,65303) width 14: "\x{E2D}"
      text run at (0,65322) width 14: "\x{E07}"
      text run at (0,65341) width 14: "\x{E16}"
      text run at (0,65360) width 14: "\x{E39}"
      text run at (0,65379) width 14: "\x{E01}"
      text run at (0,65398) width 14: "\x{E41}"
      text run at (0,65417) width 14: "\x{E01}"
      text run at (0,65436) width 14: "\x{E27}"
      text run at (0,65455) width 14: "\x{E48}"
      text run at (0,65474) width 14: "\x{E07}"
      text run at (0,65493) width 14: "\x{E2D}"
      text run at (0,65512) width 14: "\x{E22}"
      text run at (0,65531) width 14: "\x{E48}"
      text run at (0,65550) width 14: "\x{E32}"
      text run at (0,65569) width 14: "\x{E07}"
      text run at (0,65588) width 14: "\x{E41}"
      text run at (0,65607) width 14: "\x{E1C}"
      text run at (0,65626) width 14: "\x{E48}"
      text run at (0,65645) width 14: "\x{E27}"
      text run at (0,65664) width 14: "\x{E40}"
      text run at (0,65683) width 14: "\x{E1A}"
      text run at (0,65702) width 14: "\x{E32}"
      text run at (0,65721) width 14: "\x{E23}"
      text run at (0,65740) width 14: "\x{E32}"
      text run at (0,65759) width 14: "\x{E27}"
      text run at (0,65778) width 14: "\x{E17}"
      text run at (0,65797) width 14: "\x{E32}"
      text run at (0,65816) width 14: "\x{E23}"
      text run at (0,65835) width 14: "\x{E01}"
      text run at (0,65854) width 14: "\x{E43}"
      text run at (0,65873) width 14: "\x{E19}"
      text run at (0,65892) width 14: "\x{E40}"
      text run at (0,65911) width 28: "\x{E1B}\x{E25}"
      text run at (0,65930) width 14: "\x{E42}"
      text run at (0,65949) width 14: "\x{E15}"
      text run at (0,65968) width 14: "\x{E42}"
      text run at (0,65987) width 14: "\x{E15}"
      text run at (0,66006) width 14: "\x{E49}"
      text run at (0,66025) width 14: "\x{E44}"
      text run at (0,66044) width 14: "\x{E21}"
      text run at (0,66063) width 14: "\x{E48}"
      text run at (0,66082) width 14: "\x{E0A}"
      text run at (0,66101) width 14: "\x{E2D}"
      text run at (0,66120) width 14: "\x{E1A}"
      text run at (0,66139) width 14: "\x{E43}"
      text run at (0,66158) width 14: "\x{E08}"
      text run at (0,66177) width 14: "\x{E40}"
      text run at (0,66196) width 28: "\x{E25}\x{E22}"
      text run at (0,66215) width 14: "\x{E21}"
      text run at (0,66234) width 14: "\x{E31}"
      text run at (0,66253) width 14: "\x{E19}"
      text run at (0,66272) width 14: "\x{E27}"
      text run at (0,66291) width 14: "\x{E34}"
      text run at (0,66310) width 14: "\x{E48}"
      text run at (0,66329) width 14: "\x{E07}"
      text run at (0,66348) width 14: "\x{E44}"
      text run at (0,66367) width 14: "\x{E1B}"
      text run at (0,66386) width 14: "\x{E27}"
      text run at (0,66405) width 14: "\x{E34}"
      text run at (0,66424) width 14: "\x{E48}"
      text run at (0,66443) width 14: "\x{E07}"
      text run at (0,66462) width 14: "\x{E21}"
      text run at (0,66481) width 14: "\x{E32}"
      text run at (0,66500) width 14: "\x{E23}"
      text run at (0,66519) width 14: "\x{E2D}"
      text run at (0,66538) width 14: "\x{E1A}"
      text run at (0,66557) width 14: "\x{E2B}"
      text run at (0,66576) width 14: "\x{E49}"
      text run at (0,66595) width 28: "\x{E2D}\x{E07}"
      text run at (0,66614) width 14: "\x{E17}"
      text run at (0,66633) width 14: "\x{E32}"
      text run at (0,66652) width 14: "\x{E07}"
      text run at (0,66671) width 14: "\x{E42}"
      text run at (0,66690) width 14: "\x{E19}"
      text run at (0,66709) width 14: "\x{E49}"
      text run at (0,66728) width 14: "\x{E19}"
      text run at (0,66747) width 14: "\x{E17}"
      text run at (0,66766) width 14: "\x{E35}"
      text run at (0,66785) width 14: "\x{E17}"
      text run at (0,66804) width 14: "\x{E32}"
      text run at (0,66823) width 14: "\x{E07}"
      text run at (0,66842) width 14: "\x{E19}"
      text run at (0,66861) width 14: "\x{E35}"
      text run at (0,66880) width 14: "\x{E49}"
      text run at (0,66899) width 14: "\x{E17}"
      text run at (0,66918) width 14: "\x{E35}"
      text run at (0,66937) width 14: "\x{E2A}"
      text run at (0,66956) width 14: "\x{E48}"
      text run at (0,66975) width 14: "\x{E07}"
      text run at (0,66994) width 14: "\x{E40}"
      text run at (0,67013) width 14: "\x{E2A}"
      text run at (0,67032) width 14: "\x{E35}"
      text run at (0,67051) width 14: "\x{E22}"
      text run at (0,67070) width 14: "\x{E07}"
      text run at (0,67089) width 14: "\x{E40}"
      text run at (0,67108) width 14: "\x{E2B}"
      text run at (0,67127) width 14: "\x{E48}"
      text run at (0,67146) width 14: "\x{E32}"
      text run at (0,67165) width 14: "\x{E14}"
      text run at (0,67184) width 14: "\x{E31}"
      text run at (0,67203) width 14: "\x{E07}"
      text run at (0,67222) width 14: "\x{E01}"
      text run at (0,67241) width 14: "\x{E49}"
      text run at (0,67260) width 28: "\x{E2D}\x{E07}"
      text run at (0,67279) width 14: "\x{E41}"
      text run at (0,67298) width 14: "\x{E15}"
      text run at (0,67317) width 14: "\x{E48}"
      text run at (0,67336) width 14: "\x{E42}"
      text run at (0,67355) width 14: "\x{E14}"
      text run at (0,67374) width 14: "\x{E42}"
      text run at (0,67393) width 14: "\x{E23}"
      text run at (0,67412) width 14: "\x{E18}"
      text run at (0,67431) width 14: "\x{E35}"
      text run at (0,67450) width 14: "\x{E19}"
      text run at (0,67469) width 14: "\x{E31}"
      text run at (0,67488) width 14: "\x{E48}"
      text run at (0,67507) width 14: "\x{E07}"
      text run at (0,67526) width 14: "\x{E19}"
      text run at (0,67545) width 14: "\x{E34}"
      text run at (0,67564) width 14: "\x{E48}"
      text run at (0,67583) width 14: "\x{E07}"
      text run at (0,67602) width 14: "\x{E2D}"
      text run at (0,67621) width 14: "\x{E22}"
      text run at (0,67640) width 14: "\x{E39}"
      text run at (0,67659) width 14: "\x{E48}"
      text run at (0,67678) width 14: "\x{E1A}"
      text run at (0,67697) width 14: "\x{E19}"
      text run at (0,67716) width 14: "\x{E1E}"
      text run at (0,67735) width 14: "\x{E37}"
      text run at (0,67754) width 14: "\x{E49}"
      text run at (0,67773) width 14: "\x{E19}"
      text run at (0,67792) width 14: "\x{E40}"
      text run at (0,67811) width 14: "\x{E1D}"
      text run at (0,67830) width 14: "\x{E49}"
      text run at (0,67849) width 14: "\x{E32}"
      text run at (0,67868) width 14: "\x{E04}"
      text run at (0,67887) width 14: "\x{E2D}"
      text run at (0,67906) width 14: "\x{E22}"
      text run at (0,67925) width 14: "\x{E14}"
      text run at (0,67944) width 14: "\x{E39}"
      text run at (0,67963) width 14: "\x{E27}"
      text run at (0,67982) width 14: "\x{E48}"
      text run at (0,68001) width 14: "\x{E32}"
      text run at (0,68020) width 14: "\x{E08}"
      text run at (0,68039) width 14: "\x{E30}"
      text run at (0,68058) width 14: "\x{E40}"
      text run at (0,68077) width 14: "\x{E01}"
      text run at (0,68096) width 14: "\x{E34}"
      text run at (0,68115) width 14: "\x{E14}"
      text run at (0,68134) width 14: "\x{E2D}"
      text run at (0,68153) width 14: "\x{E30}"
      text run at (0,68172) width 14: "\x{E44}"
      text run at (0,68191) width 14: "\x{E23}"
      text run at (0,68210) width 14: "\x{E02}"
      text run at (0,68229) width 14: "\x{E36}"
      text run at (0,68248) width 28: "\x{E49}\x{E19}"
      text run at (0,68267) width 14: "\x{E04}"
      text run at (0,68286) width 14: "\x{E23}"
      text run at (0,68305) width 14: "\x{E31}"
      text run at (0,68324) width 14: "\x{E49}"
      text run at (0,68343) width 14: "\x{E07}"
      text run at (0,68362) width 14: "\x{E2B}"
      text run at (0,68381) width 14: "\x{E19}"
      text run at (0,68400) width 14: "\x{E36}"
      text run at (0,68419) width 14: "\x{E48}"
      text run at (0,68438) width 14: "\x{E07}"
      text run at (0,68457) width 14: "\x{E42}"
      text run at (0,68476) width 14: "\x{E15}"
      text run at (0,68495) width 14: "\x{E42}"
      text run at (0,68514) width 14: "\x{E15}"
      text run at (0,68533) width 14: "\x{E49}"
      text run at (0,68552) width 14: "\x{E40}"
      text run at (0,68571) width 14: "\x{E02}"
      text run at (0,68590) width 14: "\x{E49}"
      text run at (0,68609) width 14: "\x{E32}"
      text run at (0,68628) width 14: "\x{E44}"
      text run at (0,68647) width 14: "\x{E1B}"
      text run at (0,68666) width 14: "\x{E43}"
      text run at (0,68685) width 14: "\x{E01}"
      text run at (0,68704) width 14: "\x{E25}"
      text run at (0,68723) width 14: "\x{E49}"
      text run at (0,68742) width 14: "\x{E1D}"
      text run at (0,68761) width 14: "\x{E32}"
      text run at (0,68780) width 14: "\x{E17}"
      text run at (0,68799) width 14: "\x{E35}"
      text run at (0,68818) width 14: "\x{E48}"
      text run at (0,68837) width 14: "\x{E1E}"
      text run at (0,68856) width 14: "\x{E37}"
      text run at (0,68875) width 14: "\x{E49}"
      text run at (0,68894) width 14: "\x{E19}"
      text run at (0,68913) width 14: "\x{E21}"
      text run at (0,68932) width 14: "\x{E32}"
      text run at (0,68951) width 14: "\x{E01}"
      text run at (0,68970) width 28: "\x{E44}\x{E1B}"
      text run at (0,68989) width 14: "\x{E40}"
      text run at (0,69008) width 14: "\x{E25}"
      text run at (0,69027) width 14: "\x{E22}"
      text run at (0,69046) width 14: "\x{E1E}"
      text run at (0,69065) width 14: "\x{E25}"
      text run at (0,69084) width 14: "\x{E31}"
      text run at (0,69103) width 14: "\x{E14}"
      text run at (0,69122) width 14: "\x{E15}"
      text run at (0,69141) width 14: "\x{E01}"
      text run at (0,69160) width 14: "\x{E25}"
      text run at (0,69179) width 14: "\x{E07}"
      text run at (0,69198) width 28: "\x{E44}\x{E1B}"
      text run at (0,69217) width 14: "\x{E17}"
      text run at (0,69236) width 14: "\x{E35}"
      text run at (0,69255) width 14: "\x{E41}"
      text run at (0,69274) width 14: "\x{E23}"
      text run at (0,69293) width 14: "\x{E01}"
      text run at (0,69312) width 14: "\x{E40}"
      text run at (0,69331) width 14: "\x{E14}"
      text run at (0,69350) width 14: "\x{E47}"
      text run at (0,69369) width 14: "\x{E01}"
      text run at (0,69388) width 14: "\x{E2B}"
      text run at (0,69407) width 14: "\x{E0D}"
      text run at (0,69426) width 14: "\x{E34}"
      text run at (0,69445) width 14: "\x{E07}"
      text run at (0,69464) width 14: "\x{E04}"
      text run at (0,69483) width 14: "\x{E34}"
      text run at (0,69502) width 14: "\x{E14}"
      text run at (0,69521) width 14: "\x{E27}"
      text run at (0,69540) width 14: "\x{E48}"
      text run at (0,69559) width 14: "\x{E32}"
      text run at (0,69578) width 14: "\x{E40}"
      text run at (0,69597) width 14: "\x{E18}"
      text run at (0,69616) width 14: "\x{E2D}"
      text run at (0,69635) width 14: "\x{E08}"
      text run at (0,69654) width 14: "\x{E30}"
      text run at (0,69673) width 14: "\x{E2A}"
      text run at (0,69692) width 14: "\x{E39}"
      text run at (0,69711) width 14: "\x{E0D}"
      text run at (0,69730) width 14: "\x{E40}"
      text run at (0,69749) width 14: "\x{E2A}"
      text run at (0,69768) width 14: "\x{E35}"
      text run at (0,69787) width 14: "\x{E22}"
      text run at (0,69806) width 14: "\x{E21}"
      text run at (0,69825) width 14: "\x{E31}"
      text run at (0,69844) width 14: "\x{E19}"
      text run at (0,69863) width 14: "\x{E44}"
      text run at (0,69882) width 14: "\x{E1B}"
      text run at (0,69901) width 14: "\x{E40}"
      text run at (0,69920) width 14: "\x{E2A}"
      text run at (0,69939) width 14: "\x{E35}"
      text run at (0,69958) width 14: "\x{E22}"
      text run at (0,69977) width 14: "\x{E41}"
      text run at (0,69996) width 14: "\x{E25}"
      text run at (0,70015) width 28: "\x{E49}\x{E27}"
      text run at (0,70034) width 14: "\x{E41}"
      text run at (0,70053) width 14: "\x{E15}"
      text run at (0,70072) width 14: "\x{E48}"
      text run at (0,70091) width 14: "\x{E0A}"
      text run at (0,70110) width 14: "\x{E31}"
      text run at (0,70129) width 14: "\x{E48}"
      text run at (0,70148) width 14: "\x{E27}"
      text run at (0,70167) width 14: "\x{E04}"
      text run at (0,70186) width 14: "\x{E23}"
      text run at (0,70205) width 14: "\x{E39}"
      text run at (0,70224) width 14: "\x{E48}"
      text run at (0,70243) width 14: "\x{E40}"
      text run at (0,70262) width 14: "\x{E18}"
      text run at (0,70281) width 14: "\x{E2D}"
      text run at (0,70300) width 14: "\x{E01}"
      text run at (0,70319) width 14: "\x{E47}"
      text run at (0,70338) width 14: "\x{E40}"
      text run at (0,70357) width 14: "\x{E2B}"
      text run at (0,70376) width 14: "\x{E47}"
      text run at (0,70395) width 14: "\x{E19}"
      text run at (0,70414) width 14: "\x{E2B}"
      text run at (0,70433) width 14: "\x{E39}"
      text run at (0,70452) width 14: "\x{E02}"
      text run at (0,70471) width 14: "\x{E2D}"
      text run at (0,70490) width 14: "\x{E07}"
      text run at (0,70509) width 14: "\x{E21}"
      text run at (0,70528) width 14: "\x{E31}"
      text run at (0,70547) width 14: "\x{E19}"
      text run at (0,70566) width 14: "\x{E42}"
      text run at (0,70585) width 14: "\x{E1C}"
      text run at (0,70604) width 14: "\x{E25}"
      text run at (0,70623) width 14: "\x{E48}"
      text run at (0,70642) width 14: "\x{E02}"
      text run at (0,70661) width 14: "\x{E36}"
      text run at (0,70680) width 14: "\x{E49}"
      text run at (0,70699) width 14: "\x{E19}"
      text run at (0,70718) width 14: "\x{E21}"
      text run at (0,70737) width 14: "\x{E32}"
      text run at (0,70756) width 14: "\x{E08}"
      text run at (0,70775) width 14: "\x{E32}"
      text run at (0,70794) width 14: "\x{E01}"
      text run at (0,70813) width 14: "\x{E0A}"
      text run at (0,70832) width 14: "\x{E48}"
      text run at (0,70851) width 14: "\x{E2D}"
      text run at (0,70870) width 14: "\x{E07}"
      text run at (0,70889) width 14: "\x{E19}"
      text run at (0,70908) width 14: "\x{E31}"
      text run at (0,70927) width 28: "\x{E49}\x{E19}"
      text run at (0,70946) width 14: "\x{E17}"
      text run at (0,70965) width 14: "\x{E31}"
      text run at (0,70984) width 14: "\x{E49}"
      text run at (0,71003) width 14: "\x{E07}"
      text run at (0,71022) width 14: "\x{E19}"
      text run at (0,71041) width 14: "\x{E35}"
      text run at (0,71060) width 14: "\x{E49}"
      text run at (0,71079) width 14: "\x{E40}"
      text run at (0,71098) width 14: "\x{E1E}"
      text run at (0,71117) width 14: "\x{E23}"
      text run at (0,71136) width 14: "\x{E32}"
      text run at (0,71155) width 14: "\x{E30}"
      text run at (0,71174) width 14: "\x{E41}"
      text run at (0,71193) width 14: "\x{E23}"
      text run at (0,71212) width 14: "\x{E07}"
      text run at (0,71231) width 14: "\x{E01}"
      text run at (0,71250) width 14: "\x{E14}"
      text run at (0,71269) width 14: "\x{E2D}"
      text run at (0,71288) width 14: "\x{E22}"
      text run at (0,71307) width 14: "\x{E48}"
      text run at (0,71326) width 14: "\x{E32}"
      text run at (0,71345) width 14: "\x{E07}"
      text run at (0,71364) width 14: "\x{E2B}"
      text run at (0,71383) width 14: "\x{E19}"
      text run at (0,71402) width 14: "\x{E31}"
      text run at (0,71421) width 14: "\x{E01}"
      text run at (0,71440) width 14: "\x{E02}"
      text run at (0,71459) width 14: "\x{E2D}"
      text run at (0,71478) width 14: "\x{E07}"
      text run at (0,71497) width 14: "\x{E2D}"
      text run at (0,71516) width 14: "\x{E32}"
      text run at (0,71535) width 14: "\x{E01}"
      text run at (0,71554) width 14: "\x{E32}"
      text run at (0,71573) width 14: "\x{E28}"
      text run at (0,71592) width 14: "\x{E17}"
      text run at (0,71611) width 14: "\x{E33}"
      text run at (0,71630) width 14: "\x{E43}"
      text run at (0,71649) width 14: "\x{E2B}"
      text run at (0,71668) width 14: "\x{E49}"
      text run at (0,71687) width 14: "\x{E42}"
      text run at (0,71706) width 14: "\x{E15}"
      text run at (0,71725) width 14: "\x{E42}"
      text run at (0,71744) width 14: "\x{E15}"
      text run at (0,71763) width 14: "\x{E49}"
      text run at (0,71782) width 14: "\x{E44}"
      text run at (0,71801) width 14: "\x{E21}"
      text run at (0,71820) width 14: "\x{E48}"
      text run at (0,71839) width 14: "\x{E15}"
      text run at (0,71858) width 14: "\x{E01}"
      text run at (0,71877) width 14: "\x{E25}"
      text run at (0,71896) width 14: "\x{E07}"
      text run at (0,71915) width 14: "\x{E44}"
      text run at (0,71934) width 14: "\x{E1B}"
      text run at (0,71953) width 14: "\x{E02}"
      text run at (0,71972) width 14: "\x{E49}"
      text run at (0,71991) width 14: "\x{E32}"
      text run at (0,72010) width 14: "\x{E07}"
      text run at (0,72029) width 14: "\x{E25}"
      text run at (0,72048) width 14: "\x{E48}"
      text run at (0,72067) width 28: "\x{E32}\x{E07}"
      text run at (0,72086) width 14: "\x{E42}"
      text run at (0,72105) width 14: "\x{E14}"
      text run at (0,72124) width 14: "\x{E42}"
      text run at (0,72143) width 14: "\x{E23}"
      text run at (0,72162) width 14: "\x{E18}"
      text run at (0,72181) width 14: "\x{E35}"
      text run at (0,72200) width 14: "\x{E04}"
      text run at (0,72219) width 14: "\x{E25}"
      text run at (0,72238) width 14: "\x{E32}"
      text run at (0,72257) width 14: "\x{E19}"
      text run at (0,72276) width 14: "\x{E44}"
      text run at (0,72295) width 14: "\x{E1B}"
      text run at (0,72314) width 14: "\x{E17}"
      text run at (0,72333) width 14: "\x{E35}"
      text run at (0,72352) width 14: "\x{E48}"
      text run at (0,72371) width 14: "\x{E0A}"
      text run at (0,72390) width 14: "\x{E48}"
      text run at (0,72409) width 14: "\x{E2D}"
      text run at (0,72428) width 14: "\x{E07}"
      text run at (0,72447) width 14: "\x{E19}"
      text run at (0,72466) width 14: "\x{E31}"
      text run at (0,72485) width 14: "\x{E49}"
      text run at (0,72504) width 14: "\x{E19}"
      text run at (0,72523) width 14: "\x{E08}"
      text run at (0,72542) width 14: "\x{E31}"
      text run at (0,72561) width 14: "\x{E1A}"
      text run at (0,72580) width 14: "\x{E2B}"
      text run at (0,72599) width 14: "\x{E39}"
      text run at (0,72618) width 14: "\x{E42}"
      text run at (0,72637) width 14: "\x{E15}"
      text run at (0,72656) width 14: "\x{E42}"
      text run at (0,72675) width 14: "\x{E15}"
      text run at (0,72694) width 14: "\x{E49}"
      text run at (0,72713) width 14: "\x{E44}"
      text run at (0,72732) width 14: "\x{E27}"
      text run at (0,72751) width 14: "\x{E49}"
      text run at (0,72770) width 14: "\x{E44}"
      text run at (0,72789) width 14: "\x{E14}\x{E49}"
      text run at (0,72808) width 14: "\x{E41}"
      text run at (0,72827) width 14: "\x{E25}"
      text run at (0,72846) width 14: "\x{E30}"
      text run at (0,72865) width 14: "\x{E25}"
      text run at (0,72884) width 14: "\x{E32}"
      text run at (0,72903) width 14: "\x{E01}"
      text run at (0,72922) width 14: "\x{E21}"
      text run at (0,72941) width 14: "\x{E31}"
      text run at (0,72960) width 14: "\x{E19}"
      text run at (0,72979) width 14: "\x{E21}"
      text run at (0,72998) width 14: "\x{E32}"
      text run at (0,73017) width 14: "\x{E17}"
      text run at (0,73036) width 14: "\x{E35}"
      text run at (0,73055) width 14: "\x{E48}"
      text run at (0,73074) width 14: "\x{E2B}"
      text run at (0,73093) width 14: "\x{E49}"
      text run at (0,73112) width 14: "\x{E2D}"
      text run at (0,73131) width 14: "\x{E07}"
      text run at (0,73150) width 14: "\x{E2D}"
      text run at (0,73169) width 28: "\x{E35}\x{E01}"
      text run at (0,73188) width 14: "\x{E2B}"
      text run at (0,73207) width 14: "\x{E25}"
      text run at (0,73226) width 14: "\x{E31}"
      text run at (0,73245) width 14: "\x{E07}"
      text run at (0,73264) width 14: "\x{E08}"
      text run at (0,73283) width 14: "\x{E32}"
      text run at (0,73302) width 14: "\x{E01}"
      text run at (0,73321) width 14: "\x{E19}"
      text run at (0,73340) width 14: "\x{E31}"
      text run at (0,73359) width 14: "\x{E49}"
      text run at (0,73378) width 14: "\x{E19}"
      text run at (0,73397) width 14: "\x{E01}"
      text run at (0,73416) width 14: "\x{E47}"
      text run at (0,73435) width 14: "\x{E1B}"
      text run at (0,73454) width 14: "\x{E34}"
      text run at (0,73473) width 14: "\x{E14}"
      text run at (0,73492) width 14: "\x{E1D}"
      text run at (0,73511) width 14: "\x{E32}"
      text run at (0,73530) width 14: "\x{E1E}"
      text run at (0,73549) width 14: "\x{E37}"
      text run at (0,73568) width 14: "\x{E49}"
      text run at (0,73587) width 14: "\x{E19}"
      text run at (0,73606) width 14: "\x{E40}"
      text run at (0,73625) width 14: "\x{E1E}"
      text run at (0,73644) width 14: "\x{E37}"
      text run at (0,73663) width 14: "\x{E48}"
      text run at (0,73682) width 14: "\x{E2D}"
      text run at (0,73701) width 14: "\x{E08}"
      text run at (0,73720) width 14: "\x{E30}"
      text run at (0,73739) width 14: "\x{E44}"
      text run at (0,73758) width 14: "\x{E14}"
      text run at (0,73777) width 14: "\x{E49}"
      text run at (0,73796) width 14: "\x{E44}"
      text run at (0,73815) width 14: "\x{E21}"
      text run at (0,73834) width 14: "\x{E48}"
      text run at (0,73853) width 14: "\x{E40}"
      text run at (0,73872) width 14: "\x{E01}"
      text run at (0,73891) width 14: "\x{E34}"
      text run at (0,73910) width 14: "\x{E14}"
      text run at (0,73929) width 14: "\x{E2D}"
      text run at (0,73948) width 14: "\x{E38}"
      text run at (0,73967) width 14: "\x{E1A}"
      text run at (0,73986) width 14: "\x{E31}"
      text run at (0,74005) width 14: "\x{E15}"
      text run at (0,74024) width 14: "\x{E34}"
      text run at (0,74043) width 14: "\x{E40}"
      text run at (0,74062) width 14: "\x{E2B}"
      text run at (0,74081) width 14: "\x{E15}"
      text run at (0,74100) width 14: "\x{E38}"
      text run at (0,74119) width 14: "\x{E2D}"
      text run at (0,74138) width 28: "\x{E35}\x{E01}"
      text run at (0,74157) width 14: "\x{E0A}"
      text run at (0,74176) width 14: "\x{E31}"
      text run at (0,74195) width 14: "\x{E48}"
      text run at (0,74214) width 14: "\x{E27}"
      text run at (0,74233) width 14: "\x{E42}"
      text run at (0,74252) width 14: "\x{E21}"
      text run at (0,74271) width 14: "\x{E07}"
      text run at (0,74290) width 14: "\x{E41}"
      text run at (0,74309) width 14: "\x{E25}"
      text run at (0,74328) width 14: "\x{E49}"
      text run at (0,74347) width 14: "\x{E27}"
      text run at (0,74366) width 14: "\x{E0A}"
      text run at (0,74385) width 14: "\x{E31}"
      text run at (0,74404) width 14: "\x{E48}"
      text run at (0,74423) width 14: "\x{E27}"
      text run at (0,74442) width 14: "\x{E42}"
      text run at (0,74461) width 14: "\x{E21}"
      text run at (0,74480) width 14: "\x{E07}"
      text run at (0,74499) width 14: "\x{E40}"
      text run at (0,74518) width 14: "\x{E25}"
      text run at (0,74537) width 14: "\x{E48}"
      text run at (0,74556) width 14: "\x{E32}"
      text run at (0,74575) width 14: "\x{E1C}"
      text run at (0,74594) width 14: "\x{E48}"
      text run at (0,74613) width 14: "\x{E32}"
      text run at (0,74632) width 14: "\x{E19}"
      text run at (0,74651) width 28: "\x{E44}\x{E1B}"
      text run at (0,74670) width 14: "\x{E42}"
      text run at (0,74689) width 14: "\x{E14}"
      text run at (0,74708) width 14: "\x{E42}"
      text run at (0,74727) width 14: "\x{E23}"
      text run at (0,74746) width 14: "\x{E18}"
      text run at (0,74765) width 14: "\x{E35}"
      text run at (0,74784) width 14: "\x{E04}"
      text run at (0,74803) width 14: "\x{E48}"
      text run at (0,74822) width 14: "\x{E2D}"
      text run at (0,74841) width 28: "\x{E22}\x{E46}"
      text run at (0,74860) width 14: "\x{E2B}"
      text run at (0,74879) width 14: "\x{E32}"
      text run at (0,74898) width 14: "\x{E22}"
      text run at (0,74917) width 14: "\x{E01}"
      text run at (0,74936) width 14: "\x{E25}"
      text run at (0,74955) width 28: "\x{E31}\x{E27}"
      text run at (0,74974) width 14: "\x{E41}"
      text run at (0,74993) width 14: "\x{E15}"
      text run at (0,75012) width 14: "\x{E48}"
      text run at (0,75031) width 14: "\x{E40}"
      text run at (0,75050) width 14: "\x{E18}"
      text run at (0,75069) width 14: "\x{E2D}"
      text run at (0,75088) width 14: "\x{E23}"
      text run at (0,75107) width 14: "\x{E39}"
      text run at (0,75126) width 14: "\x{E49}"
      text run at (0,75145) width 14: "\x{E2A}"
      text run at (0,75164) width 14: "\x{E36}"
      text run at (0,75183) width 14: "\x{E01}"
      text run at (0,75202) width 14: "\x{E40}"
      text run at (0,75221) width 14: "\x{E2B}"
      text run at (0,75240) width 14: "\x{E07}"
      text run at (0,75259) width 14: "\x{E32}"
      text run at (0,75278) width 14: "\x{E40}"
      text run at (0,75297) width 14: "\x{E2B}"
      text run at (0,75316) width 14: "\x{E25}"
      text run at (0,75335) width 14: "\x{E37}"
      text run at (0,75354) width 14: "\x{E2D}"
      text run at (0,75373) width 14: "\x{E40}"
      text run at (0,75392) width 14: "\x{E01}"
      text run at (0,75411) width 28: "\x{E34}\x{E19}"
      text run at (0,75430) width 14: "\x{E41}"
      text run at (0,75449) width 14: "\x{E25}"
      text run at (0,75468) width 14: "\x{E30}"
      text run at (0,75487) width 14: "\x{E25}"
      text run at (0,75506) width 14: "\x{E21}"
      text run at (0,75525) width 14: "\x{E01}"
      text run at (0,75544) width 14: "\x{E47}"
      text run at (0,75563) width 14: "\x{E2A}"
      text run at (0,75582) width 14: "\x{E48}"
      text run at (0,75601) width 14: "\x{E07}"
      text run at (0,75620) width 14: "\x{E40}"
      text run at (0,75639) width 14: "\x{E2A}"
      text run at (0,75658) width 14: "\x{E35}"
      text run at (0,75677) width 14: "\x{E22}"
      text run at (0,75696) width 14: "\x{E07}"
      text run at (0,75715) width 14: "\x{E2B}"
      text run at (0,75734) width 14: "\x{E27}"
      text run at (0,75753) width 14: "\x{E35}"
      text run at (0,75772) width 14: "\x{E14}"
      text run at (0,75791) width 14: "\x{E2B}"
      text run at (0,75810) width 14: "\x{E27}"
      text run at (0,75829) width 14: "\x{E37}"
      text run at (0,75848) width 14: "\x{E2D}"
      text run at (0,75867) width 14: "\x{E14}"
      text run at (0,75886) width 14: "\x{E31}"
      text run at (0,75905) width 14: "\x{E07}"
      text run at (0,75924) width 14: "\x{E40}"
      text run at (0,75943) width 14: "\x{E2A}"
      text run at (0,75962) width 14: "\x{E35}"
      text run at (0,75981) width 14: "\x{E22}"
      text run at (0,76000) width 14: "\x{E08}"
      text run at (0,76019) width 14: "\x{E19}"
      text run at (0,76038) width 14: "\x{E40}"
      text run at (0,76057) width 14: "\x{E18}"
      text run at (0,76076) width 14: "\x{E2D}"
      text run at (0,76095) width 14: "\x{E41}"
      text run at (0,76114) width 14: "\x{E17}"
      text run at (0,76133) width 14: "\x{E1A}"
      text run at (0,76152) width 14: "\x{E08}"
      text run at (0,76171) width 14: "\x{E30}"
      text run at (0,76190) width 14: "\x{E2B}"
      text run at (0,76209) width 14: "\x{E39}"
      text run at (0,76228) width 14: "\x{E2B}"
      text run at (0,76247) width 14: "\x{E19}"
      text run at (0,76266) width 28: "\x{E27}\x{E01}"
      text run at (0,76285) width 14: "\x{E17}"
      text run at (0,76304) width 14: "\x{E35}"
      text run at (0,76323) width 14: "\x{E41}"
      text run at (0,76342) width 14: "\x{E23}"
      text run at (0,76361) width 14: "\x{E01}"
      text run at (0,76380) width 14: "\x{E40}"
      text run at (0,76399) width 14: "\x{E18}"
      text run at (0,76418) width 14: "\x{E2D}"
      text run at (0,76437) width 14: "\x{E2A}"
      text run at (0,76456) width 14: "\x{E07}"
      text run at (0,76475) width 14: "\x{E2A}"
      text run at (0,76494) width 14: "\x{E31}"
      text run at (0,76513) width 14: "\x{E22}"
      text run at (0,76532) width 14: "\x{E27}"
      text run at (0,76551) width 14: "\x{E48}"
      text run at (0,76570) width 14: "\x{E32}"
      text run at (0,76589) width 14: "\x{E04}"
      text run at (0,76608) width 14: "\x{E07}"
      text run at (0,76627) width 14: "\x{E08}"
      text run at (0,76646) width 14: "\x{E30}"
      text run at (0,76665) width 14: "\x{E16}"
      text run at (0,76684) width 14: "\x{E39}"
      text run at (0,76703) width 14: "\x{E01}"
      text run at (0,76722) width 14: "\x{E09}"
      text run at (0,76741) width 14: "\x{E35}"
      text run at (0,76760) width 14: "\x{E01}"
      text run at (0,76779) width 14: "\x{E01}"
      text run at (0,76798) width 14: "\x{E23}"
      text run at (0,76817) width 14: "\x{E30}"
      text run at (0,76836) width 14: "\x{E0A}"
      text run at (0,76855) width 14: "\x{E32}"
      text run at (0,76874) width 14: "\x{E01}"
      text run at (0,76893) width 14: "\x{E2D}"
      text run at (0,76912) width 14: "\x{E2D}"
      text run at (0,76931) width 14: "\x{E01}"
      text run at (0,76950) width 14: "\x{E40}"
      text run at (0,76969) width 14: "\x{E1B}"
      text run at (0,76988) width 14: "\x{E47}"
      text run at (0,77007) width 14: "\x{E19}"
      text run at (0,77026) width 14: "\x{E0A}"
      text run at (0,77045) width 14: "\x{E34}"
      text run at (0,77064) width 14: "\x{E49}"
      text run at (0,77083) width 14: "\x{E19}"
      text run at (0,77102) width 14: "\x{E40}"
      text run at (0,77121) width 14: "\x{E25}"
      text run at (0,77140) width 14: "\x{E47}"
      text run at (0,77159) width 14: "\x{E01}"
      text run at (0,77178) width 14: "\x{E0A}"
      text run at (0,77197) width 14: "\x{E34}"
      text run at (0,77216) width 14: "\x{E49}"
      text run at (0,77235) width 14: "\x{E19}"
      text run at (0,77254) width 14: "\x{E19}"
      text run at (0,77273) width 14: "\x{E49}"
      text run at (0,77292) width 14: "\x{E2D}"
      text run at (0,77311) width 14: "\x{E22}"
      text run at (0,77330) width 14: "\x{E40}"
      text run at (0,77349) width 14: "\x{E21}"
      text run at (0,77368) width 14: "\x{E37}"
      text run at (0,77387) width 14: "\x{E48}"
      text run at (0,77406) width 14: "\x{E2D}"
      text run at (0,77425) width 14: "\x{E1A}"
      text run at (0,77444) width 14: "\x{E49}"
      text run at (0,77463) width 14: "\x{E32}"
      text run at (0,77482) width 14: "\x{E19}"
      text run at (0,77501) width 14: "\x{E40}"
      text run at (0,77520) width 14: "\x{E2D}"
      text run at (0,77539) width 14: "\x{E19}"
      text run at (0,77558) width 14: "\x{E25}"
      text run at (0,77577) width 14: "\x{E49}"
      text run at (0,77596) width 14: "\x{E21}"
      text run at (0,77615) width 14: "\x{E25}"
      text run at (0,77634) width 14: "\x{E07}"
      text run at (0,77653) width 14: "\x{E2D}"
      text run at (0,77672) width 14: "\x{E35}"
      text run at (0,77691) width 14: "\x{E01}"
      text run at (0,77710) width 14: "\x{E04}"
      text run at (0,77729) width 14: "\x{E23}"
      text run at (0,77748) width 14: "\x{E31}"
      text run at (0,77767) width 28: "\x{E49}\x{E07}"
      text run at (0,77786) width 14: "\x{E41}"
      text run at (0,77805) width 14: "\x{E15}"
      text run at (0,77824) width 14: "\x{E48}"
      text run at (0,77843) width 14: "\x{E2B}"
      text run at (0,77862) width 14: "\x{E25}"
      text run at (0,77881) width 14: "\x{E32}"
      text run at (0,77900) width 14: "\x{E22}"
      text run at (0,77919) width 14: "\x{E0A}"
      text run at (0,77938) width 14: "\x{E31}"
      text run at (0,77957) width 14: "\x{E48}"
      text run at (0,77976) width 14: "\x{E27}"
      text run at (0,77995) width 14: "\x{E42}"
      text run at (0,78014) width 14: "\x{E21}"
      text run at (0,78033) width 14: "\x{E07}"
      text run at (0,78052) width 14: "\x{E1C}"
      text run at (0,78071) width 14: "\x{E48}"
      text run at (0,78090) width 14: "\x{E32}"
      text run at (0,78109) width 14: "\x{E19}"
      text run at (0,78128) width 14: "\x{E44}"
      text run at (0,78147) width 14: "\x{E1B}"
      text run at (0,78166) width 14: "\x{E01}"
      text run at (0,78185) width 14: "\x{E47}"
      text run at (0,78204) width 14: "\x{E44}"
      text run at (0,78223) width 14: "\x{E21}"
      text run at (0,78242) width 14: "\x{E48}"
      text run at (0,78261) width 14: "\x{E21}"
      text run at (0,78280) width 14: "\x{E35}"
      text run at (0,78299) width 14: "\x{E2D}"
      text run at (0,78318) width 14: "\x{E30}"
      text run at (0,78337) width 14: "\x{E44}"
      text run at (0,78356) width 14: "\x{E23}"
      text run at (0,78375) width 14: "\x{E40}"
      text run at (0,78394) width 14: "\x{E01}"
      text run at (0,78413) width 14: "\x{E34}"
      text run at (0,78432) width 14: "\x{E14}"
      text run at (0,78451) width 14: "\x{E02}"
      text run at (0,78470) width 14: "\x{E36}"
      text run at (0,78489) width 14: "\x{E49}"
      text run at (0,78508) width 14: "\x{E19}"
      text run at (0,78527) width 14: "\x{E40}"
      text run at (0,78546) width 14: "\x{E18}"
      text run at (0,78565) width 14: "\x{E2D}"
      text run at (0,78584) width 14: "\x{E40}"
      text run at (0,78603) width 14: "\x{E25}"
      text run at (0,78622) width 14: "\x{E22}"
      text run at (0,78641) width 14: "\x{E40}"
      text run at (0,78660) width 14: "\x{E25}"
      text run at (0,78679) width 14: "\x{E34}"
      text run at (0,78698) width 14: "\x{E01}"
      text run at (0,78717) width 14: "\x{E27}"
      text run at (0,78736) width 14: "\x{E34}"
      text run at (0,78755) width 14: "\x{E15}"
      text run at (0,78774) width 14: "\x{E01}"
      text run at (0,78793) width 14: "\x{E41}"
      text run at (0,78812) width 14: "\x{E25}"
      text run at (0,78831) width 14: "\x{E30}"
      text run at (0,78850) width 14: "\x{E15}"
      text run at (0,78869) width 14: "\x{E31}"
      text run at (0,78888) width 14: "\x{E14}"
      text run at (0,78907) width 14: "\x{E2A}"
      text run at (0,78926) width 14: "\x{E34}"
      text run at (0,78945) width 14: "\x{E19}"
      text run at (0,78964) width 14: "\x{E43}"
      text run at (0,78983) width 14: "\x{E08}"
      text run at (0,79002) width 14: "\x{E04}"
      text run at (0,79021) width 14: "\x{E2D}"
      text run at (0,79040) width 14: "\x{E22}"
      text run at (0,79059) width 14: "\x{E14}"
      text run at (0,79078) width 14: "\x{E39}"
      text run at (0,79097) width 14: "\x{E2D}"
      text run at (0,79116) width 14: "\x{E22}"
      text run at (0,79135) width 14: "\x{E48}"
      text run at (0,79154) width 14: "\x{E32}"
      text run at (0,79173) width 14: "\x{E07}"
      text run at (0,79192) width 14: "\x{E2A}"
      text run at (0,79211) width 28: "\x{E07}\x{E1A}"
      text run at (0,79230) width 14: "\x{E41}"
      text run at (0,79249) width 14: "\x{E25}"
      text run at (0,79268) width 14: "\x{E30}"
      text run at (0,79287) width 14: "\x{E23}"
      text run at (0,79306) width 14: "\x{E2D}"
      text run at (0,79325) width 14: "\x{E27}"
      text run at (0,79344) width 14: "\x{E48}"
      text run at (0,79363) width 14: "\x{E32}"
      text run at (0,79382) width 14: "\x{E2D}"
      text run at (0,79401) width 14: "\x{E19}"
      text run at (0,79420) width 14: "\x{E32}"
      text run at (0,79439) width 14: "\x{E04}"
      text run at (0,79458) width 14: "\x{E15}"
      text run at (0,79477) width 14: "\x{E08}"
      text run at (0,79496) width 14: "\x{E30}"
      text run at (0,79515) width 14: "\x{E40}"
      text run at (0,79534) width 14: "\x{E1B}"
      text run at (0,79553) width 14: "\x{E47}"
      text run at (0,79572) width 14: "\x{E19}"
      text run at (0,79591) width 14: "\x{E2D}"
      text run at (0,79610) width 14: "\x{E22}"
      text run at (0,79629) width 14: "\x{E48}"
      text run at (0,79648) width 14: "\x{E32}"
      text run at (0,79667) width 14: "\x{E07}"
      text run at (0,79686) width 28: "\x{E44}\x{E23}"
      text run at (0,79705) width 14: "\x{E43}"
      text run at (0,79724) width 14: "\x{E19}"
      text run at (0,79743) width 14: "\x{E17}"
      text run at (0,79762) width 14: "\x{E35}"
      text run at (0,79781) width 14: "\x{E48}"
      text run at (0,79800) width 14: "\x{E2A}"
      text run at (0,79819) width 14: "\x{E38}"
      text run at (0,79838) width 14: "\x{E14}"
      text run at (0,79857) width 14: "\x{E40}"
      text run at (0,79876) width 14: "\x{E18}"
      text run at (0,79895) width 14: "\x{E2D}"
      text run at (0,79914) width 14: "\x{E04}"
      text run at (0,79933) width 14: "\x{E25}"
      text run at (0,79952) width 14: "\x{E32}"
      text run at (0,79971) width 14: "\x{E19}"
      text run at (0,79990) width 14: "\x{E08}"
      text run at (0,80009) width 14: "\x{E32}"
      text run at (0,80028) width 14: "\x{E01}"
      text run at (0,80047) width 14: "\x{E1E}"
      text run at (0,80066) width 14: "\x{E37}"
      text run at (0,80085) width 14: "\x{E49}"
      text run at (0,80104) width 14: "\x{E19}"
      text run at (0,80123) width 14: "\x{E2B}"
      text run at (0,80142) width 14: "\x{E49}"
      text run at (0,80161) width 14: "\x{E2D}"
      text run at (0,80180) width 14: "\x{E07}"
      text run at (0,80199) width 14: "\x{E17}"
      text run at (0,80218) width 14: "\x{E35}"
      text run at (0,80237) width 14: "\x{E48}"
      text run at (0,80256) width 14: "\x{E42}"
      text run at (0,80275) width 14: "\x{E22}"
      text run at (0,80294) width 14: "\x{E01}"
      text run at (0,80313) width 14: "\x{E44}"
      text run at (0,80332) width 14: "\x{E1B}"
      text run at (0,80351) width 14: "\x{E21}"
      text run at (0,80370) width 14: "\x{E32}"
      text run at (0,80389) width 14: "\x{E02}"
      text run at (0,80408) width 14: "\x{E36}"
      text run at (0,80427) width 14: "\x{E49}"
      text run at (0,80446) width 14: "\x{E19}"
      text run at (0,80465) width 14: "\x{E44}"
      text run at (0,80484) width 14: "\x{E1B}"
      text run at (0,80503) width 14: "\x{E1A}"
      text run at (0,80522) width 14: "\x{E19}"
      text run at (0,80541) width 14: "\x{E40}"
      text run at (0,80560) width 14: "\x{E15}"
      text run at (0,80579) width 14: "\x{E35}"
      text run at (0,80598) width 28: "\x{E22}\x{E07}"
      text run at (0,80617) width 14: "\x{E41}"
      text run at (0,80636) width 14: "\x{E25}"
      text run at (0,80655) width 14: "\x{E49}"
      text run at (0,80674) width 14: "\x{E27}"
      text run at (0,80693) width 14: "\x{E01}"
      text run at (0,80712) width 14: "\x{E47}"
      text run at (0,80731) width 14: "\x{E19}"
      text run at (0,80750) width 14: "\x{E2D}"
      text run at (0,80769) width 14: "\x{E19}"
      text run at (0,80788) width 28: "\x{E25}\x{E07}"
      text run at (0,80807) width 14: "\x{E42}"
      text run at (0,80826) width 14: "\x{E15}"
      text run at (0,80845) width 14: "\x{E42}"
      text run at (0,80864) width 14: "\x{E15}"
      text run at (0,80883) width 14: "\x{E49}"
      text run at (0,80902) width 14: "\x{E15}"
      text run at (0,80921) width 14: "\x{E32}"
      text run at (0,80940) width 14: "\x{E21}"
      text run at (0,80959) width 14: "\x{E15}"
      text run at (0,80978) width 14: "\x{E34}"
      text run at (0,80997) width 14: "\x{E14}"
      text run at (0,81016) width 14: "\x{E21}"
      text run at (0,81035) width 14: "\x{E32}"
      text run at (0,81054) width 14: "\x{E19}"
      text run at (0,81073) width 14: "\x{E2D}"
      text run at (0,81092) width 14: "\x{E19}"
      text run at (0,81111) width 14: "\x{E25}"
      text run at (0,81130) width 14: "\x{E07}"
      text run at (0,81149) width 14: "\x{E43}"
      text run at (0,81168) width 14: "\x{E01}"
      text run at (0,81187) width 14: "\x{E25}"
      text run at (0,81206) width 28: "\x{E49}\x{E46}"
      text run at (0,81225) width 14: "\x{E40}"
      text run at (0,81244) width 28: "\x{E18}\x{E2D}"
      text run at (0,81263) width 14: "\x{E44}"
      text run at (0,81282) width 14: "\x{E21}"
      text run at (0,81301) width 14: "\x{E48}"
      text run at (0,81320) width 14: "\x{E0A}"
      text run at (0,81339) width 14: "\x{E49}"
      text run at (0,81358) width 14: "\x{E32}"
      text run at (0,81377) width 14: "\x{E42}"
      text run at (0,81396) width 14: "\x{E14}"
      text run at (0,81415) width 14: "\x{E42}"
      text run at (0,81434) width 14: "\x{E23}"
      text run at (0,81453) width 14: "\x{E18}"
      text run at (0,81472) width 14: "\x{E35}"
      text run at (0,81491) width 14: "\x{E01}"
      text run at (0,81510) width 14: "\x{E47}"
      text run at (0,81529) width 14: "\x{E1B}"
      text run at (0,81548) width 14: "\x{E34}"
      text run at (0,81567) width 14: "\x{E14}"
      text run at (0,81586) width 14: "\x{E15}"
      text run at (0,81605) width 14: "\x{E32}"
      text run at (0,81624) width 14: "\x{E25}"
      text run at (0,81643) width 14: "\x{E07}"
      text run at (0,81662) width 14: "\x{E2B}"
      text run at (0,81681) width 14: "\x{E25}"
      text run at (0,81700) width 14: "\x{E31}"
      text run at (0,81719) width 14: "\x{E1A}"
      text run at (0,81738) width 14: "\x{E1C}"
      text run at (0,81757) width 14: "\x{E25}"
      text run at (0,81776) width 14: "\x{E47}"
      text run at (0,81795) width 14: "\x{E2D}"
      text run at (0,81814) width 14: "\x{E22}"
      text run at (0,81833) width 14: "\x{E44}"
      text run at (0,81852) width 14: "\x{E1B}"
      text run at (0,81871) width 14: "\x{E2D}"
      text run at (0,81890) width 14: "\x{E22}"
      text run at (0,81909) width 14: "\x{E48}"
      text run at (0,81928) width 14: "\x{E32}"
      text run at (0,81947) width 14: "\x{E07}"
      text run at (0,81966) width 14: "\x{E2A}"
      text run at (0,81985) width 14: "\x{E19}"
      text run at (0,82004) width 14: "\x{E34}"
      text run at (0,82023) width 14: "\x{E17}"
      text run at (0,82042) width 14: "\x{E17}"
      text run at (0,82061) width 14: "\x{E31}"
      text run at (0,82080) width 14: "\x{E49}"
      text run at (0,82099) width 28: "\x{E07}\x{E46}"
      text run at (0,82118) width 14: "\x{E17}"
      text run at (0,82137) width 14: "\x{E35}"
      text run at (0,82156) width 14: "\x{E48}"
      text run at (0,82175) width 14: "\x{E1A}"
      text run at (0,82194) width 14: "\x{E49}"
      text run at (0,82213) width 14: "\x{E32}"
      text run at (0,82232) width 14: "\x{E19}"
      text run at (0,82251) width 14: "\x{E42}"
      text run at (0,82270) width 14: "\x{E22}"
      text run at (0,82289) width 14: "\x{E01}"
      text run at (0,82308) width 14: "\x{E44}"
      text run at (0,82327) width 14: "\x{E1B}"
      text run at (0,82346) width 14: "\x{E21}"
      text run at (0,82365) width 14: "\x{E32}"
      text run at (0,82384) width 14: "\x{E41}"
      text run at (0,82403) width 14: "\x{E25}"
      text run at (0,82422) width 14: "\x{E30}"
      text run at (0,82441) width 14: "\x{E25}"
      text run at (0,82460) width 14: "\x{E21}"
      text run at (0,82479) width 14: "\x{E01}"
      text run at (0,82498) width 14: "\x{E47}"
      text run at (0,82517) width 14: "\x{E04}"
      text run at (0,82536) width 14: "\x{E23}"
      text run at (0,82555) width 14: "\x{E32}"
      text run at (0,82574) width 14: "\x{E07}"
      text run at (0,82593) width 14: "\x{E2B}"
      text run at (0,82612) width 14: "\x{E27}"
      text run at (0,82631) width 14: "\x{E35}"
      text run at (0,82650) width 14: "\x{E14}"
      text run at (0,82669) width 14: "\x{E2B}"
      text run at (0,82688) width 14: "\x{E27}"
      text run at (0,82707) width 28: "\x{E37}\x{E2D}"
layer at (480,98) size 28x61636
  RenderBlock (positioned) {DIV} at (480,98) size 1x61636
    RenderText {#text} at (0,0) size 28x61636
      text run at (0,0) width 28: "\x{E1A}\x{E17}"
      text run at (0,19) width 14: "\x{E17}"
      text run at (0,38) width 14: "\x{E35}\x{E48}"
      text run at (0,57) width 14: "\x{E51}"
      text run at (0,76) width 14: "\x{E1E}"
      text run at (0,95) width 14: "\x{E32}"
      text run at (0,114) width 14: "\x{E22}\x{E38}"
      text run at (0,133) width 14: "\x{E44}"
      text run at (0,152) width 14: "\x{E0B}"
      text run at (0,171) width 14: "\x{E42}"
      text run at (0,190) width 14: "\x{E04}"
      text run at (0,209) width 28: "\x{E25}\x{E19}"
      text run at (0,228) width 14: "\x{E42}"
      text run at (0,247) width 14: "\x{E14}"
      text run at (0,266) width 14: "\x{E42}"
      text run at (0,285) width 14: "\x{E23}"
      text run at (0,304) width 14: "\x{E18}\x{E35}"
      text run at (0,323) width 14: "\x{E2D}"
      text run at (0,342) width 14: "\x{E32}"
      text run at (0,361) width 14: "\x{E28}"
      text run at (0,380) width 28: "\x{E31}\x{E22}"
      text run at (0,399) width 14: "\x{E2D}"
      text run at (0,418) width 14: "\x{E22}"
      text run at (0,437) width 14: "\x{E39}\x{E48}"
      text run at (0,456) width 14: "\x{E17}"
      text run at (0,475) width 14: "\x{E48}"
      text run at (0,494) width 28: "\x{E32}\x{E21}"
      text run at (0,513) width 14: "\x{E01}"
      text run at (0,532) width 14: "\x{E25}"
      text run at (0,551) width 28: "\x{E32}\x{E07}"
      text run at (0,570) width 14: "\x{E17}"
      text run at (0,589) width 14: "\x{E38}"
      text run at (0,608) width 28: "\x{E48}\x{E07}"
      text run at (0,627) width 14: "\x{E43}"
      text run at (0,646) width 14: "\x{E2B}"
      text run at (0,665) width 14: "\x{E0D}\x{E48}"
      text run at (0,684) width 28: "\x{E43}\x{E19}"
      text run at (0,703) width 14: "\x{E41}"
      text run at (0,722) width 14: "\x{E04}"
      text run at (0,741) width 14: "\x{E19}"
      text run at (0,760) width 14: "\x{E0B}"
      text run at (0,779) width 28: "\x{E31}\x{E2A}"
      text run at (0,798) width 14: "\x{E01}"
      text run at (0,817) width 28: "\x{E31}\x{E1A}"
      text run at (0,836) width 14: "\x{E25}"
      text run at (0,855) width 28: "\x{E38}\x{E07}"
      text run at (0,874) width 14: "\x{E40}"
      text run at (0,893) width 14: "\x{E2E}"
      text run at (0,912) width 14: "\x{E19}"
      text run at (0,931) width 14: "\x{E23}\x{E35}"
      text run at (0,950) width 14: "\x{E0A}"
      text run at (0,969) width 28: "\x{E32}\x{E27}"
      text run at (0,988) width 14: "\x{E44}"
      text run at (0,1007) width 14: "\x{E23}\x{E48}"
      text run at (0,1026) width 14: "\x{E41}"
      text run at (0,1045) width 28: "\x{E25}\x{E30}"
      text run at (0,1064) width 14: "\x{E1B}"
      text run at (0,1083) width 28: "\x{E49}\x{E32}"
      text run at (0,1102) width 14: "\x{E40}"
      text run at (0,1121) width 14: "\x{E2D}"
      text run at (0,1140) width 28: "\x{E47}\x{E21}"
      text run at (0,1159) width 14: "\x{E20}"
      text run at (0,1178) width 14: "\x{E23}"
      text run at (0,1197) width 14: "\x{E23}"
      text run at (0,1216) width 28: "\x{E22}\x{E32}"
      text run at (0,1235) width 14: "\x{E0A}"
      text run at (0,1254) width 14: "\x{E32}"
      text run at (0,1273) width 14: "\x{E27}"
      text run at (0,1292) width 14: "\x{E44}"
      text run at (0,1311) width 14: "\x{E23}\x{E48}"
      text run at (0,1330) width 14: "\x{E1A}"
      text run at (0,1349) width 14: "\x{E49}"
      text run at (0,1368) width 28: "\x{E32}\x{E19}"
      text run at (0,1387) width 14: "\x{E02}"
      text run at (0,1406) width 28: "\x{E2D}\x{E07}"
      text run at (0,1425) width 14: "\x{E1E}"
      text run at (0,1444) width 28: "\x{E27}\x{E01}"
      text run at (0,1463) width 14: "\x{E40}"
      text run at (0,1482) width 28: "\x{E02}\x{E32}"
      text run at (0,1501) width 14: "\x{E2B}"
      text run at (0,1520) width 14: "\x{E25}"
      text run at (0,1539) width 28: "\x{E31}\x{E07}"
      text run at (0,1558) width 14: "\x{E40}"
      text run at (0,1577) width 14: "\x{E25}"
      text run at (0,1596) width 28: "\x{E47}\x{E01}"
      text run at (0,1615) width 14: "\x{E40}"
      text run at (0,1634) width 14: "\x{E1E}"
      text run at (0,1653) width 14: "\x{E23}"
      text run at (0,1672) width 28: "\x{E32}\x{E30}"
      text run at (0,1691) width 14: "\x{E44}"
      text run at (0,1710) width 14: "\x{E21}\x{E49}"
      text run at (0,1729) width 14: "\x{E2A}"
      text run at (0,1748) width 14: "\x{E23}"
      text run at (0,1767) width 14: "\x{E49}"
      text run at (0,1786) width 28: "\x{E32}\x{E07}"
      text run at (0,1805) width 14: "\x{E1A}"
      text run at (0,1824) width 14: "\x{E49}"
      text run at (0,1843) width 28: "\x{E32}\x{E19}"
      text run at (0,1862) width 14: "\x{E15}"
      text run at (0,1881) width 14: "\x{E49}"
      text run at (0,1900) width 28: "\x{E2D}\x{E07}"
      text run at (0,1919) width 28: "\x{E02}\x{E19}"
      text run at (0,1938) width 28: "\x{E21}\x{E32}"
      text run at (0,1957) width 14: "\x{E14}"
      text run at (0,1976) width 14: "\x{E49}"
      text run at (0,1995) width 28: "\x{E27}\x{E22}"
      text run at (0,2014) width 14: "\x{E40}"
      text run at (0,2033) width 14: "\x{E01}"
      text run at (0,2052) width 14: "\x{E27}"
      text run at (0,2071) width 14: "\x{E35}"
      text run at (0,2090) width 28: "\x{E22}\x{E19}"
      text run at (0,2109) width 14: "\x{E40}"
      text run at (0,2128) width 14: "\x{E1B}"
      text run at (0,2147) width 28: "\x{E47}\x{E19}"
      text run at (0,2166) width 14: "\x{E23}"
      text run at (0,2185) width 14: "\x{E30}"
      text run at (0,2204) width 28: "\x{E22}\x{E30}"
      text run at (0,2223) width 14: "\x{E17}"
      text run at (0,2242) width 28: "\x{E32}\x{E07}"
      text run at (0,2261) width 14: "\x{E2B}"
      text run at (0,2280) width 14: "\x{E25}"
      text run at (0,2299) width 28: "\x{E32}\x{E22}"
      text run at (0,2318) width 14: "\x{E44}"
      text run at (0,2337) width 14: "\x{E21}"
      text run at (0,2356) width 14: "\x{E25}\x{E4C}"
      text run at (0,2375) width 14: "\x{E1A}"
      text run at (0,2394) width 14: "\x{E49}"
      text run at (0,2413) width 28: "\x{E32}\x{E19}"
      text run at (0,2432) width 14: "\x{E21}\x{E35}"
      text run at (0,2451) width 14: "\x{E2A}"
      text run at (0,2470) width 14: "\x{E35}\x{E48}"
      text run at (0,2489) width 28: "\x{E1D}\x{E32}"
      text run at (0,2508) width 14: "\x{E21}\x{E35}"
      text run at (0,2527) width 14: "\x{E1E}"
      text run at (0,2546) width 14: "\x{E37}"
      text run at (0,2565) width 28: "\x{E49}\x{E19}"
      text run at (0,2584) width 14: "\x{E01}"
      text run at (0,2603) width 28: "\x{E31}\x{E1A}"
      text run at (0,2622) width 14: "\x{E2B}"
      text run at (0,2641) width 14: "\x{E25}"
      text run at (0,2660) width 14: "\x{E31}"
      text run at (0,2679) width 14: "\x{E07}"
      text run at (0,2698) width 28: "\x{E04}\x{E32}"
      text run at (0,2717) width 14: "\x{E23}"
      text run at (0,2736) width 28: "\x{E27}\x{E21}"
      text run at (0,2755) width 28: "\x{E17}\x{E33}"
      text run at (0,2774) width 14: "\x{E40}"
      text run at (0,2793) width 14: "\x{E1B}"
      text run at (0,2812) width 28: "\x{E47}\x{E19}"
      text run at (0,2831) width 14: "\x{E2B}"
      text run at (0,2850) width 14: "\x{E49}"
      text run at (0,2869) width 28: "\x{E2D}\x{E07}"
      text run at (0,2888) width 14: "\x{E40}"
      text run at (0,2907) width 14: "\x{E14}"
      text run at (0,2926) width 14: "\x{E35}"
      text run at (0,2945) width 28: "\x{E22}\x{E27}"
      text run at (0,2964) width 28: "\x{E43}\x{E19}"
      text run at (0,2983) width 14: "\x{E2B}"
      text run at (0,3002) width 14: "\x{E49}"
      text run at (0,3021) width 28: "\x{E2D}\x{E07}"
      text run at (0,3040) width 14: "\x{E21}\x{E35}"
      text run at (0,3059) width 14: "\x{E17}"
      text run at (0,3078) width 14: "\x{E31}"
      text run at (0,3097) width 28: "\x{E49}\x{E07}"
      text run at (0,3116) width 14: "\x{E40}"
      text run at (0,3135) width 28: "\x{E15}\x{E32}"
      text run at (0,3154) width 14: "\x{E2B}"
      text run at (0,3173) width 28: "\x{E38}\x{E07}"
      text run at (0,3192) width 14: "\x{E15}"
      text run at (0,3211) width 28: "\x{E49}\x{E21}"
      text run at (0,3230) width 14: "\x{E17}"
      text run at (0,3249) width 14: "\x{E35}\x{E48}"
      text run at (0,3268) width 14: "\x{E2A}"
      text run at (0,3287) width 14: "\x{E19}"
      text run at (0,3306) width 28: "\x{E34}\x{E21}"
      text run at (0,3325) width 14: "\x{E14}\x{E39}"
      text run at (0,3344) width 14: "\x{E02}"
      text run at (0,3363) width 14: "\x{E36}"
      text run at (0,3382) width 28: "\x{E49}\x{E19}"
      text run at (0,3401) width 14: "\x{E40}"
      text run at (0,3420) width 14: "\x{E25}"
      text run at (0,3439) width 28: "\x{E2D}\x{E30}"
      text run at (0,3458) width 14: "\x{E21}\x{E35}"
      text run at (0,3477) width 14: "\x{E15}"
      text run at (0,3496) width 14: "\x{E39}\x{E49}"
      text run at (0,3515) width 14: "\x{E43}"
      text run at (0,3534) width 14: "\x{E2A}\x{E48}"
      text run at (0,3553) width 14: "\x{E16}"
      text run at (0,3572) width 14: "\x{E49}"
      text run at (0,3591) width 28: "\x{E27}\x{E22}"
      text run at (0,3610) width 14: "\x{E0A}"
      text run at (0,3629) width 28: "\x{E32}\x{E21}"
      text run at (0,3648) width 14: "\x{E42}"
      text run at (0,3667) width 14: "\x{E15}"
      text run at (0,3686) width 28: "\x{E4A}\x{E30}"
      text run at (0,3705) width 14: "\x{E40}"
      text run at (0,3724) width 14: "\x{E01}"
      text run at (0,3743) width 14: "\x{E49}"
      text run at (0,3762) width 14: "\x{E32}"
      text run at (0,3781) width 14: "\x{E2D}"
      text run at (0,3800) width 14: "\x{E35}\x{E49}"
      text run at (0,3819) width 14: "\x{E2A}"
      text run at (0,3838) width 28: "\x{E32}\x{E21}"
      text run at (0,3857) width 14: "\x{E2B}"
      text run at (0,3876) width 14: "\x{E23}"
      text run at (0,3895) width 28: "\x{E37}\x{E2D}"
      text run at (0,3914) width 14: "\x{E2A}"
      text run at (0,3933) width 14: "\x{E35}\x{E48}"
      text run at (0,3952) width 14: "\x{E15}"
      text run at (0,3971) width 28: "\x{E31}\x{E27}"
      text run at (0,3990) width 14: "\x{E41}"
      text run at (0,4009) width 14: "\x{E25}"
      text run at (0,4028) width 28: "\x{E49}\x{E27}"
      text run at (0,4047) width 14: "\x{E01}\x{E47}"
      text run at (0,4066) width 14: "\x{E21}\x{E35}"
      text run at (0,4085) width 14: "\x{E40}"
      text run at (0,4104) width 14: "\x{E15}"
      text run at (0,4123) width 14: "\x{E35}"
      text run at (0,4142) width 28: "\x{E22}\x{E07}"
      text run at (0,4161) width 14: "\x{E19}"
      text run at (0,4180) width 28: "\x{E2D}\x{E19}"
      text run at (0,4199) width 14: "\x{E25}"
      text run at (0,4218) width 28: "\x{E38}\x{E07}"
      text run at (0,4237) width 14: "\x{E40}"
      text run at (0,4256) width 14: "\x{E2E}"
      text run at (0,4275) width 14: "\x{E19}"
      text run at (0,4294) width 14: "\x{E23}\x{E35}"
      text run at (0,4313) width 14: "\x{E01}"
      text run at (0,4332) width 28: "\x{E31}\x{E1A}"
      text run at (0,4351) width 14: "\x{E1B}"
      text run at (0,4370) width 28: "\x{E49}\x{E32}"
      text run at (0,4389) width 14: "\x{E40}"
      text run at (0,4408) width 14: "\x{E2D}"
      text run at (0,4427) width 28: "\x{E47}\x{E21}"
      text run at (0,4446) width 14: "\x{E21}\x{E35}"
      text run at (0,4465) width 14: "\x{E40}"
      text run at (0,4484) width 14: "\x{E15}"
      text run at (0,4503) width 14: "\x{E35}"
      text run at (0,4522) width 28: "\x{E22}\x{E07}"
      text run at (0,4541) width 14: "\x{E19}"
      text run at (0,4560) width 28: "\x{E2D}\x{E19}"
      text run at (0,4579) width 14: "\x{E43}"
      text run at (0,4598) width 14: "\x{E2B}"
      text run at (0,4617) width 14: "\x{E0D}\x{E48}"
      text run at (0,4636) width 14: "\x{E2D}"
      text run at (0,4655) width 14: "\x{E22}"
      text run at (0,4674) width 14: "\x{E39}\x{E48}"
      text run at (0,4693) width 14: "\x{E17}"
      text run at (0,4712) width 14: "\x{E35}\x{E48}"
      text run at (0,4731) width 14: "\x{E21}"
      text run at (0,4750) width 28: "\x{E38}\x{E21}"
      text run at (0,4769) width 14: "\x{E2B}"
      text run at (0,4788) width 14: "\x{E19}"
      text run at (0,4807) width 14: "\x{E36}"
      text run at (0,4826) width 28: "\x{E48}\x{E07}"
      text run at (0,4845) width 14: "\x{E2A}"
      text run at (0,4864) width 14: "\x{E48}"
      text run at (0,4883) width 28: "\x{E27}\x{E19}"
      text run at (0,4902) width 14: "\x{E42}"
      text run at (0,4921) width 14: "\x{E14}"
      text run at (0,4940) width 14: "\x{E42}"
      text run at (0,4959) width 14: "\x{E23}"
      text run at (0,4978) width 14: "\x{E18}\x{E35}"
      text run at (0,4997) width 14: "\x{E21}\x{E35}"
      text run at (0,5016) width 14: "\x{E40}"
      text run at (0,5035) width 14: "\x{E15}"
      text run at (0,5054) width 14: "\x{E35}"
      text run at (0,5073) width 28: "\x{E22}\x{E07}"
      text run at (0,5092) width 14: "\x{E40}"
      text run at (0,5111) width 14: "\x{E25}"
      text run at (0,5130) width 28: "\x{E47}\x{E01}"
      text run at (0,5149) width 14: "\x{E2D}"
      text run at (0,5168) width 28: "\x{E35}\x{E01}"
      text run at (0,5187) width 14: "\x{E17}"
      text run at (0,5206) width 14: "\x{E35}\x{E48}"
      text run at (0,5225) width 14: "\x{E21}"
      text run at (0,5244) width 28: "\x{E38}\x{E21}"
      text run at (0,5263) width 14: "\x{E2B}"
      text run at (0,5282) width 14: "\x{E19}"
      text run at (0,5301) width 14: "\x{E36}"
      text run at (0,5320) width 28: "\x{E48}\x{E07}"
      text run at (0,5339) width 14: "\x{E44}"
      text run at (0,5358) width 14: "\x{E21}\x{E48}"
      text run at (0,5377) width 14: "\x{E21}\x{E35}"
      text run at (0,5396) width 14: "\x{E2B}"
      text run at (0,5415) width 14: "\x{E49}"
      text run at (0,5434) width 28: "\x{E2D}\x{E07}"
      text run at (0,5453) width 14: "\x{E43}"
      text run at (0,5472) width 14: "\x{E15}\x{E49}"
      text run at (0,5491) width 14: "\x{E40}"
      text run at (0,5510) width 14: "\x{E1E}"
      text run at (0,5529) width 14: "\x{E14}"
      text run at (0,5548) width 28: "\x{E32}\x{E19}"
      text run at (0,5567) width 14: "\x{E40}"
      text run at (0,5586) width 28: "\x{E25}\x{E22}"
      text run at (0,5605) width 14: "\x{E2B}"
      text run at (0,5624) width 14: "\x{E49}"
      text run at (0,5643) width 28: "\x{E2D}\x{E07}"
      text run at (0,5662) width 14: "\x{E43}"
      text run at (0,5681) width 14: "\x{E15}"
      text run at (0,5700) width 14: "\x{E49}"
      text run at (0,5719) width 14: "\x{E16}"
      text run at (0,5738) width 28: "\x{E38}\x{E19}"
      text run at (0,5757) width 14: "\x{E01}\x{E47}"
      text run at (0,5776) width 14: "\x{E44}"
      text run at (0,5795) width 14: "\x{E21}\x{E48}"
      text run at (0,5814) width 14: "\x{E21}\x{E35}"
      text run at (0,5833) width 14: "\x{E40}"
      text run at (0,5852) width 14: "\x{E27}"
      text run at (0,5871) width 28: "\x{E49}\x{E19}"
      text run at (0,5890) width 14: "\x{E41}"
      text run at (0,5909) width 14: "\x{E15}\x{E48}"
      text run at (0,5928) width 14: "\x{E21}\x{E35}"
      text run at (0,5947) width 14: "\x{E42}"
      text run at (0,5966) width 14: "\x{E1E}"
      text run at (0,5985) width 28: "\x{E23}\x{E07}"
      text run at (0,6004) width 14: "\x{E40}"
      text run at (0,6023) width 14: "\x{E25}"
      text run at (0,6042) width 14: "\x{E47}"
      text run at (0,6061) width 28: "\x{E01}\x{E46}"
      text run at (0,6080) width 14: "\x{E17}"
      text run at (0,6099) width 14: "\x{E35}\x{E48}"
      text run at (0,6118) width 14: "\x{E02}"
      text run at (0,6137) width 28: "\x{E38}\x{E14}"
      text run at (0,6156) width 28: "\x{E44}\x{E1B}"
      text run at (0,6175) width 14: "\x{E43}"
      text run at (0,6194) width 14: "\x{E15}\x{E49}"
      text run at (0,6213) width 14: "\x{E1E}"
      text run at (0,6232) width 14: "\x{E37}"
      text run at (0,6251) width 28: "\x{E49}\x{E19}"
      text run at (0,6270) width 14: "\x{E40}"
      text run at (0,6289) width 14: "\x{E23}"
      text run at (0,6308) width 14: "\x{E35}"
      text run at (0,6327) width 28: "\x{E22}\x{E01}"
      text run at (0,6346) width 14: "\x{E27}"
      text run at (0,6365) width 28: "\x{E48}\x{E32}"
      text run at (0,6384) width 5: "\""
      text run at (0,6403) width 14: "\x{E42}"
      text run at (0,6422) width 14: "\x{E1E}"
      text run at (0,6441) width 28: "\x{E23}\x{E07}"
      text run at (0,6460) width 14: "\x{E44}"
      text run at (0,6479) width 14: "\x{E0B}"
      text run at (0,6498) width 14: "\x{E42}"
      text run at (0,6517) width 14: "\x{E04}"
      text run at (0,6536) width 28: "\x{E25}\x{E19}"
      text run at (0,6555) width 5: "\""
      text run at (0,6574) width 14: "\x{E40}"
      text run at (0,6593) width 14: "\x{E1B}"
      text run at (0,6612) width 28: "\x{E47}\x{E19}"
      text run at (0,6631) width 14: "\x{E17}"
      text run at (0,6650) width 14: "\x{E35}\x{E48}"
      text run at (0,6669) width 14: "\x{E04}"
      text run at (0,6688) width 14: "\x{E23}"
      text run at (0,6707) width 14: "\x{E2D}"
      text run at (0,6726) width 14: "\x{E1A}"
      text run at (0,6745) width 14: "\x{E04}"
      text run at (0,6764) width 14: "\x{E23}"
      text run at (0,6783) width 28: "\x{E31}\x{E27}"
      text run at (0,6802) width 14: "\x{E19}"
      text run at (0,6821) width 14: "\x{E35}\x{E49}"
      text run at (0,6840) width 28: "\x{E08}\x{E30}"
      text run at (0,6859) width 14: "\x{E21}"
      text run at (0,6878) width 28: "\x{E38}\x{E14}"
      text run at (0,6897) width 14: "\x{E40}"
      text run at (0,6916) width 14: "\x{E02}"
      text run at (0,6935) width 28: "\x{E49}\x{E32}"
      text run at (0,6954) width 28: "\x{E44}\x{E1B}"
      text run at (0,6973) width 14: "\x{E40}"
      text run at (0,6992) width 14: "\x{E21}"
      text run at (0,7011) width 14: "\x{E37}"
      text run at (0,7030) width 28: "\x{E48}\x{E2D}"
      text run at (0,7049) width 14: "\x{E40}"
      text run at (0,7068) width 14: "\x{E01}"
      text run at (0,7087) width 28: "\x{E34}\x{E14}"
      text run at (0,7106) width 28: "\x{E25}\x{E21}"
      text run at (0,7125) width 14: "\x{E21}"
      text run at (0,7144) width 14: "\x{E2B}"
      text run at (0,7163) width 14: "\x{E32}"
      text run at (0,7182) width 14: "\x{E20}"
      text run at (0,7201) width 28: "\x{E31}\x{E22}"
      text run at (0,7220) width 14: "\x{E0B}"
      text run at (0,7239) width 14: "\x{E36}"
      text run at (0,7258) width 28: "\x{E48}\x{E07}"
      text run at (0,7277) width 14: "\x{E01}"
      text run at (0,7296) width 14: "\x{E23}"
      text run at (0,7315) width 14: "\x{E30}"
      text run at (0,7334) width 14: "\x{E42}"
      text run at (0,7353) width 28: "\x{E0A}\x{E01}"
      text run at (0,7372) width 14: "\x{E41}"
      text run at (0,7391) width 28: "\x{E23}\x{E07}"
      text run at (0,7410) width 28: "\x{E08}\x{E19}"
      text run at (0,7429) width 28: "\x{E1A}\x{E14}"
      text run at (0,7448) width 14: "\x{E02}"
      text run at (0,7467) width 14: "\x{E22}"
      text run at (0,7486) width 14: "\x{E35}\x{E49}"
      text run at (0,7505) width 14: "\x{E2A}"
      text run at (0,7524) width 14: "\x{E34}"
      text run at (0,7543) width 28: "\x{E48}\x{E07}"
      text run at (0,7562) width 14: "\x{E01}"
      text run at (0,7581) width 28: "\x{E48}\x{E2D}"
      text run at (0,7600) width 14: "\x{E2A}"
      text run at (0,7619) width 14: "\x{E23}"
      text run at (0,7638) width 14: "\x{E49}"
      text run at (0,7657) width 28: "\x{E32}\x{E07}"
      text run at (0,7676) width 28: "\x{E43}\x{E14}"
      text run at (0,7695) width 14: "\x{E46}"
      text run at (0,7714) width 14: "\x{E17}"
      text run at (0,7733) width 14: "\x{E35}\x{E48}"
      text run at (0,7752) width 14: "\x{E02}"
      text run at (0,7771) width 14: "\x{E27}"
      text run at (0,7790) width 28: "\x{E32}\x{E07}"
      text run at (0,7809) width 14: "\x{E17}"
      text run at (0,7828) width 28: "\x{E32}\x{E07}"
      text run at (0,7847) width 14: "\x{E21}"
      text run at (0,7866) width 28: "\x{E31}\x{E19}"
      text run at (0,7885) width 14: "\x{E44}"
      text run at (0,7904) width 14: "\x{E14}\x{E49}"
      text run at (0,7923) width 14: "\x{E15}"
      text run at (0,7942) width 28: "\x{E23}\x{E07}"
      text run at (0,7961) width 14: "\x{E01}"
      text run at (0,7980) width 14: "\x{E25}"
      text run at (0,7999) width 28: "\x{E32}\x{E07}"
      text run at (0,8018) width 14: "\x{E1E}"
      text run at (0,8037) width 14: "\x{E37}"
      text run at (0,8056) width 28: "\x{E49}\x{E19}"
      text run at (0,8075) width 14: "\x{E21}\x{E35}"
      text run at (0,8094) width 28: "\x{E1D}\x{E32}"
      text run at (0,8113) width 14: "\x{E40}"
      text run at (0,8132) width 14: "\x{E1B}"
      text run at (0,8151) width 28: "\x{E34}\x{E14}"
      text run at (0,8170) width 14: "\x{E40}"
      text run at (0,8189) width 14: "\x{E02}"
      text run at (0,8208) width 28: "\x{E49}\x{E32}"
      text run at (0,8227) width 28: "\x{E44}\x{E1B}"
      text run at (0,8246) width 14: "\x{E08}"
      text run at (0,8265) width 28: "\x{E32}\x{E01}"
      text run at (0,8284) width 14: "\x{E19}"
      text run at (0,8303) width 14: "\x{E31}"
      text run at (0,8322) width 28: "\x{E49}\x{E19}"
      text run at (0,8341) width 14: "\x{E21}\x{E35}"
      text run at (0,8360) width 14: "\x{E1A}"
      text run at (0,8379) width 14: "\x{E31}"
      text run at (0,8398) width 14: "\x{E19}"
      text run at (0,8417) width 28: "\x{E44}\x{E14}"
      text run at (0,8436) width 28: "\x{E25}\x{E07}"
      text run at (0,8455) width 28: "\x{E44}\x{E1B}"
      text run at (0,8474) width 14: "\x{E16}"
      text run at (0,8493) width 28: "\x{E36}\x{E07}"
      text run at (0,8512) width 14: "\x{E42}"
      text run at (0,8531) width 14: "\x{E1E}"
      text run at (0,8550) width 28: "\x{E23}\x{E07}"
      text run at (0,8569) width 14: "\x{E21}"
      text run at (0,8588) width 28: "\x{E37}\x{E14}"
      text run at (0,8607) width 14: "\x{E40}"
      text run at (0,8626) width 14: "\x{E25}"
      text run at (0,8645) width 28: "\x{E47}\x{E01}"
      text run at (0,8664) width 14: "\x{E46}"
      text run at (0,8683) width 14: "\x{E40}"
      text run at (0,8702) width 14: "\x{E21}"
      text run at (0,8721) width 14: "\x{E37}"
      text run at (0,8740) width 28: "\x{E48}\x{E2D}"
      text run at (0,8759) width 14: "\x{E42}"
      text run at (0,8778) width 14: "\x{E14}"
      text run at (0,8797) width 14: "\x{E42}"
      text run at (0,8816) width 14: "\x{E23}"
      text run at (0,8835) width 14: "\x{E18}\x{E35}"
      text run at (0,8854) width 14: "\x{E22}"
      text run at (0,8873) width 28: "\x{E37}\x{E19}"
      text run at (0,8892) width 14: "\x{E17}"
      text run at (0,8911) width 14: "\x{E35}\x{E48}"
      text run at (0,8930) width 14: "\x{E1B}"
      text run at (0,8949) width 28: "\x{E32}\x{E01}"
      text run at (0,8968) width 14: "\x{E1B}"
      text run at (0,8987) width 14: "\x{E23}"
      text run at (0,9006) width 14: "\x{E30}"
      text run at (0,9025) width 14: "\x{E15}\x{E39}"
      text run at (0,9044) width 14: "\x{E41}"
      text run at (0,9063) width 28: "\x{E25}\x{E30}"
      text run at (0,9082) width 14: "\x{E21}"
      text run at (0,9101) width 28: "\x{E2D}\x{E07}"
      text run at (0,9120) width 28: "\x{E44}\x{E1B}"
      text run at (0,9139) width 14: "\x{E23}"
      text run at (0,9158) width 28: "\x{E2D}\x{E1A}"
      text run at (0,9177) width 14: "\x{E46}"
      text run at (0,9196) width 14: "\x{E40}"
      text run at (0,9215) width 28: "\x{E18}\x{E2D}"
      text run at (0,9234) width 14: "\x{E44}"
      text run at (0,9253) width 14: "\x{E21}\x{E48}"
      text run at (0,9272) width 14: "\x{E40}"
      text run at (0,9291) width 14: "\x{E2B}"
      text run at (0,9310) width 28: "\x{E47}\x{E19}"
      text run at (0,9329) width 14: "\x{E2D}"
      text run at (0,9348) width 14: "\x{E30}"
      text run at (0,9367) width 28: "\x{E44}\x{E23}"
      text run at (0,9386) width 14: "\x{E19}"
      text run at (0,9405) width 28: "\x{E2D}\x{E01}"
      text run at (0,9424) width 14: "\x{E08}"
      text run at (0,9443) width 28: "\x{E32}\x{E01}"
      text run at (0,9462) width 14: "\x{E17}"
      text run at (0,9481) width 14: "\x{E49}"
      text run at (0,9500) width 28: "\x{E2D}\x{E07}"
      text run at (0,9519) width 14: "\x{E17}"
      text run at (0,9538) width 14: "\x{E38}"
      text run at (0,9557) width 28: "\x{E48}\x{E07}"
      text run at (0,9576) width 14: "\x{E01}"
      text run at (0,9595) width 14: "\x{E27}"
      text run at (0,9614) width 14: "\x{E49}"
      text run at (0,9633) width 28: "\x{E32}\x{E07}"
      text run at (0,9652) width 14: "\x{E2A}\x{E35}"
      text run at (0,9671) width 14: "\x{E40}"
      text run at (0,9690) width 28: "\x{E17}\x{E32}"
      text run at (0,9709) width 14: "\x{E2B}"
      text run at (0,9728) width 14: "\x{E21}"
      text run at (0,9747) width 28: "\x{E48}\x{E19}"
      text run at (0,9766) width 14: "\x{E17}"
      text run at (0,9785) width 14: "\x{E31}"
      text run at (0,9804) width 28: "\x{E48}\x{E27}"
      text run at (0,9823) width 14: "\x{E17}"
      text run at (0,9842) width 28: "\x{E38}\x{E01}"
      text run at (0,9861) width 14: "\x{E14}"
      text run at (0,9880) width 14: "\x{E49}"
      text run at (0,9899) width 28: "\x{E32}\x{E19}"
      text run at (0,9918) width 14: "\x{E44}"
      text run at (0,9937) width 14: "\x{E21}\x{E48}"
      text run at (0,9956) width 14: "\x{E21}\x{E35}"
      text run at (0,9975) width 14: "\x{E41}"
      text run at (0,9994) width 14: "\x{E21}\x{E49}"
      text run at (0,10013) width 14: "\x{E15}"
      text run at (0,10032) width 14: "\x{E49}"
      text run at (0,10051) width 14: "\x{E19}"
      text run at (0,10070) width 14: "\x{E44}"
      text run at (0,10089) width 14: "\x{E21}\x{E49}"
      text run at (0,10108) width 14: "\x{E2A}"
      text run at (0,10127) width 28: "\x{E31}\x{E01}"
      text run at (0,10146) width 14: "\x{E15}"
      text run at (0,10165) width 28: "\x{E49}\x{E19}"
      text run at (0,10184) width 14: "\x{E2B}"
      text run at (0,10203) width 14: "\x{E23}"
      text run at (0,10222) width 28: "\x{E37}\x{E2D}"
      text run at (0,10241) width 14: "\x{E1A}"
      text run at (0,10260) width 14: "\x{E49}"
      text run at (0,10279) width 28: "\x{E32}\x{E19}"
      text run at (0,10298) width 14: "\x{E2A}"
      text run at (0,10317) width 28: "\x{E31}\x{E01}"
      text run at (0,10336) width 14: "\x{E2B}"
      text run at (0,10355) width 14: "\x{E25}"
      text run at (0,10374) width 28: "\x{E31}\x{E07}"
      text run at (0,10393) width 14: "\x{E17}"
      text run at (0,10412) width 14: "\x{E35}\x{E48}"
      text run at (0,10431) width 14: "\x{E42}"
      text run at (0,10450) width 14: "\x{E1C}"
      text run at (0,10469) width 14: "\x{E25}\x{E48}"
      text run at (0,10488) width 14: "\x{E1E}"
      text run at (0,10507) width 28: "\x{E49}\x{E19}"
      text run at (0,10526) width 14: "\x{E20}"
      text run at (0,10545) width 14: "\x{E39}"
      text run at (0,10564) width 14: "\x{E21}\x{E34}"
      text run at (0,10583) width 14: "\x{E1B}"
      text run at (0,10602) width 14: "\x{E23}"
      text run at (0,10621) width 14: "\x{E30}"
      text run at (0,10640) width 14: "\x{E40}"
      text run at (0,10659) width 28: "\x{E17}\x{E28}"
      text run at (0,10678) width 14: "\x{E2D}"
      text run at (0,10697) width 28: "\x{E31}\x{E19}"
      text run at (0,10716) width 14: "\x{E23}"
      text run at (0,10735) width 28: "\x{E32}\x{E1A}"
      text run at (0,10754) width 14: "\x{E40}"
      text run at (0,10773) width 14: "\x{E23}"
      text run at (0,10792) width 14: "\x{E35}"
      text run at (0,10811) width 28: "\x{E22}\x{E1A}"
      text run at (0,10830) width 14: "\x{E41}"
      text run at (0,10849) width 14: "\x{E1C}\x{E48}"
      text run at (0,10868) width 28: "\x{E44}\x{E1B}"
      text run at (0,10887) width 14: "\x{E44}"
      text run at (0,10906) width 28: "\x{E01}\x{E25}"
      text run at (0,10925) width 28: "\x{E08}\x{E19}"
      text run at (0,10944) width 28: "\x{E08}\x{E14}"
      text run at (0,10963) width 14: "\x{E02}"
      text run at (0,10982) width 28: "\x{E2D}\x{E1A}"
      text run at (0,11001) width 14: "\x{E1F}"
      text run at (0,11020) width 28: "\x{E49}\x{E32}"
      text run at (0,11039) width 14: "\x{E17}"
      text run at (0,11058) width 14: "\x{E31}"
      text run at (0,11077) width 28: "\x{E48}\x{E27}"
      text run at (0,11096) width 14: "\x{E17}"
      text run at (0,11115) width 28: "\x{E38}\x{E01}"
      text run at (0,11134) width 14: "\x{E17}"
      text run at (0,11153) width 28: "\x{E34}\x{E28}"
      text run at (0,11172) width 14: "\x{E14}"
      text run at (0,11191) width 28: "\x{E27}\x{E07}"
      text run at (0,11210) width 14: "\x{E15}"
      text run at (0,11229) width 14: "\x{E30}"
      text run at (0,11248) width 14: "\x{E27}"
      text run at (0,11267) width 28: "\x{E31}\x{E19}"
      text run at (0,11286) width 14: "\x{E40}"
      text run at (0,11305) width 28: "\x{E1C}\x{E32}"
      text run at (0,11324) width 14: "\x{E1C}"
      text run at (0,11343) width 28: "\x{E37}\x{E19}"
      text run at (0,11362) width 14: "\x{E14}"
      text run at (0,11381) width 28: "\x{E34}\x{E19}"
      text run at (0,11400) width 14: "\x{E17}"
      text run at (0,11419) width 14: "\x{E35}\x{E48}"
      text run at (0,11438) width 28: "\x{E44}\x{E16}"
      text run at (0,11457) width 14: "\x{E41}"
      text run at (0,11476) width 14: "\x{E25}"
      text run at (0,11495) width 28: "\x{E49}\x{E27}"
      text run at (0,11514) width 28: "\x{E08}\x{E19}"
      text run at (0,11533) width 14: "\x{E01}"
      text run at (0,11552) width 14: "\x{E25}"
      text run at (0,11571) width 28: "\x{E32}\x{E22}"
      text run at (0,11590) width 14: "\x{E40}"
      text run at (0,11609) width 14: "\x{E1B}"
      text run at (0,11628) width 28: "\x{E47}\x{E19}"
      text run at (0,11647) width 14: "\x{E41}"
      text run at (0,11666) width 14: "\x{E1C}"
      text run at (0,11685) width 28: "\x{E48}\x{E19}"
      text run at (0,11704) width 14: "\x{E21}"
      text run at (0,11723) width 14: "\x{E2B}"
      text run at (0,11742) width 14: "\x{E36}"
      text run at (0,11761) width 28: "\x{E21}\x{E32}"
      text run at (0,11780) width 14: "\x{E2A}\x{E35}"
      text run at (0,11799) width 28: "\x{E14}\x{E33}"
      text run at (0,11818) width 14: "\x{E21}\x{E35}"
      text run at (0,11837) width 14: "\x{E23}"
      text run at (0,11856) width 28: "\x{E2D}\x{E22}"
      text run at (0,11875) width 14: "\x{E41}"
      text run at (0,11894) width 14: "\x{E15}"
      text run at (0,11913) width 14: "\x{E01}"
      text run at (0,11932) width 14: "\x{E23}"
      text run at (0,11951) width 14: "\x{E30}"
      text run at (0,11970) width 14: "\x{E41}"
      text run at (0,11989) width 28: "\x{E2B}\x{E07}"
      text run at (0,12008) width 14: "\x{E2D}"
      text run at (0,12027) width 14: "\x{E22}"
      text run at (0,12046) width 14: "\x{E39}\x{E48}"
      text run at (0,12065) width 14: "\x{E15}"
      text run at (0,12084) width 14: "\x{E25}"
      text run at (0,12103) width 28: "\x{E2D}\x{E14}"
      text run at (0,12122) width 14: "\x{E41}"
      text run at (0,12141) width 14: "\x{E21}"
      text run at (0,12160) width 14: "\x{E49}"
      text run at (0,12179) width 14: "\x{E41}"
      text run at (0,12198) width 14: "\x{E15}\x{E48}"
      text run at (0,12217) width 14: "\x{E2B}"
      text run at (0,12236) width 14: "\x{E0D}"
      text run at (0,12255) width 28: "\x{E49}\x{E32}"
      text run at (0,12274) width 14: "\x{E01}\x{E47}"
      text run at (0,12293) width 14: "\x{E44}"
      text run at (0,12312) width 14: "\x{E21}\x{E48}"
      text run at (0,12331) width 14: "\x{E40}"
      text run at (0,12350) width 14: "\x{E02}"
      text run at (0,12369) width 14: "\x{E35}"
      text run at (0,12388) width 28: "\x{E22}\x{E27}"
      text run at (0,12407) width 14: "\x{E40}"
      text run at (0,12426) width 14: "\x{E1E}"
      text run at (0,12445) width 14: "\x{E23}"
      text run at (0,12464) width 28: "\x{E32}\x{E30}"
      text run at (0,12483) width 14: "\x{E14}"
      text run at (0,12502) width 28: "\x{E27}\x{E07}"
      text run at (0,12521) width 14: "\x{E15}"
      text run at (0,12540) width 14: "\x{E30}"
      text run at (0,12559) width 14: "\x{E27}"
      text run at (0,12578) width 28: "\x{E31}\x{E19}"
      text run at (0,12597) width 14: "\x{E40}"
      text run at (0,12616) width 28: "\x{E1C}\x{E32}"
      text run at (0,12635) width 14: "\x{E22}"
      text run at (0,12654) width 28: "\x{E2D}\x{E14}"
      text run at (0,12673) width 28: "\x{E43}\x{E1A}"
      text run at (0,12692) width 14: "\x{E22}"
      text run at (0,12711) width 28: "\x{E32}\x{E27}"
      text run at (0,12730) width 14: "\x{E40}"
      text run at (0,12749) width 14: "\x{E2A}"
      text run at (0,12768) width 28: "\x{E35}\x{E22}"
      text run at (0,12787) width 28: "\x{E08}\x{E19}"
      text run at (0,12806) width 14: "\x{E40}"
      text run at (0,12825) width 14: "\x{E1B}"
      text run at (0,12844) width 28: "\x{E47}\x{E19}"
      text run at (0,12863) width 14: "\x{E2A}\x{E35}"
      text run at (0,12882) width 14: "\x{E40}"
      text run at (0,12901) width 28: "\x{E17}\x{E32}"
      text run at (0,12920) width 14: "\x{E2B}"
      text run at (0,12939) width 14: "\x{E21}"
      text run at (0,12958) width 28: "\x{E48}\x{E19}"
      text run at (0,12977) width 14: "\x{E21}"
      text run at (0,12996) width 28: "\x{E2D}\x{E07}"
      text run at (0,13015) width 14: "\x{E40}"
      text run at (0,13034) width 14: "\x{E2B}"
      text run at (0,13053) width 28: "\x{E47}\x{E19}"
      text run at (0,13072) width 14: "\x{E2D}"
      text run at (0,13091) width 14: "\x{E22}"
      text run at (0,13110) width 14: "\x{E39}\x{E48}"
      text run at (0,13129) width 14: "\x{E17}"
      text run at (0,13148) width 14: "\x{E31}"
      text run at (0,13167) width 28: "\x{E48}\x{E27}"
      text run at (0,13186) width 28: "\x{E44}\x{E1B}"
      text run at (0,13205) width 14: "\x{E04}"
      text run at (0,13224) width 14: "\x{E23}"
      text run at (0,13243) width 14: "\x{E31}"
      text run at (0,13262) width 28: "\x{E49}\x{E07}"
      text run at (0,13281) width 14: "\x{E2B}"
      text run at (0,13300) width 14: "\x{E19}"
      text run at (0,13319) width 14: "\x{E36}"
      text run at (0,13338) width 28: "\x{E48}\x{E07}"
      text run at (0,13357) width 14: "\x{E40}"
      text run at (0,13376) width 28: "\x{E04}\x{E22}"
      text run at (0,13395) width 28: "\x{E17}\x{E32}"
      text run at (0,13414) width 14: "\x{E2A}\x{E35}"
      text run at (0,13433) width 14: "\x{E1A}"
      text run at (0,13452) width 14: "\x{E49}"
      text run at (0,13471) width 14: "\x{E32}"
      text run at (0,13490) width 14: "\x{E19}"
      text run at (0,13509) width 14: "\x{E40}"
      text run at (0,13528) width 14: "\x{E2D}"
      text run at (0,13547) width 14: "\x{E32}"
      text run at (0,13566) width 14: "\x{E44}"
      text run at (0,13585) width 14: "\x{E27}\x{E49}"
      text run at (0,13604) width 14: "\x{E41}"
      text run at (0,13623) width 14: "\x{E15}\x{E48}"
      text run at (0,13642) width 14: "\x{E01}\x{E47}"
      text run at (0,13661) width 14: "\x{E16}"
      text run at (0,13680) width 28: "\x{E39}\x{E01}"
      text run at (0,13699) width 14: "\x{E14}"
      text run at (0,13718) width 28: "\x{E27}\x{E07}"
      text run at (0,13737) width 14: "\x{E15}"
      text run at (0,13756) width 14: "\x{E30}"
      text run at (0,13775) width 14: "\x{E27}"
      text run at (0,13794) width 28: "\x{E31}\x{E19}"
      text run at (0,13813) width 14: "\x{E40}"
      text run at (0,13832) width 28: "\x{E1C}\x{E32}"
      text run at (0,13851) width 14: "\x{E40}"
      text run at (0,13870) width 14: "\x{E2A}"
      text run at (0,13889) width 28: "\x{E35}\x{E22}"
      text run at (0,13908) width 28: "\x{E08}\x{E19}"
      text run at (0,13927) width 14: "\x{E2A}\x{E35}"
      text run at (0,13946) width 14: "\x{E1E}"
      text run at (0,13965) width 28: "\x{E2D}\x{E07}"
      text run at (0,13984) width 14: "\x{E41}"
      text run at (0,14003) width 14: "\x{E25}"
      text run at (0,14022) width 28: "\x{E49}\x{E27}"
      text run at (0,14041) width 28: "\x{E1D}\x{E19}"
      text run at (0,14060) width 14: "\x{E01}\x{E47}"
      text run at (0,14079) width 14: "\x{E0A}"
      text run at (0,14098) width 14: "\x{E30}"
      text run at (0,14117) width 14: "\x{E21}"
      text run at (0,14136) width 28: "\x{E31}\x{E19}"
      text run at (0,14155) width 14: "\x{E2B}"
      text run at (0,14174) width 14: "\x{E25}"
      text run at (0,14193) width 28: "\x{E38}\x{E14}"
      text run at (0,14212) width 28: "\x{E44}\x{E1B}"
      text run at (0,14231) width 28: "\x{E08}\x{E19}"
      text run at (0,14250) width 14: "\x{E2B}"
      text run at (0,14269) width 28: "\x{E21}\x{E14}"
      text run at (0,14288) width 14: "\x{E41}"
      text run at (0,14307) width 28: "\x{E25}\x{E30}"
      text run at (0,14326) width 14: "\x{E15}"
      text run at (0,14345) width 28: "\x{E2D}\x{E19}"
      text run at (0,14364) width 14: "\x{E19}"
      text run at (0,14383) width 14: "\x{E35}\x{E49}"
      text run at (0,14402) width 14: "\x{E1A}"
      text run at (0,14421) width 14: "\x{E49}"
      text run at (0,14440) width 28: "\x{E32}\x{E19}"
      text run at (0,14459) width 14: "\x{E08}"
      text run at (0,14478) width 28: "\x{E36}\x{E07}"
      text run at (0,14497) width 14: "\x{E14}\x{E39}"
      text run at (0,14516) width 14: "\x{E2B}"
      text run at (0,14535) width 14: "\x{E21}"
      text run at (0,14554) width 14: "\x{E48}"
      text run at (0,14573) width 14: "\x{E19}"
      text run at (0,14592) width 14: "\x{E2B}"
      text run at (0,14611) width 14: "\x{E21}"
      text run at (0,14630) width 28: "\x{E2D}\x{E07}"
      text run at (0,14649) width 14: "\x{E40}"
      text run at (0,14668) width 14: "\x{E1B}"
      text run at (0,14687) width 28: "\x{E47}\x{E19}"
      text run at (0,14706) width 14: "\x{E2A}\x{E35}"
      text run at (0,14725) width 14: "\x{E40}"
      text run at (0,14744) width 28: "\x{E17}\x{E32}"
      text run at (0,14763) width 14: "\x{E40}"
      text run at (0,14782) width 14: "\x{E2B}"
      text run at (0,14801) width 14: "\x{E21}"
      text run at (0,14820) width 14: "\x{E37}"
      text run at (0,14839) width 28: "\x{E2D}\x{E19}"
      text run at (0,14858) width 14: "\x{E2A}"
      text run at (0,14877) width 14: "\x{E34}"
      text run at (0,14896) width 28: "\x{E48}\x{E07}"
      text run at (0,14915) width 14: "\x{E2D}"
      text run at (0,14934) width 14: "\x{E37}"
      text run at (0,14953) width 28: "\x{E48}\x{E19}"
      text run at (0,14972) width 14: "\x{E46}"
      text run at (0,14991) width 14: "\x{E14}"
      text run at (0,15010) width 14: "\x{E49}"
      text run at (0,15029) width 28: "\x{E27}\x{E22}"
      text run at (0,15048) width 14: "\x{E15}"
      text run at (0,15067) width 28: "\x{E2D}\x{E19}"
      text run at (0,15086) width 14: "\x{E17}"
      text run at (0,15105) width 14: "\x{E35}\x{E48}"
      text run at (0,15124) width 14: "\x{E1B}"
      text run at (0,15143) width 28: "\x{E49}\x{E32}"
      text run at (0,15162) width 14: "\x{E40}"
      text run at (0,15181) width 14: "\x{E2D}"
      text run at (0,15200) width 28: "\x{E47}\x{E21}"
      text run at (0,15219) width 14: "\x{E22}"
      text run at (0,15238) width 14: "\x{E49}"
      text run at (0,15257) width 28: "\x{E32}\x{E22}"
      text run at (0,15276) width 28: "\x{E21}\x{E32}"
      text run at (0,15295) width 14: "\x{E2D}"
      text run at (0,15314) width 14: "\x{E22}"
      text run at (0,15333) width 14: "\x{E39}\x{E48}"
      text run at (0,15352) width 14: "\x{E17}"
      text run at (0,15371) width 14: "\x{E35}\x{E48}"
      text run at (0,15390) width 14: "\x{E19}"
      text run at (0,15409) width 14: "\x{E35}\x{E48}"
      text run at (0,15428) width 14: "\x{E40}"
      text run at (0,15447) width 28: "\x{E18}\x{E2D}"
      text run at (0,15466) width 14: "\x{E22}"
      text run at (0,15485) width 28: "\x{E31}\x{E07}"
      text run at (0,15504) width 14: "\x{E2A}"
      text run at (0,15523) width 28: "\x{E32}\x{E27}"
      text run at (0,15542) width 14: "\x{E40}"
      text run at (0,15561) width 14: "\x{E1B}"
      text run at (0,15580) width 28: "\x{E47}\x{E19}"
      text run at (0,15599) width 14: "\x{E20}"
      text run at (0,15618) width 14: "\x{E23}"
      text run at (0,15637) width 14: "\x{E23}"
      text run at (0,15656) width 28: "\x{E22}\x{E32}"
      text run at (0,15675) width 14: "\x{E17}"
      text run at (0,15694) width 14: "\x{E35}\x{E48}"
      text run at (0,15713) width 14: "\x{E07}"
      text run at (0,15732) width 14: "\x{E14}"
      text run at (0,15751) width 14: "\x{E07}"
      text run at (0,15770) width 28: "\x{E32}\x{E21}"
      text run at (0,15789) width 14: "\x{E41}"
      text run at (0,15808) width 14: "\x{E25}"
      text run at (0,15827) width 28: "\x{E49}\x{E27}"
      text run at (0,15846) width 14: "\x{E41}"
      text run at (0,15865) width 28: "\x{E14}\x{E14}"
      text run at (0,15884) width 14: "\x{E41}"
      text run at (0,15903) width 28: "\x{E25}\x{E30}"
      text run at (0,15922) width 28: "\x{E25}\x{E21}"
      text run at (0,15941) width 14: "\x{E01}\x{E47}"
      text run at (0,15960) width 14: "\x{E44}"
      text run at (0,15979) width 14: "\x{E14}\x{E49}"
      text run at (0,15998) width 14: "\x{E40}"
      text run at (0,16017) width 14: "\x{E1B}"
      text run at (0,16036) width 14: "\x{E25}"
      text run at (0,16055) width 14: "\x{E35}"
      text run at (0,16074) width 14: "\x{E48}"
      text run at (0,16093) width 28: "\x{E22}\x{E19}"
      text run at (0,16112) width 14: "\x{E40}"
      text run at (0,16131) width 28: "\x{E18}\x{E2D}"
      text run at (0,16150) width 28: "\x{E44}\x{E1B}"
      text run at (0,16169) width 14: "\x{E40}"
      text run at (0,16188) width 28: "\x{E2D}\x{E32}"
      text run at (0,16207) width 14: "\x{E1B}"
      text run at (0,16226) width 14: "\x{E23}"
      text run at (0,16245) width 14: "\x{E30}"
      text run at (0,16264) width 14: "\x{E01}"
      text run at (0,16283) width 28: "\x{E32}\x{E22}"
      text run at (0,16302) width 28: "\x{E44}\x{E1B}"
      text run at (0,16321) width 14: "\x{E08}"
      text run at (0,16340) width 28: "\x{E32}\x{E01}"
      text run at (0,16359) width 14: "\x{E14}"
      text run at (0,16378) width 14: "\x{E27}"
      text run at (0,16397) width 14: "\x{E07}"
      text run at (0,16416) width 28: "\x{E15}\x{E32}"
      text run at (0,16435) width 14: "\x{E40}"
      text run at (0,16454) width 28: "\x{E18}\x{E2D}"
      text run at (0,16473) width 14: "\x{E1B}"
      text run at (0,16492) width 14: "\x{E25}"
      text run at (0,16511) width 14: "\x{E48}"
      text run at (0,16530) width 28: "\x{E2D}\x{E22}"
      text run at (0,16549) width 14: "\x{E44}"
      text run at (0,16568) width 14: "\x{E27}\x{E49}"
      text run at (0,16587) width 14: "\x{E41}"
      text run at (0,16606) width 14: "\x{E15}\x{E48}"
      text run at (0,16625) width 14: "\x{E04}"
      text run at (0,16644) width 14: "\x{E27}"
      text run at (0,16663) width 28: "\x{E32}\x{E21}"
      text run at (0,16682) width 14: "\x{E2A}"
      text run at (0,16701) width 14: "\x{E38}"
      text run at (0,16720) width 14: "\x{E02}"
      text run at (0,16739) width 28: "\x{E38}\x{E21}"
      text run at (0,16758) width 14: "\x{E2D}"
      text run at (0,16777) width 14: "\x{E22}"
      text run at (0,16796) width 14: "\x{E48}"
      text run at (0,16815) width 28: "\x{E32}\x{E07}"
      text run at (0,16834) width 14: "\x{E2B}"
      text run at (0,16853) width 14: "\x{E21}"
      text run at (0,16872) width 14: "\x{E48}"
      text run at (0,16891) width 14: "\x{E19}"
      text run at (0,16910) width 14: "\x{E2B}"
      text run at (0,16929) width 14: "\x{E21}"
      text run at (0,16948) width 28: "\x{E2D}\x{E07}"
      text run at (0,16967) width 14: "\x{E40}"
      text run at (0,16986) width 28: "\x{E2D}\x{E32}"
      text run at (0,17005) width 14: "\x{E2A}\x{E35}"
      text run at (0,17024) width 14: "\x{E41}"
      text run at (0,17043) width 28: "\x{E14}\x{E07}"
      text run at (0,17062) width 14: "\x{E08}"
      text run at (0,17081) width 28: "\x{E32}\x{E01}"
      text run at (0,17100) width 14: "\x{E41}"
      text run at (0,17119) width 14: "\x{E01}"
      text run at (0,17138) width 28: "\x{E49}\x{E21}"
      text run at (0,17157) width 14: "\x{E41}"
      text run at (0,17176) width 28: "\x{E25}\x{E30}"
      text run at (0,17195) width 14: "\x{E23}"
      text run at (0,17214) width 14: "\x{E34}"
      text run at (0,17233) width 14: "\x{E21}"
      text run at (0,17252) width 14: "\x{E1D}"
      text run at (0,17271) width 14: "\x{E35}"
      text run at (0,17290) width 14: "\x{E1B}"
      text run at (0,17309) width 28: "\x{E32}\x{E01}"
      text run at (0,17328) width 14: "\x{E40}"
      text run at (0,17347) width 28: "\x{E18}\x{E2D}"
      text run at (0,17366) width 28: "\x{E44}\x{E1B}"
      text run at (0,17385) width 14: "\x{E01}"
      text run at (0,17404) width 14: "\x{E25}"
      text run at (0,17423) width 28: "\x{E32}\x{E22}"
      text run at (0,17442) width 14: "\x{E40}"
      text run at (0,17461) width 14: "\x{E1B}"
      text run at (0,17480) width 28: "\x{E47}\x{E19}"
      text run at (0,17499) width 14: "\x{E2A}\x{E35}"
      text run at (0,17518) width 14: "\x{E2B}"
      text run at (0,17537) width 14: "\x{E21}"
      text run at (0,17556) width 28: "\x{E48}\x{E19}"
      text run at (0,17575) width 14: "\x{E46}"
      text run at (0,17594) width 14: "\x{E40}"
      text run at (0,17613) width 14: "\x{E2B}"
      text run at (0,17632) width 14: "\x{E21}"
      text run at (0,17651) width 14: "\x{E37}"
      text run at (0,17670) width 28: "\x{E2D}\x{E19}"
      text run at (0,17689) width 14: "\x{E01}"
      text run at (0,17708) width 28: "\x{E31}\x{E19}"
      text run at (0,17727) width 14: "\x{E40}"
      text run at (0,17746) width 28: "\x{E18}\x{E2D}"
      text run at (0,17765) width 14: "\x{E1C}"
      text run at (0,17784) width 28: "\x{E2D}\x{E21}"
      text run at (0,17803) width 14: "\x{E41}"
      text run at (0,17822) width 28: "\x{E25}\x{E30}"
      text run at (0,17841) width 14: "\x{E2B}"
      text run at (0,17860) width 14: "\x{E25}"
      text run at (0,17879) width 28: "\x{E31}\x{E07}"
      text run at (0,17898) width 14: "\x{E42}"
      text run at (0,17917) width 14: "\x{E04}"
      text run at (0,17936) width 28: "\x{E49}\x{E07}"
      text run at (0,17955) width 14: "\x{E41}"
      text run at (0,17974) width 28: "\x{E25}\x{E30}"
      text run at (0,17993) width 14: "\x{E40}"
      text run at (0,18012) width 14: "\x{E14}"
      text run at (0,18031) width 14: "\x{E35}"
      text run at (0,18050) width 14: "\x{E4B}"
      text run at (0,18069) width 28: "\x{E22}\x{E27}"
      text run at (0,18088) width 14: "\x{E19}"
      text run at (0,18107) width 14: "\x{E35}\x{E49}"
      text run at (0,18126) width 14: "\x{E44}"
      text run at (0,18145) width 14: "\x{E21}\x{E48}"
      text run at (0,18164) width 14: "\x{E40}"
      text run at (0,18183) width 28: "\x{E04}\x{E22}"
      text run at (0,18202) width 14: "\x{E22}"
      text run at (0,18221) width 14: "\x{E34}"
      text run at (0,18240) width 28: "\x{E49}\x{E21}"
      text run at (0,18259) width 14: "\x{E40}"
      text run at (0,18278) width 28: "\x{E25}\x{E22}"
      text run at (0,18297) width 14: "\x{E40}"
      text run at (0,18316) width 14: "\x{E21}"
      text run at (0,18335) width 14: "\x{E37}"
      text run at (0,18354) width 28: "\x{E48}\x{E2D}"
      text run at (0,18373) width 14: "\x{E42}"
      text run at (0,18392) width 14: "\x{E14}"
      text run at (0,18411) width 14: "\x{E42}"
      text run at (0,18430) width 14: "\x{E23}"
      text run at (0,18449) width 14: "\x{E18}\x{E35}"
      text run at (0,18468) width 14: "\x{E0B}"
      text run at (0,18487) width 14: "\x{E36}"
      text run at (0,18506) width 28: "\x{E48}\x{E07}"
      text run at (0,18525) width 14: "\x{E40}"
      text run at (0,18544) width 14: "\x{E1B}"
      text run at (0,18563) width 28: "\x{E47}\x{E19}"
      text run at (0,18582) width 14: "\x{E40}"
      text run at (0,18601) width 14: "\x{E14}"
      text run at (0,18620) width 28: "\x{E47}\x{E01}"
      text run at (0,18639) width 14: "\x{E01}"
      text run at (0,18658) width 14: "\x{E33}"
      text run at (0,18677) width 14: "\x{E1E}"
      text run at (0,18696) width 14: "\x{E23}"
      text run at (0,18715) width 28: "\x{E49}\x{E32}"
      text run at (0,18734) width 28: "\x{E21}\x{E32}"
      text run at (0,18753) width 14: "\x{E2D}"
      text run at (0,18772) width 14: "\x{E22}"
      text run at (0,18791) width 14: "\x{E39}\x{E48}"
      text run at (0,18810) width 14: "\x{E01}"
      text run at (0,18829) width 28: "\x{E31}\x{E1A}"
      text run at (0,18848) width 14: "\x{E40}"
      text run at (0,18867) width 28: "\x{E18}\x{E2D}"
      text run at (0,18886) width 14: "\x{E15}"
      text run at (0,18905) width 28: "\x{E2D}\x{E19}"
      text run at (0,18924) width 14: "\x{E41}"
      text run at (0,18943) width 28: "\x{E23}\x{E01}"
      text run at (0,18962) width 14: "\x{E1B}"
      text run at (0,18981) width 28: "\x{E49}\x{E32}"
      text run at (0,19000) width 14: "\x{E40}"
      text run at (0,19019) width 14: "\x{E2D}"
      text run at (0,19038) width 28: "\x{E47}\x{E21}"
      text run at (0,19057) width 14: "\x{E15}"
      text run at (0,19076) width 14: "\x{E37}"
      text run at (0,19095) width 28: "\x{E48}\x{E19}"
      text run at (0,19114) width 14: "\x{E40}"
      text run at (0,19133) width 14: "\x{E15}"
      text run at (0,19152) width 28: "\x{E49}\x{E19}"
      text run at (0,19171) width 14: "\x{E01}"
      text run at (0,19190) width 28: "\x{E31}\x{E1A}"
      text run at (0,19209) width 14: "\x{E40}"
      text run at (0,19228) width 14: "\x{E2A}"
      text run at (0,19247) width 14: "\x{E35}"
      text run at (0,19266) width 28: "\x{E22}\x{E07}"
      text run at (0,19285) width 14: "\x{E2B}"
      text run at (0,19304) width 14: "\x{E31}"
      text run at (0,19323) width 14: "\x{E27}"
      text run at (0,19342) width 14: "\x{E40}"
      text run at (0,19361) width 14: "\x{E23}"
      text run at (0,19380) width 28: "\x{E32}\x{E30}"
      text run at (0,19399) width 14: "\x{E02}"
      text run at (0,19418) width 28: "\x{E2D}\x{E07}"
      text run at (0,19437) width 14: "\x{E40}"
      text run at (0,19456) width 14: "\x{E14}"
      text run at (0,19475) width 28: "\x{E47}\x{E01}"
      text run at (0,19494) width 14: "\x{E19}"
      text run at (0,19513) width 14: "\x{E49}"
      text run at (0,19532) width 28: "\x{E2D}\x{E22}"
      text run at (0,19551) width 14: "\x{E21}"
      text run at (0,19570) width 28: "\x{E32}\x{E01}"
      text run at (0,19589) width 14: "\x{E40}"
      text run at (0,19608) width 28: "\x{E18}\x{E2D}"
      text run at (0,19627) width 14: "\x{E08}"
      text run at (0,19646) width 14: "\x{E30}"
      text run at (0,19665) width 14: "\x{E2A}"
      text run at (0,19684) width 28: "\x{E48}\x{E07}"
      text run at (0,19703) width 14: "\x{E40}"
      text run at (0,19722) width 14: "\x{E2A}"
      text run at (0,19741) width 14: "\x{E35}"
      text run at (0,19760) width 28: "\x{E22}\x{E07}"
      text run at (0,19779) width 14: "\x{E23}"
      text run at (0,19798) width 14: "\x{E49}"
      text run at (0,19817) width 28: "\x{E2D}\x{E07}"
      text run at (0,19836) width 14: "\x{E41}"
      text run at (0,19855) width 14: "\x{E25}"
      text run at (0,19874) width 28: "\x{E49}\x{E27}"
      text run at (0,19893) width 14: "\x{E40}"
      text run at (0,19912) width 28: "\x{E2D}\x{E32}"
      text run at (0,19931) width 14: "\x{E21}"
      text run at (0,19950) width 28: "\x{E37}\x{E2D}"
      text run at (0,19969) width 14: "\x{E17}"
      text run at (0,19988) width 28: "\x{E32}\x{E1A}"
      text run at (0,20007) width 28: "\x{E2D}\x{E01}"
      text run at (0,20026) width 14: "\x{E17}"
      text run at (0,20045) width 28: "\x{E38}\x{E01}"
      text run at (0,20064) width 14: "\x{E04}"
      text run at (0,20083) width 14: "\x{E23}"
      text run at (0,20102) width 14: "\x{E31}"
      text run at (0,20121) width 28: "\x{E49}\x{E07}"
      text run at (0,20140) width 14: "\x{E17}"
      text run at (0,20159) width 14: "\x{E35}\x{E48}"
      text run at (0,20178) width 14: "\x{E40}"
      text run at (0,20197) width 14: "\x{E2A}"
      text run at (0,20216) width 14: "\x{E35}"
      text run at (0,20235) width 28: "\x{E22}\x{E07}"
      text run at (0,20254) width 14: "\x{E2D}"
      text run at (0,20273) width 28: "\x{E31}\x{E19}"
      text run at (0,20292) width 14: "\x{E23}"
      text run at (0,20311) width 14: "\x{E48}"
      text run at (0,20330) width 14: "\x{E32}"
      text run at (0,20349) width 14: "\x{E40}"
      text run at (0,20368) width 14: "\x{E23}"
      text run at (0,20387) width 28: "\x{E34}\x{E07}"
      text run at (0,20406) width 14: "\x{E02}"
      text run at (0,20425) width 28: "\x{E2D}\x{E07}"
      text run at (0,20444) width 14: "\x{E42}"
      text run at (0,20463) width 14: "\x{E14}"
      text run at (0,20482) width 14: "\x{E42}"
      text run at (0,20501) width 14: "\x{E23}"
      text run at (0,20520) width 14: "\x{E18}\x{E35}"
      text run at (0,20539) width 14: "\x{E40}"
      text run at (0,20558) width 14: "\x{E02}"
      text run at (0,20577) width 28: "\x{E49}\x{E32}"
      text run at (0,20596) width 14: "\x{E2B}\x{E39}"
      text run at (0,20615) width 14: "\x{E40}"
      text run at (0,20634) width 28: "\x{E18}\x{E2D}"
      text run at (0,20653) width 14: "\x{E41}"
      text run at (0,20672) width 28: "\x{E25}\x{E30}"
      text run at (0,20691) width 14: "\x{E40}"
      text run at (0,20710) width 28: "\x{E18}\x{E2D}"
      text run at (0,20729) width 14: "\x{E40}"
      text run at (0,20748) width 14: "\x{E1D}"
      text run at (0,20767) width 28: "\x{E49}\x{E32}"
      text run at (0,20786) width 14: "\x{E21}"
      text run at (0,20805) width 28: "\x{E2D}\x{E07}"
      text run at (0,20824) width 14: "\x{E40}"
      text run at (0,20843) width 14: "\x{E14}"
      text run at (0,20862) width 28: "\x{E47}\x{E01}"
      text run at (0,20881) width 14: "\x{E2B}"
      text run at (0,20900) width 14: "\x{E0D}"
      text run at (0,20919) width 28: "\x{E34}\x{E07}"
      text run at (0,20938) width 14: "\x{E19}"
      text run at (0,20957) width 14: "\x{E49}"
      text run at (0,20976) width 28: "\x{E2D}\x{E22}"
      text run at (0,20995) width 14: "\x{E46}"
      text run at (0,21014) width 14: "\x{E14}"
      text run at (0,21033) width 14: "\x{E49}"
      text run at (0,21052) width 28: "\x{E27}\x{E22}"
      text run at (0,21071) width 14: "\x{E04}"
      text run at (0,21090) width 14: "\x{E27}"
      text run at (0,21109) width 28: "\x{E32}\x{E21}"
      text run at (0,21128) width 14: "\x{E1B}"
      text run at (0,21147) width 14: "\x{E23}"
      text run at (0,21166) width 14: "\x{E30}"
      text run at (0,21185) width 14: "\x{E2B}"
      text run at (0,21204) width 14: "\x{E25}"
      text run at (0,21223) width 28: "\x{E32}\x{E14}"
      text run at (0,21242) width 28: "\x{E43}\x{E08}"
      text run at (0,21261) width 14: "\x{E14}"
      text run at (0,21280) width 14: "\x{E49}"
      text run at (0,21299) width 28: "\x{E27}\x{E22}"
      text run at (0,21318) width 14: "\x{E22}"
      text run at (0,21337) width 28: "\x{E31}\x{E07}"
      text run at (0,21356) width 28: "\x{E2B}\x{E32}"
      text run at (0,21375) width 14: "\x{E2D}"
      text run at (0,21394) width 14: "\x{E30}"
      text run at (0,21413) width 28: "\x{E44}\x{E23}"
      text run at (0,21432) width 28: "\x{E21}\x{E32}"
      text run at (0,21451) width 14: "\x{E40}"
      text run at (0,21470) width 14: "\x{E1B}"
      text run at (0,21489) width 28: "\x{E47}\x{E19}"
      text run at (0,21508) width 14: "\x{E40}"
      text run at (0,21527) width 14: "\x{E23}"
      text run at (0,21546) width 14: "\x{E37}"
      text run at (0,21565) width 14: "\x{E48}"
      text run at (0,21584) width 28: "\x{E2D}\x{E07}"
      text run at (0,21603) width 14: "\x{E2B}"
      text run at (0,21622) width 14: "\x{E31}"
      text run at (0,21641) width 14: "\x{E27}"
      text run at (0,21660) width 14: "\x{E40}"
      text run at (0,21679) width 14: "\x{E23}"
      text run at (0,21698) width 28: "\x{E32}\x{E30}"
      text run at (0,21717) width 14: "\x{E44}"
      text run at (0,21736) width 14: "\x{E14}\x{E49}"
      text run at (0,21755) width 14: "\x{E25}"
      text run at (0,21774) width 28: "\x{E38}\x{E07}"
      text run at (0,21793) width 14: "\x{E40}"
      text run at (0,21812) width 14: "\x{E2E}"
      text run at (0,21831) width 14: "\x{E19}"
      text run at (0,21850) width 14: "\x{E23}\x{E35}"
      text run at (0,21869) width 14: "\x{E44}"
      text run at (0,21888) width 14: "\x{E21}\x{E48}"
      text run at (0,21907) width 14: "\x{E40}"
      text run at (0,21926) width 28: "\x{E04}\x{E22}"
      text run at (0,21945) width 14: "\x{E2B}"
      text run at (0,21964) width 14: "\x{E31}"
      text run at (0,21983) width 14: "\x{E27}"
      text run at (0,22002) width 14: "\x{E40}"
      text run at (0,22021) width 14: "\x{E23}"
      text run at (0,22040) width 28: "\x{E32}\x{E30}"
      text run at (0,22059) width 14: "\x{E25}"
      text run at (0,22078) width 28: "\x{E38}\x{E07}"
      text run at (0,22097) width 14: "\x{E17}"
      text run at (0,22116) width 14: "\x{E33}"
      text run at (0,22135) width 14: "\x{E07}"
      text run at (0,22154) width 28: "\x{E32}\x{E19}"
      text run at (0,22173) width 14: "\x{E2B}"
      text run at (0,22192) width 14: "\x{E19}"
      text run at (0,22211) width 28: "\x{E31}\x{E01}"
      text run at (0,22230) width 14: "\x{E08}"
      text run at (0,22249) width 28: "\x{E32}\x{E01}"
      text run at (0,22268) width 14: "\x{E40}"
      text run at (0,22287) width 14: "\x{E0A}"
      text run at (0,22306) width 28: "\x{E49}\x{E32}"
      text run at (0,22325) width 14: "\x{E22}"
      text run at (0,22344) width 28: "\x{E31}\x{E19}"
      text run at (0,22363) width 14: "\x{E04}"
      text run at (0,22382) width 28: "\x{E48}\x{E33}"
      text run at (0,22401) width 14: "\x{E41}"
      text run at (0,22420) width 28: "\x{E25}\x{E30}"
      text run at (0,22439) width 14: "\x{E44}"
      text run at (0,22458) width 14: "\x{E21}\x{E48}"
      text run at (0,22477) width 14: "\x{E40}"
      text run at (0,22496) width 28: "\x{E04}\x{E22}"
      text run at (0,22515) width 14: "\x{E23}"
      text run at (0,22534) width 14: "\x{E39}"
      text run at (0,22553) width 14: "\x{E49}"
      text run at (0,22572) width 14: "\x{E08}"
      text run at (0,22591) width 28: "\x{E31}\x{E01}"
      text run at (0,22610) width 14: "\x{E27}"
      text run at (0,22629) width 28: "\x{E48}\x{E32}"
      text run at (0,22648) width 14: "\x{E04}"
      text run at (0,22667) width 14: "\x{E27}"
      text run at (0,22686) width 28: "\x{E32}\x{E21}"
      text run at (0,22705) width 14: "\x{E23}"
      text run at (0,22724) width 14: "\x{E48}"
      text run at (0,22743) width 14: "\x{E32}"
      text run at (0,22762) width 14: "\x{E40}"
      text run at (0,22781) width 14: "\x{E23}"
      text run at (0,22800) width 28: "\x{E34}\x{E07}"
      text run at (0,22819) width 14: "\x{E04}"
      text run at (0,22838) width 28: "\x{E37}\x{E2D}"
      text run at (0,22857) width 14: "\x{E2D}"
      text run at (0,22876) width 14: "\x{E30}"
      text run at (0,22895) width 28: "\x{E44}\x{E23}"
      text run at (0,22914) width 14: "\x{E25}"
      text run at (0,22933) width 28: "\x{E38}\x{E07}"
      text run at (0,22952) width 14: "\x{E14}\x{E39}"
      text run at (0,22971) width 14: "\x{E2B}"
      text run at (0,22990) width 14: "\x{E21}"
      text run at (0,23009) width 14: "\x{E48}"
      text run at (0,23028) width 14: "\x{E19}"
      text run at (0,23047) width 14: "\x{E2B}"
      text run at (0,23066) width 14: "\x{E21}"
      text run at (0,23085) width 28: "\x{E2D}\x{E07}"
      text run at (0,23104) width 28: "\x{E44}\x{E1B}"
      text run at (0,23123) width 14: "\x{E2B}"
      text run at (0,23142) width 28: "\x{E21}\x{E14}"
      text run at (0,23161) width 14: "\x{E15}"
      text run at (0,23180) width 14: "\x{E31}"
      text run at (0,23199) width 28: "\x{E49}\x{E07}"
      text run at (0,23218) width 14: "\x{E41}"
      text run at (0,23237) width 14: "\x{E15}\x{E48}"
      text run at (0,23256) width 14: "\x{E40}"
      text run at (0,23275) width 14: "\x{E04}"
      text run at (0,23294) width 28: "\x{E23}\x{E32}"
      text run at (0,23313) width 14: "\x{E22}"
      text run at (0,23332) width 28: "\x{E32}\x{E27}"
      text run at (0,23351) width 28: "\x{E08}\x{E19}"
      text run at (0,23370) width 28: "\x{E08}\x{E14}"
      text run at (0,23389) width 14: "\x{E23}"
      text run at (0,23408) width 14: "\x{E2D}"
      text run at (0,23427) width 14: "\x{E07}"
      text run at (0,23446) width 14: "\x{E40}"
      text run at (0,23465) width 14: "\x{E17}"
      text run at (0,23484) width 28: "\x{E49}\x{E32}"
      text run at (0,23503) width 14: "\x{E1A}"
      text run at (0,23522) width 28: "\x{E39}\x{E15}"
      text run at (0,23541) width 14: "\x{E2D}"
      text run at (0,23560) width 28: "\x{E31}\x{E19}"
      text run at (0,23579) width 14: "\x{E2B}"
      text run at (0,23598) width 14: "\x{E22}"
      text run at (0,23617) width 28: "\x{E32}\x{E1A}"
      text run at (0,23636) width 14: "\x{E41}"
      text run at (0,23655) width 14: "\x{E25}"
      text run at (0,23674) width 28: "\x{E49}\x{E27}"
      text run at (0,23693) width 14: "\x{E25}"
      text run at (0,23712) width 28: "\x{E38}\x{E07}"
      text run at (0,23731) width 14: "\x{E01}\x{E47}"
      text run at (0,23750) width 14: "\x{E14}\x{E39}"
      text run at (0,23769) width 14: "\x{E40}"
      text run at (0,23788) width 14: "\x{E04}"
      text run at (0,23807) width 14: "\x{E23}"
      text run at (0,23826) width 14: "\x{E48}"
      text run at (0,23845) width 14: "\x{E07}"
      text run at (0,23864) width 14: "\x{E02}"
      text run at (0,23883) width 14: "\x{E23}"
      text run at (0,23902) width 28: "\x{E36}\x{E21}"
      text run at (0,23921) width 14: "\x{E19}"
      text run at (0,23940) width 28: "\x{E48}\x{E32}"
      text run at (0,23959) width 14: "\x{E40}"
      text run at (0,23978) width 14: "\x{E01}"
      text run at (0,23997) width 14: "\x{E23}"
      text run at (0,24016) width 14: "\x{E07}"
      text run at (0,24035) width 14: "\x{E02}"
      text run at (0,24054) width 28: "\x{E32}\x{E21}"
      text run at (0,24073) width 14: "\x{E44}"
      text run at (0,24092) width 14: "\x{E21}\x{E48}"
      text run at (0,24111) width 14: "\x{E04}"
      text run at (0,24130) width 14: "\x{E48}"
      text run at (0,24149) width 28: "\x{E2D}\x{E22}"
      text run at (0,24168) width 28: "\x{E08}\x{E30}"
      text run at (0,24187) width 14: "\x{E1E}"
      text run at (0,24206) width 28: "\x{E39}\x{E14}"
      text run at (0,24225) width 14: "\x{E21}\x{E35}"
      text run at (0,24244) width 14: "\x{E42}"
      text run at (0,24263) width 14: "\x{E15}"
      text run at (0,24282) width 14: "\x{E42}"
      text run at (0,24301) width 14: "\x{E15}\x{E49}"
      text run at (0,24320) width 14: "\x{E17}"
      text run at (0,24339) width 14: "\x{E35}\x{E48}"
      text run at (0,24358) width 28: "\x{E17}\x{E33}"
      text run at (0,24377) width 14: "\x{E43}"
      text run at (0,24396) width 14: "\x{E2B}\x{E49}"
      text run at (0,24415) width 14: "\x{E42}"
      text run at (0,24434) width 14: "\x{E14}"
      text run at (0,24453) width 14: "\x{E42}"
      text run at (0,24472) width 14: "\x{E23}"
      text run at (0,24491) width 14: "\x{E18}\x{E35}"
      text run at (0,24510) width 14: "\x{E2B}"
      text run at (0,24529) width 14: "\x{E31}"
      text run at (0,24548) width 14: "\x{E27}"
      text run at (0,24567) width 14: "\x{E40}"
      text run at (0,24586) width 14: "\x{E23}"
      text run at (0,24605) width 28: "\x{E32}\x{E30}"
      text run at (0,24624) width 14: "\x{E44}"
      text run at (0,24643) width 14: "\x{E14}\x{E49}"
      text run at (0,24662) width 14: "\x{E41}"
      text run at (0,24681) width 28: "\x{E25}\x{E30}"
      text run at (0,24700) width 14: "\x{E0A}"
      text run at (0,24719) width 14: "\x{E48}"
      text run at (0,24738) width 28: "\x{E27}\x{E22}"
      text run at (0,24757) width 14: "\x{E40}"
      text run at (0,24776) width 28: "\x{E18}\x{E2D}"
      text run at (0,24795) width 14: "\x{E43}"
      text run at (0,24814) width 14: "\x{E2B}\x{E49}"
      text run at (0,24833) width 14: "\x{E1E}"
      text run at (0,24852) width 28: "\x{E49}\x{E19}"
      text run at (0,24871) width 14: "\x{E08}"
      text run at (0,24890) width 28: "\x{E32}\x{E01}"
      text run at (0,24909) width 14: "\x{E01}"
      text run at (0,24928) width 28: "\x{E32}\x{E23}"
      text run at (0,24947) width 14: "\x{E01}"
      text run at (0,24966) width 14: "\x{E25}"
      text run at (0,24985) width 28: "\x{E32}\x{E22}"
      text run at (0,25004) width 14: "\x{E40}"
      text run at (0,25023) width 14: "\x{E1B}"
      text run at (0,25042) width 28: "\x{E47}\x{E19}"
      text run at (0,25061) width 14: "\x{E2A}\x{E35}"
      text run at (0,25080) width 14: "\x{E40}"
      text run at (0,25099) width 28: "\x{E17}\x{E32}"
      text run at (0,25118) width 14: "\x{E2B}"
      text run at (0,25137) width 14: "\x{E21}"
      text run at (0,25156) width 14: "\x{E48}"
      text run at (0,25175) width 14: "\x{E19}"
      text run at (0,25194) width 14: "\x{E40}"
      text run at (0,25213) width 14: "\x{E2B}"
      text run at (0,25232) width 14: "\x{E21}"
      text run at (0,25251) width 14: "\x{E37}"
      text run at (0,25270) width 28: "\x{E2D}\x{E19}"
      text run at (0,25289) width 14: "\x{E01}"
      text run at (0,25308) width 28: "\x{E31}\x{E1A}"
      text run at (0,25327) width 14: "\x{E2A}"
      text run at (0,25346) width 14: "\x{E34}"
      text run at (0,25365) width 28: "\x{E48}\x{E07}"
      text run at (0,25384) width 14: "\x{E23}"
      text run at (0,25403) width 28: "\x{E2D}\x{E1A}"
      text run at (0,25422) width 14: "\x{E15}"
      text run at (0,25441) width 28: "\x{E31}\x{E27}"
      text run at (0,25460) width 14: "\x{E2D}"
      text run at (0,25479) width 14: "\x{E37}"
      text run at (0,25498) width 28: "\x{E48}\x{E19}"
      text run at (0,25517) width 14: "\x{E46}"
      text run at (0,25536) width 14: "\x{E42}"
      text run at (0,25555) width 14: "\x{E15}"
      text run at (0,25574) width 14: "\x{E42}"
      text run at (0,25593) width 14: "\x{E15}\x{E49}"
      text run at (0,25612) width 14: "\x{E2A}\x{E35}"
      text run at (0,25631) width 14: "\x{E44}"
      text run at (0,25650) width 14: "\x{E21}\x{E48}"
      text run at (0,25669) width 14: "\x{E40}"
      text run at (0,25688) width 28: "\x{E17}\x{E32}"
      text run at (0,25707) width 14: "\x{E2B}"
      text run at (0,25726) width 14: "\x{E21}"
      text run at (0,25745) width 28: "\x{E48}\x{E19}"
      text run at (0,25764) width 14: "\x{E41}"
      text run at (0,25783) width 14: "\x{E15}\x{E48}"
      text run at (0,25802) width 14: "\x{E21}"
      text run at (0,25821) width 28: "\x{E31}\x{E19}"
      text run at (0,25840) width 14: "\x{E40}"
      text run at (0,25859) width 14: "\x{E1B}"
      text run at (0,25878) width 28: "\x{E47}\x{E19}"
      text run at (0,25897) width 14: "\x{E2B}"
      text run at (0,25916) width 28: "\x{E21}\x{E32}"
      text run at (0,25935) width 14: "\x{E2A}\x{E35}"
      text run at (0,25954) width 28: "\x{E14}\x{E33}"
      text run at (0,25973) width 14: "\x{E15}"
      text run at (0,25992) width 28: "\x{E31}\x{E27}"
      text run at (0,26011) width 14: "\x{E19}"
      text run at (0,26030) width 14: "\x{E49}"
      text run at (0,26049) width 28: "\x{E2D}\x{E22}"
      text run at (0,26068) width 14: "\x{E46}"
      text run at (0,26087) width 28: "\x{E02}\x{E19}"
      text run at (0,26106) width 14: "\x{E22}"
      text run at (0,26125) width 28: "\x{E32}\x{E27}"
      text run at (0,26144) width 14: "\x{E1B}"
      text run at (0,26163) width 28: "\x{E38}\x{E22}"
      text run at (0,26182) width 14: "\x{E23}"
      text run at (0,26201) width 28: "\x{E32}\x{E27}"
      text run at (0,26220) width 14: "\x{E01}"
      text run at (0,26239) width 28: "\x{E31}\x{E1A}"
      text run at (0,26258) width 14: "\x{E44}"
      text run at (0,26277) width 28: "\x{E2B}\x{E21}"
      text run at (0,26296) width 14: "\x{E21}\x{E35}"
      text run at (0,26315) width 28: "\x{E15}\x{E32}"
      text run at (0,26334) width 28: "\x{E14}\x{E33}"
      text run at (0,26353) width 14: "\x{E40}"
      text run at (0,26372) width 14: "\x{E25}"
      text run at (0,26391) width 28: "\x{E47}\x{E01}"
      text run at (0,26410) width 14: "\x{E40}"
      text run at (0,26429) width 14: "\x{E1B}"
      text run at (0,26448) width 28: "\x{E47}\x{E19}"
      text run at (0,26467) width 14: "\x{E1B}"
      text run at (0,26486) width 14: "\x{E23}"
      text run at (0,26505) width 14: "\x{E30}"
      text run at (0,26524) width 14: "\x{E01}"
      text run at (0,26543) width 28: "\x{E32}\x{E22}"
      text run at (0,26562) width 14: "\x{E23}"
      text run at (0,26581) width 14: "\x{E37}"
      text run at (0,26600) width 14: "\x{E48}"
      text run at (0,26619) width 14: "\x{E19}"
      text run at (0,26638) width 14: "\x{E40}"
      text run at (0,26657) width 14: "\x{E23}"
      text run at (0,26676) width 28: "\x{E34}\x{E07}"
      text run at (0,26695) width 14: "\x{E2D}"
      text run at (0,26714) width 14: "\x{E22}"
      text run at (0,26733) width 14: "\x{E39}\x{E48}"
      text run at (0,26752) width 14: "\x{E2A}"
      text run at (0,26771) width 28: "\x{E2D}\x{E07}"
      text run at (0,26790) width 14: "\x{E02}"
      text run at (0,26809) width 14: "\x{E49}"
      text run at (0,26828) width 28: "\x{E32}\x{E07}"
      text run at (0,26847) width 14: "\x{E08}"
      text run at (0,26866) width 14: "\x{E21}"
      text run at (0,26885) width 28: "\x{E39}\x{E01}"
      text run at (0,26904) width 14: "\x{E40}"
      text run at (0,26923) width 14: "\x{E25}"
      text run at (0,26942) width 28: "\x{E47}\x{E01}"
      text run at (0,26961) width 14: "\x{E2D}"
      text run at (0,26980) width 28: "\x{E31}\x{E19}"
      text run at (0,26999) width 14: "\x{E19}"
      text run at (0,27018) width 28: "\x{E48}\x{E32}"
      text run at (0,27037) width 14: "\x{E02}"
      text run at (0,27056) width 28: "\x{E31}\x{E19}"
      text run at (0,27075) width 14: "\x{E02}"
      text run at (0,27094) width 28: "\x{E2D}\x{E07}"
      text run at (0,27113) width 14: "\x{E21}"
      text run at (0,27132) width 28: "\x{E31}\x{E19}"
      text run at (0,27151) width 14: "\x{E42}"
      text run at (0,27170) width 14: "\x{E15}"
      text run at (0,27189) width 14: "\x{E42}"
      text run at (0,27208) width 14: "\x{E15}\x{E49}"
      text run at (0,27227) width 14: "\x{E40}"
      text run at (0,27246) width 14: "\x{E25}"
      text run at (0,27265) width 28: "\x{E48}\x{E19}"
      text run at (0,27284) width 14: "\x{E17}"
      text run at (0,27303) width 14: "\x{E31}"
      text run at (0,27322) width 28: "\x{E49}\x{E07}"
      text run at (0,27341) width 14: "\x{E27}"
      text run at (0,27360) width 28: "\x{E31}\x{E19}"
      text run at (0,27379) width 14: "\x{E41}"
      text run at (0,27398) width 28: "\x{E25}\x{E30}"
      text run at (0,27417) width 14: "\x{E42}"
      text run at (0,27436) width 14: "\x{E14}"
      text run at (0,27455) width 14: "\x{E42}"
      text run at (0,27474) width 14: "\x{E23}"
      text run at (0,27493) width 14: "\x{E18}\x{E35}"
      text run at (0,27512) width 14: "\x{E01}\x{E47}"
      text run at (0,27531) width 14: "\x{E40}"
      text run at (0,27550) width 14: "\x{E25}"
      text run at (0,27569) width 28: "\x{E48}\x{E19}"
      text run at (0,27588) width 14: "\x{E01}"
      text run at (0,27607) width 28: "\x{E31}\x{E1A}"
      text run at (0,27626) width 14: "\x{E21}"
      text run at (0,27645) width 28: "\x{E31}\x{E19}"
      text run at (0,27664) width 14: "\x{E41}"
      text run at (0,27683) width 28: "\x{E25}\x{E30}"
      text run at (0,27702) width 14: "\x{E23}"
      text run at (0,27721) width 28: "\x{E31}\x{E01}"
      text run at (0,27740) width 14: "\x{E21}"
      text run at (0,27759) width 28: "\x{E31}\x{E19}"
      text run at (0,27778) width 14: "\x{E40}"
      text run at (0,27797) width 14: "\x{E2B}"
      text run at (0,27816) width 14: "\x{E25}"
      text run at (0,27835) width 28: "\x{E37}\x{E2D}"
      text run at (0,27854) width 14: "\x{E40}"
      text run at (0,27873) width 14: "\x{E01}"
      text run at (0,27892) width 28: "\x{E34}\x{E19}"
      text run at (0,27911) width 14: "\x{E2D}"
      text run at (0,27930) width 14: "\x{E22}"
      text run at (0,27949) width 14: "\x{E48}"
      text run at (0,27968) width 14: "\x{E32}"
      text run at (0,27987) width 14: "\x{E07}"
      text run at (0,28006) width 28: "\x{E44}\x{E23}"
      text run at (0,28025) width 14: "\x{E01}\x{E47}"
      text run at (0,28044) width 14: "\x{E15}"
      text run at (0,28063) width 28: "\x{E32}\x{E21}"
      text run at (0,28082) width 14: "\x{E27}"
      text run at (0,28101) width 28: "\x{E31}\x{E19}"
      text run at (0,28120) width 14: "\x{E19}"
      text run at (0,28139) width 14: "\x{E35}\x{E49}"
      text run at (0,28158) width 14: "\x{E17}"
      text run at (0,28177) width 14: "\x{E31}"
      text run at (0,28196) width 28: "\x{E49}\x{E07}"
      text run at (0,28215) width 14: "\x{E04}"
      text run at (0,28234) width 14: "\x{E39}\x{E48}"
      text run at (0,28253) width 14: "\x{E44}"
      text run at (0,28272) width 14: "\x{E21}\x{E48}"
      text run at (0,28291) width 14: "\x{E44}"
      text run at (0,28310) width 14: "\x{E14}\x{E49}"
      text run at (0,28329) width 14: "\x{E40}"
      text run at (0,28348) width 14: "\x{E25}"
      text run at (0,28367) width 28: "\x{E48}\x{E19}"
      text run at (0,28386) width 14: "\x{E25}"
      text run at (0,28405) width 28: "\x{E38}\x{E07}"
      text run at (0,28424) width 14: "\x{E40}"
      text run at (0,28443) width 14: "\x{E2E}"
      text run at (0,28462) width 14: "\x{E19}"
      text run at (0,28481) width 14: "\x{E23}\x{E35}"
      text run at (0,28500) width 14: "\x{E19}"
      text run at (0,28519) width 14: "\x{E31}"
      text run at (0,28538) width 28: "\x{E48}\x{E07}"
      text run at (0,28557) width 14: "\x{E2D}"
      text run at (0,28576) width 14: "\x{E22}"
      text run at (0,28595) width 14: "\x{E39}\x{E48}"
      text run at (0,28614) width 14: "\x{E17}"
      text run at (0,28633) width 14: "\x{E35}\x{E48}"
      text run at (0,28652) width 14: "\x{E1A}"
      text run at (0,28671) width 14: "\x{E31}"
      text run at (0,28690) width 14: "\x{E19}"
      text run at (0,28709) width 28: "\x{E44}\x{E14}"
      text run at (0,28728) width 14: "\x{E1B}"
      text run at (0,28747) width 14: "\x{E23}"
      text run at (0,28766) width 14: "\x{E30}"
      text run at (0,28785) width 14: "\x{E15}\x{E39}"
      text run at (0,28804) width 14: "\x{E41}"
      text run at (0,28823) width 28: "\x{E25}\x{E30}"
      text run at (0,28842) width 14: "\x{E40}"
      text run at (0,28861) width 14: "\x{E1D}"
      text run at (0,28880) width 28: "\x{E49}\x{E32}"
      text run at (0,28899) width 14: "\x{E01}"
      text run at (0,28918) width 14: "\x{E31}"
      text run at (0,28937) width 14: "\x{E07}"
      text run at (0,28956) width 28: "\x{E27}\x{E25}"
      text run at (0,28975) width 14: "\x{E08}"
      text run at (0,28994) width 14: "\x{E49}"
      text run at (0,29013) width 28: "\x{E2D}\x{E07}"
      text run at (0,29032) width 14: "\x{E14}\x{E39}"
      text run at (0,29051) width 14: "\x{E17}"
      text run at (0,29070) width 14: "\x{E49}"
      text run at (0,29089) width 28: "\x{E2D}\x{E07}"
      text run at (0,29108) width 14: "\x{E1F}"
      text run at (0,29127) width 28: "\x{E49}\x{E32}"
      text run at (0,29146) width 14: "\x{E2A}\x{E35}"
      text run at (0,29165) width 14: "\x{E40}"
      text run at (0,29184) width 28: "\x{E17}\x{E32}"
      text run at (0,29203) width 14: "\x{E2B}"
      text run at (0,29222) width 14: "\x{E21}"
      text run at (0,29241) width 28: "\x{E48}\x{E19}"
      text run at (0,29260) width 14: "\x{E1C}"
      text run at (0,29279) width 28: "\x{E34}\x{E14}"
      text run at (0,29298) width 14: "\x{E1B}"
      text run at (0,29317) width 14: "\x{E01}"
      text run at (0,29336) width 14: "\x{E15}\x{E34}"
      text run at (0,29355) width 14: "\x{E42}"
      text run at (0,29374) width 14: "\x{E14}"
      text run at (0,29393) width 14: "\x{E42}"
      text run at (0,29412) width 14: "\x{E23}"
      text run at (0,29431) width 14: "\x{E18}\x{E35}"
      text run at (0,29450) width 14: "\x{E22}"
      text run at (0,29469) width 28: "\x{E37}\x{E19}"
      text run at (0,29488) width 14: "\x{E17}"
      text run at (0,29507) width 14: "\x{E35}\x{E48}"
      text run at (0,29526) width 14: "\x{E1B}"
      text run at (0,29545) width 14: "\x{E23}"
      text run at (0,29564) width 14: "\x{E30}"
      text run at (0,29583) width 14: "\x{E15}\x{E39}"
      text run at (0,29602) width 14: "\x{E01}"
      text run at (0,29621) width 28: "\x{E2D}\x{E14}"
      text run at (0,29640) width 14: "\x{E42}"
      text run at (0,29659) width 14: "\x{E15}"
      text run at (0,29678) width 14: "\x{E42}"
      text run at (0,29697) width 14: "\x{E15}\x{E49}"
      text run at (0,29716) width 14: "\x{E44}"
      text run at (0,29735) width 14: "\x{E27}\x{E49}"
      text run at (0,29754) width 28: "\x{E43}\x{E19}"
      text run at (0,29773) width 14: "\x{E2D}"
      text run at (0,29792) width 14: "\x{E49}"
      text run at (0,29811) width 28: "\x{E2D}\x{E21}"
      text run at (0,29830) width 14: "\x{E41}"
      text run at (0,29849) width 28: "\x{E02}\x{E19}"
      text run at (0,29868) width 14: "\x{E41}"
      text run at (0,29887) width 28: "\x{E25}\x{E30}"
      text run at (0,29906) width 14: "\x{E01}\x{E47}"
      text run at (0,29925) width 14: "\x{E21}"
      text run at (0,29944) width 28: "\x{E2D}\x{E07}"
      text run at (0,29963) width 14: "\x{E14}\x{E39}"
      text run at (0,29982) width 14: "\x{E17}"
      text run at (0,30001) width 14: "\x{E49}"
      text run at (0,30020) width 28: "\x{E2D}\x{E07}"
      text run at (0,30039) width 14: "\x{E1F}"
      text run at (0,30058) width 28: "\x{E49}\x{E32}"
      text run at (0,30077) width 14: "\x{E2D}"
      text run at (0,30096) width 14: "\x{E22}"
      text run at (0,30115) width 14: "\x{E39}\x{E48}"
      text run at (0,30134) width 14: "\x{E40}"
      text run at (0,30153) width 14: "\x{E2B}"
      text run at (0,30172) width 14: "\x{E21}"
      text run at (0,30191) width 14: "\x{E37}"
      text run at (0,30210) width 28: "\x{E2D}\x{E19}"
      text run at (0,30229) width 14: "\x{E01}"
      text run at (0,30248) width 28: "\x{E31}\x{E19}"
      text run at (0,30267) width 14: "\x{E1B}"
      text run at (0,30286) width 28: "\x{E49}\x{E32}"
      text run at (0,30305) width 14: "\x{E40}"
      text run at (0,30324) width 14: "\x{E2D}"
      text run at (0,30343) width 28: "\x{E47}\x{E21}"
      text run at (0,30362) width 14: "\x{E01}"
      text run at (0,30381) width 14: "\x{E33}"
      text run at (0,30400) width 14: "\x{E25}"
      text run at (0,30419) width 28: "\x{E31}\x{E07}"
      text run at (0,30438) width 14: "\x{E25}"
      text run at (0,30457) width 14: "\x{E49}"
      text run at (0,30476) width 28: "\x{E32}\x{E07}"
      text run at (0,30495) width 14: "\x{E0A}"
      text run at (0,30514) width 28: "\x{E32}\x{E21}"
      text run at (0,30533) width 14: "\x{E2D}"
      text run at (0,30552) width 14: "\x{E22}"
      text run at (0,30571) width 14: "\x{E39}\x{E48}"
      text run at (0,30590) width 14: "\x{E08}"
      text run at (0,30609) width 28: "\x{E32}\x{E01}"
      text run at (0,30628) width 14: "\x{E14}"
      text run at (0,30647) width 14: "\x{E49}"
      text run at (0,30666) width 28: "\x{E32}\x{E19}"
      text run at (0,30685) width 14: "\x{E40}"
      text run at (0,30704) width 14: "\x{E2B}"
      text run at (0,30723) width 14: "\x{E19}"
      text run at (0,30742) width 28: "\x{E37}\x{E2D}"
      text run at (0,30761) width 14: "\x{E44}"
      text run at (0,30780) width 28: "\x{E01}\x{E25}"
      text run at (0,30799) width 14: "\x{E2D}"
      text run at (0,30818) width 28: "\x{E2D}\x{E01}"
      text run at (0,30837) width 28: "\x{E44}\x{E1B}"
      text run at (0,30856) width 14: "\x{E21}\x{E35}"
      text run at (0,30875) width 14: "\x{E40}"
      text run at (0,30894) width 14: "\x{E2A}"
      text run at (0,30913) width 14: "\x{E35}"
      text run at (0,30932) width 28: "\x{E22}\x{E07}"
      text run at (0,30951) width 28: "\x{E25}\x{E21}"
      text run at (0,30970) width 14: "\x{E04}"
      text run at (0,30989) width 14: "\x{E23}"
      text run at (0,31008) width 28: "\x{E32}\x{E07}"
      text run at (0,31027) width 14: "\x{E41}"
      text run at (0,31046) width 14: "\x{E1C}"
      text run at (0,31065) width 28: "\x{E48}\x{E27}"
      text run at (0,31084) width 14: "\x{E40}"
      text run at (0,31103) width 28: "\x{E1A}\x{E32}"
      text run at (0,31122) width 14: "\x{E44}"
      text run at (0,31141) width 14: "\x{E14}"
      text run at (0,31160) width 14: "\x{E49}"
      text run at (0,31179) width 14: "\x{E22}"
      text run at (0,31198) width 28: "\x{E34}\x{E19}"
      text run at (0,31217) width 28: "\x{E21}\x{E32}"
      text run at (0,31236) width 14: "\x{E25}"
      text run at (0,31255) width 28: "\x{E38}\x{E07}"
      text run at (0,31274) width 14: "\x{E40}"
      text run at (0,31293) width 14: "\x{E2E}"
      text run at (0,31312) width 14: "\x{E19}"
      text run at (0,31331) width 14: "\x{E23}\x{E35}"
      text run at (0,31350) width 14: "\x{E41}"
      text run at (0,31369) width 28: "\x{E25}\x{E30}"
      text run at (0,31388) width 14: "\x{E42}"
      text run at (0,31407) width 14: "\x{E14}"
      text run at (0,31426) width 14: "\x{E42}"
      text run at (0,31445) width 14: "\x{E23}"
      text run at (0,31464) width 14: "\x{E18}\x{E35}"
      text run at (0,31483) width 14: "\x{E40}"
      text run at (0,31502) width 14: "\x{E2B}"
      text run at (0,31521) width 28: "\x{E47}\x{E19}"
      text run at (0,31540) width 14: "\x{E15}"
      text run at (0,31559) width 28: "\x{E49}\x{E19}"
      text run at (0,31578) width 14: "\x{E2B}"
      text run at (0,31597) width 14: "\x{E0D}"
      text run at (0,31616) width 28: "\x{E49}\x{E32}"
      text run at (0,31635) width 14: "\x{E2A}"
      text run at (0,31654) width 28: "\x{E39}\x{E07}"
      text run at (0,31673) width 14: "\x{E40}"
      text run at (0,31692) width 28: "\x{E2D}\x{E19}"
      text run at (0,31711) width 14: "\x{E40}"
      text run at (0,31730) width 14: "\x{E1B}"
      text run at (0,31749) width 28: "\x{E47}\x{E19}"
      text run at (0,31768) width 14: "\x{E04}"
      text run at (0,31787) width 14: "\x{E25}"
      text run at (0,31806) width 14: "\x{E37}"
      text run at (0,31825) width 28: "\x{E48}\x{E19}"
      text run at (0,31844) width 14: "\x{E01}"
      text run at (0,31863) width 14: "\x{E48}"
      text run at (0,31882) width 28: "\x{E2D}\x{E19}"
      text run at (0,31901) width 14: "\x{E17}"
      text run at (0,31920) width 14: "\x{E35}\x{E48}"
      text run at (0,31939) width 14: "\x{E1E}"
      text run at (0,31958) width 14: "\x{E32}"
      text run at (0,31977) width 14: "\x{E22}\x{E38}"
      text run at (0,31996) width 28: "\x{E08}\x{E30}"
      text run at (0,32015) width 28: "\x{E21}\x{E32}"
      text run at (0,32034) width 14: "\x{E16}"
      text run at (0,32053) width 28: "\x{E36}\x{E07}"
      text run at (0,32072) width 14: "\x{E41}"
      text run at (0,32091) width 14: "\x{E25}"
      text run at (0,32110) width 28: "\x{E49}\x{E27}"
      text run at (0,32129) width 14: "\x{E01}\x{E47}"
      text run at (0,32148) width 14: "\x{E21}\x{E35}"
      text run at (0,32167) width 14: "\x{E40}"
      text run at (0,32186) width 14: "\x{E2A}"
      text run at (0,32205) width 14: "\x{E35}"
      text run at (0,32224) width 28: "\x{E22}\x{E07}"
      text run at (0,32243) width 14: "\x{E2B}"
      text run at (0,32262) width 14: "\x{E27}"
      text run at (0,32281) width 14: "\x{E35}"
      text run at (0,32300) width 14: "\x{E14}"
      text run at (0,32319) width 14: "\x{E2B}"
      text run at (0,32338) width 14: "\x{E27}"
      text run at (0,32357) width 28: "\x{E34}\x{E27}"
      text run at (0,32376) width 14: "\x{E0A}"
      text run at (0,32395) width 14: "\x{E31}"
      text run at (0,32414) width 14: "\x{E14}"
      text run at (0,32433) width 14: "\x{E40}"
      text run at (0,32452) width 28: "\x{E08}\x{E19}"
      text run at (0,32471) width 28: "\x{E21}\x{E32}"
      text run at (0,32490) width 14: "\x{E08}"
      text run at (0,32509) width 28: "\x{E32}\x{E01}"
      text run at (0,32528) width 14: "\x{E1A}"
      text run at (0,32547) width 14: "\x{E23}"
      text run at (0,32566) width 14: "\x{E23}"
      text run at (0,32585) width 14: "\x{E22}"
      text run at (0,32604) width 14: "\x{E32}"
      text run at (0,32623) width 14: "\x{E01}"
      text run at (0,32642) width 28: "\x{E32}\x{E28}"
      text run at (0,32661) width 14: "\x{E17}"
      text run at (0,32680) width 28: "\x{E32}\x{E07}"
      text run at (0,32699) width 14: "\x{E43}"
      text run at (0,32718) width 14: "\x{E15}\x{E49}"
      text run at (0,32737) width 14: "\x{E41}"
      text run at (0,32756) width 28: "\x{E25}\x{E30}"
      text run at (0,32775) width 14: "\x{E40}"
      text run at (0,32794) width 14: "\x{E21}"
      text run at (0,32813) width 14: "\x{E37}"
      text run at (0,32832) width 28: "\x{E48}\x{E2D}"
      text run at (0,32851) width 14: "\x{E40}"
      text run at (0,32870) width 14: "\x{E2B}"
      text run at (0,32889) width 14: "\x{E25}"
      text run at (0,32908) width 14: "\x{E37}"
      text run at (0,32927) width 28: "\x{E2D}\x{E1A}"
      text run at (0,32946) width 28: "\x{E15}\x{E32}"
      text run at (0,32965) width 28: "\x{E44}\x{E1B}"
      text run at (0,32984) width 14: "\x{E17}"
      text run at (0,33003) width 28: "\x{E32}\x{E07}"
      text run at (0,33022) width 14: "\x{E14}"
      text run at (0,33041) width 14: "\x{E49}"
      text run at (0,33060) width 28: "\x{E32}\x{E19}"
      text run at (0,33079) width 14: "\x{E19}"
      text run at (0,33098) width 14: "\x{E31}"
      text run at (0,33117) width 28: "\x{E49}\x{E19}"
      text run at (0,33136) width 14: "\x{E01}\x{E47}"
      text run at (0,33155) width 14: "\x{E40}"
      text run at (0,33174) width 14: "\x{E2B}"
      text run at (0,33193) width 28: "\x{E47}\x{E19}"
      text run at (0,33212) width 14: "\x{E04}"
      text run at (0,33231) width 14: "\x{E25}"
      text run at (0,33250) width 14: "\x{E37}"
      text run at (0,33269) width 28: "\x{E48}\x{E19}"
      text run at (0,33288) width 14: "\x{E2B}"
      text run at (0,33307) width 14: "\x{E0D}"
      text run at (0,33326) width 28: "\x{E49}\x{E32}"
      text run at (0,33345) width 28: "\x{E21}\x{E32}"
      text run at (0,33364) width 14: "\x{E17}"
      text run at (0,33383) width 28: "\x{E32}\x{E07}"
      text run at (0,33402) width 14: "\x{E14}"
      text run at (0,33421) width 14: "\x{E49}"
      text run at (0,33440) width 28: "\x{E32}\x{E19}"
      text run at (0,33459) width 14: "\x{E19}"
      text run at (0,33478) width 14: "\x{E31}"
      text run at (0,33497) width 28: "\x{E49}\x{E19}"
      text run at (0,33516) width 14: "\x{E14}"
      text run at (0,33535) width 14: "\x{E49}"
      text run at (0,33554) width 28: "\x{E27}\x{E22}"
      text run at (0,33573) width 14: "\x{E25}"
      text run at (0,33592) width 28: "\x{E38}\x{E07}"
      text run at (0,33611) width 14: "\x{E40}"
      text run at (0,33630) width 14: "\x{E2E}"
      text run at (0,33649) width 14: "\x{E19}"
      text run at (0,33668) width 14: "\x{E23}\x{E35}"
      text run at (0,33687) width 14: "\x{E1C}"
      text run at (0,33706) width 28: "\x{E38}\x{E14}"
      text run at (0,33725) width 14: "\x{E25}"
      text run at (0,33744) width 28: "\x{E38}\x{E01}"
      text run at (0,33763) width 14: "\x{E02}"
      text run at (0,33782) width 14: "\x{E36}"
      text run at (0,33801) width 28: "\x{E49}\x{E19}"
      text run at (0,33820) width 14: "\x{E17}"
      text run at (0,33839) width 28: "\x{E31}\x{E19}"
      text run at (0,33858) width 28: "\x{E43}\x{E14}"
      text run at (0,33877) width 5: "\""
      text run at (0,33896) width 28: "\x{E25}\x{E21}"
      text run at (0,33915) width 14: "\x{E44}"
      text run at (0,33934) width 14: "\x{E0B}"
      text run at (0,33953) width 14: "\x{E42}"
      text run at (0,33972) width 14: "\x{E04}"
      text run at (0,33991) width 28: "\x{E25}\x{E19}"
      text run at (0,34010) width 28: "\x{E21}\x{E32}"
      text run at (0,34029) width 14: "\x{E40}"
      text run at (0,34048) width 14: "\x{E2D}"
      text run at (0,34067) width 28: "\x{E47}\x{E21}"
      text run at (0,34086) width 5: "\""
      text run at (0,34105) width 14: "\x{E25}"
      text run at (0,34124) width 28: "\x{E38}\x{E07}"
      text run at (0,34143) width 14: "\x{E23}"
      text run at (0,34162) width 14: "\x{E49}"
      text run at (0,34181) width 28: "\x{E2D}\x{E07}"
      text run at (0,34200) width 14: "\x{E1A}"
      text run at (0,34219) width 28: "\x{E2D}\x{E01}"
      text run at (0,34238) width 14: "\x{E20}"
      text run at (0,34257) width 14: "\x{E23}"
      text run at (0,34276) width 14: "\x{E23}"
      text run at (0,34295) width 28: "\x{E22}\x{E32}"
      text run at (0,34314) width 5: "\""
      text run at (0,34333) width 14: "\x{E02}"
      text run at (0,34352) width 28: "\x{E49}\x{E32}"
      text run at (0,34371) width 28: "\x{E08}\x{E30}"
      text run at (0,34390) width 28: "\x{E44}\x{E1B}"
      text run at (0,34409) width 14: "\x{E14}\x{E39}"
      text run at (0,34428) width 14: "\x{E2A}"
      text run at (0,34447) width 14: "\x{E31}"
      text run at (0,34466) width 14: "\x{E15}"
      text run at (0,34485) width 14: "\x{E27}\x{E4C}"
      text run at (0,34504) width 14: "\x{E40}"
      text run at (0,34523) width 14: "\x{E25}"
      text run at (0,34542) width 14: "\x{E35}"
      text run at (0,34561) width 14: "\x{E49}"
      text run at (0,34580) width 28: "\x{E22}\x{E07}"
      text run at (0,34599) width 14: "\x{E2B}"
      text run at (0,34618) width 14: "\x{E19}"
      text run at (0,34637) width 14: "\x{E48}"
      text run at (0,34656) width 28: "\x{E2D}\x{E22}"
      text run at (0,34675) width 5: "\""
      text run at (0,34694) width 14: "\x{E41}"
      text run at (0,34713) width 14: "\x{E25}"
      text run at (0,34732) width 28: "\x{E49}\x{E27}"
      text run at (0,34751) width 14: "\x{E25}"
      text run at (0,34770) width 28: "\x{E38}\x{E07}"
      text run at (0,34789) width 14: "\x{E01}\x{E47}"
      text run at (0,34808) width 14: "\x{E27}"
      text run at (0,34827) width 14: "\x{E34}"
      text run at (0,34846) width 28: "\x{E48}\x{E07}"
      text run at (0,34865) width 28: "\x{E44}\x{E1B}"
      text run at (0,34884) width 14: "\x{E22}"
      text run at (0,34903) width 28: "\x{E31}\x{E07}"
      text run at (0,34922) width 14: "\x{E40}"
      text run at (0,34941) width 14: "\x{E1E}"
      text run at (0,34960) width 28: "\x{E34}\x{E07}"
      text run at (0,34979) width 14: "\x{E17}"
      text run at (0,34998) width 14: "\x{E35}\x{E48}"
      text run at (0,35017) width 14: "\x{E27}"
      text run at (0,35036) width 28: "\x{E31}\x{E27}"
      text run at (0,35055) width 14: "\x{E41}"
      text run at (0,35074) width 28: "\x{E25}\x{E30}"
      text run at (0,35093) width 14: "\x{E21}"
      text run at (0,35112) width 28: "\x{E49}\x{E32}"
      text run at (0,35131) width 14: "\x{E2D}"
      text run at (0,35150) width 14: "\x{E32}"
      text run at (0,35169) width 14: "\x{E28}"
      text run at (0,35188) width 28: "\x{E31}\x{E22}"
      text run at (0,35207) width 14: "\x{E2D}"
      text run at (0,35226) width 14: "\x{E22}"
      text run at (0,35245) width 14: "\x{E39}\x{E48}"
      text run at (0,35264) width 14: "\x{E1B}"
      text run at (0,35283) width 28: "\x{E49}\x{E32}"
      text run at (0,35302) width 14: "\x{E40}"
      text run at (0,35321) width 14: "\x{E2D}"
      text run at (0,35340) width 28: "\x{E47}\x{E21}"
      text run at (0,35359) width 14: "\x{E2B}"
      text run at (0,35378) width 14: "\x{E22}"
      text run at (0,35397) width 28: "\x{E38}\x{E14}"
      text run at (0,35416) width 14: "\x{E17}"
      text run at (0,35435) width 14: "\x{E33}"
      text run at (0,35454) width 14: "\x{E07}"
      text run at (0,35473) width 28: "\x{E32}\x{E19}"
      text run at (0,35492) width 14: "\x{E41}"
      text run at (0,35511) width 28: "\x{E25}\x{E30}"
      text run at (0,35530) width 28: "\x{E21}\x{E32}"
      text run at (0,35549) width 14: "\x{E17}"
      text run at (0,35568) width 14: "\x{E35}\x{E48}"
      text run at (0,35587) width 14: "\x{E1B}"
      text run at (0,35606) width 14: "\x{E23}"
      text run at (0,35625) width 14: "\x{E30}"
      text run at (0,35644) width 14: "\x{E15}\x{E39}"
      text run at (0,35663) width 14: "\x{E40}"
      text run at (0,35682) width 14: "\x{E1E}"
      text run at (0,35701) width 14: "\x{E35}"
      text run at (0,35720) width 28: "\x{E22}\x{E07}"
      text run at (0,35739) width 14: "\x{E0A}"
      text run at (0,35758) width 14: "\x{E32}"
      text run at (0,35777) width 14: "\x{E22}"
      text run at (0,35796) width 28: "\x{E15}\x{E32}"
      text run at (0,35815) width 14: "\x{E21}"
      text run at (0,35834) width 28: "\x{E2D}\x{E07}"
      text run at (0,35853) width 14: "\x{E1B}"
      text run at (0,35872) width 28: "\x{E49}\x{E32}"
      text run at (0,35891) width 14: "\x{E01}\x{E47}"
      text run at (0,35910) width 14: "\x{E1A}"
      text run at (0,35929) width 28: "\x{E2D}\x{E01}"
      text run at (0,35948) width 14: "\x{E44}"
      text run at (0,35967) width 14: "\x{E14}\x{E49}"
      text run at (0,35986) width 14: "\x{E27}"
      text run at (0,36005) width 28: "\x{E48}\x{E32}"
      text run at (0,36024) width 14: "\x{E2D}"
      text run at (0,36043) width 14: "\x{E31}"
      text run at (0,36062) width 14: "\x{E19}"
      text run at (0,36081) width 14: "\x{E15}"
      text run at (0,36100) width 14: "\x{E23}"
      text run at (0,36119) width 28: "\x{E32}\x{E22}"
      text run at (0,36138) width 28: "\x{E21}\x{E32}"
      text run at (0,36157) width 14: "\x{E16}"
      text run at (0,36176) width 28: "\x{E36}\x{E07}"
      text run at (0,36195) width 14: "\x{E41}"
      text run at (0,36214) width 14: "\x{E25}"
      text run at (0,36233) width 28: "\x{E49}\x{E27}"
      text run at (0,36252) width 5: "\""
      text run at (0,36271) width 14: "\x{E40}"
      text run at (0,36290) width 14: "\x{E23}"
      text run at (0,36309) width 28: "\x{E47}\x{E27}"
      text run at (0,36328) width 14: "\x{E42}"
      text run at (0,36347) width 14: "\x{E14}"
      text run at (0,36366) width 14: "\x{E42}"
      text run at (0,36385) width 14: "\x{E23}"
      text run at (0,36404) width 14: "\x{E18}\x{E35}"
      text run at (0,36423) width 4: "!"
      text run at (0,36442) width 5: "\""
      text run at (0,36461) width 14: "\x{E1B}"
      text run at (0,36480) width 28: "\x{E49}\x{E32}"
      text run at (0,36499) width 14: "\x{E15}"
      text run at (0,36518) width 14: "\x{E30}"
      text run at (0,36537) width 14: "\x{E42}"
      text run at (0,36556) width 28: "\x{E01}\x{E19}"
      text run at (0,36575) width 5: "\""
      text run at (0,36594) width 14: "\x{E27}"
      text run at (0,36613) width 14: "\x{E34}"
      text run at (0,36632) width 28: "\x{E48}\x{E07}"
      text run at (0,36651) width 28: "\x{E44}\x{E1B}"
      text run at (0,36670) width 14: "\x{E2B}"
      text run at (0,36689) width 14: "\x{E49}"
      text run at (0,36708) width 28: "\x{E2D}\x{E07}"
      text run at (0,36727) width 14: "\x{E43}"
      text run at (0,36746) width 14: "\x{E15}"
      text run at (0,36765) width 14: "\x{E49}"
      text run at (0,36784) width 14: "\x{E16}"
      text run at (0,36803) width 28: "\x{E38}\x{E19}"
      text run at (0,36822) width 5: "\""
      text run at (0,36841) width 14: "\x{E42}"
      text run at (0,36860) width 14: "\x{E15}"
      text run at (0,36879) width 14: "\x{E42}"
      text run at (0,36898) width 14: "\x{E15}\x{E49}"
      text run at (0,36917) width 14: "\x{E1C}"
      text run at (0,36936) width 14: "\x{E25}"
      text run at (0,36955) width 28: "\x{E38}\x{E19}"
      text run at (0,36974) width 14: "\x{E01}"
      text run at (0,36993) width 14: "\x{E23}"
      text run at (0,37012) width 14: "\x{E30}"
      text run at (0,37031) width 14: "\x{E42}"
      text run at (0,37050) width 28: "\x{E14}\x{E14}"
      text run at (0,37069) width 28: "\x{E25}\x{E07}"
      text run at (0,37088) width 14: "\x{E08}"
      text run at (0,37107) width 28: "\x{E32}\x{E01}"
      text run at (0,37126) width 14: "\x{E2D}"
      text run at (0,37145) width 14: "\x{E49}"
      text run at (0,37164) width 14: "\x{E2D}"
      text run at (0,37183) width 14: "\x{E21}"
      text run at (0,37202) width 14: "\x{E41}"
      text run at (0,37221) width 28: "\x{E02}\x{E19}"
      text run at (0,37240) width 14: "\x{E42}"
      text run at (0,37259) width 14: "\x{E14}"
      text run at (0,37278) width 14: "\x{E42}"
      text run at (0,37297) width 14: "\x{E23}"
      text run at (0,37316) width 14: "\x{E18}\x{E35}"
      text run at (0,37335) width 14: "\x{E41}"
      text run at (0,37354) width 14: "\x{E25}"
      text run at (0,37373) width 28: "\x{E49}\x{E27}"
      text run at (0,37392) width 14: "\x{E40}"
      text run at (0,37411) width 14: "\x{E02}"
      text run at (0,37430) width 28: "\x{E49}\x{E32}"
      text run at (0,37449) width 28: "\x{E44}\x{E1B}"
      text run at (0,37468) width 14: "\x{E0B}"
      text run at (0,37487) width 14: "\x{E48}"
      text run at (0,37506) width 28: "\x{E2D}\x{E19}"
      text run at (0,37525) width 14: "\x{E2D}"
      text run at (0,37544) width 14: "\x{E22}"
      text run at (0,37563) width 14: "\x{E39}\x{E48}"
      text run at (0,37582) width 14: "\x{E43}"
      text run at (0,37601) width 14: "\x{E15}\x{E49}"
      text run at (0,37620) width 14: "\x{E40}"
      text run at (0,37639) width 14: "\x{E15}"
      text run at (0,37658) width 14: "\x{E35}"
      text run at (0,37677) width 28: "\x{E22}\x{E07}"
      text run at (0,37696) width 14: "\x{E40}"
      text run at (0,37715) width 14: "\x{E14}"
      text run at (0,37734) width 28: "\x{E47}\x{E01}"
      text run at (0,37753) width 14: "\x{E2B}"
      text run at (0,37772) width 14: "\x{E0D}"
      text run at (0,37791) width 28: "\x{E34}\x{E07}"
      text run at (0,37810) width 14: "\x{E19}"
      text run at (0,37829) width 14: "\x{E49}"
      text run at (0,37848) width 28: "\x{E2D}\x{E22}"
      text run at (0,37867) width 14: "\x{E40}"
      text run at (0,37886) width 14: "\x{E02}"
      text run at (0,37905) width 28: "\x{E49}\x{E32}"
      text run at (0,37924) width 28: "\x{E44}\x{E1B}"
      text run at (0,37943) width 14: "\x{E14}"
      text run at (0,37962) width 28: "\x{E36}\x{E07}"
      text run at (0,37981) width 14: "\x{E21}"
      text run at (0,38000) width 28: "\x{E31}\x{E19}"
      text run at (0,38019) width 14: "\x{E2D}"
      text run at (0,38038) width 28: "\x{E2D}\x{E01}"
      text run at (0,38057) width 28: "\x{E21}\x{E32}"
      text run at (0,38076) width 14: "\x{E1B}"
      text run at (0,38095) width 28: "\x{E49}\x{E32}"
      text run at (0,38114) width 14: "\x{E40}"
      text run at (0,38133) width 14: "\x{E2D}"
      text run at (0,38152) width 28: "\x{E47}\x{E21}"
      text run at (0,38171) width 14: "\x{E01}"
      text run at (0,38190) width 14: "\x{E23}"
      text run at (0,38209) width 14: "\x{E30}"
      text run at (0,38228) width 14: "\x{E0A}"
      text run at (0,38247) width 28: "\x{E32}\x{E01}"
      text run at (0,38266) width 28: "\x{E1D}\x{E32}"
      text run at (0,38285) width 14: "\x{E17}"
      text run at (0,38304) width 14: "\x{E35}\x{E48}"
      text run at (0,38323) width 14: "\x{E1E}"
      text run at (0,38342) width 14: "\x{E37}"
      text run at (0,38361) width 28: "\x{E49}\x{E19}"
      text run at (0,38380) width 14: "\x{E2D}"
      text run at (0,38399) width 28: "\x{E2D}\x{E01}"
      text run at (0,38418) width 14: "\x{E2D}"
      text run at (0,38437) width 14: "\x{E22}"
      text run at (0,38456) width 14: "\x{E48}"
      text run at (0,38475) width 28: "\x{E32}\x{E07}"
      text run at (0,38494) width 28: "\x{E2D}\x{E01}"
      text run at (0,38513) width 14: "\x{E2A}"
      text run at (0,38532) width 14: "\x{E31}"
      text run at (0,38551) width 28: "\x{E48}\x{E19}"
      text run at (0,38570) width 14: "\x{E02}"
      text run at (0,38589) width 14: "\x{E27}"
      text run at (0,38608) width 28: "\x{E31}\x{E0D}"
      text run at (0,38627) width 14: "\x{E2B}"
      text run at (0,38646) width 28: "\x{E32}\x{E22}"
      text run at (0,38665) width 14: "\x{E1B}"
      text run at (0,38684) width 28: "\x{E35}\x{E19}"
      text run at (0,38703) width 14: "\x{E1A}"
      text run at (0,38722) width 14: "\x{E31}"
      text run at (0,38741) width 14: "\x{E19}"
      text run at (0,38760) width 28: "\x{E44}\x{E14}"
      text run at (0,38779) width 14: "\x{E44}"
      text run at (0,38798) width 14: "\x{E21}\x{E49}"
      text run at (0,38817) width 28: "\x{E25}\x{E07}"
      text run at (0,38836) width 28: "\x{E44}\x{E1B}"
      text run at (0,38855) width 28: "\x{E43}\x{E19}"
      text run at (0,38874) width 14: "\x{E42}"
      text run at (0,38893) width 14: "\x{E1E}"
      text run at (0,38912) width 28: "\x{E23}\x{E07}"
      text run at (0,38931) width 14: "\x{E40}"
      text run at (0,38950) width 14: "\x{E25}"
      text run at (0,38969) width 28: "\x{E47}\x{E01}"
      text run at (0,38988) width 14: "\x{E2D}"
      text run at (0,39007) width 28: "\x{E31}\x{E19}"
      text run at (0,39026) width 14: "\x{E21}"
      text run at (0,39045) width 28: "\x{E37}\x{E14}"
      text run at (0,39064) width 14: "\x{E17}"
      text run at (0,39083) width 28: "\x{E36}\x{E1A}"
      text run at (0,39102) width 14: "\x{E42}"
      text run at (0,39121) width 14: "\x{E14}"
      text run at (0,39140) width 14: "\x{E42}"
      text run at (0,39159) width 14: "\x{E23}"
      text run at (0,39178) width 14: "\x{E18}\x{E35}"
      text run at (0,39197) width 14: "\x{E08}"
      text run at (0,39216) width 28: "\x{E31}\x{E1A}"
      text run at (0,39235) width 14: "\x{E42}"
      text run at (0,39254) width 14: "\x{E15}"
      text run at (0,39273) width 14: "\x{E42}"
      text run at (0,39292) width 14: "\x{E15}\x{E49}"
      text run at (0,39311) width 14: "\x{E44}"
      text run at (0,39330) width 14: "\x{E14}\x{E49}"
      text run at (0,39349) width 28: "\x{E43}\x{E19}"
      text run at (0,39368) width 14: "\x{E17}"
      text run at (0,39387) width 14: "\x{E35}\x{E48}"
      text run at (0,39406) width 14: "\x{E2A}"
      text run at (0,39425) width 28: "\x{E38}\x{E14}"
      text run at (0,39444) width 14: "\x{E41}"
      text run at (0,39463) width 28: "\x{E25}\x{E30}"
      text run at (0,39482) width 14: "\x{E27}"
      text run at (0,39501) width 14: "\x{E34}"
      text run at (0,39520) width 28: "\x{E48}\x{E07}"
      text run at (0,39539) width 14: "\x{E15}"
      text run at (0,39558) width 28: "\x{E32}\x{E21}"
      text run at (0,39577) width 14: "\x{E1B}"
      text run at (0,39596) width 28: "\x{E49}\x{E32}"
      text run at (0,39615) width 14: "\x{E40}"
      text run at (0,39634) width 28: "\x{E18}\x{E2D}"
      text run at (0,39653) width 28: "\x{E44}\x{E1B}"
      text run at (0,39672) width 14: "\x{E40}"
      text run at (0,39691) width 14: "\x{E21}"
      text run at (0,39710) width 14: "\x{E37}"
      text run at (0,39729) width 28: "\x{E48}\x{E2D}"
      text run at (0,39748) width 14: "\x{E40}"
      text run at (0,39767) width 28: "\x{E18}\x{E2D}"
      text run at (0,39786) width 28: "\x{E21}\x{E32}"
      text run at (0,39805) width 14: "\x{E44}"
      text run at (0,39824) width 14: "\x{E14}\x{E49}"
      text run at (0,39843) width 14: "\x{E04}"
      text run at (0,39862) width 14: "\x{E23}"
      text run at (0,39881) width 14: "\x{E36}"
      text run at (0,39900) width 28: "\x{E48}\x{E07}"
      text run at (0,39919) width 14: "\x{E2B}"
      text run at (0,39938) width 14: "\x{E49}"
      text run at (0,39957) width 28: "\x{E2D}\x{E07}"
      text run at (0,39976) width 14: "\x{E01}\x{E47}"
      text run at (0,39995) width 14: "\x{E21}\x{E35}"
      text run at (0,40014) width 14: "\x{E40}"
      text run at (0,40033) width 14: "\x{E2A}"
      text run at (0,40052) width 14: "\x{E35}"
      text run at (0,40071) width 28: "\x{E22}\x{E07}"
      text run at (0,40090) width 14: "\x{E2B}"
      text run at (0,40109) width 14: "\x{E27}"
      text run at (0,40128) width 14: "\x{E35}"
      text run at (0,40147) width 14: "\x{E14}"
      text run at (0,40166) width 14: "\x{E2B}"
      text run at (0,40185) width 14: "\x{E27}"
      text run at (0,40204) width 28: "\x{E37}\x{E2D}"
      text run at (0,40223) width 14: "\x{E2A}"
      text run at (0,40242) width 14: "\x{E48}"
      text run at (0,40261) width 28: "\x{E27}\x{E19}"
      text run at (0,40280) width 14: "\x{E1A}"
      text run at (0,40299) width 14: "\x{E49}"
      text run at (0,40318) width 28: "\x{E32}\x{E19}"
      text run at (0,40337) width 14: "\x{E01}\x{E47}"
      text run at (0,40356) width 14: "\x{E2A}"
      text run at (0,40375) width 14: "\x{E31}"
      text run at (0,40394) width 28: "\x{E48}\x{E19}"
      text run at (0,40413) width 14: "\x{E2D}"
      text run at (0,40432) width 14: "\x{E22}"
      text run at (0,40451) width 14: "\x{E48}"
      text run at (0,40470) width 28: "\x{E32}\x{E07}"
      text run at (0,40489) width 14: "\x{E41}"
      text run at (0,40508) width 28: "\x{E23}\x{E07}"
      text run at (0,40527) width 28: "\x{E08}\x{E19}"
      text run at (0,40546) width 14: "\x{E40}"
      text run at (0,40565) width 28: "\x{E18}\x{E2D}"
      text run at (0,40584) width 28: "\x{E2B}\x{E01}"
      text run at (0,40603) width 14: "\x{E04}"
      text run at (0,40622) width 14: "\x{E30}"
      text run at (0,40641) width 28: "\x{E21}\x{E33}"
      text run at (0,40660) width 14: "\x{E19}"
      text run at (0,40679) width 14: "\x{E31}"
      text run at (0,40698) width 28: "\x{E48}\x{E07}"
      text run at (0,40717) width 14: "\x{E08}"
      text run at (0,40736) width 14: "\x{E49}"
      text run at (0,40755) width 14: "\x{E33}"
      text run at (0,40774) width 14: "\x{E40}"
      text run at (0,40793) width 14: "\x{E1A}"
      text run at (0,40812) width 28: "\x{E49}\x{E32}"
      text run at (0,40831) width 14: "\x{E2D}"
      text run at (0,40850) width 14: "\x{E22}"
      text run at (0,40869) width 14: "\x{E39}\x{E48}"
      text run at (0,40888) width 14: "\x{E01}"
      text run at (0,40907) width 28: "\x{E31}\x{E1A}"
      text run at (0,40926) width 14: "\x{E1E}"
      text run at (0,40945) width 14: "\x{E37}"
      text run at (0,40964) width 28: "\x{E49}\x{E19}"
      text run at (0,40983) width 14: "\x{E41}"
      text run at (0,41002) width 14: "\x{E25}"
      text run at (0,41021) width 28: "\x{E49}\x{E27}"
      text run at (0,41040) width 14: "\x{E2A}"
      text run at (0,41059) width 14: "\x{E34}"
      text run at (0,41078) width 28: "\x{E48}\x{E07}"
      text run at (0,41097) width 14: "\x{E1B}"
      text run at (0,41116) width 14: "\x{E23}"
      text run at (0,41135) width 14: "\x{E30}"
      text run at (0,41154) width 14: "\x{E2B}"
      text run at (0,41173) width 14: "\x{E25}"
      text run at (0,41192) width 28: "\x{E32}\x{E14}"
      text run at (0,41211) width 14: "\x{E01}\x{E47}"
      text run at (0,41230) width 14: "\x{E40}"
      text run at (0,41249) width 14: "\x{E01}"
      text run at (0,41268) width 28: "\x{E34}\x{E14}"
      text run at (0,41287) width 14: "\x{E02}"
      text run at (0,41306) width 14: "\x{E36}"
      text run at (0,41325) width 28: "\x{E49}\x{E19}"
      text run at (0,41344) width 14: "\x{E1A}"
      text run at (0,41363) width 14: "\x{E49}"
      text run at (0,41382) width 28: "\x{E32}\x{E19}"
      text run at (0,41401) width 14: "\x{E2B}"
      text run at (0,41420) width 14: "\x{E21}"
      text run at (0,41439) width 28: "\x{E38}\x{E19}"
      text run at (0,41458) width 28: "\x{E44}\x{E1B}"
      text run at (0,41477) width 14: "\x{E2B}"
      text run at (0,41496) width 14: "\x{E21}"
      text run at (0,41515) width 28: "\x{E38}\x{E19}"
      text run at (0,41534) width 28: "\x{E21}\x{E32}"
      text run at (0,41553) width 14: "\x{E2A}"
      text run at (0,41572) width 28: "\x{E2D}\x{E07}"
      text run at (0,41591) width 14: "\x{E2A}"
      text run at (0,41610) width 28: "\x{E32}\x{E21}"
      text run at (0,41629) width 14: "\x{E23}"
      text run at (0,41648) width 28: "\x{E2D}\x{E1A}"
      text run at (0,41667) width 14: "\x{E41}"
      text run at (0,41686) width 14: "\x{E25}"
      text run at (0,41705) width 28: "\x{E49}\x{E27}"
      text run at (0,41724) width 14: "\x{E01}\x{E47}"
      text run at (0,41743) width 14: "\x{E25}"
      text run at (0,41762) width 28: "\x{E2D}\x{E22}"
      text run at (0,41781) width 14: "\x{E02}"
      text run at (0,41800) width 14: "\x{E36}"
      text run at (0,41819) width 28: "\x{E49}\x{E19}"
      text run at (0,41838) width 14: "\x{E2A}"
      text run at (0,41857) width 14: "\x{E39}\x{E48}"
      text run at (0,41876) width 14: "\x{E2D}"
      text run at (0,41895) width 14: "\x{E32}"
      text run at (0,41914) width 14: "\x{E01}"
      text run at (0,41933) width 28: "\x{E32}\x{E28}"
      text run at (0,41952) width 14: "\x{E2D}"
      text run at (0,41971) width 14: "\x{E22}"
      text run at (0,41990) width 14: "\x{E48}"
      text run at (0,42009) width 28: "\x{E32}\x{E07}"
      text run at (0,42028) width 14: "\x{E0A}"
      text run at (0,42047) width 28: "\x{E49}\x{E32}"
      text run at (0,42066) width 14: "\x{E46}"
      text run at (0,42085) width 14: "\x{E42}"
      text run at (0,42104) width 14: "\x{E14}"
      text run at (0,42123) width 14: "\x{E42}"
      text run at (0,42142) width 14: "\x{E23}"
      text run at (0,42161) width 14: "\x{E18}\x{E35}"
      text run at (0,42180) width 14: "\x{E23}"
      text run at (0,42199) width 14: "\x{E39}"
      text run at (0,42218) width 14: "\x{E49}"
      text run at (0,42237) width 14: "\x{E2A}"
      text run at (0,42256) width 28: "\x{E36}\x{E01}"
      text run at (0,42275) width 14: "\x{E23}"
      text run at (0,42294) width 28: "\x{E32}\x{E27}"
      text run at (0,42313) width 14: "\x{E01}"
      text run at (0,42332) width 28: "\x{E31}\x{E1A}"
      text run at (0,42351) width 14: "\x{E27}"
      text run at (0,42370) width 28: "\x{E48}\x{E32}"
      text run at (0,42389) width 14: "\x{E40}"
      text run at (0,42408) width 28: "\x{E18}\x{E2D}"
      text run at (0,42427) width 14: "\x{E44}"
      text run at (0,42446) width 14: "\x{E14}\x{E49}"
      text run at (0,42465) width 14: "\x{E02}"
      text run at (0,42484) width 14: "\x{E36}"
      text run at (0,42503) width 28: "\x{E49}\x{E19}"
      text run at (0,42522) width 28: "\x{E44}\x{E1B}"
      text run at (0,42541) width 14: "\x{E01}"
      text run at (0,42560) width 28: "\x{E31}\x{E1A}"
      text run at (0,42579) width 14: "\x{E25}"
      text run at (0,42598) width 28: "\x{E39}\x{E01}"
      text run at (0,42617) width 14: "\x{E1A}"
      text run at (0,42636) width 14: "\x{E2D}"
      text run at (0,42655) width 14: "\x{E25}"
      text run at (0,42674) width 14: "\x{E25}"
      text run at (0,42693) width 28: "\x{E39}\x{E19}"
      text run at (0,42712) width 14: "\x{E1E}"
      text run at (0,42731) width 14: "\x{E32}"
      text run at (0,42750) width 14: "\x{E22}\x{E38}"
      text run at (0,42769) width 14: "\x{E40}"
      text run at (0,42788) width 14: "\x{E2B}"
      text run at (0,42807) width 14: "\x{E19}"
      text run at (0,42826) width 28: "\x{E37}\x{E2D}"
      text run at (0,42845) width 14: "\x{E01}"
      text run at (0,42864) width 28: "\x{E31}\x{E1A}"
      text run at (0,42883) width 14: "\x{E1E}"
      text run at (0,42902) width 14: "\x{E32}"
      text run at (0,42921) width 14: "\x{E22}\x{E38}"
      text run at (0,42940) width 14: "\x{E43}"
      text run at (0,42959) width 14: "\x{E15}\x{E49}"
      text run at (0,42978) width 28: "\x{E21}\x{E32}"
      text run at (0,42997) width 28: "\x{E1E}\x{E1A}"
      text run at (0,43016) width 14: "\x{E01}"
      text run at (0,43035) width 28: "\x{E31}\x{E19}"
      text run at (0,43054) width 14: "\x{E15}"
      text run at (0,43073) width 28: "\x{E23}\x{E07}"
      text run at (0,43092) width 14: "\x{E17}"
      text run at (0,43111) width 14: "\x{E35}\x{E48}"
      text run at (0,43130) width 14: "\x{E1A}"
      text run at (0,43149) width 14: "\x{E49}"
      text run at (0,43168) width 28: "\x{E32}\x{E19}"
      text run at (0,43187) width 28: "\x{E1E}\x{E2D}"
      text run at (0,43206) width 14: "\x{E14}\x{E35}"
      text run at (0,43225) width 14: "\x{E41}"
      text run at (0,43244) width 28: "\x{E25}\x{E30}"
      text run at (0,43263) width 28: "\x{E17}\x{E33}"
      text run at (0,43282) width 14: "\x{E43}"
      text run at (0,43301) width 14: "\x{E2B}\x{E49}"
      text run at (0,43320) width 14: "\x{E15}"
      text run at (0,43339) width 28: "\x{E23}\x{E07}"
      text run at (0,43358) width 14: "\x{E19}"
      text run at (0,43377) width 14: "\x{E31}"
      text run at (0,43396) width 28: "\x{E49}\x{E19}"
      text run at (0,43415) width 14: "\x{E40}"
      text run at (0,43434) width 14: "\x{E1B}"
      text run at (0,43453) width 28: "\x{E47}\x{E19}"
      text run at (0,43472) width 14: "\x{E08}"
      text run at (0,43491) width 28: "\x{E38}\x{E14}"
      text run at (0,43510) width 14: "\x{E28}"
      text run at (0,43529) width 14: "\x{E39}"
      text run at (0,43548) width 14: "\x{E19}"
      text run at (0,43567) width 14: "\x{E22}\x{E4C}"
      text run at (0,43586) width 14: "\x{E01}"
      text run at (0,43605) width 14: "\x{E25}"
      text run at (0,43624) width 28: "\x{E32}\x{E07}"
      text run at (0,43643) width 14: "\x{E02}"
      text run at (0,43662) width 28: "\x{E2D}\x{E07}"
      text run at (0,43681) width 14: "\x{E1E}"
      text run at (0,43700) width 14: "\x{E32}"
      text run at (0,43719) width 14: "\x{E22}\x{E38}"
      text run at (0,43738) width 14: "\x{E44}"
      text run at (0,43757) width 14: "\x{E0B}"
      text run at (0,43776) width 14: "\x{E42}"
      text run at (0,43795) width 14: "\x{E04}"
      text run at (0,43814) width 28: "\x{E25}\x{E19}"
      text run at (0,43833) width 14: "\x{E15}"
      text run at (0,43852) width 28: "\x{E32}\x{E21}"
      text run at (0,43871) width 14: "\x{E1B}"
      text run at (0,43890) width 14: "\x{E01}"
      text run at (0,43909) width 14: "\x{E15}\x{E34}"
      text run at (0,43928) width 14: "\x{E15}"
      text run at (0,43947) width 28: "\x{E23}\x{E07}"
      text run at (0,43966) width 14: "\x{E01}"
      text run at (0,43985) width 14: "\x{E25}"
      text run at (0,44004) width 28: "\x{E32}\x{E07}"
      text run at (0,44023) width 14: "\x{E1E}"
      text run at (0,44042) width 14: "\x{E32}"
      text run at (0,44061) width 14: "\x{E22}\x{E38}"
      text run at (0,44080) width 14: "\x{E44}"
      text run at (0,44099) width 14: "\x{E0B}"
      text run at (0,44118) width 14: "\x{E42}"
      text run at (0,44137) width 14: "\x{E04}"
      text run at (0,44156) width 28: "\x{E25}\x{E19}"
      text run at (0,44175) width 14: "\x{E2D}"
      text run at (0,44194) width 14: "\x{E32}"
      text run at (0,44213) width 14: "\x{E01}"
      text run at (0,44232) width 28: "\x{E32}\x{E28}"
      text run at (0,44251) width 28: "\x{E08}\x{E30}"
      text run at (0,44270) width 14: "\x{E19}"
      text run at (0,44289) width 14: "\x{E34}"
      text run at (0,44308) width 28: "\x{E48}\x{E07}"
      text run at (0,44327) width 14: "\x{E41}"
      text run at (0,44346) width 14: "\x{E15}\x{E48}"
      text run at (0,44365) width 14: "\x{E04}"
      text run at (0,44384) width 14: "\x{E27}"
      text run at (0,44403) width 28: "\x{E32}\x{E21}"
      text run at (0,44422) width 14: "\x{E01}"
      text run at (0,44441) width 14: "\x{E14}"
      text run at (0,44460) width 14: "\x{E14}"
      text run at (0,44479) width 28: "\x{E31}\x{E19}"
      text run at (0,44498) width 14: "\x{E2D}"
      text run at (0,44517) width 14: "\x{E22}"
      text run at (0,44536) width 14: "\x{E48}"
      text run at (0,44555) width 28: "\x{E32}\x{E07}"
      text run at (0,44574) width 14: "\x{E2B}"
      text run at (0,44593) width 14: "\x{E19}"
      text run at (0,44612) width 28: "\x{E31}\x{E01}"
      text run at (0,44631) width 14: "\x{E02}"
      text run at (0,44650) width 28: "\x{E2D}\x{E07}"
      text run at (0,44669) width 28: "\x{E25}\x{E21}"
      text run at (0,44688) width 14: "\x{E17}"
      text run at (0,44707) width 28: "\x{E38}\x{E01}"
      text run at (0,44726) width 14: "\x{E14}"
      text run at (0,44745) width 14: "\x{E49}"
      text run at (0,44764) width 28: "\x{E32}\x{E19}"
      text run at (0,44783) width 14: "\x{E23}"
      text run at (0,44802) width 28: "\x{E2D}\x{E1A}"
      text run at (0,44821) width 14: "\x{E1A}"
      text run at (0,44840) width 14: "\x{E49}"
      text run at (0,44859) width 28: "\x{E32}\x{E19}"
      text run at (0,44878) width 28: "\x{E17}\x{E33}"
      text run at (0,44897) width 14: "\x{E43}"
      text run at (0,44916) width 14: "\x{E2B}\x{E49}"
      text run at (0,44935) width 14: "\x{E1A}"
      text run at (0,44954) width 14: "\x{E49}"
      text run at (0,44973) width 28: "\x{E32}\x{E19}"
      text run at (0,44992) width 14: "\x{E25}"
      text run at (0,45011) width 28: "\x{E2D}\x{E22}"
      text run at (0,45030) width 14: "\x{E2A}"
      text run at (0,45049) width 28: "\x{E39}\x{E07}"
      text run at (0,45068) width 14: "\x{E02}"
      text run at (0,45087) width 14: "\x{E36}"
      text run at (0,45106) width 28: "\x{E49}\x{E19}"
      text run at (0,45125) width 14: "\x{E46}"
      text run at (0,45144) width 28: "\x{E08}\x{E19}"
      text run at (0,45163) width 14: "\x{E01}"
      text run at (0,45182) width 14: "\x{E23}"
      text run at (0,45201) width 14: "\x{E30}"
      text run at (0,45220) width 14: "\x{E17}"
      text run at (0,45239) width 14: "\x{E31}"
      text run at (0,45258) width 28: "\x{E48}\x{E07}"
      text run at (0,45277) width 14: "\x{E02}"
      text run at (0,45296) width 14: "\x{E36}"
      text run at (0,45315) width 28: "\x{E49}\x{E19}"
      text run at (0,45334) width 28: "\x{E44}\x{E1B}"
      text run at (0,45353) width 14: "\x{E2D}"
      text run at (0,45372) width 14: "\x{E22}"
      text run at (0,45391) width 14: "\x{E39}\x{E48}"
      text run at (0,45410) width 14: "\x{E2A}"
      text run at (0,45429) width 28: "\x{E38}\x{E14}"
      text run at (0,45448) width 14: "\x{E22}"
      text run at (0,45467) width 28: "\x{E2D}\x{E14}"
      text run at (0,45486) width 14: "\x{E02}"
      text run at (0,45505) width 28: "\x{E2D}\x{E07}"
      text run at (0,45524) width 14: "\x{E1E}"
      text run at (0,45543) width 14: "\x{E32}"
      text run at (0,45562) width 14: "\x{E22}\x{E38}"
      text run at (0,45581) width 14: "\x{E44}"
      text run at (0,45600) width 14: "\x{E0B}"
      text run at (0,45619) width 14: "\x{E42}"
      text run at (0,45638) width 14: "\x{E04}"
      text run at (0,45657) width 28: "\x{E25}\x{E19}"
      text run at (0,45676) width 14: "\x{E41}"
      text run at (0,45695) width 28: "\x{E25}\x{E30}"
      text run at (0,45714) width 14: "\x{E08}"
      text run at (0,45733) width 28: "\x{E32}\x{E01}"
      text run at (0,45752) width 14: "\x{E15}"
      text run at (0,45771) width 28: "\x{E23}\x{E07}"
      text run at (0,45790) width 14: "\x{E19}"
      text run at (0,45809) width 14: "\x{E31}"
      text run at (0,45828) width 28: "\x{E49}\x{E19}"
      text run at (0,45847) width 14: "\x{E01}\x{E47}"
      text run at (0,45866) width 14: "\x{E16}"
      text run at (0,45885) width 28: "\x{E39}\x{E01}"
      text run at (0,45904) width 14: "\x{E2B}"
      text run at (0,45923) width 28: "\x{E2D}\x{E1A}"
      text run at (0,45942) width 28: "\x{E44}\x{E1B}"
      text run at (0,45961) width 14: "\x{E2B}"
      text run at (0,45980) width 14: "\x{E25}"
      text run at (0,45999) width 28: "\x{E32}\x{E22}"
      text run at (0,46018) width 14: "\x{E44}"
      text run at (0,46037) width 14: "\x{E21}"
      text run at (0,46056) width 14: "\x{E25}\x{E4C}"
      text run at (0,46075) width 14: "\x{E07}"
      text run at (0,46094) width 14: "\x{E48}"
      text run at (0,46113) width 28: "\x{E32}\x{E22}"
      text run at (0,46132) width 14: "\x{E14}"
      text run at (0,46151) width 28: "\x{E32}\x{E22}"
      text run at (0,46170) width 14: "\x{E23}"
      text run at (0,46189) width 28: "\x{E32}\x{E27}"
      text run at (0,46208) width 14: "\x{E01}"
      text run at (0,46227) width 28: "\x{E31}\x{E1A}"
      text run at (0,46246) width 14: "\x{E2B}"
      text run at (0,46265) width 28: "\x{E2D}\x{E1A}"
      text run at (0,46284) width 28: "\x{E02}\x{E19}"
      text run at (0,46303) width 28: "\x{E19}\x{E01}"
      text run at (0,46322) width 14: "\x{E21}"
      text run at (0,46341) width 28: "\x{E37}\x{E14}"
      text run at (0,46360) width 14: "\x{E21}"
      text run at (0,46379) width 28: "\x{E32}\x{E01}"
      text run at (0,46398) width 14: "\x{E41}"
      text run at (0,46417) width 14: "\x{E25}"
      text run at (0,46436) width 28: "\x{E49}\x{E27}"
      text run at (0,46455) width 28: "\x{E25}\x{E21}"
      text run at (0,46474) width 14: "\x{E22}"
      text run at (0,46493) width 28: "\x{E31}\x{E07}"
      text run at (0,46512) width 14: "\x{E2A}"
      text run at (0,46531) width 28: "\x{E48}\x{E07}"
      text run at (0,46550) width 14: "\x{E40}"
      text run at (0,46569) width 14: "\x{E2A}"
      text run at (0,46588) width 14: "\x{E35}"
      text run at (0,46607) width 28: "\x{E22}\x{E07}"
      text run at (0,46626) width 14: "\x{E2B}"
      text run at (0,46645) width 14: "\x{E27}"
      text run at (0,46664) width 14: "\x{E35}"
      text run at (0,46683) width 14: "\x{E14}"
      text run at (0,46702) width 14: "\x{E2B}"
      text run at (0,46721) width 14: "\x{E27}"
      text run at (0,46740) width 28: "\x{E37}\x{E2D}"
      text run at (0,46759) width 14: "\x{E19}"
      text run at (0,46778) width 28: "\x{E48}\x{E32}"
      text run at (0,46797) width 14: "\x{E01}"
      text run at (0,46816) width 14: "\x{E25}"
      text run at (0,46835) width 28: "\x{E31}\x{E27}"
      text run at (0,46854) width 14: "\x{E2D}"
      text run at (0,46873) width 14: "\x{E22}"
      text run at (0,46892) width 14: "\x{E39}\x{E48}"
      text run at (0,46911) width 14: "\x{E23}"
      text run at (0,46930) width 28: "\x{E2D}\x{E1A}"
      text run at (0,46949) width 14: "\x{E15}"
      text run at (0,46968) width 28: "\x{E31}\x{E27}"
      text run at (0,46987) width 14: "\x{E40}"
      text run at (0,47006) width 28: "\x{E18}\x{E2D}"
      text run at (0,47025) width 14: "\x{E41}"
      text run at (0,47044) width 14: "\x{E15}\x{E48}"
      text run at (0,47063) width 14: "\x{E42}"
      text run at (0,47082) width 14: "\x{E14}"
      text run at (0,47101) width 14: "\x{E42}"
      text run at (0,47120) width 14: "\x{E23}"
      text run at (0,47139) width 14: "\x{E18}\x{E35}"
      text run at (0,47158) width 14: "\x{E40}"
      text run at (0,47177) width 14: "\x{E2B}"
      text run at (0,47196) width 28: "\x{E47}\x{E19}"
      text run at (0,47215) width 14: "\x{E27}"
      text run at (0,47234) width 28: "\x{E48}\x{E32}"
      text run at (0,47253) width 14: "\x{E40}"
      text run at (0,47272) width 28: "\x{E18}\x{E2D}"
      text run at (0,47291) width 14: "\x{E2A}"
      text run at (0,47310) width 14: "\x{E32}"
      text run at (0,47329) width 14: "\x{E21}"
      text run at (0,47348) width 14: "\x{E32}"
      text run at (0,47367) width 28: "\x{E23}\x{E16}"
      text run at (0,47386) width 14: "\x{E19}"
      text run at (0,47405) width 14: "\x{E31}"
      text run at (0,47424) width 28: "\x{E48}\x{E07}"
      text run at (0,47443) width 28: "\x{E44}\x{E1B}"
      text run at (0,47462) width 14: "\x{E44}"
      text run at (0,47481) width 14: "\x{E14}\x{E49}"
      text run at (0,47500) width 14: "\x{E2D}"
      text run at (0,47519) width 14: "\x{E22}"
      text run at (0,47538) width 28: "\x{E48}\x{E32}"
      text run at (0,47557) width 14: "\x{E07}"
      text run at (0,47576) width 14: "\x{E07}"
      text run at (0,47595) width 14: "\x{E48}"
      text run at (0,47614) width 28: "\x{E32}\x{E22}"
      text run at (0,47633) width 14: "\x{E14}"
      text run at (0,47652) width 28: "\x{E32}\x{E22}"
      text run at (0,47671) width 14: "\x{E19}"
      text run at (0,47690) width 28: "\x{E31}\x{E01}"
      text run at (0,47709) width 14: "\x{E04}"
      text run at (0,47728) width 14: "\x{E23}"
      text run at (0,47747) width 14: "\x{E31}"
      text run at (0,47766) width 28: "\x{E49}\x{E07}"
      text run at (0,47785) width 14: "\x{E2B}"
      text run at (0,47804) width 14: "\x{E19}"
      text run at (0,47823) width 14: "\x{E36}"
      text run at (0,47842) width 28: "\x{E48}\x{E07}"
      text run at (0,47861) width 14: "\x{E2B}"
      text run at (0,47880) width 14: "\x{E25}"
      text run at (0,47899) width 28: "\x{E31}\x{E07}"
      text run at (0,47918) width 14: "\x{E08}"
      text run at (0,47937) width 28: "\x{E32}\x{E01}"
      text run at (0,47956) width 14: "\x{E17}"
      text run at (0,47975) width 14: "\x{E35}\x{E48}"
      text run at (0,47994) width 14: "\x{E1A}"
      text run at (0,48013) width 14: "\x{E49}"
      text run at (0,48032) width 28: "\x{E32}\x{E19}"
      text run at (0,48051) width 14: "\x{E2A}"
      text run at (0,48070) width 14: "\x{E30}"
      text run at (0,48089) width 14: "\x{E14}"
      text run at (0,48108) width 28: "\x{E38}\x{E14}"
      text run at (0,48127) width 14: "\x{E2D}"
      text run at (0,48146) width 14: "\x{E22}"
      text run at (0,48165) width 14: "\x{E48}"
      text run at (0,48184) width 28: "\x{E32}\x{E07}"
      text run at (0,48203) width 14: "\x{E41}"
      text run at (0,48222) width 28: "\x{E23}\x{E07}"
      text run at (0,48241) width 14: "\x{E41}"
      text run at (0,48260) width 28: "\x{E25}\x{E30}"
      text run at (0,48279) width 14: "\x{E2B}"
      text run at (0,48298) width 14: "\x{E21}"
      text run at (0,48317) width 28: "\x{E38}\x{E19}"
      text run at (0,48336) width 28: "\x{E44}\x{E1B}"
      text run at (0,48355) width 14: "\x{E23}"
      text run at (0,48374) width 28: "\x{E2D}\x{E1A}"
      text run at (0,48393) width 14: "\x{E46}"
      text run at (0,48412) width 14: "\x{E2A}"
      text run at (0,48431) width 28: "\x{E2D}\x{E07}"
      text run at (0,48450) width 14: "\x{E2A}"
      text run at (0,48469) width 28: "\x{E32}\x{E21}"
      text run at (0,48488) width 14: "\x{E04}"
      text run at (0,48507) width 14: "\x{E23}"
      text run at (0,48526) width 14: "\x{E31}"
      text run at (0,48545) width 28: "\x{E49}\x{E07}"
      text run at (0,48564) width 28: "\x{E43}\x{E19}"
      text run at (0,48583) width 14: "\x{E15}"
      text run at (0,48602) width 28: "\x{E2D}\x{E19}"
      text run at (0,48621) width 14: "\x{E41}"
      text run at (0,48640) width 28: "\x{E23}\x{E01}"
      text run at (0,48659) width 14: "\x{E40}"
      text run at (0,48678) width 28: "\x{E18}\x{E2D}"
      text run at (0,48697) width 14: "\x{E01}\x{E47}"
      text run at (0,48716) width 14: "\x{E23}"
      text run at (0,48735) width 14: "\x{E39}"
      text run at (0,48754) width 14: "\x{E49}"
      text run at (0,48773) width 14: "\x{E2A}"
      text run at (0,48792) width 28: "\x{E36}\x{E01}"
      text run at (0,48811) width 14: "\x{E27}"
      text run at (0,48830) width 28: "\x{E48}\x{E32}"
      text run at (0,48849) width 14: "\x{E15}"
      text run at (0,48868) width 28: "\x{E31}\x{E27}"
      text run at (0,48887) width 14: "\x{E40}"
      text run at (0,48906) width 28: "\x{E2D}\x{E07}"
      text run at (0,48925) width 14: "\x{E16}"
      text run at (0,48944) width 28: "\x{E39}\x{E01}"
      text run at (0,48963) width 14: "\x{E41}"
      text run at (0,48982) width 14: "\x{E01}"
      text run at (0,49001) width 14: "\x{E27}"
      text run at (0,49020) width 28: "\x{E48}\x{E07}"
      text run at (0,49039) width 14: "\x{E2D}"
      text run at (0,49058) width 14: "\x{E22}"
      text run at (0,49077) width 14: "\x{E48}"
      text run at (0,49096) width 28: "\x{E32}\x{E07}"
      text run at (0,49115) width 14: "\x{E41}"
      text run at (0,49134) width 14: "\x{E1C}"
      text run at (0,49153) width 28: "\x{E48}\x{E27}"
      text run at (0,49172) width 14: "\x{E40}"
      text run at (0,49191) width 28: "\x{E1A}\x{E32}"
      text run at (0,49210) width 14: "\x{E23}"
      text run at (0,49229) width 28: "\x{E32}\x{E27}"
      text run at (0,49248) width 14: "\x{E17}"
      text run at (0,49267) width 14: "\x{E32}"
      text run at (0,49286) width 28: "\x{E23}\x{E01}"
      text run at (0,49305) width 28: "\x{E43}\x{E19}"
      text run at (0,49324) width 14: "\x{E40}"
      text run at (0,49343) width 28: "\x{E1B}\x{E25}"
      text run at (0,49362) width 14: "\x{E42}"
      text run at (0,49381) width 14: "\x{E15}"
      text run at (0,49400) width 14: "\x{E42}"
      text run at (0,49419) width 14: "\x{E15}\x{E49}"
      text run at (0,49438) width 14: "\x{E44}"
      text run at (0,49457) width 14: "\x{E21}\x{E48}"
      text run at (0,49476) width 14: "\x{E0A}"
      text run at (0,49495) width 28: "\x{E2D}\x{E1A}"
      text run at (0,49514) width 28: "\x{E43}\x{E08}"
      text run at (0,49533) width 14: "\x{E40}"
      text run at (0,49552) width 28: "\x{E25}\x{E22}"
      text run at (0,49571) width 14: "\x{E21}"
      text run at (0,49590) width 28: "\x{E31}\x{E19}"
      text run at (0,49609) width 14: "\x{E27}"
      text run at (0,49628) width 14: "\x{E34}"
      text run at (0,49647) width 28: "\x{E48}\x{E07}"
      text run at (0,49666) width 28: "\x{E44}\x{E1B}"
      text run at (0,49685) width 14: "\x{E27}"
      text run at (0,49704) width 14: "\x{E34}"
      text run at (0,49723) width 28: "\x{E48}\x{E07}"
      text run at (0,49742) width 28: "\x{E21}\x{E32}"
      text run at (0,49761) width 14: "\x{E23}"
      text run at (0,49780) width 28: "\x{E2D}\x{E1A}"
      text run at (0,49799) width 14: "\x{E2B}"
      text run at (0,49818) width 14: "\x{E49}"
      text run at (0,49837) width 28: "\x{E2D}\x{E07}"
      text run at (0,49856) width 14: "\x{E17}"
      text run at (0,49875) width 28: "\x{E32}\x{E07}"
      text run at (0,49894) width 14: "\x{E42}"
      text run at (0,49913) width 14: "\x{E19}"
      text run at (0,49932) width 28: "\x{E49}\x{E19}"
      text run at (0,49951) width 14: "\x{E17}\x{E35}"
      text run at (0,49970) width 14: "\x{E17}"
      text run at (0,49989) width 28: "\x{E32}\x{E07}"
      text run at (0,50008) width 14: "\x{E19}"
      text run at (0,50027) width 14: "\x{E35}\x{E49}"
      text run at (0,50046) width 14: "\x{E17}\x{E35}"
      text run at (0,50065) width 14: "\x{E2A}"
      text run at (0,50084) width 28: "\x{E48}\x{E07}"
      text run at (0,50103) width 14: "\x{E40}"
      text run at (0,50122) width 14: "\x{E2A}"
      text run at (0,50141) width 14: "\x{E35}"
      text run at (0,50160) width 28: "\x{E22}\x{E07}"
      text run at (0,50179) width 14: "\x{E40}"
      text run at (0,50198) width 14: "\x{E2B}"
      text run at (0,50217) width 28: "\x{E48}\x{E32}"
      text run at (0,50236) width 14: "\x{E14}"
      text run at (0,50255) width 28: "\x{E31}\x{E07}"
      text run at (0,50274) width 14: "\x{E01}"
      text run at (0,50293) width 14: "\x{E49}"
      text run at (0,50312) width 28: "\x{E2D}\x{E07}"
      text run at (0,50331) width 14: "\x{E41}"
      text run at (0,50350) width 14: "\x{E15}\x{E48}"
      text run at (0,50369) width 14: "\x{E42}"
      text run at (0,50388) width 14: "\x{E14}"
      text run at (0,50407) width 14: "\x{E42}"
      text run at (0,50426) width 14: "\x{E23}"
      text run at (0,50445) width 14: "\x{E18}\x{E35}"
      text run at (0,50464) width 14: "\x{E19}"
      text run at (0,50483) width 14: "\x{E31}"
      text run at (0,50502) width 28: "\x{E48}\x{E07}"
      text run at (0,50521) width 14: "\x{E19}"
      text run at (0,50540) width 14: "\x{E34}"
      text run at (0,50559) width 28: "\x{E48}\x{E07}"
      text run at (0,50578) width 14: "\x{E2D}"
      text run at (0,50597) width 14: "\x{E22}"
      text run at (0,50616) width 14: "\x{E39}\x{E48}"
      text run at (0,50635) width 28: "\x{E1A}\x{E19}"
      text run at (0,50654) width 14: "\x{E1E}"
      text run at (0,50673) width 14: "\x{E37}"
      text run at (0,50692) width 28: "\x{E49}\x{E19}"
      text run at (0,50711) width 14: "\x{E40}"
      text run at (0,50730) width 14: "\x{E1D}"
      text run at (0,50749) width 28: "\x{E49}\x{E32}"
      text run at (0,50768) width 14: "\x{E04}"
      text run at (0,50787) width 28: "\x{E2D}\x{E22}"
      text run at (0,50806) width 14: "\x{E14}\x{E39}"
      text run at (0,50825) width 14: "\x{E27}"
      text run at (0,50844) width 28: "\x{E48}\x{E32}"
      text run at (0,50863) width 28: "\x{E08}\x{E30}"
      text run at (0,50882) width 14: "\x{E40}"
      text run at (0,50901) width 14: "\x{E01}"
      text run at (0,50920) width 28: "\x{E34}\x{E14}"
      text run at (0,50939) width 14: "\x{E2D}"
      text run at (0,50958) width 14: "\x{E30}"
      text run at (0,50977) width 28: "\x{E44}\x{E23}"
      text run at (0,50996) width 14: "\x{E02}"
      text run at (0,51015) width 14: "\x{E36}"
      text run at (0,51034) width 28: "\x{E49}\x{E19}"
      text run at (0,51053) width 14: "\x{E04}"
      text run at (0,51072) width 14: "\x{E23}"
      text run at (0,51091) width 14: "\x{E31}"
      text run at (0,51110) width 28: "\x{E49}\x{E07}"
      text run at (0,51129) width 14: "\x{E2B}"
      text run at (0,51148) width 14: "\x{E19}"
      text run at (0,51167) width 14: "\x{E36}"
      text run at (0,51186) width 28: "\x{E48}\x{E07}"
      text run at (0,51205) width 14: "\x{E42}"
      text run at (0,51224) width 14: "\x{E15}"
      text run at (0,51243) width 14: "\x{E42}"
      text run at (0,51262) width 14: "\x{E15}\x{E49}"
      text run at (0,51281) width 14: "\x{E40}"
      text run at (0,51300) width 14: "\x{E02}"
      text run at (0,51319) width 28: "\x{E49}\x{E32}"
      text run at (0,51338) width 28: "\x{E44}\x{E1B}"
      text run at (0,51357) width 14: "\x{E43}"
      text run at (0,51376) width 14: "\x{E01}"
      text run at (0,51395) width 14: "\x{E25}\x{E49}"
      text run at (0,51414) width 28: "\x{E1D}\x{E32}"
      text run at (0,51433) width 14: "\x{E17}"
      text run at (0,51452) width 14: "\x{E35}\x{E48}"
      text run at (0,51471) width 14: "\x{E1E}"
      text run at (0,51490) width 14: "\x{E37}"
      text run at (0,51509) width 28: "\x{E49}\x{E19}"
      text run at (0,51528) width 14: "\x{E21}"
      text run at (0,51547) width 28: "\x{E32}\x{E01}"
      text run at (0,51566) width 28: "\x{E44}\x{E1B}"
      text run at (0,51585) width 14: "\x{E40}"
      text run at (0,51604) width 28: "\x{E25}\x{E22}"
      text run at (0,51623) width 14: "\x{E1E}"
      text run at (0,51642) width 14: "\x{E25}"
      text run at (0,51661) width 28: "\x{E31}\x{E14}"
      text run at (0,51680) width 14: "\x{E15}"
      text run at (0,51699) width 14: "\x{E01}"
      text run at (0,51718) width 28: "\x{E25}\x{E07}"
      text run at (0,51737) width 28: "\x{E44}\x{E1B}"
      text run at (0,51756) width 14: "\x{E17}\x{E35}"
      text run at (0,51775) width 14: "\x{E41}"
      text run at (0,51794) width 28: "\x{E23}\x{E01}"
      text run at (0,51813) width 14: "\x{E40}"
      text run at (0,51832) width 14: "\x{E14}"
      text run at (0,51851) width 28: "\x{E47}\x{E01}"
      text run at (0,51870) width 14: "\x{E2B}"
      text run at (0,51889) width 14: "\x{E0D}"
      text run at (0,51908) width 28: "\x{E34}\x{E07}"
      text run at (0,51927) width 14: "\x{E04}"
      text run at (0,51946) width 28: "\x{E34}\x{E14}"
      text run at (0,51965) width 14: "\x{E27}"
      text run at (0,51984) width 28: "\x{E48}\x{E32}"
      text run at (0,52003) width 14: "\x{E40}"
      text run at (0,52022) width 28: "\x{E18}\x{E2D}"
      text run at (0,52041) width 28: "\x{E08}\x{E30}"
      text run at (0,52060) width 14: "\x{E2A}"
      text run at (0,52079) width 28: "\x{E39}\x{E0D}"
      text run at (0,52098) width 14: "\x{E40}"
      text run at (0,52117) width 14: "\x{E2A}"
      text run at (0,52136) width 28: "\x{E35}\x{E22}"
      text run at (0,52155) width 14: "\x{E21}"
      text run at (0,52174) width 28: "\x{E31}\x{E19}"
      text run at (0,52193) width 28: "\x{E44}\x{E1B}"
      text run at (0,52212) width 14: "\x{E40}"
      text run at (0,52231) width 14: "\x{E2A}"
      text run at (0,52250) width 28: "\x{E35}\x{E22}"
      text run at (0,52269) width 14: "\x{E41}"
      text run at (0,52288) width 14: "\x{E25}"
      text run at (0,52307) width 28: "\x{E49}\x{E27}"
      text run at (0,52326) width 14: "\x{E41}"
      text run at (0,52345) width 14: "\x{E15}\x{E48}"
      text run at (0,52364) width 14: "\x{E0A}"
      text run at (0,52383) width 14: "\x{E31}"
      text run at (0,52402) width 28: "\x{E48}\x{E27}"
      text run at (0,52421) width 14: "\x{E04}"
      text run at (0,52440) width 14: "\x{E23}"
      text run at (0,52459) width 14: "\x{E39}\x{E48}"
      text run at (0,52478) width 14: "\x{E40}"
      text run at (0,52497) width 28: "\x{E18}\x{E2D}"
      text run at (0,52516) width 14: "\x{E01}\x{E47}"
      text run at (0,52535) width 14: "\x{E40}"
      text run at (0,52554) width 14: "\x{E2B}"
      text run at (0,52573) width 28: "\x{E47}\x{E19}"
      text run at (0,52592) width 14: "\x{E2B}\x{E39}"
      text run at (0,52611) width 14: "\x{E02}"
      text run at (0,52630) width 28: "\x{E2D}\x{E07}"
      text run at (0,52649) width 14: "\x{E21}"
      text run at (0,52668) width 28: "\x{E31}\x{E19}"
      text run at (0,52687) width 14: "\x{E42}"
      text run at (0,52706) width 14: "\x{E1C}"
      text run at (0,52725) width 14: "\x{E25}\x{E48}"
      text run at (0,52744) width 14: "\x{E02}"
      text run at (0,52763) width 14: "\x{E36}"
      text run at (0,52782) width 28: "\x{E49}\x{E19}"
      text run at (0,52801) width 28: "\x{E21}\x{E32}"
      text run at (0,52820) width 14: "\x{E08}"
      text run at (0,52839) width 28: "\x{E32}\x{E01}"
      text run at (0,52858) width 14: "\x{E0A}"
      text run at (0,52877) width 14: "\x{E48}"
      text run at (0,52896) width 28: "\x{E2D}\x{E07}"
      text run at (0,52915) width 14: "\x{E19}"
      text run at (0,52934) width 14: "\x{E31}"
      text run at (0,52953) width 28: "\x{E49}\x{E19}"
      text run at (0,52972) width 14: "\x{E17}"
      text run at (0,52991) width 14: "\x{E31}"
      text run at (0,53010) width 28: "\x{E49}\x{E07}"
      text run at (0,53029) width 14: "\x{E19}"
      text run at (0,53048) width 14: "\x{E35}\x{E49}"
      text run at (0,53067) width 14: "\x{E40}"
      text run at (0,53086) width 14: "\x{E1E}"
      text run at (0,53105) width 14: "\x{E23}"
      text run at (0,53124) width 28: "\x{E32}\x{E30}"
      text run at (0,53143) width 14: "\x{E41}"
      text run at (0,53162) width 28: "\x{E23}\x{E07}"
      text run at (0,53181) width 28: "\x{E01}\x{E14}"
      text run at (0,53200) width 14: "\x{E2D}"
      text run at (0,53219) width 14: "\x{E22}"
      text run at (0,53238) width 14: "\x{E48}"
      text run at (0,53257) width 28: "\x{E32}\x{E07}"
      text run at (0,53276) width 14: "\x{E2B}"
      text run at (0,53295) width 14: "\x{E19}"
      text run at (0,53314) width 28: "\x{E31}\x{E01}"
      text run at (0,53333) width 14: "\x{E02}"
      text run at (0,53352) width 28: "\x{E2D}\x{E07}"
      text run at (0,53371) width 14: "\x{E2D}"
      text run at (0,53390) width 14: "\x{E32}"
      text run at (0,53409) width 14: "\x{E01}"
      text run at (0,53428) width 28: "\x{E32}\x{E28}"
      text run at (0,53447) width 28: "\x{E17}\x{E33}"
      text run at (0,53466) width 14: "\x{E43}"
      text run at (0,53485) width 14: "\x{E2B}\x{E49}"
      text run at (0,53504) width 14: "\x{E42}"
      text run at (0,53523) width 14: "\x{E15}"
      text run at (0,53542) width 14: "\x{E42}"
      text run at (0,53561) width 14: "\x{E15}\x{E49}"
      text run at (0,53580) width 14: "\x{E44}"
      text run at (0,53599) width 14: "\x{E21}\x{E48}"
      text run at (0,53618) width 14: "\x{E15}"
      text run at (0,53637) width 14: "\x{E01}"
      text run at (0,53656) width 28: "\x{E25}\x{E07}"
      text run at (0,53675) width 28: "\x{E44}\x{E1B}"
      text run at (0,53694) width 14: "\x{E02}"
      text run at (0,53713) width 14: "\x{E49}"
      text run at (0,53732) width 28: "\x{E32}\x{E07}"
      text run at (0,53751) width 14: "\x{E25}"
      text run at (0,53770) width 14: "\x{E48}"
      text run at (0,53789) width 28: "\x{E32}\x{E07}"
      text run at (0,53808) width 14: "\x{E42}"
      text run at (0,53827) width 14: "\x{E14}"
      text run at (0,53846) width 14: "\x{E42}"
      text run at (0,53865) width 14: "\x{E23}"
      text run at (0,53884) width 14: "\x{E18}\x{E35}"
      text run at (0,53903) width 14: "\x{E04}"
      text run at (0,53922) width 14: "\x{E25}"
      text run at (0,53941) width 28: "\x{E32}\x{E19}"
      text run at (0,53960) width 28: "\x{E44}\x{E1B}"
      text run at (0,53979) width 14: "\x{E17}"
      text run at (0,53998) width 14: "\x{E35}\x{E48}"
      text run at (0,54017) width 14: "\x{E0A}"
      text run at (0,54036) width 14: "\x{E48}"
      text run at (0,54055) width 28: "\x{E2D}\x{E07}"
      text run at (0,54074) width 14: "\x{E19}"
      text run at (0,54093) width 14: "\x{E31}"
      text run at (0,54112) width 28: "\x{E49}\x{E19}"
      text run at (0,54131) width 14: "\x{E08}"
      text run at (0,54150) width 28: "\x{E31}\x{E1A}"
      text run at (0,54169) width 14: "\x{E2B}\x{E39}"
      text run at (0,54188) width 14: "\x{E42}"
      text run at (0,54207) width 14: "\x{E15}"
      text run at (0,54226) width 14: "\x{E42}"
      text run at (0,54245) width 14: "\x{E15}\x{E49}"
      text run at (0,54264) width 14: "\x{E44}"
      text run at (0,54283) width 14: "\x{E27}\x{E49}"
      text run at (0,54302) width 14: "\x{E44}"
      text run at (0,54321) width 14: "\x{E14}\x{E49}"
      text run at (0,54340) width 14: "\x{E41}"
      text run at (0,54359) width 28: "\x{E25}\x{E30}"
      text run at (0,54378) width 14: "\x{E25}"
      text run at (0,54397) width 28: "\x{E32}\x{E01}"
      text run at (0,54416) width 14: "\x{E21}"
      text run at (0,54435) width 28: "\x{E31}\x{E19}"
      text run at (0,54454) width 28: "\x{E21}\x{E32}"
      text run at (0,54473) width 14: "\x{E17}"
      text run at (0,54492) width 14: "\x{E35}\x{E48}"
      text run at (0,54511) width 14: "\x{E2B}"
      text run at (0,54530) width 14: "\x{E49}"
      text run at (0,54549) width 28: "\x{E2D}\x{E07}"
      text run at (0,54568) width 14: "\x{E2D}"
      text run at (0,54587) width 28: "\x{E35}\x{E01}"
      text run at (0,54606) width 14: "\x{E2B}"
      text run at (0,54625) width 14: "\x{E25}"
      text run at (0,54644) width 28: "\x{E31}\x{E07}"
      text run at (0,54663) width 14: "\x{E08}"
      text run at (0,54682) width 28: "\x{E32}\x{E01}"
      text run at (0,54701) width 14: "\x{E19}"
      text run at (0,54720) width 14: "\x{E31}"
      text run at (0,54739) width 28: "\x{E49}\x{E19}"
      text run at (0,54758) width 14: "\x{E01}\x{E47}"
      text run at (0,54777) width 14: "\x{E1B}"
      text run at (0,54796) width 28: "\x{E34}\x{E14}"
      text run at (0,54815) width 28: "\x{E1D}\x{E32}"
      text run at (0,54834) width 14: "\x{E1E}"
      text run at (0,54853) width 14: "\x{E37}"
      text run at (0,54872) width 28: "\x{E49}\x{E19}"
      text run at (0,54891) width 14: "\x{E40}"
      text run at (0,54910) width 14: "\x{E1E}"
      text run at (0,54929) width 14: "\x{E37}"
      text run at (0,54948) width 28: "\x{E48}\x{E2D}"
      text run at (0,54967) width 28: "\x{E08}\x{E30}"
      text run at (0,54986) width 14: "\x{E44}"
      text run at (0,55005) width 14: "\x{E14}\x{E49}"
      text run at (0,55024) width 14: "\x{E44}"
      text run at (0,55043) width 14: "\x{E21}\x{E48}"
      text run at (0,55062) width 14: "\x{E40}"
      text run at (0,55081) width 14: "\x{E01}"
      text run at (0,55100) width 28: "\x{E34}\x{E14}"
      text run at (0,55119) width 14: "\x{E2D}"
      text run at (0,55138) width 14: "\x{E38}"
      text run at (0,55157) width 14: "\x{E1A}"
      text run at (0,55176) width 14: "\x{E31}"
      text run at (0,55195) width 14: "\x{E15}"
      text run at (0,55214) width 14: "\x{E34}"
      text run at (0,55233) width 14: "\x{E40}"
      text run at (0,55252) width 14: "\x{E2B}"
      text run at (0,55271) width 14: "\x{E15}\x{E38}"
      text run at (0,55290) width 14: "\x{E2D}"
      text run at (0,55309) width 28: "\x{E35}\x{E01}"
      text run at (0,55328) width 14: "\x{E0A}"
      text run at (0,55347) width 14: "\x{E31}"
      text run at (0,55366) width 14: "\x{E48}"
      text run at (0,55385) width 14: "\x{E27}"
      text run at (0,55404) width 14: "\x{E42}"
      text run at (0,55423) width 28: "\x{E21}\x{E07}"
      text run at (0,55442) width 14: "\x{E41}"
      text run at (0,55461) width 14: "\x{E25}"
      text run at (0,55480) width 28: "\x{E49}\x{E27}"
      text run at (0,55499) width 14: "\x{E0A}"
      text run at (0,55518) width 14: "\x{E31}"
      text run at (0,55537) width 14: "\x{E48}"
      text run at (0,55556) width 14: "\x{E27}"
      text run at (0,55575) width 14: "\x{E42}"
      text run at (0,55594) width 28: "\x{E21}\x{E07}"
      text run at (0,55613) width 14: "\x{E40}"
      text run at (0,55632) width 14: "\x{E25}"
      text run at (0,55651) width 28: "\x{E48}\x{E32}"
      text run at (0,55670) width 14: "\x{E1C}"
      text run at (0,55689) width 14: "\x{E48}"
      text run at (0,55708) width 28: "\x{E32}\x{E19}"
      text run at (0,55727) width 28: "\x{E44}\x{E1B}"
      text run at (0,55746) width 14: "\x{E42}"
      text run at (0,55765) width 14: "\x{E14}"
      text run at (0,55784) width 14: "\x{E42}"
      text run at (0,55803) width 14: "\x{E23}"
      text run at (0,55822) width 14: "\x{E18}\x{E35}"
      text run at (0,55841) width 14: "\x{E04}"
      text run at (0,55860) width 14: "\x{E48}"
      text run at (0,55879) width 28: "\x{E2D}\x{E22}"
      text run at (0,55898) width 14: "\x{E46}"
      text run at (0,55917) width 14: "\x{E2B}"
      text run at (0,55936) width 28: "\x{E32}\x{E22}"
      text run at (0,55955) width 14: "\x{E01}"
      text run at (0,55974) width 14: "\x{E25}"
      text run at (0,55993) width 28: "\x{E31}\x{E27}"
      text run at (0,56012) width 14: "\x{E41}"
      text run at (0,56031) width 14: "\x{E15}\x{E48}"
      text run at (0,56050) width 14: "\x{E40}"
      text run at (0,56069) width 28: "\x{E18}\x{E2D}"
      text run at (0,56088) width 14: "\x{E23}"
      text run at (0,56107) width 14: "\x{E39}"
      text run at (0,56126) width 14: "\x{E49}"
      text run at (0,56145) width 14: "\x{E2A}"
      text run at (0,56164) width 28: "\x{E36}\x{E01}"
      text run at (0,56183) width 14: "\x{E40}"
      text run at (0,56202) width 14: "\x{E2B}"
      text run at (0,56221) width 28: "\x{E07}\x{E32}"
      text run at (0,56240) width 14: "\x{E40}"
      text run at (0,56259) width 14: "\x{E2B}"
      text run at (0,56278) width 14: "\x{E25}"
      text run at (0,56297) width 28: "\x{E37}\x{E2D}"
      text run at (0,56316) width 14: "\x{E40}"
      text run at (0,56335) width 14: "\x{E01}"
      text run at (0,56354) width 28: "\x{E34}\x{E19}"
      text run at (0,56373) width 14: "\x{E41}"
      text run at (0,56392) width 28: "\x{E25}\x{E30}"
      text run at (0,56411) width 28: "\x{E25}\x{E21}"
      text run at (0,56430) width 14: "\x{E01}\x{E47}"
      text run at (0,56449) width 14: "\x{E2A}"
      text run at (0,56468) width 28: "\x{E48}\x{E07}"
      text run at (0,56487) width 14: "\x{E40}"
      text run at (0,56506) width 14: "\x{E2A}"
      text run at (0,56525) width 14: "\x{E35}"
      text run at (0,56544) width 28: "\x{E22}\x{E07}"
      text run at (0,56563) width 14: "\x{E2B}"
      text run at (0,56582) width 14: "\x{E27}"
      text run at (0,56601) width 14: "\x{E35}"
      text run at (0,56620) width 14: "\x{E14}"
      text run at (0,56639) width 14: "\x{E2B}"
      text run at (0,56658) width 14: "\x{E27}"
      text run at (0,56677) width 28: "\x{E37}\x{E2D}"
      text run at (0,56696) width 14: "\x{E14}"
      text run at (0,56715) width 28: "\x{E31}\x{E07}"
      text run at (0,56734) width 14: "\x{E40}"
      text run at (0,56753) width 14: "\x{E2A}"
      text run at (0,56772) width 28: "\x{E35}\x{E22}"
      text run at (0,56791) width 28: "\x{E08}\x{E19}"
      text run at (0,56810) width 14: "\x{E40}"
      text run at (0,56829) width 28: "\x{E18}\x{E2D}"
      text run at (0,56848) width 14: "\x{E41}"
      text run at (0,56867) width 28: "\x{E17}\x{E1A}"
      text run at (0,56886) width 28: "\x{E08}\x{E30}"
      text run at (0,56905) width 14: "\x{E2B}\x{E39}"
      text run at (0,56924) width 14: "\x{E2B}"
      text run at (0,56943) width 14: "\x{E19}"
      text run at (0,56962) width 28: "\x{E27}\x{E01}"
      text run at (0,56981) width 14: "\x{E17}\x{E35}"
      text run at (0,57000) width 14: "\x{E41}"
      text run at (0,57019) width 28: "\x{E23}\x{E01}"
      text run at (0,57038) width 14: "\x{E40}"
      text run at (0,57057) width 28: "\x{E18}\x{E2D}"
      text run at (0,57076) width 14: "\x{E2A}"
      text run at (0,57095) width 14: "\x{E07}"
      text run at (0,57114) width 14: "\x{E2A}"
      text run at (0,57133) width 28: "\x{E31}\x{E22}"
      text run at (0,57152) width 14: "\x{E27}"
      text run at (0,57171) width 28: "\x{E48}\x{E32}"
      text run at (0,57190) width 28: "\x{E04}\x{E07}"
      text run at (0,57209) width 28: "\x{E08}\x{E30}"
      text run at (0,57228) width 14: "\x{E16}"
      text run at (0,57247) width 28: "\x{E39}\x{E01}"
      text run at (0,57266) width 14: "\x{E09}"
      text run at (0,57285) width 28: "\x{E35}\x{E01}"
      text run at (0,57304) width 14: "\x{E01}"
      text run at (0,57323) width 14: "\x{E23}"
      text run at (0,57342) width 14: "\x{E30}"
      text run at (0,57361) width 14: "\x{E0A}"
      text run at (0,57380) width 28: "\x{E32}\x{E01}"
      text run at (0,57399) width 14: "\x{E2D}"
      text run at (0,57418) width 28: "\x{E2D}\x{E01}"
      text run at (0,57437) width 14: "\x{E40}"
      text run at (0,57456) width 14: "\x{E1B}"
      text run at (0,57475) width 28: "\x{E47}\x{E19}"
      text run at (0,57494) width 14: "\x{E0A}"
      text run at (0,57513) width 14: "\x{E34}"
      text run at (0,57532) width 28: "\x{E49}\x{E19}"
      text run at (0,57551) width 14: "\x{E40}"
      text run at (0,57570) width 14: "\x{E25}"
      text run at (0,57589) width 28: "\x{E47}\x{E01}"
      text run at (0,57608) width 14: "\x{E0A}"
      text run at (0,57627) width 14: "\x{E34}"
      text run at (0,57646) width 28: "\x{E49}\x{E19}"
      text run at (0,57665) width 14: "\x{E19}"
      text run at (0,57684) width 14: "\x{E49}"
      text run at (0,57703) width 28: "\x{E2D}\x{E22}"
      text run at (0,57722) width 14: "\x{E40}"
      text run at (0,57741) width 14: "\x{E21}"
      text run at (0,57760) width 14: "\x{E37}"
      text run at (0,57779) width 28: "\x{E48}\x{E2D}"
      text run at (0,57798) width 14: "\x{E1A}"
      text run at (0,57817) width 14: "\x{E49}"
      text run at (0,57836) width 28: "\x{E32}\x{E19}"
      text run at (0,57855) width 14: "\x{E40}"
      text run at (0,57874) width 28: "\x{E2D}\x{E19}"
      text run at (0,57893) width 14: "\x{E25}"
      text run at (0,57912) width 28: "\x{E49}\x{E21}"
      text run at (0,57931) width 28: "\x{E25}\x{E07}"
      text run at (0,57950) width 14: "\x{E2D}"
      text run at (0,57969) width 28: "\x{E35}\x{E01}"
      text run at (0,57988) width 14: "\x{E04}"
      text run at (0,58007) width 14: "\x{E23}"
      text run at (0,58026) width 14: "\x{E31}"
      text run at (0,58045) width 28: "\x{E49}\x{E07}"
      text run at (0,58064) width 14: "\x{E41}"
      text run at (0,58083) width 14: "\x{E15}\x{E48}"
      text run at (0,58102) width 14: "\x{E2B}"
      text run at (0,58121) width 14: "\x{E25}"
      text run at (0,58140) width 28: "\x{E32}\x{E22}"
      text run at (0,58159) width 14: "\x{E0A}"
      text run at (0,58178) width 14: "\x{E31}"
      text run at (0,58197) width 14: "\x{E48}"
      text run at (0,58216) width 14: "\x{E27}"
      text run at (0,58235) width 14: "\x{E42}"
      text run at (0,58254) width 28: "\x{E21}\x{E07}"
      text run at (0,58273) width 14: "\x{E1C}"
      text run at (0,58292) width 14: "\x{E48}"
      text run at (0,58311) width 28: "\x{E32}\x{E19}"
      text run at (0,58330) width 28: "\x{E44}\x{E1B}"
      text run at (0,58349) width 14: "\x{E01}\x{E47}"
      text run at (0,58368) width 14: "\x{E44}"
      text run at (0,58387) width 14: "\x{E21}\x{E48}"
      text run at (0,58406) width 14: "\x{E21}\x{E35}"
      text run at (0,58425) width 14: "\x{E2D}"
      text run at (0,58444) width 14: "\x{E30}"
      text run at (0,58463) width 28: "\x{E44}\x{E23}"
      text run at (0,58482) width 14: "\x{E40}"
      text run at (0,58501) width 14: "\x{E01}"
      text run at (0,58520) width 28: "\x{E34}\x{E14}"
      text run at (0,58539) width 14: "\x{E02}"
      text run at (0,58558) width 14: "\x{E36}"
      text run at (0,58577) width 28: "\x{E49}\x{E19}"
      text run at (0,58596) width 14: "\x{E40}"
      text run at (0,58615) width 28: "\x{E18}\x{E2D}"
      text run at (0,58634) width 14: "\x{E40}"
      text run at (0,58653) width 28: "\x{E25}\x{E22}"
      text run at (0,58672) width 14: "\x{E40}"
      text run at (0,58691) width 14: "\x{E25}"
      text run at (0,58710) width 28: "\x{E34}\x{E01}"
      text run at (0,58729) width 14: "\x{E27}"
      text run at (0,58748) width 14: "\x{E34}"
      text run at (0,58767) width 28: "\x{E15}\x{E01}"
      text run at (0,58786) width 14: "\x{E41}"
      text run at (0,58805) width 28: "\x{E25}\x{E30}"
      text run at (0,58824) width 14: "\x{E15}"
      text run at (0,58843) width 14: "\x{E31}"
      text run at (0,58862) width 14: "\x{E14}"
      text run at (0,58881) width 14: "\x{E2A}"
      text run at (0,58900) width 28: "\x{E34}\x{E19}"
      text run at (0,58919) width 28: "\x{E43}\x{E08}"
      text run at (0,58938) width 14: "\x{E04}"
      text run at (0,58957) width 28: "\x{E2D}\x{E22}"
      text run at (0,58976) width 14: "\x{E14}\x{E39}"
      text run at (0,58995) width 14: "\x{E2D}"
      text run at (0,59014) width 14: "\x{E22}"
      text run at (0,59033) width 14: "\x{E48}"
      text run at (0,59052) width 28: "\x{E32}\x{E07}"
      text run at (0,59071) width 14: "\x{E2A}"
      text run at (0,59090) width 28: "\x{E07}\x{E1A}"
      text run at (0,59109) width 14: "\x{E41}"
      text run at (0,59128) width 28: "\x{E25}\x{E30}"
      text run at (0,59147) width 28: "\x{E23}\x{E2D}"
      text run at (0,59166) width 14: "\x{E27}"
      text run at (0,59185) width 28: "\x{E48}\x{E32}"
      text run at (0,59204) width 14: "\x{E2D}"
      text run at (0,59223) width 14: "\x{E19}"
      text run at (0,59242) width 14: "\x{E32}"
      text run at (0,59261) width 28: "\x{E04}\x{E15}"
      text run at (0,59280) width 28: "\x{E08}\x{E30}"
      text run at (0,59299) width 14: "\x{E40}"
      text run at (0,59318) width 14: "\x{E1B}"
      text run at (0,59337) width 28: "\x{E47}\x{E19}"
      text run at (0,59356) width 14: "\x{E2D}"
      text run at (0,59375) width 14: "\x{E22}"
      text run at (0,59394) width 14: "\x{E48}"
      text run at (0,59413) width 14: "\x{E32}"
      text run at (0,59432) width 14: "\x{E07}"
      text run at (0,59451) width 28: "\x{E44}\x{E23}"
      text run at (0,59470) width 28: "\x{E43}\x{E19}"
      text run at (0,59489) width 14: "\x{E17}"
      text run at (0,59508) width 14: "\x{E35}\x{E48}"
      text run at (0,59527) width 14: "\x{E2A}"
      text run at (0,59546) width 28: "\x{E38}\x{E14}"
      text run at (0,59565) width 14: "\x{E40}"
      text run at (0,59584) width 28: "\x{E18}\x{E2D}"
      text run at (0,59603) width 14: "\x{E04}"
      text run at (0,59622) width 14: "\x{E25}"
      text run at (0,59641) width 28: "\x{E32}\x{E19}"
      text run at (0,59660) width 14: "\x{E08}"
      text run at (0,59679) width 28: "\x{E32}\x{E01}"
      text run at (0,59698) width 14: "\x{E1E}"
      text run at (0,59717) width 14: "\x{E37}"
      text run at (0,59736) width 28: "\x{E49}\x{E19}"
      text run at (0,59755) width 14: "\x{E2B}"
      text run at (0,59774) width 14: "\x{E49}"
      text run at (0,59793) width 28: "\x{E2D}\x{E07}"
      text run at (0,59812) width 14: "\x{E17}"
      text run at (0,59831) width 14: "\x{E35}\x{E48}"
      text run at (0,59850) width 14: "\x{E42}"
      text run at (0,59869) width 28: "\x{E22}\x{E01}"
      text run at (0,59888) width 28: "\x{E44}\x{E1B}"
      text run at (0,59907) width 28: "\x{E21}\x{E32}"
      text run at (0,59926) width 14: "\x{E02}"
      text run at (0,59945) width 14: "\x{E36}"
      text run at (0,59964) width 28: "\x{E49}\x{E19}"
      text run at (0,59983) width 28: "\x{E44}\x{E1B}"
      text run at (0,60002) width 28: "\x{E1A}\x{E19}"
      text run at (0,60021) width 14: "\x{E40}"
      text run at (0,60040) width 14: "\x{E15}"
      text run at (0,60059) width 14: "\x{E35}"
      text run at (0,60078) width 28: "\x{E22}\x{E07}"
      text run at (0,60097) width 14: "\x{E41}"
      text run at (0,60116) width 14: "\x{E25}"
      text run at (0,60135) width 28: "\x{E49}\x{E27}"
      text run at (0,60154) width 14: "\x{E01}\x{E47}"
      text run at (0,60173) width 14: "\x{E19}"
      text run at (0,60192) width 28: "\x{E2D}\x{E19}"
      text run at (0,60211) width 28: "\x{E25}\x{E07}"
      text run at (0,60230) width 14: "\x{E42}"
      text run at (0,60249) width 14: "\x{E15}"
      text run at (0,60268) width 14: "\x{E42}"
      text run at (0,60287) width 14: "\x{E15}\x{E49}"
      text run at (0,60306) width 14: "\x{E15}"
      text run at (0,60325) width 28: "\x{E32}\x{E21}"
      text run at (0,60344) width 14: "\x{E15}"
      text run at (0,60363) width 28: "\x{E34}\x{E14}"
      text run at (0,60382) width 28: "\x{E21}\x{E32}"
      text run at (0,60401) width 14: "\x{E19}"
      text run at (0,60420) width 28: "\x{E2D}\x{E19}"
      text run at (0,60439) width 28: "\x{E25}\x{E07}"
      text run at (0,60458) width 14: "\x{E43}"
      text run at (0,60477) width 14: "\x{E01}"
      text run at (0,60496) width 14: "\x{E25}\x{E49}"
      text run at (0,60515) width 14: "\x{E46}"
      text run at (0,60534) width 14: "\x{E40}"
      text run at (0,60553) width 28: "\x{E18}\x{E2D}"
      text run at (0,60572) width 14: "\x{E44}"
      text run at (0,60591) width 14: "\x{E21}\x{E48}"
      text run at (0,60610) width 14: "\x{E0A}"
      text run at (0,60629) width 28: "\x{E49}\x{E32}"
      text run at (0,60648) width 14: "\x{E42}"
      text run at (0,60667) width 14: "\x{E14}"
      text run at (0,60686) width 14: "\x{E42}"
      text run at (0,60705) width 14: "\x{E23}"
      text run at (0,60724) width 14: "\x{E18}\x{E35}"
      text run at (0,60743) width 14: "\x{E01}\x{E47}"
      text run at (0,60762) width 14: "\x{E1B}"
      text run at (0,60781) width 28: "\x{E34}\x{E14}"
      text run at (0,60800) width 28: "\x{E15}\x{E32}"
      text run at (0,60819) width 28: "\x{E25}\x{E07}"
      text run at (0,60838) width 14: "\x{E2B}"
      text run at (0,60857) width 14: "\x{E25}"
      text run at (0,60876) width 28: "\x{E31}\x{E1A}"
      text run at (0,60895) width 14: "\x{E1C}"
      text run at (0,60914) width 14: "\x{E25}"
      text run at (0,60933) width 14: "\x{E47}"
      text run at (0,60952) width 28: "\x{E2D}\x{E22}"
      text run at (0,60971) width 28: "\x{E44}\x{E1B}"
      text run at (0,60990) width 14: "\x{E2D}"
      text run at (0,61009) width 14: "\x{E22}"
      text run at (0,61028) width 14: "\x{E48}"
      text run at (0,61047) width 28: "\x{E32}\x{E07}"
      text run at (0,61066) width 14: "\x{E2A}"
      text run at (0,61085) width 14: "\x{E19}"
      text run at (0,61104) width 28: "\x{E34}\x{E17}"
      text run at (0,61123) width 14: "\x{E17}"
      text run at (0,61142) width 14: "\x{E31}"
      text run at (0,61161) width 28: "\x{E49}\x{E07}"
      text run at (0,61180) width 14: "\x{E46}"
      text run at (0,61199) width 14: "\x{E17}"
      text run at (0,61218) width 14: "\x{E35}\x{E48}"
      text run at (0,61237) width 14: "\x{E1A}"
      text run at (0,61256) width 14: "\x{E49}"
      text run at (0,61275) width 28: "\x{E32}\x{E19}"
      text run at (0,61294) width 14: "\x{E42}"
      text run at (0,61313) width 28: "\x{E22}\x{E01}"
      text run at (0,61332) width 28: "\x{E44}\x{E1B}"
      text run at (0,61351) width 28: "\x{E21}\x{E32}"
      text run at (0,61370) width 14: "\x{E41}"
      text run at (0,61389) width 28: "\x{E25}\x{E30}"
      text run at (0,61408) width 28: "\x{E25}\x{E21}"
      text run at (0,61427) width 14: "\x{E01}\x{E47}"
      text run at (0,61446) width 14: "\x{E04}"
      text run at (0,61465) width 14: "\x{E23}"
      text run at (0,61484) width 28: "\x{E32}\x{E07}"
      text run at (0,61503) width 14: "\x{E2B}"
      text run at (0,61522) width 14: "\x{E27}"
      text run at (0,61541) width 14: "\x{E35}"
      text run at (0,61560) width 14: "\x{E14}"
      text run at (0,61579) width 14: "\x{E2B}"
      text run at (0,61598) width 14: "\x{E27}"
      text run at (0,61617) width 28: "\x{E37}\x{E2D}"
