layer at (0,0) size 800x600
  RenderView at (0,0) size 800x600
layer at (0,0) size 800x600
  RenderBlock {HTML} at (0,0) size 800x600
    RenderBody {BODY} at (8,8) size 784x584
      RenderBlock {P} at (0,0) size 784x19
        RenderText {#text} at (0,0) size 558x19
          text run at (0,0) width 558: "The canvas below should have a gradient, even though no path is specified. Bug 14642."
      RenderBlock (anonymous) at (0,33) size 784x100
        RenderHTMLCanvas {CANVAS} at (0,0) size 100x100
        RenderText {#text} at (0,0) size 0x0
        RenderText {#text} at (0,0) size 0x0
        RenderText {#text} at (0,0) size 0x0
