layer at (0,0) size 800x600
  RenderView at (0,0) size 800x600
layer at (0,0) size 800x504
  RenderBlock {HTML} at (0,0) size 800x504
    RenderBody {BODY} at (8,8) size 784x488
      RenderBlock (anonymous) at (0,0) size 784x36
        RenderText {#text} at (0,0) size 597x18
          text run at (0,0) width 597: "This test verifies the visual alignment of items in a select element while changing text direction."
        RenderBR {BR} at (597,0) size 0x18
        RenderText {#text} at (0,18) size 426x18
          text run at (0,18) width 426: "All the items in the following select elements should be left-aligned."
      RenderTable {TABLE} at (0,36) size 682x132
        RenderTableSection {TBODY} at (0,0) size 682x132
          RenderTableRow {TR} at (0,2) size 682x63
            RenderTableCell {TD} at (2,2) size 164x63 [r=0 c=0 rs=1 cs=1]
              RenderListBox {SELECT} at (3,3) size 158x57 [bgcolor=#FFFFFF] [border: (1px inset #808080)]
            RenderTableCell {TD} at (168,2) size 172x63 [r=0 c=1 rs=1 cs=1]
              RenderListBox {SELECT} at (3,3) size 166x57 [bgcolor=#FFFFFF] [border: (1px inset #808080)]
            RenderTableCell {TD} at (342,2) size 164x63 [r=0 c=2 rs=1 cs=1]
              RenderListBox {SELECT} at (3,3) size 158x57 [bgcolor=#FFFFFF] [border: (1px inset #808080)]
            RenderTableCell {TD} at (508,2) size 172x63 [r=0 c=3 rs=1 cs=1]
              RenderListBox {SELECT} at (3,3) size 166x57 [bgcolor=#FFFFFF] [border: (1px inset #808080)]
          RenderTableRow {TR} at (0,67) size 682x63
            RenderTableCell {TD} at (2,67) size 164x63 [r=1 c=0 rs=1 cs=1]
              RenderListBox {SELECT} at (3,3) size 158x57 [bgcolor=#FFFFFF] [border: (1px inset #808080)]
            RenderTableCell {TD} at (168,67) size 172x63 [r=1 c=1 rs=1 cs=1]
              RenderListBox {SELECT} at (3,3) size 166x57 [bgcolor=#FFFFFF] [border: (1px inset #808080)]
      RenderBlock (anonymous) at (0,168) size 784x18
        RenderText {#text} at (0,0) size 435x18
          text run at (0,0) width 435: "All the items in the following select elements should be right-aligned."
      RenderTable {TABLE} at (0,186) size 676x132
        RenderTableSection {TBODY} at (0,0) size 676x132
          RenderTableRow {TR} at (0,2) size 676x63
            RenderTableCell {TD} at (2,2) size 172x63 [r=0 c=0 rs=1 cs=1]
              RenderListBox {SELECT} at (3,3) size 166x57 [bgcolor=#FFFFFF] [border: (1px inset #808080)]
            RenderTableCell {TD} at (176,2) size 161x63 [r=0 c=1 rs=1 cs=1]
              RenderListBox {SELECT} at (3,3) size 155x57 [bgcolor=#FFFFFF] [border: (1px inset #808080)]
            RenderTableCell {TD} at (339,2) size 172x63 [r=0 c=2 rs=1 cs=1]
              RenderListBox {SELECT} at (3,3) size 166x57 [bgcolor=#FFFFFF] [border: (1px inset #808080)]
            RenderTableCell {TD} at (513,2) size 161x63 [r=0 c=3 rs=1 cs=1]
              RenderListBox {SELECT} at (3,3) size 155x57 [bgcolor=#FFFFFF] [border: (1px inset #808080)]
          RenderTableRow {TR} at (0,67) size 676x63
            RenderTableCell {TD} at (2,67) size 172x63 [r=1 c=0 rs=1 cs=1]
              RenderListBox {SELECT} at (3,3) size 166x57 [bgcolor=#FFFFFF] [border: (1px inset #808080)]
            RenderTableCell {TD} at (176,67) size 161x63 [r=1 c=1 rs=1 cs=1]
              RenderListBox {SELECT} at (3,3) size 155x57 [bgcolor=#FFFFFF] [border: (1px inset #808080)]
      RenderBlock (anonymous) at (0,318) size 784x18
        RenderText {#text} at (0,0) size 444x18
          text run at (0,0) width 444: "All the items in the following select elements should be center-aligned."
      RenderTable {TABLE} at (0,336) size 712x67
        RenderTableSection {TBODY} at (0,0) size 712x67
          RenderTableRow {TR} at (0,2) size 712x63
            RenderTableCell {TD} at (2,2) size 180x63 [r=0 c=0 rs=1 cs=1]
              RenderListBox {SELECT} at (3,3) size 174x57 [bgcolor=#FFFFFF] [border: (1px inset #808080)]
            RenderTableCell {TD} at (184,2) size 171x63 [r=0 c=1 rs=1 cs=1]
              RenderListBox {SELECT} at (3,3) size 165x57 [bgcolor=#FFFFFF] [border: (1px inset #808080)]
            RenderTableCell {TD} at (357,2) size 180x63 [r=0 c=2 rs=1 cs=1]
              RenderListBox {SELECT} at (3,3) size 174x57 [bgcolor=#FFFFFF] [border: (1px inset #808080)]
            RenderTableCell {TD} at (539,2) size 171x63 [r=0 c=3 rs=1 cs=1]
              RenderListBox {SELECT} at (3,3) size 165x57 [bgcolor=#FFFFFF] [border: (1px inset #808080)]
      RenderBlock (anonymous) at (0,403) size 784x18
        RenderText {#text} at (0,0) size 290x18
          text run at (0,0) width 290: "The following tables check mixed alignments."
      RenderTable {TABLE} at (0,421) size 760x67
        RenderTableSection {TBODY} at (0,0) size 760x67
          RenderTableRow {TR} at (0,2) size 760x63
            RenderTableCell {TD} at (2,2) size 178x63 [r=0 c=0 rs=1 cs=1]
              RenderListBox {SELECT} at (3,3) size 172x57 [bgcolor=#FFFFFF] [border: (1px inset #808080)]
            RenderTableCell {TD} at (182,2) size 178x63 [r=0 c=1 rs=1 cs=1]
              RenderListBox {SELECT} at (3,3) size 172x57 [bgcolor=#FFFFFF] [border: (1px inset #808080)]
            RenderTableCell {TD} at (362,2) size 197x63 [r=0 c=2 rs=1 cs=1]
              RenderListBox {SELECT} at (3,3) size 191x57 [bgcolor=#FFFFFF] [border: (1px inset #808080)]
            RenderTableCell {TD} at (561,2) size 197x63 [r=0 c=3 rs=1 cs=1]
              RenderListBox {SELECT} at (3,3) size 191x57 [bgcolor=#FFFFFF] [border: (1px inset #808080)]
