layer at (0,0) size 800x600
  RenderView at (0,0) size 800x600
layer at (0,0) size 800x600
  RenderBlock {HTML} at (0,0) size 800x600
    RenderBody {BODY} at (8,8) size 784x584
      RenderBlock {KEYGEN} at (2,2) size 150x20
        RenderMenuList {SELECT} at (0,0) size 150x20 [bgcolor=#DDDDDD] [border: (1px solid #000000)]
          RenderBlock (anonymous) at (1,1) size 148x18
            RenderText at (4,1) size 105x16
              text run at (4,1) width 105: "2048 (High Grade)"
      RenderText {#text} at (0,0) size 0x0
