layer at (0,0) size 800x600
  RenderView at (0,0) size 800x600
layer at (0,0) size 800x600
  RenderBlock {HTML} at (0,0) size 800x600
    RenderBody {BODY} at (8,8) size 784x584 [color=#FF0000]
      RenderBlock {P} at (0,0) size 784x20
        RenderText {#text} at (0,0) size 213x19
          text run at (0,0) width 213: "Should say \x{201C}NOT TEST FAILED\x{201D}"
      RenderTable {DIV} at (0,36) size 36x40
        RenderTableSection (anonymous) at (0,0) size 36x40 [color=#000000]
          RenderTableRow (anonymous) at (0,0) size 36x40
            RenderTableCell (anonymous) at (0,0) size 36x40 [r=0 c=0 rs=1 cs=1]
              RenderBlock (anonymous) at (0,0) size 36x20
                RenderInline (generated) at (0,0) size 33x19 [color=#FF0000]
                  RenderText at (0,0) size 33x19
                    text run at (0,0) width 33: "NOT"
              RenderBlock {DIV} at (0,20) size 36x20 [color=#FF0000]
                RenderText {#text} at (0,0) size 36x19
                  text run at (0,0) width 36: "TEST"
      RenderBlock (anonymous) at (0,76) size 784x20
        RenderText {#text} at (0,0) size 54x19
          text run at (0,0) width 54: "FAILED"
        RenderText {#text} at (0,0) size 0x0
