layer at (0,0) size 800x600
  RenderView at (0,0) size 800x600
layer at (0,0) size 800x394
  RenderBlock {HTML} at (0,0) size 800x394
    RenderBody {BODY} at (8,16) size 784x362
      RenderBlock {P} at (0,0) size 784x18 [color=#000080]
        RenderText {#text} at (0,0) size 226x18
          text run at (0,0) width 226: "This sentence should be underlined."
      RenderBlock {P} at (0,34) size 784x18 [color=#000080]
        RenderText {#text} at (0,0) size 218x18
          text run at (0,0) width 218: "This sentence should be overlined."
      RenderBlock {P} at (0,68) size 784x18 [color=#000080]
        RenderText {#text} at (0,0) size 232x18
          text run at (0,0) width 232: "This sentence should be stricken out."
      RenderBlock {P} at (0,102) size 784x18 [color=#000080]
        RenderText {#text} at (0,0) size 369x18
          text run at (0,0) width 369: "This sentence should be blinking (if the UA supports that)."
      RenderBlock {P} at (0,136) size 784x18 [color=#000080]
        RenderText {#text} at (0,0) size 227x18
          text run at (0,0) width 227: "The sentence should be underlined. "
        RenderInline {B} at (0,0) size 238x18
          RenderText {#text} at (227,0) size 238x18
            text run at (227,0) width 238: "This sentence should be underlined"
        RenderText {#text} at (465,0) size 4x18
          text run at (465,0) width 4: "."
      RenderBlock {P} at (0,170) size 784x18 [color=#000080]
        RenderText {#text} at (0,0) size 316x18
          text run at (0,0) width 316: "This sentence should be underlined and overlined."
      RenderBlock {P} at (0,204) size 784x18 [color=#000080]
        RenderText {#text} at (0,0) size 377x18
          text run at (0,0) width 377: "This sentence should be underlined, overlined, and stricken."
      RenderBlock {DIV} at (0,238) size 784x0 [color=#FF0000]
      RenderBlock {P} at (0,238) size 784x18 [color=#000080]
        RenderText {#text} at (0,0) size 285x18
          text run at (0,0) width 285: "There should be no red at the end of this line."
        RenderInline {STRONG} at (0,0) size 4x18 [color=#FF0000]
          RenderText {#text} at (285,0) size 4x18
            text run at (285,0) width 4: " "
        RenderText {#text} at (289,0) size 4x18
          text run at (289,0) width 4: " "
      RenderBlock {P} at (0,272) size 784x19 [color=#000080]
        RenderText {#text} at (0,1) size 285x18
          text run at (0,1) width 285: "There should be no red at the end of this line."
        RenderImage {IMG} at (285,0) size 15x15 [color=#FF0000]
        RenderText {#text} at (300,1) size 4x18
          text run at (300,1) width 4: " "
      RenderBlock {P} at (0,307) size 784x21 [color=#000080]
        RenderText {#text} at (0,3) size 202x18
          text run at (0,3) width 202: "This sentence and all its images "
        RenderImage {IMG} at (202,0) size 17x17 [color=#FF0000]
        RenderText {#text} at (219,3) size 4x18
          text run at (219,3) width 4: " "
        RenderImage {IMG} at (223,0) size 17x17 [color=#FF0000]
        RenderText {#text} at (240,3) size 140x18
          text run at (240,3) width 4: " "
          text run at (244,3) width 136: "should be underlined."
      RenderBlock {P} at (0,344) size 784x18 [color=#000080]
        RenderText {#text} at (0,0) size 335x18
          text run at (0,0) width 335: "There should be a long blue underline between here: "
        RenderInline {SPAN} at (0,0) size 160x18 [color=#FFFFFF]
          RenderText {#text} at (335,0) size 160x18
            text run at (335,0) width 160: "FAIL FAIL FAIL FAIL "
        RenderText {#text} at (495,0) size 62x18
          text run at (495,0) width 62: ":and here."
