layer at (0,0) size 800x600
  RenderView at (0,0) size 800x600
layer at (0,0) size 800x298
  RenderBlock {HTML} at (0,0) size 800x298
    RenderBody {BODY} at (8,16) size 784x274
      RenderBlock {P} at (0,0) size 784x40
        RenderText {#text} at (0,0) size 300x19
          text run at (0,0) width 279: "This is a test of generated content in <button> "
          text run at (279,0) width 21: "for "
        RenderInline {I} at (0,0) size 752x39
          RenderInline {A} at (0,0) size 350x19 [color=#0000EE]
            RenderText {#text} at (300,0) size 350x19
              text run at (300,0) width 350: "http://bugzilla.opendarwin.org/show_bug.cgi?id=9561"
          RenderText {#text} at (650,0) size 752x39
            text run at (650,0) width 4: " "
            text run at (654,0) width 98: "REGRESSION:"
            text run at (0,20) width 439: "Content property on :before of button causes hang on click or hover"
        RenderText {#text} at (439,20) size 4x19
          text run at (439,20) width 4: "."
      RenderBlock {HR} at (0,56) size 784x2 [border: (1px inset #000000)]
      RenderBlock (anonymous) at (0,66) size 784x208
        RenderButton {BUTTON} at (2,2) size 51x22 [color=#0000FF] [bgcolor=#C0C0C0] [border: (2px outset #C0C0C0)]
          RenderBlock (anonymous) at (8,3) size 35x16
            RenderInline (generated) at (0,0) size 35x16
              RenderText at (0,0) size 35x16
                text run at (0,0) width 35: "before"
        RenderText {#text} at (55,3) size 4x19
          text run at (55,3) width 4: " "
        RenderButton {BUTTON} at (61,2) size 87x22 [color=#0000FF] [bgcolor=#C0C0C0] [border: (2px outset #C0C0C0)]
          RenderBlock (anonymous) at (8,3) size 71x16
            RenderInline (generated) at (0,0) size 35x16
              RenderText at (0,0) size 35x16
                text run at (0,0) width 35: "before"
            RenderText {#text} at (35,0) size 36x16
              text run at (35,0) width 36: "button"
        RenderText {#text} at (150,3) size 4x19
          text run at (150,3) width 4: " "
        RenderBR {BR} at (0,0) size 0x0
        RenderButton {BUTTON} at (2,28) size 41x22 [color=#0000FF] [bgcolor=#C0C0C0] [border: (2px outset #C0C0C0)]
          RenderBlock (anonymous) at (8,3) size 25x16
            RenderInline (generated) at (0,0) size 25x16
              RenderText at (0,0) size 25x16
                text run at (0,0) width 25: "after"
        RenderText {#text} at (45,29) size 4x19
          text run at (45,29) width 4: " "
        RenderButton {BUTTON} at (51,28) size 77x22 [color=#0000FF] [bgcolor=#C0C0C0] [border: (2px outset #C0C0C0)]
          RenderBlock (anonymous) at (8,3) size 61x16
            RenderText {#text} at (0,0) size 36x16
              text run at (0,0) width 36: "button"
            RenderInline (generated) at (0,0) size 25x16
              RenderText at (36,0) size 25x16
                text run at (36,0) width 25: "after"
        RenderText {#text} at (130,29) size 4x19
          text run at (130,29) width 4: " "
        RenderBR {BR} at (0,0) size 0x0
        RenderButton {BUTTON} at (2,62) size 16x6 [bgcolor=#C0C0C0] [border: (2px outset #C0C0C0)]
          RenderBlock (anonymous) at (8,3) size 0x0
        RenderText {#text} at (20,55) size 4x19
          text run at (20,55) width 4: " "
        RenderButton {BUTTON} at (26,54) size 52x22 [bgcolor=#C0C0C0] [border: (2px outset #C0C0C0)]
          RenderBlock (anonymous) at (8,3) size 36x16
            RenderText {#text} at (0,0) size 36x16
              text run at (0,0) width 36: "button"
        RenderText {#text} at (80,55) size 4x19
          text run at (80,55) width 4: " "
        RenderBR {BR} at (0,0) size 0x0
        RenderButton {BUTTON} at (2,88) size 16x6 [bgcolor=#C0C0C0] [border: (2px outset #C0C0C0)]
          RenderBlock (anonymous) at (8,3) size 0x0
        RenderText {#text} at (20,81) size 4x19
          text run at (20,81) width 4: " "
        RenderButton {BUTTON} at (26,80) size 52x22 [bgcolor=#C0C0C0] [border: (2px outset #C0C0C0)]
          RenderBlock (anonymous) at (8,3) size 36x16
            RenderText {#text} at (0,0) size 36x16
              text run at (0,0) width 36: "button"
        RenderText {#text} at (80,81) size 4x19
          text run at (80,81) width 4: " "
        RenderBR {BR} at (0,0) size 0x0
        RenderButton {BUTTON} at (2,106) size 51x22 [bgcolor=#C0C0C0] [border: (2px outset #C0C0C0)]
          RenderBlock (anonymous) at (8,3) size 35x16
            RenderInline (generated) at (0,0) size 35x16
              RenderText at (0,0) size 35x16
                text run at (0,0) width 35: "before"
        RenderText {#text} at (55,107) size 4x19
          text run at (55,107) width 4: " "
        RenderButton {BUTTON} at (61,106) size 87x22 [bgcolor=#C0C0C0] [border: (2px outset #C0C0C0)]
          RenderBlock (anonymous) at (8,3) size 71x16
            RenderInline (generated) at (0,0) size 35x16
              RenderText at (0,0) size 35x16
                text run at (0,0) width 35: "before"
            RenderText {#text} at (35,0) size 36x16
              text run at (35,0) width 36: "button"
        RenderText {#text} at (150,107) size 4x19
          text run at (150,107) width 4: " "
        RenderBR {BR} at (0,0) size 0x0
        RenderButton {BUTTON} at (2,132) size 41x22 [bgcolor=#C0C0C0] [border: (2px outset #C0C0C0)]
          RenderBlock (anonymous) at (8,3) size 25x16
            RenderInline (generated) at (0,0) size 25x16
              RenderText at (0,0) size 25x16
                text run at (0,0) width 25: "after"
        RenderText {#text} at (45,133) size 4x19
          text run at (45,133) width 4: " "
        RenderButton {BUTTON} at (51,132) size 77x22 [bgcolor=#C0C0C0] [border: (2px outset #C0C0C0)]
          RenderBlock (anonymous) at (8,3) size 61x16
            RenderText {#text} at (0,0) size 36x16
              text run at (0,0) width 36: "button"
            RenderInline (generated) at (0,0) size 25x16
              RenderText at (36,0) size 25x16
                text run at (36,0) width 25: "after"
        RenderText {#text} at (130,133) size 4x19
          text run at (130,133) width 4: " "
        RenderBR {BR} at (0,0) size 0x0
        RenderButton {BUTTON} at (2,158) size 51x22 [bgcolor=#C0C0C0] [border: (2px outset #C0C0C0)]
          RenderBlock (anonymous) at (8,3) size 35x16
            RenderInline (generated) at (0,0) size 35x16
              RenderText at (0,0) size 35x16
                text run at (0,0) width 35: "before"
        RenderText {#text} at (55,159) size 4x19
          text run at (55,159) width 4: " "
        RenderButton {BUTTON} at (61,158) size 87x22 [bgcolor=#C0C0C0] [border: (2px outset #C0C0C0)]
          RenderBlock (anonymous) at (8,3) size 71x16
            RenderInline (generated) at (0,0) size 35x16
              RenderText at (0,0) size 35x16
                text run at (0,0) width 35: "before"
            RenderText {#text} at (35,0) size 36x16
              text run at (35,0) width 36: "button"
        RenderText {#text} at (150,159) size 4x19
          text run at (150,159) width 4: " "
        RenderBR {BR} at (0,0) size 0x0
        RenderButton {BUTTON} at (2,184) size 41x22 [bgcolor=#C0C0C0] [border: (2px outset #C0C0C0)]
          RenderBlock (anonymous) at (8,3) size 25x16
            RenderInline (generated) at (0,0) size 25x16
              RenderText at (0,0) size 25x16
                text run at (0,0) width 25: "after"
        RenderText {#text} at (45,185) size 4x19
          text run at (45,185) width 4: " "
        RenderButton {BUTTON} at (51,184) size 77x22 [bgcolor=#C0C0C0] [border: (2px outset #C0C0C0)]
          RenderBlock (anonymous) at (8,3) size 61x16
            RenderText {#text} at (0,0) size 36x16
              text run at (0,0) width 36: "button"
            RenderInline (generated) at (0,0) size 25x16
              RenderText at (36,0) size 25x16
                text run at (36,0) width 25: "after"
        RenderText {#text} at (130,185) size 4x19
          text run at (130,185) width 4: " "
        RenderBR {BR} at (0,0) size 0x0
