layer at (0,0) size 800x600
  RenderView at (0,0) size 800x600
layer at (0,0) size 800x600
  RenderBlock {HTML} at (0,0) size 800x600
    RenderBody {BODY} at (8,8) size 784x584
      RenderBlock {P} at (0,0) size 784x20
        RenderText {#text} at (0,0) size 729x19
          text run at (0,0) width 729: "Bug 45940: A bug that a placeholder text is not cleared by the second focus. The first input field should not have any text."
      RenderBlock {DIV} at (0,36) size 784x26
        RenderTextControl {INPUT} at (2,2) size 155x22 [color=#FF0000] [bgcolor=#FFFFFF] [border: (2px inset #FF0000)]
        RenderText {#text} at (159,3) size 4x19
          text run at (159,3) width 4: " "
        RenderTextControl {INPUT} at (165,2) size 155x22 [bgcolor=#FFFFFF] [border: (2px inset #000000)]
        RenderText {#text} at (0,0) size 0x0
        RenderText {#text} at (0,0) size 0x0
layer at (12,49) size 151x16
  RenderBlock {DIV} at (2,3) size 151x16
layer at (175,49) size 151x16
  RenderBlock {DIV} at (2,3) size 151x16
caret: position 0 of child 0 {DIV} of child 1 {INPUT} of child 3 {DIV} of body
