layer at (0,0) size 802x586
  RenderView at (0,0) size 800x585
layer at (0,0) size 800x586
  RenderBlock {HTML} at (0,0) size 800x586
    RenderBody {BODY} at (8,8) size 784x570
      RenderBlock (anonymous) at (0,0) size 784x40
        RenderText {#text} at (0,0) size 556x19
          text run at (0,0) width 556: "This test verifies the visual alignment of items in a select element while changing text direction."
        RenderBR {BR} at (556,0) size 0x19
        RenderText {#text} at (0,20) size 398x19
          text run at (0,20) width 398: "All the items in the following select elements should be left-aligned."
      RenderTable {TABLE} at (0,40) size 710x156
        RenderTableSection {TBODY} at (0,0) size 710x156
          RenderTableRow {TR} at (0,2) size 710x75
            RenderTableCell {TD} at (2,2) size 172x75 [r=0 c=0 rs=1 cs=1]
              RenderListBox {SELECT} at (3,3) size 166x69 [bgcolor=#FFFFFF] [border: (1px inset #808080)]
            RenderTableCell {TD} at (176,2) size 178x75 [r=0 c=1 rs=1 cs=1]
              RenderListBox {SELECT} at (3,3) size 172x69 [bgcolor=#FFFFFF] [border: (1px inset #808080)]
            RenderTableCell {TD} at (356,2) size 172x75 [r=0 c=2 rs=1 cs=1]
              RenderListBox {SELECT} at (3,3) size 166x69 [bgcolor=#FFFFFF] [border: (1px inset #808080)]
            RenderTableCell {TD} at (530,2) size 178x75 [r=0 c=3 rs=1 cs=1]
              RenderListBox {SELECT} at (3,3) size 172x69 [bgcolor=#FFFFFF] [border: (1px inset #808080)]
          RenderTableRow {TR} at (0,79) size 710x75
            RenderTableCell {TD} at (2,79) size 172x75 [r=1 c=0 rs=1 cs=1]
              RenderListBox {SELECT} at (3,3) size 166x69 [bgcolor=#FFFFFF] [border: (1px inset #808080)]
            RenderTableCell {TD} at (176,79) size 178x75 [r=1 c=1 rs=1 cs=1]
              RenderListBox {SELECT} at (3,3) size 172x69 [bgcolor=#FFFFFF] [border: (1px inset #808080)]
      RenderBlock (anonymous) at (0,196) size 784x20
        RenderText {#text} at (0,0) size 406x19
          text run at (0,0) width 406: "All the items in the following select elements should be right-aligned."
      RenderTable {TABLE} at (0,216) size 700x156
        RenderTableSection {TBODY} at (0,0) size 700x156
          RenderTableRow {TR} at (0,2) size 700x75
            RenderTableCell {TD} at (2,2) size 180x75 [r=0 c=0 rs=1 cs=1]
              RenderListBox {SELECT} at (3,3) size 174x69 [bgcolor=#FFFFFF] [border: (1px inset #808080)]
            RenderTableCell {TD} at (184,2) size 165x75 [r=0 c=1 rs=1 cs=1]
              RenderListBox {SELECT} at (3,3) size 159x69 [bgcolor=#FFFFFF] [border: (1px inset #808080)]
            RenderTableCell {TD} at (351,2) size 180x75 [r=0 c=2 rs=1 cs=1]
              RenderListBox {SELECT} at (3,3) size 174x69 [bgcolor=#FFFFFF] [border: (1px inset #808080)]
            RenderTableCell {TD} at (533,2) size 165x75 [r=0 c=3 rs=1 cs=1]
              RenderListBox {SELECT} at (3,3) size 159x69 [bgcolor=#FFFFFF] [border: (1px inset #808080)]
          RenderTableRow {TR} at (0,79) size 700x75
            RenderTableCell {TD} at (2,79) size 180x75 [r=1 c=0 rs=1 cs=1]
              RenderListBox {SELECT} at (3,3) size 174x69 [bgcolor=#FFFFFF] [border: (1px inset #808080)]
            RenderTableCell {TD} at (184,79) size 165x75 [r=1 c=1 rs=1 cs=1]
              RenderListBox {SELECT} at (3,3) size 159x69 [bgcolor=#FFFFFF] [border: (1px inset #808080)]
      RenderBlock (anonymous) at (0,372) size 784x20
        RenderText {#text} at (0,0) size 417x19
          text run at (0,0) width 417: "All the items in the following select elements should be center-aligned."
      RenderTable {TABLE} at (0,392) size 744x79
        RenderTableSection {TBODY} at (0,0) size 744x79
          RenderTableRow {TR} at (0,2) size 744x75
            RenderTableCell {TD} at (2,2) size 191x75 [r=0 c=0 rs=1 cs=1]
              RenderListBox {SELECT} at (3,3) size 185x69 [bgcolor=#FFFFFF] [border: (1px inset #808080)]
            RenderTableCell {TD} at (195,2) size 176x75 [r=0 c=1 rs=1 cs=1]
              RenderListBox {SELECT} at (3,3) size 170x69 [bgcolor=#FFFFFF] [border: (1px inset #808080)]
            RenderTableCell {TD} at (373,2) size 191x75 [r=0 c=2 rs=1 cs=1]
              RenderListBox {SELECT} at (3,3) size 185x69 [bgcolor=#FFFFFF] [border: (1px inset #808080)]
            RenderTableCell {TD} at (566,2) size 176x75 [r=0 c=3 rs=1 cs=1]
              RenderListBox {SELECT} at (3,3) size 170x69 [bgcolor=#FFFFFF] [border: (1px inset #808080)]
      RenderBlock (anonymous) at (0,471) size 784x20
        RenderText {#text} at (0,0) size 270x19
          text run at (0,0) width 270: "The following tables check mixed alignments."
      RenderTable {TABLE} at (0,491) size 794x79
        RenderTableSection {TBODY} at (0,0) size 794x79
          RenderTableRow {TR} at (0,2) size 794x75
            RenderTableCell {TD} at (2,2) size 185x75 [r=0 c=0 rs=1 cs=1]
              RenderListBox {SELECT} at (3,3) size 179x69 [bgcolor=#FFFFFF] [border: (1px inset #808080)]
            RenderTableCell {TD} at (189,2) size 185x75 [r=0 c=1 rs=1 cs=1]
              RenderListBox {SELECT} at (3,3) size 179x69 [bgcolor=#FFFFFF] [border: (1px inset #808080)]
            RenderTableCell {TD} at (376,2) size 207x75 [r=0 c=2 rs=1 cs=1]
              RenderListBox {SELECT} at (3,3) size 201x69 [bgcolor=#FFFFFF] [border: (1px inset #808080)]
            RenderTableCell {TD} at (585,2) size 207x75 [r=0 c=3 rs=1 cs=1]
              RenderListBox {SELECT} at (3,3) size 201x69 [bgcolor=#FFFFFF] [border: (1px inset #808080)]
