layer at (0,0) size 800x600
  RenderView at (0,0) size 800x600
layer at (0,0) size 800x272
  RenderBlock {HTML} at (0,0) size 800x272
    RenderBody {BODY} at (8,16) size 784x246
      RenderBlock {P} at (0,0) size 784x20
        RenderText {#text} at (0,0) size 445x20
          text run at (0,0) width 445: "You should see two green squares below on screen, and when printed."
      RenderBlock {DIV} at (10,36) size 100x100 [bgcolor=#008000]
layer at (18,162) size 100x100
  RenderBlock {DIV} at (10,146) size 100x100 [bgcolor=#008000]
