layer at (0,0) size 800x972
  RenderView at (0,0) size 800x600
layer at (0,0) size 800x972
  RenderBlock {HTML} at (0,0) size 800x972
    RenderBody {BODY} at (8,8) size 784x956
      RenderTextControl {TEXTAREA} at (2,2) size 344x952 [border: (1px solid #000000)]
      RenderText {#text} at (0,0) size 0x0
      RenderText {#text} at (0,0) size 0x0
      RenderText {#text} at (0,0) size 0x0
      RenderText {#text} at (0,0) size 0x0
layer at (11,11) size 342x950
  RenderBlock {DIV} at (1,1) size 342x950
    RenderText {#text} at (3,0) size 75x19
      text run at (3,0) width 75: "Sample text"
