layer at (0,0) size 800x600
  RenderView at (0,0) size 800x600
layer at (0,0) size 800x592
  RenderBlock {HTML} at (0,0) size 800x592
    RenderBody {BODY} at (8,8) size 784x0
      RenderBlock (floating) {DIV} at (8,8) size 366x146 [border: (3px solid #000000)]
        RenderText {#text} at (3,3) size 276x28
          text run at (3,3) width 276: "Lorem ipsum dolor sit amet,"
        RenderInline {SPAN} at (0,0) size 217x28
          RenderText {#text} at (3,45) size 217x28
            text run at (3,45) width 217: "consectetur adipiscing"
        RenderText {#text} at (220,45) size 135x28
          text run at (220,45) width 6: " "
          text run at (226,45) width 129: "elit. Aliquam"
        RenderInline {SPAN} at (0,0) size 111x28
          RenderText {#text} at (3,73) size 111x28
            text run at (3,73) width 111: "odio sapien"
        RenderText {#text} at (114,73) size 338x70
          text run at (114,73) width 12: ", "
          text run at (126,73) width 215: "lobortis eu iaculis vel,"
          text run at (3,115) width 211: "scelerisque nec dolor."
      RenderBlock (floating) {DIV} at (390,8) size 366x146 [border: (3px solid #000000)]
        RenderText {#text} at (3,3) size 276x28
          text run at (3,3) width 276: "Lorem ipsum dolor sit amet,"
        RenderInline {SPAN} at (0,0) size 217x28
          RenderText {#text} at (3,45) size 217x28
            text run at (3,45) width 217: "consectetur adipiscing"
        RenderText {#text} at (220,45) size 135x28
          text run at (220,45) width 6: " "
          text run at (226,45) width 129: "elit. Aliquam"
        RenderInline {SPAN} at (0,0) size 111x28
          RenderText {#text} at (3,73) size 111x28
            text run at (3,73) width 111: "odio sa\x{300}pien"
        RenderText {#text} at (114,73) size 338x70
          text run at (114,73) width 12: ", "
          text run at (126,73) width 215: "lobortis eu iaculis vel,"
          text run at (3,115) width 211: "scelerisque nec dolor."
      RenderBlock (floating) {DIV} at (8,170) size 366x192 [border: (3px solid #000000)]
        RenderText {#text} at (3,21) size 71x28
          text run at (3,21) width 71: "Lorem "
        RenderInline {SPAN} at (0,0) size 59x28
          RenderText {#text} at (74,21) size 59x28
            text run at (74,21) width 59: "ipsum"
        RenderText {#text} at (133,21) size 6x28
          text run at (133,21) width 6: " "
        RenderInline {SPAN} at (0,0) size 51x28
          RenderText {#text} at (139,21) size 51x28
            text run at (139,21) width 51: "dolor"
        RenderText {#text} at (190,21) size 6x28
          text run at (190,21) width 6: " "
        RenderInline {SPAN} at (0,0) size 23x28
          RenderText {#text} at (196,21) size 23x28
            text run at (196,21) width 23: "sit"
        RenderText {#text} at (219,21) size 6x28
          text run at (219,21) width 6: " "
        RenderInline {SPAN} at (0,0) size 48x28
          RenderText {#text} at (225,21) size 48x28
            text run at (225,21) width 48: "amet"
        RenderText {#text} at (273,21) size 6x28
          text run at (273,21) width 6: ","
        RenderInline {SPAN} at (0,0) size 111x28
          RenderText {#text} at (3,77) size 111x28
            text run at (3,77) width 111: "consectetur"
        RenderText {#text} at (114,77) size 6x28
          text run at (114,77) width 6: " "
        RenderInline {SPAN} at (0,0) size 100x28
          RenderText {#text} at (120,77) size 100x28
            text run at (120,77) width 100: "adipiscing"
        RenderText {#text} at (220,77) size 6x28
          text run at (220,77) width 6: " "
        RenderInline {SPAN} at (0,0) size 32x28
          RenderText {#text} at (226,77) size 32x28
            text run at (226,77) width 32: "elit"
        RenderText {#text} at (258,77) size 12x28
          text run at (258,77) width 12: ". "
        RenderInline {SPAN} at (0,0) size 85x28
          RenderText {#text} at (270,77) size 85x28
            text run at (270,77) width 85: "Aliquam"
        RenderText {#text} at (355,77) size 6x28
          text run at (355,77) width 6: ","
        RenderInline {SPAN} at (0,0) size 43x28
          RenderText {#text} at (3,133) size 43x28
            text run at (3,133) width 43: "odio"
        RenderText {#text} at (46,133) size 6x28
          text run at (46,133) width 6: " "
        RenderInline {SPAN} at (0,0) size 62x28
          RenderText {#text} at (52,133) size 62x28
            text run at (52,133) width 62: "sapien"
        RenderText {#text} at (114,133) size 12x28
          text run at (114,133) width 12: ", "
        RenderInline {SPAN} at (0,0) size 74x28
          RenderText {#text} at (126,133) size 74x28
            text run at (126,133) width 74: "lobortis"
        RenderText {#text} at (200,133) size 338x56
          text run at (200,133) width 6: " "
          text run at (206,133) width 135: "eu iaculis vel,"
          text run at (3,161) width 211: "scelerisque nec dolor."
      RenderBlock (floating) {DIV} at (390,170) size 366x192 [border: (3px solid #000000)]
        RenderText {#text} at (3,3) size 71x28
          text run at (3,3) width 71: "Lorem "
        RenderInline {SPAN} at (0,0) size 59x28
          RenderText {#text} at (74,3) size 59x28
            text run at (74,3) width 59: "ipsum"
        RenderText {#text} at (133,3) size 6x28
          text run at (133,3) width 6: " "
        RenderInline {SPAN} at (0,0) size 51x28
          RenderText {#text} at (139,3) size 51x28
            text run at (139,3) width 51: "dolor"
        RenderText {#text} at (190,3) size 6x28
          text run at (190,3) width 6: " "
        RenderInline {SPAN} at (0,0) size 23x28
          RenderText {#text} at (196,3) size 23x28
            text run at (196,3) width 23: "sit"
        RenderText {#text} at (219,3) size 6x28
          text run at (219,3) width 6: " "
        RenderInline {SPAN} at (0,0) size 48x28
          RenderText {#text} at (225,3) size 48x28
            text run at (225,3) width 48: "amet"
        RenderText {#text} at (273,3) size 6x28
          text run at (273,3) width 6: ","
        RenderInline {SPAN} at (0,0) size 111x28
          RenderText {#text} at (3,49) size 111x28
            text run at (3,49) width 111: "consectetur"
        RenderText {#text} at (114,49) size 6x28
          text run at (114,49) width 6: " "
        RenderInline {SPAN} at (0,0) size 100x28
          RenderText {#text} at (120,49) size 100x28
            text run at (120,49) width 100: "adipiscing"
        RenderText {#text} at (220,49) size 6x28
          text run at (220,49) width 6: " "
        RenderInline {SPAN} at (0,0) size 32x28
          RenderText {#text} at (226,49) size 32x28
            text run at (226,49) width 32: "elit"
        RenderText {#text} at (258,49) size 12x28
          text run at (258,49) width 12: ". "
        RenderInline {SPAN} at (0,0) size 85x28
          RenderText {#text} at (270,49) size 85x28
            text run at (270,49) width 85: "Aliquam"
        RenderText {#text} at (355,49) size 6x28
          text run at (355,49) width 6: ","
        RenderInline {SPAN} at (0,0) size 43x28
          RenderText {#text} at (3,105) size 43x28
            text run at (3,105) width 43: "odio"
        RenderText {#text} at (46,105) size 6x28
          text run at (46,105) width 6: " "
        RenderInline {SPAN} at (0,0) size 62x28
          RenderText {#text} at (52,105) size 62x28
            text run at (52,105) width 62: "sapien"
        RenderText {#text} at (114,105) size 12x28
          text run at (114,105) width 12: ", "
        RenderInline {SPAN} at (0,0) size 74x28
          RenderText {#text} at (126,105) size 74x28
            text run at (126,105) width 74: "lobortis"
        RenderText {#text} at (200,105) size 338x84
          text run at (200,105) width 6: " "
          text run at (206,105) width 135: "eu iaculis vel,"
          text run at (3,161) width 211: "scelerisque nec dolor."
      RenderBlock (floating) {DIV} at (8,378) size 366x198 [border: (3px solid #000000)]
        RenderText {#text} at (3,13) size 276x28
          text run at (3,13) width 276: "Lorem ipsum dolor sit amet,"
        RenderInline {SPAN} at (0,0) size 217x28
          RenderText {#text} at (3,61) size 217x28
            text run at (3,61) width 217: "consectetur adipiscing"
        RenderText {#text} at (220,61) size 135x28
          text run at (220,61) width 6: " "
          text run at (226,61) width 129: "elit. Aliquam"
        RenderInline {SPAN} at (0,0) size 111x28
          RenderText {#text} at (3,109) size 111x28
            text run at (3,109) width 111: "odio sapien"
        RenderText {#text} at (114,109) size 338x76
          text run at (114,109) width 12: ", "
          text run at (126,109) width 215: "lobortis eu iaculis vel,"
          text run at (3,157) width 211: "scelerisque nec dolor."
      RenderBlock (floating) {DIV} at (390,378) size 366x146 [border: (3px solid #000000)]
        RenderText {#text} at (3,3) size 276x28
          text run at (3,3) width 276: "Lorem ipsum dolor sit amet,"
        RenderInline {SPAN} at (0,0) size 217x28
          RenderText {#text} at (3,45) size 217x28
            text run at (3,45) width 217: "consectetur adipiscing"
        RenderText {#text} at (220,45) size 135x28
          text run at (220,45) width 6: " "
          text run at (226,45) width 129: "elit. Aliquam"
        RenderInline {SPAN} at (0,0) size 111x28
          RenderText {#text} at (3,73) size 111x28
            text run at (3,73) width 111: "odio sapien"
        RenderText {#text} at (114,73) size 338x70
          text run at (114,73) width 12: ", "
          text run at (126,73) width 215: "lobortis eu iaculis vel,"
          text run at (3,115) width 211: "scelerisque nec dolor."
selection start: position 10 of child 0 {#text} of child 1 {SPAN} of child 10 {DIV} of body
selection end:   position 7 of child 0 {#text} of child 3 {SPAN} of child 10 {DIV} of body
