layer at (0,0) size 800x600
  RenderView at (0,0) size 800x600
layer at (0,0) size 800x276
  RenderBlock {HTML} at (0,0) size 800x276
    RenderBody {BODY} at (8,8) size 784x260
      RenderBlock {DIV} at (0,0) size 784x20
        RenderText {#text} at (0,0) size 300x19
          text run at (0,0) width 300: "No font is specified. expected: backslash, actual: \\"
      RenderBlock {DIV} at (0,20) size 784x20
        RenderText {#text} at (0,0) size 327x19
          text run at (0,0) width 327: "Using font \"MS PGothic\". expected: yen sign, actual: \x{A5}"
      RenderBlock {DIV} at (0,40) size 784x20
        RenderText {#text} at (0,0) size 318x19
          text run at (0,0) width 318: "Using font \"MS Gothic\". expected: yen sign, actual: \x{A5}"
      RenderBlock {DIV} at (0,60) size 784x20
        RenderText {#text} at (0,0) size 333x19
          text run at (0,0) width 333: "Using font \"MS PMincho\". expected: yen sign, actual: \x{A5}"
      RenderBlock {DIV} at (0,80) size 784x20
        RenderText {#text} at (0,0) size 324x19
          text run at (0,0) width 324: "Using font \"MS Mincho\". expected: yen sign, actual: \x{A5}"
      RenderBlock {DIV} at (0,100) size 784x20
        RenderText {#text} at (0,0) size 295x19
          text run at (0,0) width 295: "Using font \"Meiryo\". expected: yen sign, actual: \x{A5}"
      RenderBlock {DIV} at (0,120) size 784x20
        RenderText {#text} at (0,0) size 367x19
          text run at (0,0) width 367: "Using font \"\x{FF2D}\x{FF33} \x{FF30}\x{30B4}\x{30B7}\x{30C3}\x{30AF}\". expected: yen sign, actual: \x{A5}"
      RenderBlock {DIV} at (0,140) size 784x20
        RenderText {#text} at (0,0) size 351x19
          text run at (0,0) width 351: "Using font \"\x{FF2D}\x{FF33} \x{30B4}\x{30B7}\x{30C3}\x{30AF}\". expected: yen sign, actual: \x{A5}"
      RenderBlock {DIV} at (0,160) size 784x20
        RenderText {#text} at (0,0) size 335x19
          text run at (0,0) width 335: "Using font \"\x{FF2D}\x{FF33} \x{FF30}\x{660E}\x{671D}\". expected: yen sign, actual: \x{A5}"
      RenderBlock {DIV} at (0,180) size 784x20
        RenderText {#text} at (0,0) size 319x19
          text run at (0,0) width 319: "Using font \"\x{FF2D}\x{FF33} \x{660E}\x{671D}\". expected: yen sign, actual: \x{A5}"
      RenderBlock {DIV} at (0,200) size 784x20
        RenderText {#text} at (0,0) size 315x19
          text run at (0,0) width 315: "Using font \"\x{30E1}\x{30A4}\x{30EA}\x{30AA}\". expected: yen sign, actual: \x{A5}"
      RenderBlock {DIV} at (0,220) size 784x20
        RenderText {#text} at (0,0) size 294x19
          text run at (0,0) width 294: "Using font \"Times\". expected: backslash, actual: \\"
      RenderBlock {DIV} at (0,240) size 784x20
        RenderText {#text} at (0,0) size 298x19
          text run at (0,0) width 298: "Using font \"foobar\". expected: backslash, actual: \\"
