layer at (0,0) size 800x600
  RenderView at (0,0) size 800x600
layer at (0,0) size 800x600
  RenderBlock {HTML} at (0,0) size 800x600
    RenderBody {BODY} at (8,8) size 784x584
      RenderText {#text} at (0,0) size 743x36
        text run at (0,0) width 743: "THIS TEST'S RESULTS ARE NOT CORRECT, SINCE INLINE TABLES ARE NOT BASELINE-ALIGNING"
        text run at (0,18) width 511: "PROPERLY, AND WHEN THEY DO, THE FIRST ROW WILL BE USED. "
      RenderBR {BR} at (511,32) size 0x0
      RenderBlock {P} at (0,42) size 59x40 [border: (2px solid #0000FF)]
        RenderText {#text} at (2,2) size 55x18
          text run at (2,2) width 55: "This text"
        RenderBR {BR} at (57,16) size 0x0
        RenderText {#text} at (2,20) size 55x18
          text run at (2,20) width 55: "This text"
      RenderText {#text} at (59,62) size 4x18
        text run at (59,62) width 4: " "
      RenderBlock {P} at (63,42) size 113x40 [border: (2px solid #0000FF)]
        RenderBlock {SPAN} at (2,2) size 109x36
          RenderText {#text} at (0,0) size 80x18
            text run at (0,0) width 80: "should all be"
          RenderBR {BR} at (80,14) size 0x0
          RenderText {#text} at (0,18) size 109x18
            text run at (0,18) width 109: "should also all be"
      RenderText {#text} at (176,62) size 4x18
        text run at (176,62) width 4: " "
      RenderTable {TABLE} at (180,36) size 43x40 [border: (2px solid #0000FF)]
        RenderTableSection {TBODY} at (2,2) size 39x36
          RenderTableRow {TR} at (0,0) size 39x18
            RenderTableCell {TD} at (0,0) size 39x18 [r=0 c=0 rs=1 cs=1]
              RenderText {#text} at (0,0) size 39x18
                text run at (0,0) width 39: "on the"
          RenderTableRow {TR} at (0,18) size 39x18
            RenderTableCell {TD} at (0,18) size 39x18 [r=1 c=0 rs=1 cs=1]
              RenderText {#text} at (0,0) size 39x18
                text run at (0,0) width 39: "on the"
      RenderText {#text} at (223,62) size 4x18
        text run at (223,62) width 4: " "
      RenderTable {TABLE} at (227,36) size 71x40 [border: (2px solid #0000FF)]
        RenderTableSection {TBODY} at (2,2) size 67x36
          RenderTableRow {TR} at (0,0) size 67x18
            RenderTableCell {TD} at (0,0) size 67x18 [r=0 c=0 rs=1 cs=1]
              RenderText {#text} at (0,0) size 67x18
                text run at (0,0) width 67: "same line. "
          RenderTableRow {TR} at (0,18) size 67x18
            RenderTableCell {TD} at (0,18) size 67x18 [r=1 c=0 rs=1 cs=1]
              RenderText {#text} at (0,0) size 63x18
                text run at (0,0) width 63: "same line."
      RenderText {#text} at (0,0) size 0x0
