layer at (0,0) size 800x600
  RenderView at (0,0) size 800x600
layer at (0,0) size 800x600
  RenderBlock {HTML} at (0,0) size 800x600
    RenderBody {BODY} at (8,8) size 784x584
      RenderBlock {P} at (0,0) size 784x83
        RenderRuby (inline) {RUBY} at (0,0) size 144x55
          RenderRubyRun (anonymous) at (0,26) size 144x57
            RenderRubyText {RT} at (0,-26) size 144x28
              RenderText {#text} at (0,0) size 144x27
                text run at (0,0) width 144: "\x{304D}\x{3069}\x{3046}\x{305F}\x{3044}\x{304D}"
            RenderRubyBase (anonymous) at (0,0) size 144x57
              RenderText {#text} at (24,1) size 96x55
                text run at (24,1) width 96: "\x{653B}\x{6BBB}"
        RenderText {#text} at (0,0) size 0x0
      RenderBlock {P} at (0,99) size 784x83
        RenderRuby (inline) {RUBY} at (0,0) size 192x55
          RenderRubyRun (anonymous) at (0,26) size 192x57
            RenderRubyText {RT} at (0,-26) size 192x28
              RenderText {#text} at (0,0) size 192x27
                text run at (0,0) width 192: "\x{304D}\x{3069}\x{3046}\x{305F}\x{3044}\x{304D}\x{3069}\x{3046}"
            RenderRubyBase (anonymous) at (0,0) size 192x57
              RenderText {#text} at (24,1) size 144x55
                text run at (24,1) width 144: "\x{6A5F}\x{52D5}\x{968A}"
        RenderText {#text} at (0,0) size 0x0
      RenderBlock {DIV} at (0,198) size 214x300
        RenderBlock {P} at (16,0) size 83x300
          RenderRuby (inline) {RUBY} at (0,0) size 55x144
            RenderRubyRun (anonymous) at (26,0) size 57x144
              RenderRubyText {RT} at (-26,0) size 28x144
                RenderText {#text} at (0,0) size 27x144
                  text run at (0,0) width 144: "\x{304D}\x{3069}\x{3046}\x{305F}\x{3044}\x{304D}"
              RenderRubyBase (anonymous) at (0,0) size 57x144
                RenderText {#text} at (1,24) size 55x96
                  text run at (1,24) width 96: "\x{653B}\x{6BBB}"
          RenderText {#text} at (0,0) size 0x0
        RenderBlock {P} at (115,0) size 83x300
          RenderRuby (inline) {RUBY} at (0,0) size 55x192
            RenderRubyRun (anonymous) at (26,0) size 57x192
              RenderRubyText {RT} at (-26,0) size 28x192
                RenderText {#text} at (0,0) size 27x192
                  text run at (0,0) width 192: "\x{304D}\x{3069}\x{3046}\x{305F}\x{3044}\x{304D}\x{3069}\x{3046}"
              RenderRubyBase (anonymous) at (0,0) size 57x192
                RenderText {#text} at (1,24) size 55x144
                  text run at (1,24) width 144: "\x{6A5F}\x{52D5}\x{968A}"
          RenderText {#text} at (0,0) size 0x0
