layer at (0,0) size 800x600
  RenderView at (0,0) size 800x600
layer at (0,0) size 41x25
  RenderTable {table} at (0,0) size 41x25
    RenderTableSection (anonymous) at (0,0) size 41x25
      RenderTableRow {tr} at (0,2) size 41x21
        RenderTableCell {td} at (2,2) size 37x21 [r=0 c=0 rs=1 cs=1]
          RenderText {#text} at (1,1) size 35x19
            text run at (1,1) width 35: "a test"
