layer at (0,0) size 800x600
  RenderView at (0,0) size 800x600
layer at (0,0) size 800x600
  RenderBlock {HTML} at (0,0) size 800x600
    RenderBody {BODY} at (8,8) size 784x584
      RenderBlock {H2} at (3,0) size 778x21
        RenderText {#text} at (0,0) size 350x21
          text run at (0,0) width 350: "Horizontal meters with the non-themed default style"
      RenderBlock {UL} at (3,24) size 778x69
        RenderListItem {LI} at (43,0) size 732x21
          RenderMeter {METER} at (0,3) size 80x16
            RenderBlock {DIV} at (0,0) size 80x16
            RenderBlock {DIV} at (0,0) size 20x16
            RenderBlock {DIV} at (0,0) size 80x16
            RenderBlock {DIV} at (0,12) size 80x4
        RenderListItem {LI} at (43,24) size 732x21
          RenderMeter {METER} at (0,3) size 80x16
            RenderBlock {DIV} at (0,0) size 80x16
            RenderBlock {DIV} at (0,0) size 36x16
            RenderBlock {DIV} at (0,0) size 80x16
            RenderBlock {DIV} at (0,9) size 80x7
        RenderListItem {LI} at (43,48) size 732x21
          RenderMeter {METER} at (0,3) size 80x16
            RenderBlock {DIV} at (0,0) size 80x16
            RenderBlock {DIV} at (0,0) size 60x16
            RenderBlock {DIV} at (0,0) size 80x16
            RenderBlock {DIV} at (0,4) size 80x12
      RenderBlock {H2} at (3,96) size 778x21
        RenderText {#text} at (0,0) size 332x21
          text run at (0,0) width 332: "Vertical meters with the non-themed default style"
      RenderBlock {UL} at (3,120) size 778x132
        RenderListItem {LI} at (43,0) size 732x42
          RenderMeter {METER} at (0,0) size 30x40
            RenderBlock {DIV} at (0,0) size 30x40
            RenderBlock {DIV} at (0,0) size 7x40
            RenderBlock {DIV} at (0,0) size 30x40
            RenderBlock {DIV} at (0,30) size 30x10
        RenderListItem {LI} at (43,45) size 732x42
          RenderMeter {METER} at (0,0) size 30x40
            RenderBlock {DIV} at (0,0) size 30x40
            RenderBlock {DIV} at (0,0) size 13x40
            RenderBlock {DIV} at (0,0) size 30x40
            RenderBlock {DIV} at (0,22) size 30x18
        RenderListItem {LI} at (43,90) size 732x42
          RenderMeter {METER} at (0,0) size 30x40
            RenderBlock {DIV} at (0,0) size 30x40
            RenderBlock {DIV} at (0,0) size 22x40
            RenderBlock {DIV} at (0,0) size 30x40
            RenderBlock {DIV} at (0,10) size 30x30
      RenderBlock {H2} at (3,255) size 778x21
        RenderText {#text} at (0,0) size 150x21
          text run at (0,0) width 150: "Providing meter styles"
      RenderBlock {DIV} at (0,279) size 784x105 [bgcolor=#EEEEEE]
        RenderBlock {UL} at (3,0) size 778x105
          RenderListItem {LI} at (43,0) size 732x33
            RenderMeter {METER} at (0,0) size 230x31 [bgcolor=#AAAACC] [border: (10px solid #222244) (50px solid #222244) (5px solid #222244) (100px solid #222244)]
              RenderBlock {DIV} at (100,10) size 80x16
              RenderBlock {DIV} at (100,10) size 64x16
              RenderBlock {DIV} at (100,10) size 80x16
              RenderBlock {DIV} at (100,14) size 80x12
            RenderText {#text} at (230,12) size 78x21
              text run at (230,12) width 78: " has border"
          RenderListItem {LI} at (43,36) size 732x33
            RenderMeter {METER} at (0,0) size 230x31 [bgcolor=#AAAACC]
              RenderBlock {DIV} at (100,10) size 80x16
              RenderBlock {DIV} at (100,10) size 64x16
              RenderBlock {DIV} at (100,10) size 80x16
              RenderBlock {DIV} at (100,14) size 80x12
            RenderText {#text} at (230,12) size 87x21
              text run at (230,12) width 87: " has padding"
          RenderListItem {LI} at (43,72) size 732x33
            RenderMeter {METER} at (100,10) size 80x16 [bgcolor=#AAAACC]
              RenderBlock {DIV} at (0,0) size 80x16
              RenderBlock {DIV} at (0,0) size 64x16
              RenderBlock {DIV} at (0,0) size 80x16
              RenderBlock {DIV} at (0,4) size 80x12
            RenderText {#text} at (230,12) size 80x21
              text run at (230,12) width 80: " has margin"
      RenderBlock {H2} at (3,387) size 778x21
        RenderText {#text} at (0,0) size 224x21
          text run at (0,0) width 224: "Providing bar and/or value styles"
      RenderBlock {DIV} at (0,411) size 784x69 [bgcolor=#EEEEEE]
        RenderBlock {UL} at (3,0) size 778x69
          RenderListItem {LI} at (43,0) size 732x21
            RenderMeter {METER} at (0,3) size 80x16
              RenderBlock {DIV} at (0,0) size 80x16
              RenderBlock {DIV} at (0,0) size 64x16 [bgcolor=#008000] [border: (2px solid #77CC77)]
              RenderBlock {DIV} at (0,0) size 80x16
              RenderBlock {DIV} at (0,4) size 80x12
            RenderText {#text} at (80,0) size 267x21
              text run at (80,0) width 267: " has bar style, should be styled as it has."
          RenderListItem {LI} at (43,24) size 732x21
            RenderMeter {METER} at (0,3) size 80x16
              RenderBlock {DIV} at (0,0) size 80x16 [bgcolor=#808080] [border: (2px solid #222222)]
              RenderBlock {DIV} at (0,0) size 64x16
              RenderBlock {DIV} at (0,0) size 80x16
              RenderBlock {DIV} at (0,4) size 80x12
            RenderText {#text} at (80,0) size 279x21
              text run at (80,0) width 279: " has value style, should be styled as it has."
          RenderListItem {LI} at (43,48) size 732x21
            RenderMeter {METER} at (0,3) size 80x16
              RenderBlock {DIV} at (0,0) size 80x16 [bgcolor=#808080] [border: (2px solid #222222)]
              RenderBlock {DIV} at (0,0) size 64x16 [bgcolor=#008000] [border: (2px solid #77CC77)]
              RenderBlock {DIV} at (0,0) size 80x16
              RenderBlock {DIV} at (0,4) size 80x12
            RenderText {#text} at (80,0) size 280x21
              text run at (80,0) width 280: " has both styles, should be styled as it has."
      RenderBlock {H2} at (3,483) size 778x21
        RenderText {#text} at (0,0) size 156x21
          text run at (0,0) width 156: "Providing appearances"
      RenderBlock {DIV} at (0,507) size 784x45 [bgcolor=#EEEEEE]
        RenderBlock {UL} at (3,0) size 778x45
          RenderListItem {LI} at (43,0) size 732x21
            RenderMeter {METER} at (0,3) size 80x16
              RenderBlock {DIV} at (0,0) size 80x16
              RenderBlock {DIV} at (0,0) size 64x16
              RenderBlock {DIV} at (0,0) size 80x16
              RenderBlock {DIV} at (0,4) size 80x12
            RenderText {#text} at (80,0) size 404x21
              text run at (80,0) width 404: " has \"none\" appearance, should be styled with default style."
          RenderListItem {LI} at (43,24) size 732x21
            RenderMeter {METER} at (0,3) size 80x16
              RenderBlock {DIV} at (0,0) size 80x16
              RenderBlock {DIV} at (0,0) size 64x16
              RenderBlock {DIV} at (0,0) size 80x16
              RenderBlock {DIV} at (0,4) size 80x12
            RenderText {#text} at (80,0) size 302x21
              text run at (80,0) width 302: " has \"meter\" appearance, should be themed."
