layer at (0,0) size 800x600
  RenderView at (0,0) size 800x600
layer at (0,0) size 800x600
  RenderBlock {HTML} at (0,0) size 800x600
    RenderBody {BODY} at (8,8) size 784x584
      RenderText {#text} at (0,0) size 779x57
        text run at (0,0) width 779: "The documents in the src attributes of the iframes below only contain comments. This test is for a bug where we would only"
        text run at (0,19) width 776: "construct RenderViews for such iframes. We need to propery construct an empty frame instead, so the RenderView should"
        text run at (0,38) width 499: "have a RenderBlock and RenderBody below it in the dump of the RenderTree. "
      RenderBR {BR} at (499,52) size 0x0
      RenderPartObject {IFRAME} at (0,57) size 788x14 [border: (2px inset #000000)]
        layer at (0,0) size 784x10
          RenderView at (0,0) size 784x10
        layer at (0,0) size 784x10
          RenderBlock {HTML} at (0,0) size 784x10
            RenderBody {BODY} at (8,8) size 768x0
      RenderText {#text} at (0,0) size 0x0
      RenderBR {BR} at (0,0) size 0x0
      RenderBR {BR} at (0,71) size 0x19
      RenderPartObject {IFRAME} at (0,90) size 788x14 [border: (2px inset #000000)]
        layer at (0,0) size 768x126
          RenderView at (0,0) size 768x10
        layer at (0,0) size 768x126
          RenderBlock {html} at (0,0) size 768x126
            RenderBody {body} at (8,16) size 752x94
              RenderBlock (anonymous) at (0,0) size 752x0
                RenderInline {parsererror} at (0,0) size 0x0 [bgcolor=#FFDDDD] [border: (2px solid #CC7777)]
              RenderBlock (anonymous) at (0,0) size 752x94
                RenderBlock {h3} at (0,0) size 752x23
                  RenderText {#text} at (0,0) size 301x22
                    text run at (0,0) width 301: "This page contains the following errors:"
                RenderBlock {div} at (0,39) size 752x16
                  RenderText {#text} at (0,0) size 392x15
                    text run at (0,0) width 392: "error on line 1 at column 14: Premature end of document."
                RenderBlock {h3} at (0,71) size 752x23
                  RenderText {#text} at (0,0) size 393x22
                    text run at (0,0) width 393: "Below is a rendering of the page up to the first error."
              RenderBlock (anonymous) at (0,110) size 752x0
                RenderInline {parsererror} at (0,0) size 0x0 [bgcolor=#FFDDDD] [border: (2px solid #CC7777)]
      RenderText {#text} at (0,0) size 0x0
