layer at (0,0) size 800x600
  RenderView at (0,0) size 800x600
layer at (10,10) size 780x302
  RenderBlock {fake} at (10,10) size 780x302 [bgcolor=#FFFF00]
layer at (10,10) size 282x302 clip at (0,0) size 0x0 scrollWidth 280 scrollHeight 1256
  RenderBlock {channel} at (0,0) size 282x302 [bgcolor=#EEEEEE] [border: (1px solid #000000)]
    RenderBlock {title} at (11,11) size 270x23
      RenderText {#text} at (0,0) size 131x22
        text run at (0,0) width 131: "scottandrew.com"
    RenderBlock {description} at (11,44) size 270x15
      RenderText {#text} at (0,0) size 170x15
        text run at (0,0) width 170: "DHTML, DOM and JavaScript News"
    RenderBlock {item} at (1,69) size 280x90 [bgcolor=#FFFFFF] [border: (1px solid #CCCCCC) none (1px solid #CCCCCC) none]
      RenderInline {title} at (0,0) size 200x17
        RenderText {#text} at (10,11) size 200x17
          text run at (10,11) width 200: "DHTML Animation Array Generator"
      RenderText {#text} at (210,11) size 3x17
        text run at (210,11) width 3: " "
      RenderInline {description} at (0,0) size 240x68
        RenderText {#text} at (213,11) size 240x68
          text run at (213,11) width 37: "Robert"
          text run at (10,28) width 222: "points us to the first third-party tool for the"
          text run at (10,45) width 233: "DomAPI: The Animation Array Generator, a"
          text run at (10,62) width 128: "visual tool for creating..."
      RenderText {#text} at (0,0) size 0x0
      RenderText {#text} at (0,0) size 0x0
    RenderBlock {item} at (1,169) size 280x90 [bgcolor=#FFFFFF] [border: (1px solid #CCCCCC) none (1px solid #CCCCCC) none]
      RenderInline {title} at (0,0) size 153x17
        RenderText {#text} at (10,11) size 153x17
          text run at (10,11) width 153: "DOM and Extended Entries"
      RenderText {#text} at (163,11) size 3x17
        text run at (163,11) width 3: " "
      RenderInline {description} at (0,0) size 255x68
        RenderText {#text} at (166,11) size 255x68
          text run at (166,11) width 99: "Aarondot: A Better"
          text run at (10,28) width 241: "Way To Display Extended Entries. Very cool,"
          text run at (10,45) width 255: "and uses the DOM and JavaScript to reveal the"
          text run at (10,62) width 60: "extended..."
      RenderText {#text} at (0,0) size 0x0
      RenderText {#text} at (0,0) size 0x0
    RenderBlock {item} at (1,269) size 280x73 [bgcolor=#FFFFFF] [border: (1px solid #CCCCCC) none (1px solid #CCCCCC) none]
      RenderInline {title} at (0,0) size 141x17
        RenderText {#text} at (10,11) size 141x17
          text run at (10,11) width 141: "cellspacing and the DOM"
      RenderText {#text} at (151,11) size 3x17
        text run at (151,11) width 3: " "
      RenderInline {description} at (0,0) size 251x51
        RenderText {#text} at (154,11) size 251x51
          text run at (154,11) width 107: "By the way, if you're"
          text run at (10,28) width 243: "using the DOM to generate TABLE elements,"
          text run at (10,45) width 219: "you have to use setAttribute() to set the..."
      RenderText {#text} at (0,0) size 0x0
      RenderText {#text} at (0,0) size 0x0
    RenderBlock {item} at (1,352) size 280x90 [bgcolor=#FFFFFF] [border: (1px solid #CCCCCC) none (1px solid #CCCCCC) none]
      RenderInline {title} at (0,0) size 149x17
        RenderText {#text} at (10,11) size 149x17
          text run at (10,11) width 149: "contenteditable for Mozilla"
      RenderText {#text} at (159,11) size 3x17
        text run at (159,11) width 3: " "
      RenderInline {description} at (0,0) size 252x68
        RenderText {#text} at (162,11) size 252x68
          text run at (162,11) width 95: "The folks art Q42,"
          text run at (10,28) width 229: "creator of Quek (cute little avatar/chat) and"
          text run at (10,45) width 252: "Xopus (browser-based WYSIWYG XML-editor)"
          text run at (10,62) width 195: "have released code that simulates..."
      RenderText {#text} at (0,0) size 0x0
      RenderText {#text} at (0,0) size 0x0
    RenderBlock {item} at (1,452) size 280x90 [bgcolor=#FFFFFF] [border: (1px solid #CCCCCC) none (1px solid #CCCCCC) none]
      RenderInline {title} at (0,0) size 214x17
        RenderText {#text} at (10,11) size 214x17
          text run at (10,11) width 214: "DHTML Timeline/Keyframe Animation"
      RenderText {#text} at (224,11) size 3x17
        text run at (224,11) width 3: " "
      RenderInline {description} at (0,0) size 237x68
        RenderText {#text} at (227,11) size 237x68
          text run at (227,11) width 20: "Tim"
          text run at (10,28) width 183: "Morgan is working on a Flash-like"
          text run at (10,45) width 233: "timeline/keyframe extension for his DHTML"
          text run at (10,62) width 48: "toolset...."
      RenderText {#text} at (0,0) size 0x0
      RenderText {#text} at (0,0) size 0x0
    RenderBlock {item} at (1,552) size 280x90 [bgcolor=#FFFFFF] [border: (1px solid #CCCCCC) none (1px solid #CCCCCC) none]
      RenderInline {title} at (0,0) size 238x17
        RenderText {#text} at (10,11) size 238x17
          text run at (10,11) width 238: "DynAPI 2.9 and Mozilla compatibility ports"
      RenderText {#text} at (0,0) size 0x0
      RenderInline {description} at (0,0) size 251x51
        RenderText {#text} at (10,28) size 251x51
          text run at (10,28) width 247: "DynAPI 2.9 is the latest release of the popular"
          text run at (10,45) width 251: "cross-browser DHTML library, and is available"
          text run at (10,62) width 177: "at Dan Steinman's original site...."
      RenderText {#text} at (0,0) size 0x0
      RenderText {#text} at (0,0) size 0x0
    RenderBlock {item} at (1,652) size 280x73 [bgcolor=#FFFFFF] [border: (1px solid #CCCCCC) none (1px solid #CCCCCC) none]
      RenderInline {title} at (0,0) size 129x17
        RenderText {#text} at (10,11) size 129x17
          text run at (10,11) width 129: "!lineDraw bookmarklet"
      RenderText {#text} at (139,11) size 3x17
        text run at (139,11) width 3: " "
      RenderInline {description} at (0,0) size 250x51
        RenderText {#text} at (142,11) size 250x51
          text run at (142,11) width 92: "Milov's !lineDraw"
          text run at (10,28) width 250: "bookmarklet is in fact the Coolest Bookmarklet"
          text run at (10,45) width 37: "Ever...."
      RenderText {#text} at (0,0) size 0x0
      RenderText {#text} at (0,0) size 0x0
    RenderBlock {item} at (1,735) size 280x90 [bgcolor=#FFFFFF] [border: (1px solid #CCCCCC) none (1px solid #CCCCCC) none]
      RenderInline {title} at (0,0) size 172x17
        RenderText {#text} at (10,11) size 172x17
          text run at (10,11) width 172: "Mozilla, DHTML and DOM links"
      RenderText {#text} at (182,11) size 3x17
        text run at (182,11) width 3: " "
      RenderInline {description} at (0,0) size 249x68
        RenderText {#text} at (185,11) size 249x68
          text run at (185,11) width 66: "Why Mozilla"
          text run at (10,28) width 246: "Rules (Link via Dean) Steve Champeon: Why"
          text run at (10,45) width 249: "DHTML Will Win. Glish finds a not-quite-DOM-"
          text run at (10,62) width 226: "compliant replacement for innerHTML. It..."
      RenderText {#text} at (0,0) size 0x0
      RenderText {#text} at (0,0) size 0x0
    RenderBlock {item} at (1,835) size 280x56 [bgcolor=#FFFFFF] [border: (1px solid #CCCCCC) none (1px solid #CCCCCC) none]
      RenderInline {title} at (0,0) size 87x17
        RenderText {#text} at (10,11) size 87x17
          text run at (10,11) width 87: "Mozilla 1.0 RC2"
      RenderText {#text} at (97,11) size 3x17
        text run at (97,11) width 3: " "
      RenderInline {description} at (0,0) size 259x34
        RenderText {#text} at (100,11) size 259x34
          text run at (100,11) width 169: "I'm late for this train: Mozilla 1.0"
          text run at (10,28) width 219: "Release Candidate 2 is now available...."
      RenderText {#text} at (0,0) size 0x0
      RenderText {#text} at (0,0) size 0x0
    RenderBlock {item} at (1,901) size 280x90 [bgcolor=#FFFFFF] [border: (1px solid #CCCCCC) none (1px solid #CCCCCC) none]
      RenderInline {title} at (0,0) size 215x17
        RenderText {#text} at (10,11) size 215x17
          text run at (10,11) width 215: "javascript: is deprecated. Don't use it."
      RenderText {#text} at (225,11) size 3x17
        text run at (225,11) width 3: " "
      RenderInline {description} at (0,0) size 259x68
        RenderText {#text} at (228,11) size 259x68
          text run at (228,11) width 40: "Repeat"
          text run at (10,28) width 251: "after me: javascript: is deprecated. Don't use it."
          text run at (10,45) width 259: "javascript: is deprecated. Don't use it. javascript:"
          text run at (10,62) width 140: "is deprecated. Don't use..."
      RenderText {#text} at (0,0) size 0x0
      RenderText {#text} at (0,0) size 0x0
    RenderBlock {item} at (1,1001) size 280x73 [bgcolor=#FFFFFF] [border: (1px solid #CCCCCC) none (1px solid #CCCCCC) none]
      RenderInline {title} at (0,0) size 149x17
        RenderText {#text} at (10,11) size 149x17
          text run at (10,11) width 149: "Conditional Script Loading"
      RenderText {#text} at (159,11) size 3x17
        text run at (159,11) width 3: " "
      RenderInline {description} at (0,0) size 232x51
        RenderText {#text} at (162,11) size 232x51
          text run at (162,11) width 80: "Webreference:"
          text run at (10,28) width 228: "DOM-Based Conditional Script Loading in"
          text run at (10,45) width 66: "JavaScript..."
      RenderText {#text} at (0,0) size 0x0
      RenderText {#text} at (0,0) size 0x0
    RenderBlock {item} at (1,1084) size 280x73 [bgcolor=#FFFFFF] [border: (1px solid #CCCCCC) none (1px solid #CCCCCC) none]
      RenderInline {title} at (0,0) size 99x17
        RenderText {#text} at (10,11) size 99x17
          text run at (10,11) width 99: "Stories and Tools"
      RenderText {#text} at (109,11) size 3x17
        text run at (109,11) width 3: " "
      RenderInline {description} at (0,0) size 258x51
        RenderText {#text} at (112,11) size 258x51
          text run at (112,11) width 156: "Anil Dash talks about Stories"
          text run at (10,28) width 247: "and Tools, drawing comparisons between the"
          text run at (10,45) width 217: "Web as a text medium and the Web as..."
      RenderText {#text} at (0,0) size 0x0
      RenderText {#text} at (0,0) size 0x0
    RenderBlock {item} at (1,1167) size 280x90 [bgcolor=#FFFFFF] [border: (1px solid #CCCCCC) none (1px solid #CCCCCC) none]
      RenderInline {title} at (0,0) size 141x17
        RenderText {#text} at (10,11) size 141x17
          text run at (10,11) width 141: "Whole Lotto Gecko Links"
      RenderText {#text} at (151,11) size 3x17
        text run at (151,11) width 3: " "
      RenderInline {description} at (0,0) size 254x68
        RenderText {#text} at (154,11) size 254x68
          text run at (154,11) width 110: "AOL Gecko Browser"
          text run at (10,28) width 228: "Detection Tips Establishing Dreamweaver"
          text run at (10,45) width 248: "compatibility with Netscape 6 Stylesheets and"
          text run at (10,62) width 127: "MIME Types in Gecko..."
      RenderText {#text} at (0,0) size 0x0
      RenderText {#text} at (0,0) size 0x0
