layer at (0,0) size 800x733
  RenderView at (0,0) size 800x600
layer at (0,0) size 800x733
  RenderBlock {HTML} at (0,0) size 800x733
    RenderBody {BODY} at (8,8) size 784x717
      RenderBlock {H1} at (0,0) size 784x38
        RenderText {#text} at (0,0) size 410x38
          text run at (0,0) width 410: "Form Element Geometry Tests"
      RenderBlock {P} at (0,56) size 784x19
        RenderText {#text} at (0,0) size 544x19
          text run at (0,0) width 544: "These tests help us tune the widget classes in KWQ to have all the right fudge factors."
      RenderBlock {H2} at (0,92) size 784x29
        RenderText {#text} at (0,0) size 169x29
          text run at (0,0) width 169: "Bounding Boxes"
      RenderTable {TABLE} at (0,138) size 191x44
        RenderTableSection {TBODY} at (0,0) size 191x44
          RenderTableRow {TR} at (0,2) size 191x40
            RenderTableCell {TD} at (2,5) size 52x34 [r=0 c=0 rs=1 cs=1]
              RenderBlock {DIV} at (1,1) size 50x32 [border: (2px solid #0000FF)]
                RenderInline {FONT} at (0,0) size 46x28
                  RenderButton {INPUT} at (2,2) size 46x28 [bgcolor=#C0C0C0]
                    RenderBlock (anonymous) at (6,6) size 34x17
                      RenderText at (0,0) size 34x17
                        text run at (0,0) width 34: "button"
            RenderTableCell {TD} at (56,2) size 92x40 [r=0 c=1 rs=1 cs=1]
              RenderBlock {DIV} at (1,1) size 90x38 [border: (2px solid #0000FF)]
                RenderInline {FONT} at (0,0) size 86x28
                  RenderMenuList {SELECT} at (2,2) size 86x34 [bgcolor=#FFFFFF]
                    RenderBlock (anonymous) at (8,4) size 54x28
                      RenderText at (0,0) size 54x28
                        text run at (0,0) width 54: "menu"
              RenderBlock (anonymous) at (1,39) size 90x0
                RenderInline {FONT} at (0,0) size 0x0
            RenderTableCell {TD} at (150,13) size 18x18 [r=0 c=2 rs=1 cs=1]
              RenderBlock {DIV} at (1,1) size 16x16 [border: (2px solid #0000FF)]
                RenderInline {FONT} at (0,0) size 12x12
                  RenderBlock {INPUT} at (2,2) size 12x12
              RenderBlock (anonymous) at (1,17) size 16x0
                RenderInline {FONT} at (0,0) size 0x0
            RenderTableCell {TD} at (170,12) size 19x19 [r=0 c=3 rs=1 cs=1]
              RenderBlock {DIV} at (1,1) size 17x17 [border: (2px solid #0000FF)]
                RenderInline {FONT} at (0,0) size 13x13
                  RenderBlock {INPUT} at (2,2) size 13x13
              RenderBlock (anonymous) at (1,18) size 17x0
                RenderInline {FONT} at (0,0) size 0x0
      RenderTable {TABLE} at (0,182) size 179x38
        RenderTableSection {TBODY} at (0,0) size 179x38
          RenderTableRow {TR} at (0,2) size 179x34
            RenderTableCell {TD} at (2,2) size 52x34 [r=0 c=0 rs=1 cs=1]
              RenderBlock {DIV} at (1,1) size 50x32 [border: (2px solid #0000FF)]
                RenderButton {INPUT} at (2,2) size 46x28 [bgcolor=#C0C0C0]
                  RenderBlock (anonymous) at (6,6) size 34x17
                    RenderText at (0,0) size 34x17
                      text run at (0,0) width 34: "button"
            RenderTableCell {TD} at (56,3) size 80x31 [r=0 c=1 rs=1 cs=1]
              RenderBlock {DIV} at (1,1) size 78x29 [border: (2px solid #0000FF)]
                RenderMenuList {SELECT} at (2,2) size 74x25 [bgcolor=#FFFFFF]
                  RenderBlock (anonymous) at (8,4) size 42x19
                    RenderText at (0,0) size 36x19
                      text run at (0,0) width 36: "menu"
            RenderTableCell {TD} at (138,10) size 18x18 [r=0 c=2 rs=1 cs=1]
              RenderBlock {DIV} at (1,1) size 16x16 [border: (2px solid #0000FF)]
                RenderBlock {INPUT} at (2,2) size 12x12
            RenderTableCell {TD} at (158,9) size 19x19 [r=0 c=3 rs=1 cs=1]
              RenderBlock {DIV} at (1,1) size 17x17 [border: (2px solid #0000FF)]
                RenderBlock {INPUT} at (2,2) size 13x13
      RenderTable {TABLE} at (0,220) size 179x38
        RenderTableSection {TBODY} at (0,0) size 179x38
          RenderTableRow {TR} at (0,2) size 179x34
            RenderTableCell {TD} at (2,2) size 52x34 [r=0 c=0 rs=1 cs=1]
              RenderBlock {DIV} at (1,1) size 50x32 [border: (2px solid #0000FF)]
                RenderInline {FONT} at (0,0) size 46x13
                  RenderButton {INPUT} at (2,2) size 46x28 [bgcolor=#C0C0C0]
                    RenderBlock (anonymous) at (6,6) size 34x17
                      RenderText at (0,0) size 34x17
                        text run at (0,0) width 34: "button"
            RenderTableCell {TD} at (56,6) size 80x26 [r=0 c=1 rs=1 cs=1]
              RenderBlock {DIV} at (1,1) size 78x24 [border: (2px solid #0000FF)]
                RenderInline {FONT} at (0,0) size 74x13
                  RenderMenuList {SELECT} at (2,2) size 74x20 [bgcolor=#FFFFFF]
                    RenderBlock (anonymous) at (8,4) size 42x13
                      RenderText at (0,0) size 23x13
                        text run at (0,0) width 23: "menu"
            RenderTableCell {TD} at (138,10) size 18x18 [r=0 c=2 rs=1 cs=1]
              RenderBlock {DIV} at (1,1) size 16x16 [border: (2px solid #0000FF)]
                RenderInline {FONT} at (0,0) size 12x11
                  RenderBlock {INPUT} at (2,2) size 12x12
            RenderTableCell {TD} at (158,9) size 19x19 [r=0 c=3 rs=1 cs=1]
              RenderBlock {DIV} at (1,1) size 17x17 [border: (2px solid #0000FF)]
                RenderInline {FONT} at (0,0) size 13x11
                  RenderBlock {INPUT} at (2,2) size 13x13
      RenderTable {TABLE} at (0,258) size 621x91
        RenderTableSection {TBODY} at (0,0) size 621x91
          RenderTableRow {TR} at (0,2) size 621x87
            RenderTableCell {TD} at (2,2) size 94x31 [r=0 c=0 rs=1 cs=1]
              RenderBlock {DIV} at (1,1) size 92x29 [border: (2px solid #0000FF)]
                RenderTextControl {INPUT} at (2,2) size 88x25 [border: (2px inset #000000)]
            RenderTableCell {TD} at (98,2) size 45x87 [r=0 c=1 rs=1 cs=1]
              RenderBlock {DIV} at (1,1) size 43x85 [border: (2px solid #0000FF)]
                RenderListBox {SELECT} at (2,2) size 39x81 [bgcolor=#FFFFFF] [border: (1px inset #808080)]
            RenderTableCell {TD} at (145,2) size 278x34 [r=0 c=2 rs=1 cs=1]
              RenderBlock {DIV} at (1,1) size 276x32 [border: (2px solid #0000FF)]
                RenderFileUploadControl {INPUT} at (2,2) size 272x28
                  RenderButton {INPUT} at (0,0) size 78x28 [bgcolor=#C0C0C0]
                    RenderBlock (anonymous) at (6,6) size 66x17
                      RenderText at (0,0) size 66x17
                        text run at (0,0) width 66: "Choose File"
            RenderTableCell {TD} at (425,2) size 194x50 [r=0 c=3 rs=1 cs=1]
              RenderBlock {DIV} at (1,1) size 192x48 [border: (2px solid #0000FF)]
                RenderTextControl {TEXTAREA} at (4,4) size 184x40 [border: (1px solid #000000)]
      RenderBlock {H2} at (0,366) size 784x29
        RenderText {#text} at (0,0) size 198x29
          text run at (0,0) width 198: "Baseline Alignment"
      RenderBlock {DIV} at (0,412) size 784x39
        RenderInline {FONT} at (0,0) size 244x28
          RenderText {#text} at (0,6) size 41x28
            text run at (0,6) width 41: "text "
          RenderButton {INPUT} at (43,9) size 46x28 [bgcolor=#C0C0C0]
            RenderBlock (anonymous) at (6,6) size 34x17
              RenderText at (0,0) size 34x17
                text run at (0,0) width 34: "button"
          RenderText {#text} at (91,6) size 6x28
            text run at (91,6) width 6: " "
          RenderMenuList {SELECT} at (99,2) size 86x34 [bgcolor=#FFFFFF]
            RenderBlock (anonymous) at (8,4) size 54x28
              RenderText at (0,0) size 54x28
                text run at (0,0) width 54: "menu"
          RenderText {#text} at (187,6) size 6x28
            text run at (187,6) width 6: " "
          RenderBlock {INPUT} at (198,17) size 12x12
          RenderText {#text} at (215,6) size 6x28
            text run at (215,6) width 6: " "
          RenderBlock {INPUT} at (226,16) size 13x13
          RenderText {#text} at (0,0) size 0x0
      RenderBlock {DIV} at (0,451) size 784x32
        RenderText {#text} at (0,6) size 27x19
          text run at (0,6) width 27: "text "
        RenderButton {INPUT} at (29,2) size 46x28 [bgcolor=#C0C0C0]
          RenderBlock (anonymous) at (6,6) size 34x17
            RenderText at (0,0) size 34x17
              text run at (0,0) width 34: "button"
        RenderText {#text} at (77,6) size 4x19
          text run at (77,6) width 4: " "
        RenderMenuList {SELECT} at (83,2) size 74x25 [bgcolor=#FFFFFF]
          RenderBlock (anonymous) at (8,4) size 42x19
            RenderText at (0,0) size 36x19
              text run at (0,0) width 36: "menu"
        RenderText {#text} at (159,6) size 4x19
          text run at (159,6) width 4: " "
        RenderBlock {INPUT} at (166,10) size 12x12
        RenderText {#text} at (181,6) size 4x19
          text run at (181,6) width 4: " "
        RenderBlock {INPUT} at (188,9) size 13x13
        RenderText {#text} at (0,0) size 0x0
      RenderBlock {DIV} at (0,483) size 784x28
        RenderInline {FONT} at (0,0) size 181x13
          RenderText {#text} at (0,9) size 19x13
            text run at (0,9) width 19: "text "
          RenderButton {INPUT} at (19,0) size 46x28 [bgcolor=#C0C0C0]
            RenderBlock (anonymous) at (6,6) size 34x17
              RenderText at (0,0) size 34x17
                text run at (0,0) width 34: "button"
          RenderText {#text} at (65,9) size 3x13
            text run at (65,9) width 3: " "
          RenderMenuList {SELECT} at (68,5) size 74x20 [bgcolor=#FFFFFF]
            RenderBlock (anonymous) at (8,4) size 42x13
              RenderText at (0,0) size 23x13
                text run at (0,0) width 23: "menu"
          RenderText {#text} at (142,9) size 3x13
            text run at (142,9) width 3: " "
          RenderBlock {INPUT} at (147,8) size 12x12
          RenderText {#text} at (161,9) size 3x13
            text run at (161,9) width 3: " "
          RenderBlock {INPUT} at (166,7) size 13x13
          RenderText {#text} at (0,0) size 0x0
      RenderBlock {DIV} at (0,511) size 784x56
        RenderText {#text} at (0,30) size 27x19
          text run at (0,30) width 27: "text "
        RenderTextControl {INPUT} at (29,27) size 88x25 [border: (2px inset #000000)]
        RenderText {#text} at (119,30) size 4x19
          text run at (119,30) width 4: " "
        RenderFileUploadControl {INPUT} at (125,26) size 272x28
          RenderButton {INPUT} at (0,0) size 78x28 [bgcolor=#C0C0C0]
            RenderBlock (anonymous) at (6,6) size 66x17
              RenderText at (0,0) size 66x17
                text run at (0,0) width 66: "Choose File"
        RenderText {#text} at (399,30) size 4x19
          text run at (399,30) width 4: " "
        RenderTextControl {TEXTAREA} at (405,2) size 184x40 [border: (1px solid #000000)]
        RenderText {#text} at (0,0) size 0x0
      RenderBlock {H2} at (0,584) size 784x29
        RenderText {#text} at (0,0) size 196x29
          text run at (0,0) width 196: "Pop-up Menu Sizes"
      RenderBlock {DIV} at (0,630) size 784x38
        RenderInline {FONT} at (0,0) size 292x28
          RenderText {#text} at (0,0) size 0x0
          RenderMenuList {SELECT} at (2,2) size 74x34 [bgcolor=#FFFFFF]
            RenderBlock (anonymous) at (8,4) size 42x28
              RenderBR at (0,0) size 0x28 [bgcolor=#FFFFFF]
          RenderText {#text} at (78,6) size 6x28
            text run at (78,6) width 6: " "
          RenderMenuList {SELECT} at (86,2) size 74x34 [bgcolor=#FFFFFF]
            RenderBlock (anonymous) at (8,4) size 42x28
              RenderText at (0,0) size 5x28
                text run at (0,0) width 5: "|"
          RenderText {#text} at (162,6) size 6x28
            text run at (162,6) width 6: " "
          RenderMenuList {SELECT} at (170,2) size 120x34 [bgcolor=#FFFFFF]
            RenderBlock (anonymous) at (8,4) size 88x28
              RenderText at (0,0) size 88x28
                text run at (0,0) width 88: "xxxxxxxx"
          RenderText {#text} at (0,0) size 0x0
      RenderBlock {DIV} at (0,668) size 784x29
        RenderMenuList {SELECT} at (2,2) size 74x25 [bgcolor=#FFFFFF]
          RenderBlock (anonymous) at (8,4) size 42x19
            RenderBR at (0,0) size 0x19 [bgcolor=#FFFFFF]
        RenderText {#text} at (78,6) size 4x19
          text run at (78,6) width 4: " "
        RenderMenuList {SELECT} at (84,2) size 74x25 [bgcolor=#FFFFFF]
          RenderBlock (anonymous) at (8,4) size 42x19
            RenderText at (0,0) size 4x19
              text run at (0,0) width 4: "|"
        RenderText {#text} at (160,6) size 4x19
          text run at (160,6) width 4: " "
        RenderMenuList {SELECT} at (166,2) size 88x25 [bgcolor=#FFFFFF]
          RenderBlock (anonymous) at (8,4) size 56x19
            RenderText at (0,0) size 56x19
              text run at (0,0) width 56: "xxxxxxxx"
        RenderText {#text} at (0,0) size 0x0
      RenderBlock {DIV} at (0,697) size 784x20
        RenderInline {FONT} at (0,0) size 228x13
          RenderText {#text} at (0,0) size 0x0
          RenderMenuList {SELECT} at (0,0) size 74x20 [bgcolor=#FFFFFF]
            RenderBlock (anonymous) at (8,4) size 42x13
              RenderBR at (0,0) size 0x13 [bgcolor=#FFFFFF]
          RenderText {#text} at (74,4) size 3x13
            text run at (74,4) width 3: " "
          RenderMenuList {SELECT} at (77,0) size 74x20 [bgcolor=#FFFFFF]
            RenderBlock (anonymous) at (8,4) size 42x13
              RenderText at (0,0) size 2x13
                text run at (0,0) width 2: "|"
          RenderText {#text} at (151,4) size 3x13
            text run at (151,4) width 3: " "
          RenderMenuList {SELECT} at (154,0) size 74x20 [bgcolor=#FFFFFF]
            RenderBlock (anonymous) at (8,4) size 42x13
              RenderText at (0,0) size 40x13
                text run at (0,0) width 40: "xxxxxxxx"
          RenderText {#text} at (0,0) size 0x0
layer at (16,274) size 82x19
  RenderBlock {DIV} at (3,3) size 82x19
    RenderText {#text} at (1,0) size 53x19
      text run at (1,0) width 53: "text field"
layer at (439,274) size 182x38
  RenderBlock {DIV} at (1,1) size 182x38
    RenderText {#text} at (3,0) size 52x19
      text run at (3,0) width 52: "textarea"
layer at (40,549) size 82x19
  RenderBlock {DIV} at (3,3) size 82x19
    RenderText {#text} at (1,0) size 53x19
      text run at (1,0) width 53: "text field"
layer at (414,522) size 182x38
  RenderBlock {DIV} at (1,1) size 182x38
    RenderText {#text} at (3,0) size 52x19
      text run at (3,0) width 52: "textarea"
