layer at (0,0) size 800x600
  RenderView at (0,0) size 800x600
layer at (0,0) size 800x600
  RenderBlock {HTML} at (0,0) size 800x600
    RenderBody {BODY} at (8,8) size 784x584
      RenderBlock (anonymous) at (0,0) size 784x19
        RenderText {#text} at (0,0) size 327x19
          text run at (0,0) width 327: "This tests that text fields have the correct minWidth."
      RenderTable {TABLE} at (0,19) size 784x33
        RenderTableSection {TBODY} at (0,0) size 784x33
          RenderTableRow {TR} at (0,1) size 784x31
            RenderTableCell {TD} at (1,1) size 170x31 [r=0 c=0 rs=1 cs=1]
              RenderTextControl {INPUT} at (1,3) size 168x25 [bgcolor=#FFFFFF] [border: (2px inset #000000)]
            RenderTableCell {TD} at (172,1) size 10x31 [r=0 c=1 rs=1 cs=1]
              RenderTextControl {INPUT} at (1,3) size 8x25 [bgcolor=#FFFFFF] [border: (2px inset #000000)]
            RenderTableCell {TD} at (183,1) size 10x31 [r=0 c=2 rs=1 cs=1]
              RenderTextControl {INPUT} at (1,3) size 8x25 [bgcolor=#FFFFFF] [border: (2px inset #000000)]
            RenderTableCell {TD} at (194,6) size 589x21 [r=0 c=3 rs=1 cs=1]
              RenderText {#text} at (1,1) size 4x19
                text run at (1,1) width 4: " "
      RenderTable {TABLE} at (0,52) size 784x33
        RenderTableSection {TBODY} at (0,0) size 784x33
          RenderTableRow {TR} at (0,1) size 784x31
            RenderTableCell {TD} at (1,1) size 410x31 [r=0 c=0 rs=1 cs=1]
              RenderTextControl {INPUT} at (1,3) size 408x25 [bgcolor=#FFFFFF] [border: (2px inset #000000)]
            RenderTableCell {TD} at (412,1) size 10x31 [r=0 c=1 rs=1 cs=1]
              RenderTextControl {INPUT} at (1,3) size 8x25 [bgcolor=#FFFFFF] [border: (2px inset #000000)]
            RenderTableCell {TD} at (423,1) size 10x31 [r=0 c=2 rs=1 cs=1]
              RenderTextControl {INPUT} at (1,3) size 8x25 [bgcolor=#FFFFFF] [border: (2px inset #000000)]
            RenderTableCell {TD} at (434,6) size 349x21 [r=0 c=3 rs=1 cs=1]
              RenderText {#text} at (1,1) size 4x19
                text run at (1,1) width 4: " "
      RenderBlock (anonymous) at (0,85) size 784x38
        RenderBR {BR} at (0,0) size 0x19
        RenderBR {BR} at (0,19) size 0x19
layer at (13,34) size 162x19
  RenderBlock {DIV} at (3,3) size 162x19
    RenderText {#text} at (1,0) size 58x19
      text run at (1,0) width 58: "New Mail"
layer at (184,34) size 2x19 scrollWidth 38
  RenderBlock {DIV} at (3,3) size 2x19
    RenderText {#text} at (1,0) size 36x19
      text run at (1,0) width 36: "Reply"
layer at (195,34) size 2x19 scrollWidth 57
  RenderBlock {DIV} at (3,3) size 2x19
    RenderText {#text} at (1,0) size 55x19
      text run at (1,0) width 55: "Reply All"
layer at (13,67) size 402x19
  RenderBlock {DIV} at (3,3) size 402x19
    RenderText {#text} at (1,0) size 58x19
      text run at (1,0) width 58: "New Mail"
layer at (424,67) size 2x19 scrollWidth 38
  RenderBlock {DIV} at (3,3) size 2x19
    RenderText {#text} at (1,0) size 36x19
      text run at (1,0) width 36: "Reply"
layer at (435,67) size 2x19 scrollWidth 57
  RenderBlock {DIV} at (3,3) size 2x19
    RenderText {#text} at (1,0) size 55x19
      text run at (1,0) width 55: "Reply All"
