layer at (0,0) size 800x600
  RenderView at (0,0) size 800x600
layer at (0,0) size 800x600
  RenderBlock {HTML} at (0,0) size 800x600
    RenderBody {BODY} at (8,8) size 784x584
      RenderBlock {P} at (0,0) size 784x19
        RenderText {#text} at (0,0) size 550x19
          text run at (0,0) width 550: "The string pasted into the text field should be truncated at the maxlength, 5 characters."
      RenderBlock (anonymous) at (0,33) size 784x29
        RenderTextControl {INPUT} at (2,2) size 168x25 [bgcolor=#FFFFFF] [border: (2px inset #000000)]
        RenderText {#text} at (0,0) size 0x0
layer at (13,46) size 162x19
  RenderBlock {DIV} at (3,3) size 162x19
    RenderText {#text} at (1,0) size 40x19
      text run at (1,0) width 40: "12345"
caret: position 5 of child 0 {#text} of child 0 {DIV} of child 2 {INPUT} of body
