layer at (0,0) size 800x734
  RenderView at (0,0) size 800x600
layer at (0,0) size 800x734
  RenderBlock {HTML} at (0,0) size 800x734
    RenderBody {BODY} at (8,8) size 784x718
      RenderBlock (anonymous) at (0,0) size 784x19
        RenderText {#text} at (0,0) size 240x19
          text run at (0,0) width 240: "This tests minMaxWidth for text fields."
      RenderBlock {P} at (0,33) size 784x19
        RenderText {#text} at (0,0) size 74x19
          text run at (0,0) width 74: "Test case 1"
      RenderTable {TABLE} at (0,66) size 118x47 [border: (3px solid #0000FF)]
        RenderTableSection {TBODY} at (3,3) size 112x41
          RenderTableRow {TR} at (0,2) size 112x37
            RenderTableCell {TD} at (2,2) size 108x37 [border: (3px solid #FF0000)] [r=0 c=0 rs=1 cs=1]
              RenderTextControl {INPUT} at (4,6) size 100x25 [border: (2px inset #000000)]
      RenderBlock {P} at (0,127) size 784x19
        RenderText {#text} at (0,0) size 74x19
          text run at (0,0) width 74: "Test case 2"
      RenderTable {TABLE} at (0,160) size 168x86 [border: (3px solid #0000FF)]
        RenderTableSection {TBODY} at (3,3) size 162x80
          RenderTableRow {TR} at (0,2) size 162x37
            RenderTableCell {TD} at (2,10) size 48x21 [r=0 c=0 rs=1 cs=1]
              RenderText {#text} at (1,1) size 23x19
                text run at (1,1) width 23: "first"
            RenderTableCell {TD} at (52,2) size 108x37 [border: (3px solid #FF0000)] [r=0 c=1 rs=1 cs=1]
              RenderTextControl {INPUT} at (4,6) size 100x25 [border: (2px inset #000000)]
          RenderTableRow {TR} at (0,41) size 162x37
            RenderTableCell {TD} at (2,49) size 48x21 [r=1 c=0 rs=1 cs=1]
              RenderText {#text} at (1,1) size 46x19
                text run at (1,1) width 46: "second"
            RenderTableCell {TD} at (52,41) size 108x37 [border: (3px solid #FF0000)] [r=1 c=1 rs=1 cs=1]
              RenderTextControl {INPUT} at (4,6) size 100x25 [border: (2px inset #000000)]
      RenderBlock {P} at (0,260) size 784x19
        RenderText {#text} at (0,0) size 74x19
          text run at (0,0) width 74: "Test case 3"
      RenderTable {TABLE} at (0,293) size 51x85 [border: (3px solid #0000FF)]
        RenderTableSection {TBODY} at (3,3) size 45x79
          RenderTableRow {TR} at (0,2) size 45x75
            RenderTableCell {TD} at (2,2) size 41x75 [border: (3px solid #FF0000)] [r=0 c=0 rs=1 cs=1]
              RenderText {#text} at (4,4) size 33x38
                text run at (4,4) width 33: "width"
                text run at (4,23) width 31: "30px"
              RenderTextControl {INPUT} at (4,44) size 30x25 [border: (2px inset #000000)]
      RenderBlock {P} at (0,392) size 784x19
        RenderText {#text} at (0,0) size 74x19
          text run at (0,0) width 74: "Test case 4"
      RenderTable {TABLE} at (0,425) size 218x76 [border: (3px solid #0000FF)]
        RenderTableSection {TBODY} at (3,3) size 212x70
          RenderTableRow {TR} at (0,2) size 212x37
            RenderTableCell {TD} at (2,2) size 208x37 [border: (3px solid #FF0000)] [r=0 c=0 rs=1 cs=1]
              RenderTextControl {INPUT} at (4,6) size 200x25 [border: (2px inset #000000)]
          RenderTableRow {TR} at (0,41) size 212x27
            RenderTableCell {TD} at (2,41) size 208x27 [border: (3px solid #FF0000)] [r=1 c=0 rs=1 cs=1]
              RenderBlock {DIV} at (4,4) size 200x19
                RenderText {#text} at (0,0) size 39x19
                  text run at (0,0) width 39: "200px"
      RenderBlock {P} at (0,515) size 784x19
        RenderText {#text} at (0,0) size 74x19
          text run at (0,0) width 74: "Test case 5"
      RenderTable {TABLE} at (0,548) size 92x47 [border: (3px solid #0000FF)]
        RenderTableSection {TBODY} at (3,3) size 86x41
          RenderTableRow {TR} at (0,2) size 86x37
            RenderTableCell {TD} at (2,2) size 82x37 [border: (3px solid #FF0000)] [r=0 c=0 rs=1 cs=1]
              RenderTextControl {INPUT} at (6,6) size 70x25 [border: (2px inset #000000)]
      RenderBlock {P} at (0,609) size 784x19
        RenderText {#text} at (0,0) size 74x19
          text run at (0,0) width 74: "Test case 6"
      RenderTable {TABLE} at (0,642) size 190x76 [border: (3px solid #0000FF)]
        RenderTableSection {TBODY} at (3,3) size 184x70
          RenderTableRow {TR} at (0,2) size 184x37
            RenderTableCell {TD} at (2,2) size 180x37 [border: (3px solid #FF0000)] [r=0 c=0 rs=1 cs=1]
              RenderTextControl {INPUT} at (6,6) size 168x25 [border: (2px inset #000000)]
          RenderTableRow {TR} at (0,41) size 184x27
            RenderTableCell {TD} at (2,41) size 180x27 [border: (3px solid #FF0000)] [r=1 c=0 rs=1 cs=1]
              RenderBlock {DIV} at (4,4) size 70x19
                RenderText {#text} at (0,0) size 31x19
                  text run at (0,0) width 31: "70px"
layer at (20,88) size 94x19
  RenderBlock {DIV} at (3,3) size 94x19
layer at (70,182) size 94x19
  RenderBlock {DIV} at (3,3) size 94x19
layer at (70,221) size 94x19
  RenderBlock {DIV} at (3,3) size 94x19
layer at (20,353) size 24x19
  RenderBlock {DIV} at (3,3) size 24x19
layer at (20,447) size 194x19
  RenderBlock {DIV} at (3,3) size 194x19
    RenderText {#text} at (1,0) size 73x19
      text run at (1,0) width 73: "width 100%"
layer at (22,570) size 64x19
  RenderBlock {DIV} at (3,3) size 64x19
    RenderText {#text} at (1,0) size 62x19
      text run at (1,0) width 62: "max 70px"
layer at (22,664) size 162x19
  RenderBlock {DIV} at (3,3) size 162x19
    RenderText {#text} at (1,0) size 104x19
      text run at (1,0) width 104: "min-width 100px"
