layer at (0,0) size 800x600
  RenderView at (0,0) size 800x600
layer at (0,0) size 800x600
  RenderBlock {HTML} at (0,0) size 800x600
    RenderBody {BODY} at (8,8) size 784x584
      RenderText {#text} at (0,0) size 418x19
        text run at (0,0) width 418: "This tests that we don't honor line-height for styled popup buttons."
      RenderBR {BR} at (418,14) size 0x0
      RenderMenuList {SELECT} at (2,21) size 231x12 [bgcolor=#ADD8E6] [border: (1px solid #000000)]
        RenderBlock (anonymous) at (9,3) size 197x8
          RenderText at (0,-6) size 197x19
            text run at (0,-6) width 197: "This text should not be clipped."
