layer at (0,0) size 800x600
  RenderView at (0,0) size 800x600
layer at (0,0) size 800x600
  RenderBlock {HTML} at (0,0) size 800x600
    RenderBody {BODY} at (8,8) size 784x584
      RenderText {#text} at (0,0) size 375x19
        text run at (0,0) width 375: "This tests that aqua-style search fields do not honor height."
      RenderBR {BR} at (375,14) size 0x0
      RenderTextControl {INPUT} at (0,45) size 68x6 [bgcolor=#FFFFFF] [border: (2px inset #000000)]
        RenderBlock {DIV} at (3,3) size 62x0
          RenderBlock {DIV} at (0,0) size 0x0
          RenderBlock {DIV} at (62,0) size 0x0
      RenderText {#text} at (68,34) size 4x19
        text run at (68,34) width 4: " "
      RenderTextControl {INPUT} at (74,30) size 168x40 [bgcolor=#FFFFFF] [border: (2px inset #000000)]
        RenderBlock {DIV} at (3,3) size 162x34
          RenderBlock {DIV} at (0,15) size 0x0
          RenderBlock {DIV} at (162,15) size 0x0
      RenderText {#text} at (244,34) size 4x19
        text run at (244,34) width 4: " "
      RenderTextControl {INPUT} at (250,19) size 308x200 [bgcolor=#FFFFFF] [border: (2px inset #000000)]
        RenderBlock {DIV} at (3,3) size 302x194
          RenderBlock {DIV} at (0,26) size 0x0
          RenderBlock {DIV} at (302,26) size 0x0
      RenderText {#text} at (0,0) size 0x0
      RenderText {#text} at (0,0) size 0x0
      RenderText {#text} at (0,0) size 0x0
layer at (85,41) size 162x34
  RenderBlock {DIV} at (0,0) size 162x34
    RenderText {#text} at (1,0) size 35x21
      text run at (1,0) width 35: "small"
layer at (261,30) size 302x194
  RenderBlock {DIV} at (0,0) size 302x194
    RenderText {#text} at (1,0) size 84x35
      text run at (1,0) width 84: "regular"
