layer at (0,0) size 800x600
  RenderView at (0,0) size 800x600
layer at (0,0) size 800x600
  RenderBlock {HTML} at (0,0) size 800x600
    RenderBody {BODY} at (8,8) size 784x584
      RenderBlock {P} at (0,0) size 784x19
        RenderText {#text} at (0,0) size 626x19
          text run at (0,0) width 626 LTR override: "This tests that native pop-ups are rendered in logical order even in visually-ordered Hebrew pages."
      RenderBlock {HR} at (0,33) size 784x2 [border: (1px inset #000000)]
      RenderBlock {P} at (0,49) size 784x19
        RenderText {#text} at (0,0) size 414x19
          text run at (0,0) width 344 LTR override: "Text on the pop-up and in the list should look like this: "
          text run at (344,0) width 70 LTR override: "\x{5E8}\x{5D5}\x{5EA}\x{5E4}\x{5DB}"
      RenderBlock (anonymous) at (0,82) size 784x29
        RenderMenuList {SELECT} at (2,2) size 102x25 [bgcolor=#FFFFFF]
          RenderBlock (anonymous) at (8,4) size 70x19
            RenderText at (0,0) size 70x19
              text run at (0,0) width 70 RTL: "\x{5DB}\x{5E4}\x{5EA}\x{5D5}\x{5E8}"
        RenderText {#text} at (0,0) size 0x0
        RenderText {#text} at (0,0) size 0x0
        RenderText {#text} at (0,0) size 0x0
