layer at (0,0) size 800x600
  RenderView at (0,0) size 800x600
layer at (0,0) size 800x600
  RenderBlock {HTML} at (0,0) size 800x600
    RenderBody {BODY} at (8,8) size 784x584
      RenderBlock {P} at (0,0) size 784x40
        RenderText {#text} at (0,0) size 219x19
          text run at (0,0) width 219 LTR override: "This tests for a regression against "
        RenderInline {I} at (0,0) size 762x39
          RenderInline {A} at (0,0) size 337x19 [color=#0000EE]
            RenderText {#text} at (219,0) size 337x19
              text run at (219,0) width 337 LTR override: "http://bugzilla.opendarwin.org/show_bug.cgi?id=8076"
          RenderText {#text} at (556,0) size 762x39
            text run at (556,0) width 206 LTR override: " REGRESSION: native text fields"
            text run at (0,20) width 247 LTR override: "are reversed on \"visual Hebrew\" pages"
        RenderText {#text} at (247,20) size 4x19
          text run at (247,20) width 4 LTR override: "."
      RenderBlock {HR} at (0,54) size 784x2 [border: (1px inset #000000)]
      RenderBlock {P} at (0,70) size 784x19
        RenderText {#text} at (0,0) size 302x19
          text run at (0,0) width 232 LTR override: "Text in the field should look like this: "
          text run at (232,0) width 70 LTR override: "\x{5E8}\x{5D5}\x{5EA}\x{5E4}\x{5DB}"
      RenderBlock (anonymous) at (0,103) size 784x29
        RenderTextControl {INPUT} at (2,2) size 168x25 [border: (2px inset #000000)]
        RenderText {#text} at (0,0) size 0x0
        RenderText {#text} at (0,0) size 0x0
        RenderText {#text} at (0,0) size 0x0
layer at (13,116) size 162x19
  RenderBlock {DIV} at (3,3) size 162x19
    RenderText {#text} at (1,0) size 70x19
      text run at (1,0) width 70 RTL: "\x{5DB}\x{5E4}\x{5EA}\x{5D5}\x{5E8}"
