EDITING DELEGATE: shouldBeginEditingInDOMRange:range from 0 of DIV > BODY > HTML > #document to 1 of DIV > BODY > HTML > #document
EDITING DELEGATE: webViewDidBeginEditing:WebViewDidBeginEditingNotification
EDITING DELEGATE: shouldChangeSelectedDOMRange:(null) toDOMRange:range from 7 of #text > DIV > BODY > HTML > #document to 7 of #text > DIV > BODY > HTML > #document affinity:NSSelectionAffinityDownstream stillSelecting:FALSE
EDITING DELEGATE: webViewDidChangeSelection:WebViewDidChangeSelectionNotification
layer at (0,0) size 800x600
  RenderView at (0,0) size 800x600
layer at (0,0) size 800x600
  RenderBlock {HTML} at (0,0) size 800x600
    RenderBody {BODY} at (8,8) size 784x578
      RenderBlock (anonymous) at (0,0) size 784x19
        RenderText {#text} at (0,0) size 591x19
          text run at (0,0) width 591: "This tests that clicking in a contenteditable div will set the caret in the right position for rtl text. "
        RenderBR {BR} at (591,14) size 0x0
      RenderBlock {P} at (0,33) size 784x19
        RenderText {#text} at (0,0) size 646x19
          text run at (0,0) width 193: "Click in the middle of the field. "
          text run at (193,0) width 453: "The caret should be on the edge of the text closer to where you clicked."
layer at (10,70) size 152x21
  RenderBlock (positioned) {DIV} at (10,70) size 152x21 [border: (1px solid #000000)]
    RenderText {#text} at (63,1) size 88x19
      text run at (63,1) width 88 RTL: "\x{5E9}\x{5D3}\x{5D4} \x{5D1}\x{5D5}\x{5E8}"
caret: position 7 of child 0 {#text} of child 5 {DIV} of body
