layer at (0,0) size 800x600
  RenderView at (0,0) size 800x600
layer at (0,0) size 800x600
  RenderBlock {HTML} at (0,0) size 800x600
    RenderBody {BODY} at (8,8) size 784x578
      RenderBlock {P} at (0,0) size 784x19
        RenderText {#text} at (0,0) size 312x19
          text run at (0,0) width 312: "The black outline box should stretch from the left "
        RenderInline {SPAN} at (0,0) size 27x19 [color=#0000FF]
          RenderText {#text} at (312,0) size 27x19
            text run at (312,0) width 27: "blue"
        RenderText {#text} at (339,0) size 223x19
          text run at (339,0) width 223: " border on the first line, to the right "
        RenderInline {SPAN} at (0,0) size 45x19 [color=#FFA500]
          RenderText {#text} at (562,0) size 45x19
            text run at (562,0) width 45: "orange"
        RenderText {#text} at (607,0) size 152x19
          text run at (607,0) width 152: " border on the third line."
      RenderBlock {P} at (0,33) size 600x76
        RenderText {#text} at (0,0) size 185x19
          text run at (0,0) width 185: "ILorem ipsum dolor sit amet, "
        RenderText {#text} at (502,38) size 593x38
          text run at (502,38) width 91: "duis aute irure"
          text run at (0,57) width 247: "dolor in reprehenderit in voluptate velit."
layer at (8,41) size 586x59
  RenderInline (relative positioned) {SPAN} at (0,0) size 586x59 [bgcolor=#008000] [border: (1px solid #808080) (20px solid #FFA500) (1px solid #808080) (20px solid #0000FF)]
    RenderText {#text} at (225,0) size 562x38
      text run at (225,0) width 337: "con a pariatur. Excepteur sint occaecat cupidatat non"
      text run at (0,19) width 363: "proident, sunt in culp qui officia deserunt mollit animequs "
    RenderText {#text} at (363,19) size 586x38
      text run at (363,19) width 223: "ILOREM ipsum dol sDuis aute irure"
      text run at (0,38) width 462: "dolor in reprehenderit in voluptate velit esse cillum dolore eu fugiat nullat "
layer at (223,41) size 257x57
  RenderBlock (positioned) {DIV} at (20,1) size 257x57
