layer at (0,0) size 800x600
  RenderView at (0,0) size 800x600
layer at (0,0) size 800x320
  RenderBlock {html} at (0,0) size 800x320
    RenderBody {body} at (8,16) size 784x288
      RenderBlock {p} at (0,0) size 784x34
        RenderText {#text} at (0,6) size 49x19
          text run at (0,6) width 49: "simple: "
        RenderBlock {math} at (49,0) size 16x34
          RenderBlock {mfrac} at (1,0) size 14x34
            RenderBlock {mfrac} at (0,0) size 14x16
              RenderInline {mn} at (0,0) size 8x25
                RenderText {#text} at (3,-4) size 8x25
                  text run at (3,-4) width 8: "1"
            RenderBlock {mfrac} at (0,16) size 14x18
              RenderInline {mn} at (0,0) size 8x25
                RenderText {#text} at (3,-2) size 8x25
                  text run at (3,-2) width 8: "2"
      RenderBlock {p} at (0,50) size 784x34
        RenderText {#text} at (0,6) size 197x19
          text run at (0,6) width 197: "more complex (should be red): "
        RenderBlock {math} at (197,0) size 35x34
          RenderBlock {mfrac} at (1,0) size 33x34 [color=#FF0000]
            RenderBlock {mfrac} at (0,0) size 22x16
              RenderBlock {mrow} at (3,0) size 27x16
                RenderInline {mi} at (0,0) size 7x25
                  RenderText {#text} at (0,-4) size 7x25
                    text run at (0,-4) width 7: "x"
                RenderBlock {mo} at (7,0) size 12x16
                  RenderBlock {mo} at (0,0) size 11x16
                    RenderText {mo} at (0,-4) size 11x25
                      text run at (0,-4) width 11: "+"
                RenderInline {mn} at (0,0) size 8x25
                  RenderText {#text} at (19,-4) size 8x25
                    text run at (19,-4) width 8: "1"
            RenderBlock {mfrac} at (0,16) size 22x18
              RenderBlock {mrow} at (3,2) size 27x16
                RenderInline {mi} at (0,0) size 7x25
                  RenderText {#text} at (0,-4) size 7x25
                    text run at (0,-4) width 7: "x"
                RenderBlock {mo} at (7,0) size 12x16
                  RenderBlock {mo} at (0,0) size 11x16
                    RenderText {mo} at (0,-4) size 11x25
                      text run at (0,-4) width 11: "+"
                RenderInline {mn} at (0,0) size 8x25
                  RenderText {#text} at (19,-4) size 8x25
                    text run at (19,-4) width 8: "2"
        RenderText {#text} at (0,0) size 0x0
      RenderBlock {p} at (0,100) size 784x34
        RenderText {#text} at (0,6) size 31x19
          text run at (0,6) width 31: "text: "
        RenderBlock {math} at (31,0) size 128x34
          RenderBlock {mfrac} at (1,0) size 126x34
            RenderBlock {mfrac} at (0,0) size 126x16
              RenderInline {mtext} at (0,0) size 99x25
                RenderText {#text} at (13,-4) size 99x25
                  text run at (13,-4) width 99: "number of bugs"
            RenderBlock {mfrac} at (0,16) size 126x18
              RenderInline {mtext} at (0,0) size 120x25
                RenderText {#text} at (3,-2) size 120x25
                  text run at (3,-2) width 120: "number of changes"
        RenderText {#text} at (0,0) size 0x0
      RenderBlock {p} at (0,150) size 784x38
        RenderText {#text} at (0,6) size 173x19
          text run at (0,6) width 173: "line thickness by keyword: "
        RenderBlock {math} at (173,0) size 16x34
          RenderBlock {mfrac} at (1,0) size 14x34
            RenderBlock {mfrac} at (0,0) size 14x16
              RenderInline {mn} at (0,0) size 8x25
                RenderText {#text} at (3,-4) size 8x25
                  text run at (3,-4) width 8: "1"
            RenderBlock {mfrac} at (0,16) size 14x18
              RenderInline {mn} at (0,0) size 8x25
                RenderText {#text} at (3,-2) size 8x25
                  text run at (3,-2) width 8: "2"
        RenderBlock {math} at (189,0) size 16x36
          RenderBlock {mfrac} at (1,0) size 14x36
            RenderBlock {mfrac} at (0,0) size 14x16
              RenderInline {mn} at (0,0) size 8x25
                RenderText {#text} at (3,-4) size 8x25
                  text run at (3,-4) width 8: "1"
            RenderBlock {mfrac} at (0,16) size 14x20
              RenderInline {mn} at (0,0) size 8x25
                RenderText {#text} at (3,0) size 8x25
                  text run at (3,0) width 8: "2"
        RenderBlock {math} at (205,0) size 16x38
          RenderBlock {mfrac} at (1,0) size 14x38
            RenderBlock {mfrac} at (0,0) size 14x16
              RenderInline {mn} at (0,0) size 8x25
                RenderText {#text} at (3,-4) size 8x25
                  text run at (3,-4) width 8: "1"
            RenderBlock {mfrac} at (0,16) size 14x22
              RenderInline {mn} at (0,0) size 8x25
                RenderText {#text} at (3,2) size 8x25
                  text run at (3,2) width 8: "2"
      RenderBlock {p} at (0,204) size 784x34
        RenderText {#text} at (0,6) size 138x19
          text run at (0,6) width 138: "numerator alignment: "
        RenderBlock {math} at (138,0) size 97x34
          RenderBlock {mfrac} at (1,0) size 95x34
            RenderBlock {mfrac} at (0,0) size 51x16
              RenderInline {mi} at (0,0) size 7x25
                RenderText {#text} at (3,-4) size 7x25
                  text run at (3,-4) width 7: "x"
            RenderBlock {mfrac} at (0,16) size 51x18
              RenderBlock {mrow} at (4,2) size 88x16
                RenderInline {mn} at (0,0) size 8x25
                  RenderText {#text} at (0,-4) size 8x25
                    text run at (0,-4) width 8: "1"
                RenderBlock {mo} at (8,0) size 12x16
                  RenderBlock {mo} at (0,0) size 11x16
                    RenderText {mo} at (0,-4) size 11x25
                      text run at (0,-4) width 11: "+"
                RenderInline {mn} at (0,0) size 8x25
                  RenderText {#text} at (20,-4) size 8x25
                    text run at (20,-4) width 8: "2"
                RenderBlock {mo} at (28,0) size 12x16
                  RenderBlock {mo} at (0,0) size 11x16
                    RenderText {mo} at (0,-4) size 11x25
                      text run at (0,-4) width 11: "+"
                RenderInline {mn} at (0,0) size 8x25
                  RenderText {#text} at (40,-4) size 8x25
                    text run at (40,-4) width 8: "3"
                RenderBlock {mo} at (48,0) size 12x16
                  RenderBlock {mo} at (0,0) size 11x16
                    RenderText {mo} at (0,-4) size 11x25
                      text run at (0,-4) width 11: "+"
                RenderInline {mn} at (0,0) size 8x25
                  RenderText {#text} at (60,-4) size 8x25
                    text run at (60,-4) width 8: "4"
                RenderBlock {mo} at (68,0) size 12x16
                  RenderBlock {mo} at (0,0) size 11x16
                    RenderText {mo} at (0,-4) size 11x25
                      text run at (0,-4) width 11: "+"
                RenderInline {mn} at (0,0) size 8x25
                  RenderText {#text} at (80,-4) size 8x25
                    text run at (80,-4) width 8: "5"
        RenderText {#text} at (235,6) size 4x19
          text run at (235,6) width 4: " "
        RenderBlock {math} at (239,0) size 97x34
          RenderBlock {mfrac} at (1,0) size 95x34
            RenderBlock {mfrac} at (0,0) size 51x16
              RenderInline {mi} at (0,0) size 7x25
                RenderText {#text} at (22,-4) size 7x25
                  text run at (22,-4) width 7: "x"
            RenderBlock {mfrac} at (0,16) size 51x18
              RenderBlock {mrow} at (4,2) size 88x16
                RenderInline {mn} at (0,0) size 8x25
                  RenderText {#text} at (0,-4) size 8x25
                    text run at (0,-4) width 8: "1"
                RenderBlock {mo} at (8,0) size 12x16
                  RenderBlock {mo} at (0,0) size 11x16
                    RenderText {mo} at (0,-4) size 11x25
                      text run at (0,-4) width 11: "+"
                RenderInline {mn} at (0,0) size 8x25
                  RenderText {#text} at (20,-4) size 8x25
                    text run at (20,-4) width 8: "2"
                RenderBlock {mo} at (28,0) size 12x16
                  RenderBlock {mo} at (0,0) size 11x16
                    RenderText {mo} at (0,-4) size 11x25
                      text run at (0,-4) width 11: "+"
                RenderInline {mn} at (0,0) size 8x25
                  RenderText {#text} at (40,-4) size 8x25
                    text run at (40,-4) width 8: "3"
                RenderBlock {mo} at (48,0) size 12x16
                  RenderBlock {mo} at (0,0) size 11x16
                    RenderText {mo} at (0,-4) size 11x25
                      text run at (0,-4) width 11: "+"
                RenderInline {mn} at (0,0) size 8x25
                  RenderText {#text} at (60,-4) size 8x25
                    text run at (60,-4) width 8: "4"
                RenderBlock {mo} at (68,0) size 12x16
                  RenderBlock {mo} at (0,0) size 11x16
                    RenderText {mo} at (0,-4) size 11x25
                      text run at (0,-4) width 11: "+"
                RenderInline {mn} at (0,0) size 8x25
                  RenderText {#text} at (80,-4) size 8x25
                    text run at (80,-4) width 8: "5"
        RenderText {#text} at (336,6) size 4x19
          text run at (336,6) width 4: " "
        RenderBlock {math} at (340,0) size 97x34
          RenderBlock {mfrac} at (1,0) size 95x34
            RenderBlock {mfrac} at (0,0) size 51x16
              RenderInline {mi} at (0,0) size 7x25
                RenderText {#text} at (41,-4) size 7x25
                  text run at (41,-4) width 7: "x"
            RenderBlock {mfrac} at (0,16) size 51x18
              RenderBlock {mrow} at (4,2) size 88x16
                RenderInline {mn} at (0,0) size 8x25
                  RenderText {#text} at (0,-4) size 8x25
                    text run at (0,-4) width 8: "1"
                RenderBlock {mo} at (8,0) size 12x16
                  RenderBlock {mo} at (0,0) size 11x16
                    RenderText {mo} at (0,-4) size 11x25
                      text run at (0,-4) width 11: "+"
                RenderInline {mn} at (0,0) size 8x25
                  RenderText {#text} at (20,-4) size 8x25
                    text run at (20,-4) width 8: "2"
                RenderBlock {mo} at (28,0) size 12x16
                  RenderBlock {mo} at (0,0) size 11x16
                    RenderText {mo} at (0,-4) size 11x25
                      text run at (0,-4) width 11: "+"
                RenderInline {mn} at (0,0) size 8x25
                  RenderText {#text} at (40,-4) size 8x25
                    text run at (40,-4) width 8: "3"
                RenderBlock {mo} at (48,0) size 12x16
                  RenderBlock {mo} at (0,0) size 11x16
                    RenderText {mo} at (0,-4) size 11x25
                      text run at (0,-4) width 11: "+"
                RenderInline {mn} at (0,0) size 8x25
                  RenderText {#text} at (60,-4) size 8x25
                    text run at (60,-4) width 8: "4"
                RenderBlock {mo} at (68,0) size 12x16
                  RenderBlock {mo} at (0,0) size 11x16
                    RenderText {mo} at (0,-4) size 11x25
                      text run at (0,-4) width 11: "+"
                RenderInline {mn} at (0,0) size 8x25
                  RenderText {#text} at (80,-4) size 8x25
                    text run at (80,-4) width 8: "5"
        RenderText {#text} at (0,0) size 0x0
      RenderBlock {p} at (0,254) size 784x34
        RenderText {#text} at (0,6) size 153x19
          text run at (0,6) width 153: "denominator alignment: "
        RenderBlock {math} at (153,0) size 96x34
          RenderBlock {mfrac} at (1,0) size 94x34
            RenderBlock {mfrac} at (0,0) size 50x16
              RenderBlock {mrow} at (3,0) size 88x16
                RenderInline {mn} at (0,0) size 8x25
                  RenderText {#text} at (0,-4) size 8x25
                    text run at (0,-4) width 8: "1"
                RenderBlock {mo} at (8,0) size 12x16
                  RenderBlock {mo} at (0,0) size 11x16
                    RenderText {mo} at (0,-4) size 11x25
                      text run at (0,-4) width 11: "+"
                RenderInline {mn} at (0,0) size 8x25
                  RenderText {#text} at (20,-4) size 8x25
                    text run at (20,-4) width 8: "2"
                RenderBlock {mo} at (28,0) size 12x16
                  RenderBlock {mo} at (0,0) size 11x16
                    RenderText {mo} at (0,-4) size 11x25
                      text run at (0,-4) width 11: "+"
                RenderInline {mn} at (0,0) size 8x25
                  RenderText {#text} at (40,-4) size 8x25
                    text run at (40,-4) width 8: "3"
                RenderBlock {mo} at (48,0) size 12x16
                  RenderBlock {mo} at (0,0) size 11x16
                    RenderText {mo} at (0,-4) size 11x25
                      text run at (0,-4) width 11: "+"
                RenderInline {mn} at (0,0) size 8x25
                  RenderText {#text} at (60,-4) size 8x25
                    text run at (60,-4) width 8: "4"
                RenderBlock {mo} at (68,0) size 12x16
                  RenderBlock {mo} at (0,0) size 11x16
                    RenderText {mo} at (0,-4) size 11x25
                      text run at (0,-4) width 11: "+"
                RenderInline {mn} at (0,0) size 8x25
                  RenderText {#text} at (80,-4) size 8x25
                    text run at (80,-4) width 8: "5"
            RenderBlock {mfrac} at (0,16) size 50x18
              RenderInline {mi} at (0,0) size 7x25
                RenderText {#text} at (3,-2) size 7x25
                  text run at (3,-2) width 7: "x"
        RenderText {#text} at (249,6) size 4x19
          text run at (249,6) width 4: " "
        RenderBlock {math} at (253,0) size 96x34
          RenderBlock {mfrac} at (1,0) size 94x34
            RenderBlock {mfrac} at (0,0) size 50x16
              RenderBlock {mrow} at (3,0) size 88x16
                RenderInline {mn} at (0,0) size 8x25
                  RenderText {#text} at (0,-4) size 8x25
                    text run at (0,-4) width 8: "1"
                RenderBlock {mo} at (8,0) size 12x16
                  RenderBlock {mo} at (0,0) size 11x16
                    RenderText {mo} at (0,-4) size 11x25
                      text run at (0,-4) width 11: "+"
                RenderInline {mn} at (0,0) size 8x25
                  RenderText {#text} at (20,-4) size 8x25
                    text run at (20,-4) width 8: "2"
                RenderBlock {mo} at (28,0) size 12x16
                  RenderBlock {mo} at (0,0) size 11x16
                    RenderText {mo} at (0,-4) size 11x25
                      text run at (0,-4) width 11: "+"
                RenderInline {mn} at (0,0) size 8x25
                  RenderText {#text} at (40,-4) size 8x25
                    text run at (40,-4) width 8: "3"
                RenderBlock {mo} at (48,0) size 12x16
                  RenderBlock {mo} at (0,0) size 11x16
                    RenderText {mo} at (0,-4) size 11x25
                      text run at (0,-4) width 11: "+"
                RenderInline {mn} at (0,0) size 8x25
                  RenderText {#text} at (60,-4) size 8x25
                    text run at (60,-4) width 8: "4"
                RenderBlock {mo} at (68,0) size 12x16
                  RenderBlock {mo} at (0,0) size 11x16
                    RenderText {mo} at (0,-4) size 11x25
                      text run at (0,-4) width 11: "+"
                RenderInline {mn} at (0,0) size 8x25
                  RenderText {#text} at (80,-4) size 8x25
                    text run at (80,-4) width 8: "5"
            RenderBlock {mfrac} at (0,16) size 50x18
              RenderInline {mi} at (0,0) size 7x25
                RenderText {#text} at (21,-2) size 7x25
                  text run at (21,-2) width 7: "x"
        RenderText {#text} at (349,6) size 4x19
          text run at (349,6) width 4: " "
        RenderBlock {math} at (353,0) size 96x34
          RenderBlock {mfrac} at (1,0) size 94x34
            RenderBlock {mfrac} at (0,0) size 50x16
              RenderBlock {mrow} at (3,0) size 88x16
                RenderInline {mn} at (0,0) size 8x25
                  RenderText {#text} at (0,-4) size 8x25
                    text run at (0,-4) width 8: "1"
                RenderBlock {mo} at (8,0) size 12x16
                  RenderBlock {mo} at (0,0) size 11x16
                    RenderText {mo} at (0,-4) size 11x25
                      text run at (0,-4) width 11: "+"
                RenderInline {mn} at (0,0) size 8x25
                  RenderText {#text} at (20,-4) size 8x25
                    text run at (20,-4) width 8: "2"
                RenderBlock {mo} at (28,0) size 12x16
                  RenderBlock {mo} at (0,0) size 11x16
                    RenderText {mo} at (0,-4) size 11x25
                      text run at (0,-4) width 11: "+"
                RenderInline {mn} at (0,0) size 8x25
                  RenderText {#text} at (40,-4) size 8x25
                    text run at (40,-4) width 8: "3"
                RenderBlock {mo} at (48,0) size 12x16
                  RenderBlock {mo} at (0,0) size 11x16
                    RenderText {mo} at (0,-4) size 11x25
                      text run at (0,-4) width 11: "+"
                RenderInline {mn} at (0,0) size 8x25
                  RenderText {#text} at (60,-4) size 8x25
                    text run at (60,-4) width 8: "4"
                RenderBlock {mo} at (68,0) size 12x16
                  RenderBlock {mo} at (0,0) size 11x16
                    RenderText {mo} at (0,-4) size 11x25
                      text run at (0,-4) width 11: "+"
                RenderInline {mn} at (0,0) size 8x25
                  RenderText {#text} at (80,-4) size 8x25
                    text run at (80,-4) width 8: "5"
            RenderBlock {mfrac} at (0,16) size 50x18
              RenderInline {mi} at (0,0) size 7x25
                RenderText {#text} at (40,-2) size 7x25
                  text run at (40,-2) width 7: "x"
        RenderText {#text} at (0,0) size 0x0
