layer at (0,0) size 800x600
  RenderView at (0,0) size 800x600
layer at (0,0) size 800x111
  RenderBlock {math:math} at (0,0) size 800x106
    RenderBlock {math:mfrac} at (1,36) size 17x34
      RenderBlock {math:mfrac} at (0,0) size 17x16
        RenderInline {math:mi} at (0,0) size 10x25
          RenderText {#text} at (3,-4) size 10x25
            text run at (3,-4) width 10: "B"
      RenderBlock {math:mfrac} at (0,16) size 17x18
        RenderInline {math:mi} at (0,0) size 11x25
          RenderText {#text} at (3,-2) size 11x25
            text run at (3,-2) width 11: "C"
    RenderBlock {math:mo} at (18,44) size 12x16
      RenderBlock {math:mo} at (0,0) size 11x16
        RenderText {math:mo} at (0,-4) size 11x25
          text run at (0,-4) width 11: "+"
    RenderBlock {math:mfrac} at (30,18) size 46x52
      RenderBlock {math:mfrac} at (0,0) size 35x34
        RenderBlock {math:mrow} at (3,0) size 40x34
          RenderInline {math:mi} at (0,0) size 10x25
            RenderText {#text} at (0,4) size 10x25
              text run at (0,4) width 10: "B"
          RenderBlock {math:mo} at (10,8) size 12x16
            RenderBlock {math:mo} at (0,0) size 11x16
              RenderText {math:mo} at (0,-4) size 11x25
                text run at (0,-4) width 11: "+"
          RenderBlock {math:mfrac} at (22,0) size 18x34
            RenderBlock {math:mfrac} at (0,0) size 18x16
              RenderInline {math:mi} at (0,0) size 12x25
                RenderText {#text} at (3,-4) size 12x25
                  text run at (3,-4) width 12: "D"
            RenderBlock {math:mfrac} at (0,16) size 18x18
              RenderInline {math:mi} at (0,0) size 10x25
                RenderText {#text} at (4,-2) size 10x25
                  text run at (4,-2) width 10: "E"
      RenderBlock {math:mfrac} at (0,34) size 35x18
        RenderInline {math:mi} at (0,0) size 11x25
          RenderText {#text} at (12,-2) size 11x25
            text run at (12,-2) width 11: "C"
    RenderBlock {math:mo} at (76,44) size 12x16
      RenderBlock {math:mo} at (0,0) size 11x16
        RenderText {math:mo} at (0,-4) size 11x25
          text run at (0,-4) width 11: "+"
    RenderBlock {math:mfrac} at (88,0) size 76x70
      RenderBlock {math:mfrac} at (0,0) size 54x52
        RenderBlock {math:mrow} at (3,0) size 70x52
          RenderInline {math:mi} at (0,0) size 10x25
            RenderText {#text} at (0,22) size 10x25
              text run at (0,22) width 10: "B"
          RenderBlock {math:mo} at (10,26) size 12x16
            RenderBlock {math:mo} at (0,0) size 11x16
              RenderText {math:mo} at (0,-4) size 11x25
                text run at (0,-4) width 11: "+"
          RenderBlock {math:mfrac} at (22,0) size 48x52
            RenderBlock {math:mfrac} at (0,0) size 37x34
              RenderBlock {math:mrow} at (3,0) size 42x34
                RenderInline {math:mi} at (0,0) size 12x25
                  RenderText {#text} at (0,4) size 12x25
                    text run at (0,4) width 12: "D"
                RenderBlock {math:mo} at (12,8) size 12x16
                  RenderBlock {math:mo} at (0,0) size 11x16
                    RenderText {math:mo} at (0,-4) size 11x25
                      text run at (0,-4) width 11: "+"
                RenderBlock {math:mfrac} at (24,0) size 18x34
                  RenderBlock {math:mfrac} at (0,0) size 18x16
                    RenderInline {math:mi} at (0,0) size 10x25
                      RenderText {#text} at (4,-4) size 10x25
                        text run at (4,-4) width 10: "F"
                  RenderBlock {math:mfrac} at (0,16) size 18x18
                    RenderInline {math:mi} at (0,0) size 12x25
                      RenderText {#text} at (3,-2) size 12x25
                        text run at (3,-2) width 12: "G"
            RenderBlock {math:mfrac} at (0,34) size 37x18
              RenderInline {math:mi} at (0,0) size 10x25
                RenderText {#text} at (13,-2) size 10x25
                  text run at (13,-2) width 10: "E"
      RenderBlock {math:mfrac} at (0,52) size 54x18
        RenderInline {math:mi} at (0,0) size 11x25
          RenderText {#text} at (21,-2) size 11x25
            text run at (21,-2) width 11: "C"
    RenderBlock {math:mo} at (164,44) size 12x16
      RenderBlock {math:mo} at (0,0) size 11x16
        RenderText {math:mo} at (0,-4) size 11x25
          text run at (0,-4) width 11: "+"
    RenderBlock {math:mfrac} at (176,36) size 75x70
      RenderBlock {math:mfrac} at (0,0) size 53x16
        RenderInline {math:mi} at (0,0) size 10x25
          RenderText {#text} at (21,-4) size 10x25
            text run at (21,-4) width 10: "B"
      RenderBlock {math:mfrac} at (0,16) size 53x54
        RenderBlock {math:mrow} at (3,2) size 69x52
          RenderInline {math:mi} at (0,0) size 11x25
            RenderText {#text} at (0,4) size 11x25
              text run at (0,4) width 11: "C"
          RenderBlock {math:mo} at (11,8) size 12x16
            RenderBlock {math:mo} at (0,0) size 11x16
              RenderText {math:mo} at (0,-4) size 11x25
                text run at (0,-4) width 11: "+"
          RenderBlock {math:mfrac} at (23,0) size 46x52
            RenderBlock {math:mfrac} at (0,0) size 35x16
              RenderInline {math:mi} at (0,0) size 12x25
                RenderText {#text} at (11,-4) size 12x25
                  text run at (11,-4) width 12: "D"
            RenderBlock {math:mfrac} at (0,16) size 35x36
              RenderBlock {math:mrow} at (3,2) size 40x34
                RenderInline {math:mi} at (0,0) size 10x25
                  RenderText {#text} at (0,4) size 10x25
                    text run at (0,4) width 10: "E"
                RenderBlock {math:mo} at (10,8) size 12x16
                  RenderBlock {math:mo} at (0,0) size 11x16
                    RenderText {math:mo} at (0,-4) size 11x25
                      text run at (0,-4) width 11: "+"
                RenderBlock {math:mfrac} at (22,0) size 18x34
                  RenderBlock {math:mfrac} at (0,0) size 18x16
                    RenderInline {math:mi} at (0,0) size 10x25
                      RenderText {#text} at (4,-4) size 10x25
                        text run at (4,-4) width 10: "F"
                  RenderBlock {math:mfrac} at (0,16) size 18x18
                    RenderInline {math:mi} at (0,0) size 12x25
                      RenderText {#text} at (3,-2) size 12x25
                        text run at (3,-2) width 12: "G"
