layer at (0,0) size 800x600
  RenderView at (0,0) size 800x600
layer at (0,0) size 800x312
  RenderBlock {html} at (0,0) size 800x312
    RenderBody {body} at (8,16) size 784x280
      RenderBlock {p} at (0,0) size 784x21
        RenderText {#text} at (0,0) size 60x19
          text run at (0,0) width 60: "operator: "
        RenderBlock {math} at (60,5) size 14x16
          RenderBlock {mo} at (1,0) size 12x12
            RenderBlock {mo} at (0,0) size 11x12
              RenderText {mo} at (0,-3) size 11x19
                text run at (0,-3) width 11: "\x{2211}"
        RenderText {#text} at (74,0) size 72x19
          text run at (74,0) width 72: " , operator: "
        RenderBlock {math} at (146,5) size 11x16
          RenderBlock {mo} at (1,0) size 9x12
            RenderBlock {mo} at (0,0) size 8x12
              RenderText {mo} at (0,-3) size 8x19
                text run at (0,-3) width 8: "B"
        RenderText {#text} at (157,0) size 114x19
          text run at (157,0) width 114: " , minus operator: "
        RenderBlock {math} at (271,5) size 11x16
          RenderBlock {mo} at (1,0) size 9x12
            RenderBlock {mo} at (0,0) size 8x12
              RenderText {mo} at (0,-3) size 8x19
                text run at (0,-3) width 8: "\x{2212}"
        RenderText {#text} at (0,0) size 0x0
      RenderBlock {p} at (0,37) size 784x19
        RenderText {#text} at (0,0) size 60x19
          text run at (0,0) width 60: "operator: "
        RenderBlock {math} at (60,2) size 18x16
          RenderBlock {mo} at (1,0) size 16x16
            RenderBlock {mo} at (0,0) size 15x16
              RenderText {mo} at (0,-4) size 15x25
                text run at (0,-4) width 15: "\x{2211}"
        RenderText {#text} at (78,0) size 72x19
          text run at (78,0) width 72: " , operator: "
        RenderBlock {math} at (150,2) size 14x16
          RenderBlock {mo} at (1,0) size 12x16
            RenderBlock {mo} at (0,0) size 11x16
              RenderText {mo} at (0,-4) size 11x25
                text run at (0,-4) width 11: "B"
        RenderText {#text} at (164,0) size 114x19
          text run at (164,0) width 114: " , minus operator: "
        RenderBlock {math} at (278,2) size 14x16
          RenderBlock {mo} at (1,0) size 12x16
            RenderBlock {mo} at (0,0) size 11x16
              RenderText {mo} at (0,-4) size 11x25
                text run at (0,-4) width 11: "\x{2212}"
        RenderText {#text} at (0,0) size 0x0
      RenderBlock {p} at (0,72) size 784x24
        RenderText {#text} at (0,5) size 60x19
          text run at (0,5) width 60: "operator: "
        RenderBlock {math} at (60,0) size 26x24
          RenderBlock {mo} at (1,0) size 24x24
            RenderBlock {mo} at (0,0) size 22x24
              RenderText {mo} at (0,-6) size 22x37
                text run at (0,-6) width 22: "\x{2211}"
        RenderText {#text} at (86,5) size 72x19
          text run at (86,5) width 72: " , operator: "
        RenderBlock {math} at (158,0) size 20x24
          RenderBlock {mo} at (1,0) size 18x24
            RenderBlock {mo} at (0,0) size 16x24
              RenderText {mo} at (0,-6) size 16x37
                text run at (0,-6) width 16: "B"
        RenderText {#text} at (178,5) size 114x19
          text run at (178,5) width 114: " , minus operator: "
        RenderBlock {math} at (292,0) size 20x24
          RenderBlock {mo} at (1,0) size 18x24
            RenderBlock {mo} at (0,0) size 16x24
              RenderText {mo} at (0,-6) size 16x37
                text run at (0,-6) width 16: "\x{2212}"
        RenderText {#text} at (0,0) size 0x0
      RenderBlock {p} at (0,112) size 784x26
        RenderText {#text} at (0,5) size 60x19
          text run at (0,5) width 60: "operator: "
        RenderBlock {math} at (60,0) size 54x26
          RenderBlock {mo} at (1,10) size 12x12
            RenderBlock {mo} at (0,0) size 11x12
              RenderText {mo} at (0,-3) size 11x19
                text run at (0,-3) width 11: "\x{2211}"
          RenderBlock {mo} at (13,7) size 16x16
            RenderBlock {mo} at (0,0) size 15x16
              RenderText {mo} at (0,-4) size 15x25
                text run at (0,-4) width 15: "\x{2211}"
          RenderBlock {mo} at (29,0) size 24x24
            RenderBlock {mo} at (0,0) size 22x24
              RenderText {mo} at (0,-6) size 22x37
                text run at (0,-6) width 22: "\x{2211}"
        RenderText {#text} at (114,5) size 72x19
          text run at (114,5) width 72: " , operator: "
        RenderBlock {math} at (186,0) size 41x26
          RenderBlock {mo} at (1,10) size 9x12
            RenderBlock {mo} at (0,0) size 8x12
              RenderText {mo} at (0,-3) size 8x19
                text run at (0,-3) width 8: "B"
          RenderBlock {mo} at (10,7) size 12x16
            RenderBlock {mo} at (0,0) size 11x16
              RenderText {mo} at (0,-4) size 11x25
                text run at (0,-4) width 11: "B"
          RenderBlock {mo} at (22,0) size 18x24
            RenderBlock {mo} at (0,0) size 16x24
              RenderText {mo} at (0,-6) size 16x37
                text run at (0,-6) width 16: "B"
        RenderText {#text} at (227,5) size 114x19
          text run at (227,5) width 114: " , minus operator: "
        RenderBlock {math} at (341,0) size 41x26
          RenderBlock {mo} at (1,10) size 9x12
            RenderBlock {mo} at (0,0) size 8x12
              RenderText {mo} at (0,-3) size 8x19
                text run at (0,-3) width 8: "\x{2212}"
          RenderBlock {mo} at (10,7) size 12x16
            RenderBlock {mo} at (0,0) size 11x16
              RenderText {mo} at (0,-4) size 11x25
                text run at (0,-4) width 11: "\x{2212}"
          RenderBlock {mo} at (22,0) size 18x24
            RenderBlock {mo} at (0,0) size 16x24
              RenderText {mo} at (0,-6) size 16x37
                text run at (0,-6) width 16: "\x{2212}"
        RenderText {#text} at (0,0) size 0x0
      RenderBlock {p} at (0,154) size 784x126
        RenderText {#text} at (0,21) size 60x19
          text run at (0,21) width 60: "operator: "
        RenderBlock {math} at (60,0) size 115x126
          RenderBlock {mo} at (1,0) size 8x63
          RenderBlock {mo} at (9,0) size 9x63
          RenderBlock {mo} at (18,0) size 12x63
          RenderBlock {mo} at (30,0) size 8x63
          RenderBlock {div} at (40,1) size 52x52 [border: (1px solid #000000)]
          RenderBlock {mo} at (1,63) size 8x63
          RenderBlock {mo} at (9,63) size 12x63
        RenderText {#text} at (0,0) size 0x0
layer at (69,170) size 7x10 scrollHeight 15
  RenderBlock {mo} at (0,0) size 7x10
layer at (69,180) size 7x10 scrollHeight 14
  RenderBlock {mo} at (0,10) size 7x10
    RenderText {mo} at (0,-3) size 7x17
      text run at (0,-3) width 7: "\x{23D0}"
layer at (69,190) size 7x10 scrollHeight 14
  RenderBlock {mo} at (0,20) size 7x10
    RenderText {mo} at (0,-3) size 7x17
      text run at (0,-3) width 7: "\x{23D0}"
layer at (69,200) size 7x10 scrollHeight 14
  RenderBlock {mo} at (0,30) size 7x10
    RenderText {mo} at (0,-3) size 7x17
      text run at (0,-3) width 7: "\x{23D0}"
layer at (69,210) size 7x10 scrollHeight 14
  RenderBlock {mo} at (0,40) size 7x10
    RenderText {mo} at (0,-3) size 7x17
      text run at (0,-3) width 7: "\x{23D0}"
layer at (69,220) size 7x2 scrollHeight 14
  RenderBlock {mo} at (0,50) size 7x2
    RenderText {mo} at (0,-3) size 7x17
      text run at (0,-3) width 7: "\x{23D0}"
layer at (69,222) size 7x11 scrollHeight 14
  RenderBlock {mo} at (0,52) size 7x11
layer at (77,170) size 8x10 scrollHeight 15
  RenderBlock {mo} at (0,0) size 8x10
layer at (77,180) size 8x10 scrollHeight 14
  RenderBlock {mo} at (0,10) size 8x10
    RenderText {mo} at (0,-3) size 7x17
      text run at (0,-3) width 7: "\x{23AE}"
layer at (77,190) size 8x10 scrollHeight 14
  RenderBlock {mo} at (0,20) size 8x10
    RenderText {mo} at (0,-3) size 7x17
      text run at (0,-3) width 7: "\x{23AE}"
layer at (77,200) size 8x10 scrollHeight 14
  RenderBlock {mo} at (0,30) size 8x10
    RenderText {mo} at (0,-3) size 7x17
      text run at (0,-3) width 7: "\x{23AE}"
layer at (77,210) size 8x10 scrollHeight 14
  RenderBlock {mo} at (0,40) size 8x10
    RenderText {mo} at (0,-3) size 7x17
      text run at (0,-3) width 7: "\x{23AE}"
layer at (77,220) size 8x2 scrollHeight 14
  RenderBlock {mo} at (0,50) size 8x2
    RenderText {mo} at (0,-3) size 7x17
      text run at (0,-3) width 7: "\x{23AE}"
layer at (77,222) size 8x11 scrollHeight 14
  RenderBlock {mo} at (0,52) size 8x11
layer at (86,170) size 11x10 scrollHeight 15
  RenderBlock {mo} at (0,0) size 11x10
layer at (86,180) size 11x10 scrollHeight 14
  RenderBlock {mo} at (0,10) size 11x10
    RenderText {mo} at (0,-3) size 11x17
      text run at (0,-3) width 11: "\x{23AA}"
layer at (86,190) size 11x6 scrollHeight 14
  RenderBlock {mo} at (0,20) size 11x6
    RenderText {mo} at (0,-3) size 11x17
      text run at (0,-3) width 11: "\x{23AA}"
layer at (86,196) size 11x10 scrollHeight 14
  RenderBlock {mo} at (0,26) size 11x10
layer at (86,206) size 11x10 scrollHeight 14
  RenderBlock {mo} at (0,36) size 11x10
    RenderText {mo} at (0,-3) size 11x17
      text run at (0,-3) width 11: "\x{23AA}"
layer at (86,216) size 11x6 scrollHeight 14
  RenderBlock {mo} at (0,46) size 11x6
    RenderText {mo} at (0,-3) size 11x17
      text run at (0,-3) width 11: "\x{23AA}"
layer at (86,222) size 11x11 scrollHeight 14
  RenderBlock {mo} at (0,52) size 11x11
layer at (98,170) size 7x10 scrollHeight 15
  RenderBlock {mo} at (0,0) size 7x10
layer at (98,180) size 7x10 scrollHeight 14
  RenderBlock {mo} at (0,10) size 7x10
    RenderText {mo} at (0,-3) size 7x17
      text run at (0,-3) width 7: "\x{23A2}"
layer at (98,190) size 7x10 scrollHeight 14
  RenderBlock {mo} at (0,20) size 7x10
    RenderText {mo} at (0,-3) size 7x17
      text run at (0,-3) width 7: "\x{23A2}"
layer at (98,200) size 7x10 scrollHeight 14
  RenderBlock {mo} at (0,30) size 7x10
    RenderText {mo} at (0,-3) size 7x17
      text run at (0,-3) width 7: "\x{23A2}"
layer at (98,210) size 7x10 scrollHeight 14
  RenderBlock {mo} at (0,40) size 7x10
    RenderText {mo} at (0,-3) size 7x17
      text run at (0,-3) width 7: "\x{23A2}"
layer at (98,220) size 7x2 scrollHeight 14
  RenderBlock {mo} at (0,50) size 7x2
    RenderText {mo} at (0,-3) size 7x17
      text run at (0,-3) width 7: "\x{23A2}"
layer at (98,222) size 7x11 scrollHeight 14
  RenderBlock {mo} at (0,52) size 7x11
layer at (69,233) size 7x10 scrollHeight 15
  RenderBlock {mo} at (0,0) size 7x10
layer at (69,243) size 7x10 scrollHeight 14
  RenderBlock {mo} at (0,10) size 7x10
    RenderText {mo} at (0,-3) size 7x17
      text run at (0,-3) width 7: "\x{23A5}"
layer at (69,253) size 7x10 scrollHeight 14
  RenderBlock {mo} at (0,20) size 7x10
    RenderText {mo} at (0,-3) size 7x17
      text run at (0,-3) width 7: "\x{23A5}"
layer at (69,263) size 7x10 scrollHeight 14
  RenderBlock {mo} at (0,30) size 7x10
    RenderText {mo} at (0,-3) size 7x17
      text run at (0,-3) width 7: "\x{23A5}"
layer at (69,273) size 7x10 scrollHeight 14
  RenderBlock {mo} at (0,40) size 7x10
    RenderText {mo} at (0,-3) size 7x17
      text run at (0,-3) width 7: "\x{23A5}"
layer at (69,283) size 7x2 scrollHeight 14
  RenderBlock {mo} at (0,50) size 7x2
    RenderText {mo} at (0,-3) size 7x17
      text run at (0,-3) width 7: "\x{23A5}"
layer at (69,285) size 7x11 scrollHeight 14
  RenderBlock {mo} at (0,52) size 7x11
layer at (77,233) size 11x10 scrollHeight 15
  RenderBlock {mo} at (0,0) size 11x10
layer at (77,243) size 11x10 scrollHeight 14
  RenderBlock {mo} at (0,10) size 11x10
    RenderText {mo} at (0,-3) size 11x17
      text run at (0,-3) width 11: "\x{23AA}"
layer at (77,253) size 11x6 scrollHeight 14
  RenderBlock {mo} at (0,20) size 11x6
    RenderText {mo} at (0,-3) size 11x17
      text run at (0,-3) width 11: "\x{23AA}"
layer at (77,259) size 11x10 scrollHeight 14
  RenderBlock {mo} at (0,26) size 11x10
layer at (77,269) size 11x10 scrollHeight 14
  RenderBlock {mo} at (0,36) size 11x10
    RenderText {mo} at (0,-3) size 11x17
      text run at (0,-3) width 11: "\x{23AA}"
layer at (77,279) size 11x6 scrollHeight 14
  RenderBlock {mo} at (0,46) size 11x6
    RenderText {mo} at (0,-3) size 11x17
      text run at (0,-3) width 11: "\x{23AA}"
layer at (77,285) size 11x11 scrollHeight 14
  RenderBlock {mo} at (0,52) size 11x11
layer at (69,171) size 7x14 backgroundClip at (69,170) size 7x10 clip at (69,170) size 7x10 outlineClip at (69,170) size 7x10
  RenderBlock (relative positioned) {mo} at (0,0) size 7x11
    RenderText {mo} at (0,-3) size 7x17
      text run at (0,-3) width 7: "\x{23D0}"
layer at (69,219) size 7x14 backgroundClip at (69,222) size 7x11 clip at (69,222) size 7x11 outlineClip at (69,222) size 7x11
  RenderBlock (relative positioned) {mo} at (0,0) size 7x11
    RenderText {mo} at (0,-3) size 7x17
      text run at (0,-3) width 7: "\x{23D0}"
layer at (77,171) size 8x14 backgroundClip at (77,170) size 8x10 clip at (77,170) size 8x10 outlineClip at (77,170) size 8x10
  RenderBlock (relative positioned) {mo} at (0,0) size 8x11
    RenderText {mo} at (0,-3) size 8x17
      text run at (0,-3) width 8: "\x{2320}"
layer at (77,219) size 8x14 backgroundClip at (77,222) size 8x11 clip at (77,222) size 8x11 outlineClip at (77,222) size 8x11
  RenderBlock (relative positioned) {mo} at (0,0) size 8x11
    RenderText {mo} at (0,-3) size 8x17
      text run at (0,-3) width 8: "\x{2321}"
layer at (86,171) size 11x14 backgroundClip at (86,170) size 11x10 clip at (86,170) size 11x10 outlineClip at (86,170) size 11x10
  RenderBlock (relative positioned) {mo} at (0,0) size 11x11
    RenderText {mo} at (0,-3) size 11x17
      text run at (0,-3) width 11: "\x{23A7}"
layer at (86,195) size 11x14 backgroundClip at (86,196) size 11x10 clip at (86,196) size 11x10 outlineClip at (86,196) size 11x10
  RenderBlock (relative positioned) {mo} at (0,0) size 11x11
    RenderText {mo} at (0,-3) size 11x17
      text run at (0,-3) width 11: "\x{23A8}"
layer at (86,219) size 11x14 backgroundClip at (86,222) size 11x11 clip at (86,222) size 11x11 outlineClip at (86,222) size 11x11
  RenderBlock (relative positioned) {mo} at (0,0) size 11x11
    RenderText {mo} at (0,-3) size 11x17
      text run at (0,-3) width 11: "\x{23A9}"
layer at (98,171) size 7x14 backgroundClip at (98,170) size 7x10 clip at (98,170) size 7x10 outlineClip at (98,170) size 7x10
  RenderBlock (relative positioned) {mo} at (0,0) size 7x11
    RenderText {mo} at (0,-3) size 7x17
      text run at (0,-3) width 7: "\x{23A1}"
layer at (98,219) size 7x14 backgroundClip at (98,222) size 7x11 clip at (98,222) size 7x11 outlineClip at (98,222) size 7x11
  RenderBlock (relative positioned) {mo} at (0,0) size 7x11
    RenderText {mo} at (0,-3) size 7x17
      text run at (0,-3) width 7: "\x{23A3}"
layer at (69,234) size 7x14 backgroundClip at (69,233) size 7x10 clip at (69,233) size 7x10 outlineClip at (69,233) size 7x10
  RenderBlock (relative positioned) {mo} at (0,0) size 7x11
    RenderText {mo} at (0,-3) size 7x17
      text run at (0,-3) width 7: "\x{23A4}"
layer at (69,282) size 7x14 backgroundClip at (69,285) size 7x11 clip at (69,285) size 7x11 outlineClip at (69,285) size 7x11
  RenderBlock (relative positioned) {mo} at (0,0) size 7x11
    RenderText {mo} at (0,-3) size 7x17
      text run at (0,-3) width 7: "\x{23A6}"
layer at (77,234) size 11x14 backgroundClip at (77,233) size 11x10 clip at (77,233) size 11x10 outlineClip at (77,233) size 11x10
  RenderBlock (relative positioned) {mo} at (0,0) size 11x11
    RenderText {mo} at (0,-3) size 11x17
      text run at (0,-3) width 11: "\x{23AB}"
layer at (77,258) size 11x14 backgroundClip at (77,259) size 11x10 clip at (77,259) size 11x10 outlineClip at (77,259) size 11x10
  RenderBlock (relative positioned) {mo} at (0,0) size 11x11
    RenderText {mo} at (0,-3) size 11x17
      text run at (0,-3) width 11: "\x{23AC}"
layer at (77,282) size 11x14 backgroundClip at (77,285) size 11x11 clip at (77,285) size 11x11 outlineClip at (77,285) size 11x11
  RenderBlock (relative positioned) {mo} at (0,0) size 11x11
    RenderText {mo} at (0,-3) size 11x17
      text run at (0,-3) width 11: "\x{23AD}"
