layer at (0,0) size 781x615
  RenderView at (0,0) size 781x600
layer at (0,0) size 781x615
  RenderBlock {html} at (0,0) size 781x615
    RenderBody {body} at (8,16) size 765x583
      RenderBlock {p} at (0,0) size 765x19
        RenderBlock {math} at (0,2) size 29x16
          RenderInline {mi} at (0,0) size 7x25
            RenderText {#text} at (1,-4) size 7x25
              text run at (1,-4) width 7: "x"
          RenderBlock {mo} at (8,0) size 12x16 [bgcolor=#C8C8C8]
            RenderBlock {mo} at (0,0) size 11x16
              RenderText {mo} at (0,-4) size 11x25
                text run at (0,-4) width 11: "+"
          RenderInline {mn} at (0,0) size 8x25
            RenderText {#text} at (20,-4) size 8x25
              text run at (20,-4) width 8: "1"
        RenderText {#text} at (0,0) size 0x0
      RenderBlock {p} at (0,35) size 765x31
        RenderText {#text} at (0,2) size 40x19
          text run at (0,2) width 40: "16px: "
        RenderBlock {math} at (40,0) size 49x31
          RenderBlock {mrow} at (1,0) size 47x31
            RenderBlock {mo} at (0,0) size 12x31 [bgcolor=#C8C8C8]
            RenderInline {mi} at (0,0) size 7x25
              RenderText {#text} at (12,0) size 7x25
                text run at (12,0) width 7: "x"
            RenderBlock {div} at (19,6) size 16x16 [bgcolor=#00FF00]
            RenderBlock {mo} at (35,0) size 12x31 [bgcolor=#C8C8C8]
        RenderText {#text} at (89,2) size 4x19
          text run at (89,2) width 4: " "
        RenderBlock {math} at (93,0) size 41x31
          RenderBlock {mrow} at (1,0) size 39x31
            RenderBlock {mo} at (0,0) size 8x31 [bgcolor=#C8C8C8]
            RenderInline {mi} at (0,0) size 7x25
              RenderText {#text} at (8,0) size 7x25
                text run at (8,0) width 7: "x"
            RenderBlock {div} at (15,6) size 16x16 [bgcolor=#00FF00]
            RenderBlock {mo} at (31,0) size 8x31 [bgcolor=#C8C8C8]
        RenderText {#text} at (134,2) size 4x19
          text run at (134,2) width 4: " "
        RenderBlock {math} at (138,0) size 41x31
          RenderBlock {mrow} at (1,0) size 39x31
            RenderBlock {mo} at (0,0) size 8x31 [bgcolor=#C8C8C8]
            RenderInline {mi} at (0,0) size 7x25
              RenderText {#text} at (8,0) size 7x25
                text run at (8,0) width 7: "x"
            RenderBlock {div} at (15,6) size 16x16 [bgcolor=#00FF00]
            RenderBlock {mo} at (31,0) size 8x31 [bgcolor=#C8C8C8]
        RenderText {#text} at (179,2) size 4x19
          text run at (179,2) width 4: " "
        RenderBlock {math} at (183,0) size 41x31
          RenderBlock {mrow} at (1,0) size 39x31
            RenderBlock {mo} at (0,0) size 8x31 [bgcolor=#C8C8C8]
            RenderInline {mi} at (0,0) size 7x25
              RenderText {#text} at (8,0) size 7x25
                text run at (8,0) width 7: "x"
            RenderBlock {div} at (15,6) size 16x16 [bgcolor=#00FF00]
            RenderBlock {mo} at (31,0) size 8x31 [bgcolor=#C8C8C8]
        RenderText {#text} at (224,2) size 4x19
          text run at (224,2) width 4: " "
        RenderBlock {math} at (228,0) size 34x31
          RenderBlock {mrow} at (1,0) size 32x31
            RenderBlock {mo} at (0,0) size 9x31 [bgcolor=#C8C8C8]
            RenderInline {mi} at (0,0) size 7x25
              RenderText {#text} at (9,0) size 7x25
                text run at (9,0) width 7: "x"
            RenderBlock {div} at (16,6) size 16x16 [bgcolor=#00FF00]
        RenderText {#text} at (0,0) size 0x0
      RenderBlock {p} at (0,82) size 765x35
        RenderText {#text} at (0,6) size 40x19
          text run at (0,6) width 40: "24px: "
        RenderBlock {math} at (40,0) size 57x35
          RenderBlock {mrow} at (1,0) size 55x35
            RenderBlock {mo} at (0,4) size 12x31 [bgcolor=#C8C8C8]
            RenderInline {mi} at (0,0) size 7x25
              RenderText {#text} at (12,4) size 7x25
                text run at (12,4) width 7: "x"
            RenderBlock {div} at (19,4) size 24x24 [bgcolor=#00FF00]
            RenderBlock {mo} at (43,4) size 12x31 [bgcolor=#C8C8C8]
        RenderText {#text} at (97,6) size 4x19
          text run at (97,6) width 4: " "
        RenderBlock {math} at (101,0) size 49x35
          RenderBlock {mrow} at (1,0) size 47x35
            RenderBlock {mo} at (0,4) size 8x31 [bgcolor=#C8C8C8]
            RenderInline {mi} at (0,0) size 7x25
              RenderText {#text} at (8,4) size 7x25
                text run at (8,4) width 7: "x"
            RenderBlock {div} at (15,4) size 24x24 [bgcolor=#00FF00]
            RenderBlock {mo} at (39,4) size 8x31 [bgcolor=#C8C8C8]
        RenderText {#text} at (150,6) size 4x19
          text run at (150,6) width 4: " "
        RenderBlock {math} at (154,0) size 49x35
          RenderBlock {mrow} at (1,0) size 47x35
            RenderBlock {mo} at (0,4) size 8x31 [bgcolor=#C8C8C8]
            RenderInline {mi} at (0,0) size 7x25
              RenderText {#text} at (8,4) size 7x25
                text run at (8,4) width 7: "x"
            RenderBlock {div} at (15,4) size 24x24 [bgcolor=#00FF00]
            RenderBlock {mo} at (39,4) size 8x31 [bgcolor=#C8C8C8]
        RenderText {#text} at (203,6) size 4x19
          text run at (203,6) width 4: " "
        RenderBlock {math} at (207,0) size 49x35
          RenderBlock {mrow} at (1,0) size 47x35
            RenderBlock {mo} at (0,4) size 8x31 [bgcolor=#C8C8C8]
            RenderInline {mi} at (0,0) size 7x25
              RenderText {#text} at (8,4) size 7x25
                text run at (8,4) width 7: "x"
            RenderBlock {div} at (15,4) size 24x24 [bgcolor=#00FF00]
            RenderBlock {mo} at (39,4) size 8x31 [bgcolor=#C8C8C8]
        RenderText {#text} at (256,6) size 4x19
          text run at (256,6) width 4: " "
        RenderBlock {math} at (260,0) size 42x35
          RenderBlock {mrow} at (1,0) size 40x35
            RenderBlock {mo} at (0,4) size 9x31 [bgcolor=#C8C8C8]
            RenderInline {mi} at (0,0) size 7x25
              RenderText {#text} at (9,4) size 7x25
                text run at (9,4) width 7: "x"
            RenderBlock {div} at (16,4) size 24x24 [bgcolor=#00FF00]
        RenderText {#text} at (0,0) size 0x0
      RenderBlock {p} at (0,133) size 765x48
        RenderText {#text} at (0,16) size 40x19
          text run at (0,16) width 40: "32px: "
        RenderBlock {math} at (40,0) size 65x48
          RenderBlock {mrow} at (1,0) size 63x48
            RenderBlock {mo} at (0,9) size 12x39 [bgcolor=#C8C8C8]
            RenderInline {mi} at (0,0) size 7x25
              RenderText {#text} at (12,14) size 7x25
                text run at (12,14) width 7: "x"
            RenderBlock {div} at (19,9) size 32x32 [bgcolor=#00FF00]
            RenderBlock {mo} at (51,9) size 12x39 [bgcolor=#C8C8C8]
        RenderText {#text} at (105,16) size 4x19
          text run at (105,16) width 4: " "
        RenderBlock {math} at (109,0) size 57x48
          RenderBlock {mrow} at (1,0) size 55x48
            RenderBlock {mo} at (0,9) size 8x39 [bgcolor=#C8C8C8]
            RenderInline {mi} at (0,0) size 7x25
              RenderText {#text} at (8,14) size 7x25
                text run at (8,14) width 7: "x"
            RenderBlock {div} at (15,9) size 32x32 [bgcolor=#00FF00]
            RenderBlock {mo} at (47,9) size 8x39 [bgcolor=#C8C8C8]
        RenderText {#text} at (166,16) size 4x19
          text run at (166,16) width 4: " "
        RenderBlock {math} at (170,0) size 57x48
          RenderBlock {mrow} at (1,0) size 55x48
            RenderBlock {mo} at (0,9) size 8x39 [bgcolor=#C8C8C8]
            RenderInline {mi} at (0,0) size 7x25
              RenderText {#text} at (8,14) size 7x25
                text run at (8,14) width 7: "x"
            RenderBlock {div} at (15,9) size 32x32 [bgcolor=#00FF00]
            RenderBlock {mo} at (47,9) size 8x39 [bgcolor=#C8C8C8]
        RenderText {#text} at (227,16) size 4x19
          text run at (227,16) width 4: " "
        RenderBlock {math} at (231,0) size 57x48
          RenderBlock {mrow} at (1,0) size 55x48
            RenderBlock {mo} at (0,9) size 8x39 [bgcolor=#C8C8C8]
            RenderInline {mi} at (0,0) size 7x25
              RenderText {#text} at (8,14) size 7x25
                text run at (8,14) width 7: "x"
            RenderBlock {div} at (15,9) size 32x32 [bgcolor=#00FF00]
            RenderBlock {mo} at (47,9) size 8x39 [bgcolor=#C8C8C8]
        RenderText {#text} at (288,16) size 4x19
          text run at (288,16) width 4: " "
        RenderBlock {math} at (292,0) size 50x48
          RenderBlock {mrow} at (1,0) size 48x48
            RenderBlock {mo} at (0,9) size 9x39 [bgcolor=#C8C8C8]
            RenderInline {mi} at (0,0) size 7x25
              RenderText {#text} at (9,14) size 7x25
                text run at (9,14) width 7: "x"
            RenderBlock {div} at (16,9) size 32x32 [bgcolor=#00FF00]
        RenderText {#text} at (0,0) size 0x0
      RenderBlock {p} at (0,197) size 765x78
        RenderText {#text} at (0,38) size 40x19
          text run at (0,38) width 40: "48px: "
        RenderBlock {math} at (40,0) size 81x78
          RenderBlock {mrow} at (1,0) size 79x78
            RenderBlock {mo} at (0,20) size 12x58 [bgcolor=#C8C8C8]
            RenderInline {mi} at (0,0) size 7x25
              RenderText {#text} at (12,36) size 7x25
                text run at (12,36) width 7: "x"
            RenderBlock {div} at (19,20) size 48x48 [bgcolor=#00FF00]
            RenderBlock {mo} at (67,20) size 12x58 [bgcolor=#C8C8C8]
        RenderText {#text} at (121,38) size 4x19
          text run at (121,38) width 4: " "
        RenderBlock {math} at (125,0) size 73x78
          RenderBlock {mrow} at (1,0) size 71x78
            RenderBlock {mo} at (0,20) size 8x58 [bgcolor=#C8C8C8]
            RenderInline {mi} at (0,0) size 7x25
              RenderText {#text} at (8,36) size 7x25
                text run at (8,36) width 7: "x"
            RenderBlock {div} at (15,20) size 48x48 [bgcolor=#00FF00]
            RenderBlock {mo} at (63,20) size 8x58 [bgcolor=#C8C8C8]
        RenderText {#text} at (198,38) size 4x19
          text run at (198,38) width 4: " "
        RenderBlock {math} at (202,0) size 73x78
          RenderBlock {mrow} at (1,0) size 71x78
            RenderBlock {mo} at (0,20) size 8x58 [bgcolor=#C8C8C8]
            RenderInline {mi} at (0,0) size 7x25
              RenderText {#text} at (8,36) size 7x25
                text run at (8,36) width 7: "x"
            RenderBlock {div} at (15,20) size 48x48 [bgcolor=#00FF00]
            RenderBlock {mo} at (63,20) size 8x58 [bgcolor=#C8C8C8]
        RenderText {#text} at (275,38) size 4x19
          text run at (275,38) width 4: " "
        RenderBlock {math} at (279,0) size 73x78
          RenderBlock {mrow} at (1,0) size 71x78
            RenderBlock {mo} at (0,20) size 8x58 [bgcolor=#C8C8C8]
            RenderInline {mi} at (0,0) size 7x25
              RenderText {#text} at (8,36) size 7x25
                text run at (8,36) width 7: "x"
            RenderBlock {div} at (15,20) size 48x48 [bgcolor=#00FF00]
            RenderBlock {mo} at (63,20) size 8x58 [bgcolor=#C8C8C8]
        RenderText {#text} at (352,38) size 4x19
          text run at (352,38) width 4: " "
        RenderBlock {math} at (356,0) size 66x78
          RenderBlock {mrow} at (1,0) size 64x78
            RenderBlock {mo} at (0,20) size 9x58 [bgcolor=#C8C8C8]
            RenderInline {mi} at (0,0) size 7x25
              RenderText {#text} at (9,36) size 7x25
                text run at (9,36) width 7: "x"
            RenderBlock {div} at (16,20) size 48x48 [bgcolor=#00FF00]
        RenderText {#text} at (0,0) size 0x0
      RenderBlock {p} at (0,291) size 765x213
        RenderText {#text} at (0,137) size 48x19
          text run at (0,137) width 48: "120px: "
        RenderBlock {math} at (48,0) size 81x213
          RenderBlock {mrow} at (1,0) size 79x213
            RenderBlock {mo} at (0,68) size 12x145 [bgcolor=#C8C8C8]
            RenderInline {mi} at (0,0) size 7x25
              RenderText {#text} at (12,135) size 7x25
                text run at (12,135) width 7: "x"
            RenderBlock {div} at (19,71) size 48x120 [bgcolor=#00FF00]
            RenderBlock {mo} at (67,68) size 12x145 [bgcolor=#C8C8C8]
        RenderText {#text} at (129,137) size 4x19
          text run at (129,137) width 4: " "
        RenderBlock {math} at (133,0) size 73x213
          RenderBlock {mrow} at (1,0) size 71x213
            RenderBlock {mo} at (0,68) size 8x145 [bgcolor=#C8C8C8]
            RenderInline {mi} at (0,0) size 7x25
              RenderText {#text} at (8,135) size 7x25
                text run at (8,135) width 7: "x"
            RenderBlock {div} at (15,71) size 48x120 [bgcolor=#00FF00]
            RenderBlock {mo} at (63,68) size 8x145 [bgcolor=#C8C8C8]
        RenderText {#text} at (206,137) size 4x19
          text run at (206,137) width 4: " "
        RenderBlock {math} at (210,0) size 73x213
          RenderBlock {mrow} at (1,0) size 71x213
            RenderBlock {mo} at (0,68) size 8x145 [bgcolor=#C8C8C8]
            RenderInline {mi} at (0,0) size 7x25
              RenderText {#text} at (8,135) size 7x25
                text run at (8,135) width 7: "x"
            RenderBlock {div} at (15,71) size 48x120 [bgcolor=#00FF00]
            RenderBlock {mo} at (63,68) size 8x145 [bgcolor=#C8C8C8]
        RenderText {#text} at (283,137) size 4x19
          text run at (283,137) width 4: " "
        RenderBlock {math} at (287,0) size 73x213
          RenderBlock {mrow} at (1,0) size 71x213
            RenderBlock {mo} at (0,68) size 8x145 [bgcolor=#C8C8C8]
            RenderInline {mi} at (0,0) size 7x25
              RenderText {#text} at (8,135) size 7x25
                text run at (8,135) width 7: "x"
            RenderBlock {div} at (15,71) size 48x120 [bgcolor=#00FF00]
            RenderBlock {mo} at (63,68) size 8x145 [bgcolor=#C8C8C8]
        RenderText {#text} at (360,137) size 4x19
          text run at (360,137) width 4: " "
        RenderBlock {math} at (364,0) size 66x213
          RenderBlock {mrow} at (1,0) size 64x213
            RenderBlock {mo} at (0,68) size 9x145 [bgcolor=#C8C8C8]
            RenderInline {mi} at (0,0) size 7x25
              RenderText {#text} at (9,135) size 7x25
                text run at (9,135) width 7: "x"
            RenderBlock {div} at (16,71) size 48x120 [bgcolor=#00FF00]
        RenderText {#text} at (0,0) size 0x0
      RenderBlock {p} at (0,520) size 765x63
        RenderBlock {math} at (0,0) size 160x63
          RenderBlock {mrow} at (1,0) size 158x63
            RenderBlock {mo} at (0,14) size 8x49 [bgcolor=#C8C8C8]
            RenderInline {mi} at (0,0) size 7x25
              RenderText {#text} at (8,25) size 7x25
                text run at (8,25) width 7: "x"
            RenderBlock {mo} at (15,29) size 5x16 [bgcolor=#C8C8C8]
              RenderBlock {mo} at (0,0) size 4x16
                RenderText {mo} at (0,-4) size 4x25
                  text run at (0,-4) width 4: ","
            RenderBlock {div} at (20,15) size 40x40 [bgcolor=#00FF00]
            RenderBlock {mo} at (60,29) size 5x16 [bgcolor=#C8C8C8]
              RenderBlock {mo} at (0,0) size 4x16
                RenderText {mo} at (0,-4) size 4x25
                  text run at (0,-4) width 4: ","
            RenderBlock {div} at (65,15) size 40x40 [bgcolor=#00FF00]
            RenderBlock {mo} at (105,29) size 5x16 [bgcolor=#C8C8C8]
              RenderBlock {mo} at (0,0) size 4x16
                RenderText {mo} at (0,-4) size 4x25
                  text run at (0,-4) width 4: ","
            RenderBlock {div} at (110,15) size 40x40 [bgcolor=#00FF00]
            RenderBlock {mo} at (150,14) size 8x49 [bgcolor=#C8C8C8]
        RenderText {#text} at (0,0) size 0x0
layer at (49,51) size 11x10 scrollHeight 15
  RenderBlock {mo} at (0,0) size 11x10
layer at (49,61) size 11x10 scrollHeight 14
  RenderBlock {mo} at (0,10) size 11x10
layer at (49,71) size 11x11 scrollHeight 14
  RenderBlock {mo} at (0,20) size 11x11
layer at (84,51) size 11x10 scrollHeight 15
  RenderBlock {mo} at (0,0) size 11x10
layer at (84,61) size 11x10 scrollHeight 14
  RenderBlock {mo} at (0,10) size 11x10
layer at (84,71) size 11x11 scrollHeight 14
  RenderBlock {mo} at (0,20) size 11x11
layer at (102,51) size 7x10 scrollHeight 15
  RenderBlock {mo} at (0,0) size 7x10
layer at (102,61) size 7x10 scrollHeight 14
  RenderBlock {mo} at (0,10) size 7x10
    RenderText {mo} at (0,-3) size 7x17
      text run at (0,-3) width 7: "\x{23A2}"
layer at (102,71) size 7x11 scrollHeight 14
  RenderBlock {mo} at (0,20) size 7x11
layer at (133,51) size 7x10 scrollHeight 15
  RenderBlock {mo} at (0,0) size 7x10
layer at (133,61) size 7x10 scrollHeight 14
  RenderBlock {mo} at (0,10) size 7x10
    RenderText {mo} at (0,-3) size 7x17
      text run at (0,-3) width 7: "\x{23A5}"
layer at (133,71) size 7x11 scrollHeight 14
  RenderBlock {mo} at (0,20) size 7x11
layer at (147,51) size 7x10 scrollHeight 15
  RenderBlock {mo} at (0,0) size 7x10
layer at (147,61) size 7x10 scrollHeight 14
  RenderBlock {mo} at (0,10) size 7x10
    RenderText {mo} at (0,-3) size 7x17
      text run at (0,-3) width 7: "\x{239C}"
layer at (147,71) size 7x11 scrollHeight 14
  RenderBlock {mo} at (0,20) size 7x11
layer at (178,51) size 7x10 scrollHeight 15
  RenderBlock {mo} at (0,0) size 7x10
layer at (178,61) size 7x10 scrollHeight 14
  RenderBlock {mo} at (0,10) size 7x10
    RenderText {mo} at (0,-3) size 7x17
      text run at (0,-3) width 7: "\x{239F}"
layer at (178,71) size 7x11 scrollHeight 14
  RenderBlock {mo} at (0,20) size 7x11
layer at (192,51) size 7x10 scrollHeight 15
  RenderBlock {mo} at (0,0) size 7x10
layer at (192,61) size 7x10 scrollHeight 14
  RenderBlock {mo} at (0,10) size 7x10
    RenderText {mo} at (0,-3) size 7x17
      text run at (0,-3) width 7: "\x{23D0}"
layer at (192,71) size 7x11 scrollHeight 14
  RenderBlock {mo} at (0,20) size 7x11
layer at (223,51) size 7x10 scrollHeight 15
  RenderBlock {mo} at (0,0) size 7x10
layer at (223,61) size 7x10 scrollHeight 14
  RenderBlock {mo} at (0,10) size 7x10
    RenderText {mo} at (0,-3) size 7x17
      text run at (0,-3) width 7: "\x{23D0}"
layer at (223,71) size 7x11 scrollHeight 14
  RenderBlock {mo} at (0,20) size 7x11
layer at (237,51) size 8x10 scrollHeight 15
  RenderBlock {mo} at (0,0) size 8x10
layer at (237,61) size 8x10 scrollHeight 14
  RenderBlock {mo} at (0,10) size 8x10
    RenderText {mo} at (0,-3) size 7x17
      text run at (0,-3) width 7: "\x{23AE}"
layer at (237,71) size 8x11 scrollHeight 14
  RenderBlock {mo} at (0,20) size 8x11
layer at (49,102) size 11x10 scrollHeight 15
  RenderBlock {mo} at (0,0) size 11x10
layer at (49,112) size 11x10 scrollHeight 14
  RenderBlock {mo} at (0,10) size 11x10
layer at (49,122) size 11x11 scrollHeight 14
  RenderBlock {mo} at (0,20) size 11x11
layer at (92,102) size 11x10 scrollHeight 15
  RenderBlock {mo} at (0,0) size 11x10
layer at (92,112) size 11x10 scrollHeight 14
  RenderBlock {mo} at (0,10) size 11x10
layer at (92,122) size 11x11 scrollHeight 14
  RenderBlock {mo} at (0,20) size 11x11
layer at (110,102) size 7x10 scrollHeight 15
  RenderBlock {mo} at (0,0) size 7x10
layer at (110,112) size 7x10 scrollHeight 14
  RenderBlock {mo} at (0,10) size 7x10
    RenderText {mo} at (0,-3) size 7x17
      text run at (0,-3) width 7: "\x{23A2}"
layer at (110,122) size 7x11 scrollHeight 14
  RenderBlock {mo} at (0,20) size 7x11
layer at (149,102) size 7x10 scrollHeight 15
  RenderBlock {mo} at (0,0) size 7x10
layer at (149,112) size 7x10 scrollHeight 14
  RenderBlock {mo} at (0,10) size 7x10
    RenderText {mo} at (0,-3) size 7x17
      text run at (0,-3) width 7: "\x{23A5}"
layer at (149,122) size 7x11 scrollHeight 14
  RenderBlock {mo} at (0,20) size 7x11
layer at (163,102) size 7x10 scrollHeight 15
  RenderBlock {mo} at (0,0) size 7x10
layer at (163,112) size 7x10 scrollHeight 14
  RenderBlock {mo} at (0,10) size 7x10
    RenderText {mo} at (0,-3) size 7x17
      text run at (0,-3) width 7: "\x{239C}"
layer at (163,122) size 7x11 scrollHeight 14
  RenderBlock {mo} at (0,20) size 7x11
layer at (202,102) size 7x10 scrollHeight 15
  RenderBlock {mo} at (0,0) size 7x10
layer at (202,112) size 7x10 scrollHeight 14
  RenderBlock {mo} at (0,10) size 7x10
    RenderText {mo} at (0,-3) size 7x17
      text run at (0,-3) width 7: "\x{239F}"
layer at (202,122) size 7x11 scrollHeight 14
  RenderBlock {mo} at (0,20) size 7x11
layer at (216,102) size 7x10 scrollHeight 15
  RenderBlock {mo} at (0,0) size 7x10
layer at (216,112) size 7x10 scrollHeight 14
  RenderBlock {mo} at (0,10) size 7x10
    RenderText {mo} at (0,-3) size 7x17
      text run at (0,-3) width 7: "\x{23D0}"
layer at (216,122) size 7x11 scrollHeight 14
  RenderBlock {mo} at (0,20) size 7x11
layer at (255,102) size 7x10 scrollHeight 15
  RenderBlock {mo} at (0,0) size 7x10
layer at (255,112) size 7x10 scrollHeight 14
  RenderBlock {mo} at (0,10) size 7x10
    RenderText {mo} at (0,-3) size 7x17
      text run at (0,-3) width 7: "\x{23D0}"
layer at (255,122) size 7x11 scrollHeight 14
  RenderBlock {mo} at (0,20) size 7x11
layer at (269,102) size 8x10 scrollHeight 15
  RenderBlock {mo} at (0,0) size 8x10
layer at (269,112) size 8x10 scrollHeight 14
  RenderBlock {mo} at (0,10) size 8x10
    RenderText {mo} at (0,-3) size 7x17
      text run at (0,-3) width 7: "\x{23AE}"
layer at (269,122) size 8x11 scrollHeight 14
  RenderBlock {mo} at (0,20) size 8x11
layer at (49,158) size 11x10 scrollHeight 15
  RenderBlock {mo} at (0,0) size 11x10
layer at (49,168) size 11x4 scrollHeight 14
  RenderBlock {mo} at (0,10) size 11x4
    RenderText {mo} at (0,-3) size 11x17
      text run at (0,-3) width 11: "\x{23AA}"
layer at (49,172) size 11x10 scrollHeight 14
  RenderBlock {mo} at (0,14) size 11x10
layer at (49,182) size 11x4 scrollHeight 14
  RenderBlock {mo} at (0,24) size 11x4
    RenderText {mo} at (0,-3) size 11x17
      text run at (0,-3) width 11: "\x{23AA}"
layer at (49,186) size 11x11 scrollHeight 14
  RenderBlock {mo} at (0,28) size 11x11
layer at (100,158) size 11x10 scrollHeight 15
  RenderBlock {mo} at (0,0) size 11x10
layer at (100,168) size 11x4 scrollHeight 14
  RenderBlock {mo} at (0,10) size 11x4
    RenderText {mo} at (0,-3) size 11x17
      text run at (0,-3) width 11: "\x{23AA}"
layer at (100,172) size 11x10 scrollHeight 14
  RenderBlock {mo} at (0,14) size 11x10
layer at (100,182) size 11x4 scrollHeight 14
  RenderBlock {mo} at (0,24) size 11x4
    RenderText {mo} at (0,-3) size 11x17
      text run at (0,-3) width 11: "\x{23AA}"
layer at (100,186) size 11x11 scrollHeight 14
  RenderBlock {mo} at (0,28) size 11x11
layer at (118,158) size 7x10 scrollHeight 15
  RenderBlock {mo} at (0,0) size 7x10
layer at (118,168) size 7x10 scrollHeight 14
  RenderBlock {mo} at (0,10) size 7x10
    RenderText {mo} at (0,-3) size 7x17
      text run at (0,-3) width 7: "\x{23A2}"
layer at (118,178) size 7x8 scrollHeight 14
  RenderBlock {mo} at (0,20) size 7x8
    RenderText {mo} at (0,-3) size 7x17
      text run at (0,-3) width 7: "\x{23A2}"
layer at (118,186) size 7x11 scrollHeight 14
  RenderBlock {mo} at (0,28) size 7x11
layer at (165,158) size 7x10 scrollHeight 15
  RenderBlock {mo} at (0,0) size 7x10
layer at (165,168) size 7x10 scrollHeight 14
  RenderBlock {mo} at (0,10) size 7x10
    RenderText {mo} at (0,-3) size 7x17
      text run at (0,-3) width 7: "\x{23A5}"
layer at (165,178) size 7x8 scrollHeight 14
  RenderBlock {mo} at (0,20) size 7x8
    RenderText {mo} at (0,-3) size 7x17
      text run at (0,-3) width 7: "\x{23A5}"
layer at (165,186) size 7x11 scrollHeight 14
  RenderBlock {mo} at (0,28) size 7x11
layer at (179,158) size 7x10 scrollHeight 15
  RenderBlock {mo} at (0,0) size 7x10
layer at (179,168) size 7x10 scrollHeight 14
  RenderBlock {mo} at (0,10) size 7x10
    RenderText {mo} at (0,-3) size 7x17
      text run at (0,-3) width 7: "\x{239C}"
layer at (179,178) size 7x8 scrollHeight 14
  RenderBlock {mo} at (0,20) size 7x8
    RenderText {mo} at (0,-3) size 7x17
      text run at (0,-3) width 7: "\x{239C}"
layer at (179,186) size 7x11 scrollHeight 14
  RenderBlock {mo} at (0,28) size 7x11
layer at (226,158) size 7x10 scrollHeight 15
  RenderBlock {mo} at (0,0) size 7x10
layer at (226,168) size 7x10 scrollHeight 14
  RenderBlock {mo} at (0,10) size 7x10
    RenderText {mo} at (0,-3) size 7x17
      text run at (0,-3) width 7: "\x{239F}"
layer at (226,178) size 7x8 scrollHeight 14
  RenderBlock {mo} at (0,20) size 7x8
    RenderText {mo} at (0,-3) size 7x17
      text run at (0,-3) width 7: "\x{239F}"
layer at (226,186) size 7x11 scrollHeight 14
  RenderBlock {mo} at (0,28) size 7x11
layer at (240,158) size 7x10 scrollHeight 15
  RenderBlock {mo} at (0,0) size 7x10
layer at (240,168) size 7x10 scrollHeight 14
  RenderBlock {mo} at (0,10) size 7x10
    RenderText {mo} at (0,-3) size 7x17
      text run at (0,-3) width 7: "\x{23D0}"
layer at (240,178) size 7x8 scrollHeight 14
  RenderBlock {mo} at (0,20) size 7x8
    RenderText {mo} at (0,-3) size 7x17
      text run at (0,-3) width 7: "\x{23D0}"
layer at (240,186) size 7x11 scrollHeight 14
  RenderBlock {mo} at (0,28) size 7x11
layer at (287,158) size 7x10 scrollHeight 15
  RenderBlock {mo} at (0,0) size 7x10
layer at (287,168) size 7x10 scrollHeight 14
  RenderBlock {mo} at (0,10) size 7x10
    RenderText {mo} at (0,-3) size 7x17
      text run at (0,-3) width 7: "\x{23D0}"
layer at (287,178) size 7x8 scrollHeight 14
  RenderBlock {mo} at (0,20) size 7x8
    RenderText {mo} at (0,-3) size 7x17
      text run at (0,-3) width 7: "\x{23D0}"
layer at (287,186) size 7x11 scrollHeight 14
  RenderBlock {mo} at (0,28) size 7x11
layer at (301,158) size 8x10 scrollHeight 15
  RenderBlock {mo} at (0,0) size 8x10
layer at (301,168) size 8x10 scrollHeight 14
  RenderBlock {mo} at (0,10) size 8x10
    RenderText {mo} at (0,-3) size 7x17
      text run at (0,-3) width 7: "\x{23AE}"
layer at (301,178) size 8x8 scrollHeight 14
  RenderBlock {mo} at (0,20) size 8x8
    RenderText {mo} at (0,-3) size 7x17
      text run at (0,-3) width 7: "\x{23AE}"
layer at (301,186) size 8x11 scrollHeight 14
  RenderBlock {mo} at (0,28) size 8x11
layer at (49,233) size 11x10 scrollHeight 15
  RenderBlock {mo} at (0,0) size 11x10
layer at (49,243) size 11x10 scrollHeight 14
  RenderBlock {mo} at (0,10) size 11x10
    RenderText {mo} at (0,-3) size 11x17
      text run at (0,-3) width 11: "\x{23AA}"
layer at (49,253) size 11x3 scrollHeight 14
  RenderBlock {mo} at (0,20) size 11x3
    RenderText {mo} at (0,-3) size 11x17
      text run at (0,-3) width 11: "\x{23AA}"
layer at (49,256) size 11x10 scrollHeight 14
  RenderBlock {mo} at (0,23) size 11x10
layer at (49,266) size 11x10 scrollHeight 14
  RenderBlock {mo} at (0,33) size 11x10
    RenderText {mo} at (0,-3) size 11x17
      text run at (0,-3) width 11: "\x{23AA}"
layer at (49,276) size 11x4 scrollHeight 14
  RenderBlock {mo} at (0,43) size 11x4
    RenderText {mo} at (0,-3) size 11x17
      text run at (0,-3) width 11: "\x{23AA}"
layer at (49,280) size 11x11 scrollHeight 14
  RenderBlock {mo} at (0,47) size 11x11
layer at (116,233) size 11x10 scrollHeight 15
  RenderBlock {mo} at (0,0) size 11x10
layer at (116,243) size 11x10 scrollHeight 14
  RenderBlock {mo} at (0,10) size 11x10
    RenderText {mo} at (0,-3) size 11x17
      text run at (0,-3) width 11: "\x{23AA}"
layer at (116,253) size 11x3 scrollHeight 14
  RenderBlock {mo} at (0,20) size 11x3
    RenderText {mo} at (0,-3) size 11x17
      text run at (0,-3) width 11: "\x{23AA}"
layer at (116,256) size 11x10 scrollHeight 14
  RenderBlock {mo} at (0,23) size 11x10
layer at (116,266) size 11x10 scrollHeight 14
  RenderBlock {mo} at (0,33) size 11x10
    RenderText {mo} at (0,-3) size 11x17
      text run at (0,-3) width 11: "\x{23AA}"
layer at (116,276) size 11x4 scrollHeight 14
  RenderBlock {mo} at (0,43) size 11x4
    RenderText {mo} at (0,-3) size 11x17
      text run at (0,-3) width 11: "\x{23AA}"
layer at (116,280) size 11x11 scrollHeight 14
  RenderBlock {mo} at (0,47) size 11x11
layer at (134,233) size 7x10 scrollHeight 15
  RenderBlock {mo} at (0,0) size 7x10
layer at (134,243) size 7x10 scrollHeight 14
  RenderBlock {mo} at (0,10) size 7x10
    RenderText {mo} at (0,-3) size 7x17
      text run at (0,-3) width 7: "\x{23A2}"
layer at (134,253) size 7x10 scrollHeight 14
  RenderBlock {mo} at (0,20) size 7x10
    RenderText {mo} at (0,-3) size 7x17
      text run at (0,-3) width 7: "\x{23A2}"
layer at (134,263) size 7x10 scrollHeight 14
  RenderBlock {mo} at (0,30) size 7x10
    RenderText {mo} at (0,-3) size 7x17
      text run at (0,-3) width 7: "\x{23A2}"
layer at (134,273) size 7x7 scrollHeight 14
  RenderBlock {mo} at (0,40) size 7x7
    RenderText {mo} at (0,-3) size 7x17
      text run at (0,-3) width 7: "\x{23A2}"
layer at (134,280) size 7x11 scrollHeight 14
  RenderBlock {mo} at (0,47) size 7x11
layer at (197,233) size 7x10 scrollHeight 15
  RenderBlock {mo} at (0,0) size 7x10
layer at (197,243) size 7x10 scrollHeight 14
  RenderBlock {mo} at (0,10) size 7x10
    RenderText {mo} at (0,-3) size 7x17
      text run at (0,-3) width 7: "\x{23A5}"
layer at (197,253) size 7x10 scrollHeight 14
  RenderBlock {mo} at (0,20) size 7x10
    RenderText {mo} at (0,-3) size 7x17
      text run at (0,-3) width 7: "\x{23A5}"
layer at (197,263) size 7x10 scrollHeight 14
  RenderBlock {mo} at (0,30) size 7x10
    RenderText {mo} at (0,-3) size 7x17
      text run at (0,-3) width 7: "\x{23A5}"
layer at (197,273) size 7x7 scrollHeight 14
  RenderBlock {mo} at (0,40) size 7x7
    RenderText {mo} at (0,-3) size 7x17
      text run at (0,-3) width 7: "\x{23A5}"
layer at (197,280) size 7x11 scrollHeight 14
  RenderBlock {mo} at (0,47) size 7x11
layer at (211,233) size 7x10 scrollHeight 15
  RenderBlock {mo} at (0,0) size 7x10
layer at (211,243) size 7x10 scrollHeight 14
  RenderBlock {mo} at (0,10) size 7x10
    RenderText {mo} at (0,-3) size 7x17
      text run at (0,-3) width 7: "\x{239C}"
layer at (211,253) size 7x10 scrollHeight 14
  RenderBlock {mo} at (0,20) size 7x10
    RenderText {mo} at (0,-3) size 7x17
      text run at (0,-3) width 7: "\x{239C}"
layer at (211,263) size 7x10 scrollHeight 14
  RenderBlock {mo} at (0,30) size 7x10
    RenderText {mo} at (0,-3) size 7x17
      text run at (0,-3) width 7: "\x{239C}"
layer at (211,273) size 7x7 scrollHeight 14
  RenderBlock {mo} at (0,40) size 7x7
    RenderText {mo} at (0,-3) size 7x17
      text run at (0,-3) width 7: "\x{239C}"
layer at (211,280) size 7x11 scrollHeight 14
  RenderBlock {mo} at (0,47) size 7x11
layer at (274,233) size 7x10 scrollHeight 15
  RenderBlock {mo} at (0,0) size 7x10
layer at (274,243) size 7x10 scrollHeight 14
  RenderBlock {mo} at (0,10) size 7x10
    RenderText {mo} at (0,-3) size 7x17
      text run at (0,-3) width 7: "\x{239F}"
layer at (274,253) size 7x10 scrollHeight 14
  RenderBlock {mo} at (0,20) size 7x10
    RenderText {mo} at (0,-3) size 7x17
      text run at (0,-3) width 7: "\x{239F}"
layer at (274,263) size 7x10 scrollHeight 14
  RenderBlock {mo} at (0,30) size 7x10
    RenderText {mo} at (0,-3) size 7x17
      text run at (0,-3) width 7: "\x{239F}"
layer at (274,273) size 7x7 scrollHeight 14
  RenderBlock {mo} at (0,40) size 7x7
    RenderText {mo} at (0,-3) size 7x17
      text run at (0,-3) width 7: "\x{239F}"
layer at (274,280) size 7x11 scrollHeight 14
  RenderBlock {mo} at (0,47) size 7x11
layer at (288,233) size 7x10 scrollHeight 15
  RenderBlock {mo} at (0,0) size 7x10
layer at (288,243) size 7x10 scrollHeight 14
  RenderBlock {mo} at (0,10) size 7x10
    RenderText {mo} at (0,-3) size 7x17
      text run at (0,-3) width 7: "\x{23D0}"
layer at (288,253) size 7x10 scrollHeight 14
  RenderBlock {mo} at (0,20) size 7x10
    RenderText {mo} at (0,-3) size 7x17
      text run at (0,-3) width 7: "\x{23D0}"
layer at (288,263) size 7x10 scrollHeight 14
  RenderBlock {mo} at (0,30) size 7x10
    RenderText {mo} at (0,-3) size 7x17
      text run at (0,-3) width 7: "\x{23D0}"
layer at (288,273) size 7x7 scrollHeight 14
  RenderBlock {mo} at (0,40) size 7x7
    RenderText {mo} at (0,-3) size 7x17
      text run at (0,-3) width 7: "\x{23D0}"
layer at (288,280) size 7x11 scrollHeight 14
  RenderBlock {mo} at (0,47) size 7x11
layer at (351,233) size 7x10 scrollHeight 15
  RenderBlock {mo} at (0,0) size 7x10
layer at (351,243) size 7x10 scrollHeight 14
  RenderBlock {mo} at (0,10) size 7x10
    RenderText {mo} at (0,-3) size 7x17
      text run at (0,-3) width 7: "\x{23D0}"
layer at (351,253) size 7x10 scrollHeight 14
  RenderBlock {mo} at (0,20) size 7x10
    RenderText {mo} at (0,-3) size 7x17
      text run at (0,-3) width 7: "\x{23D0}"
layer at (351,263) size 7x10 scrollHeight 14
  RenderBlock {mo} at (0,30) size 7x10
    RenderText {mo} at (0,-3) size 7x17
      text run at (0,-3) width 7: "\x{23D0}"
layer at (351,273) size 7x7 scrollHeight 14
  RenderBlock {mo} at (0,40) size 7x7
    RenderText {mo} at (0,-3) size 7x17
      text run at (0,-3) width 7: "\x{23D0}"
layer at (351,280) size 7x11 scrollHeight 14
  RenderBlock {mo} at (0,47) size 7x11
layer at (365,233) size 8x10 scrollHeight 15
  RenderBlock {mo} at (0,0) size 8x10
layer at (365,243) size 8x10 scrollHeight 14
  RenderBlock {mo} at (0,10) size 8x10
    RenderText {mo} at (0,-3) size 7x17
      text run at (0,-3) width 7: "\x{23AE}"
layer at (365,253) size 8x10 scrollHeight 14
  RenderBlock {mo} at (0,20) size 8x10
    RenderText {mo} at (0,-3) size 7x17
      text run at (0,-3) width 7: "\x{23AE}"
layer at (365,263) size 8x10 scrollHeight 14
  RenderBlock {mo} at (0,30) size 8x10
    RenderText {mo} at (0,-3) size 7x17
      text run at (0,-3) width 7: "\x{23AE}"
layer at (365,273) size 8x7 scrollHeight 14
  RenderBlock {mo} at (0,40) size 8x7
    RenderText {mo} at (0,-3) size 7x17
      text run at (0,-3) width 7: "\x{23AE}"
layer at (365,280) size 8x11 scrollHeight 14
  RenderBlock {mo} at (0,47) size 8x11
layer at (57,375) size 11x10 scrollHeight 15
  RenderBlock {mo} at (0,0) size 11x10
layer at (57,385) size 11x10 scrollHeight 14
  RenderBlock {mo} at (0,10) size 11x10
    RenderText {mo} at (0,-3) size 11x17
      text run at (0,-3) width 11: "\x{23AA}"
layer at (57,395) size 11x10 scrollHeight 14
  RenderBlock {mo} at (0,20) size 11x10
    RenderText {mo} at (0,-3) size 11x17
      text run at (0,-3) width 11: "\x{23AA}"
layer at (57,405) size 11x10 scrollHeight 14
  RenderBlock {mo} at (0,30) size 11x10
    RenderText {mo} at (0,-3) size 11x17
      text run at (0,-3) width 11: "\x{23AA}"
layer at (57,415) size 11x10 scrollHeight 14
  RenderBlock {mo} at (0,40) size 11x10
    RenderText {mo} at (0,-3) size 11x17
      text run at (0,-3) width 11: "\x{23AA}"
layer at (57,425) size 11x10 scrollHeight 14
  RenderBlock {mo} at (0,50) size 11x10
    RenderText {mo} at (0,-3) size 11x17
      text run at (0,-3) width 11: "\x{23AA}"
layer at (57,435) size 11x7 scrollHeight 14
  RenderBlock {mo} at (0,60) size 11x7
    RenderText {mo} at (0,-3) size 11x17
      text run at (0,-3) width 11: "\x{23AA}"
layer at (57,442) size 11x10 scrollHeight 14
  RenderBlock {mo} at (0,67) size 11x10
layer at (57,452) size 11x10 scrollHeight 14
  RenderBlock {mo} at (0,77) size 11x10
    RenderText {mo} at (0,-3) size 11x17
      text run at (0,-3) width 11: "\x{23AA}"
layer at (57,462) size 11x10 scrollHeight 14
  RenderBlock {mo} at (0,87) size 11x10
    RenderText {mo} at (0,-3) size 11x17
      text run at (0,-3) width 11: "\x{23AA}"
layer at (57,472) size 11x10 scrollHeight 14
  RenderBlock {mo} at (0,97) size 11x10
    RenderText {mo} at (0,-3) size 11x17
      text run at (0,-3) width 11: "\x{23AA}"
layer at (57,482) size 11x10 scrollHeight 14
  RenderBlock {mo} at (0,107) size 11x10
    RenderText {mo} at (0,-3) size 11x17
      text run at (0,-3) width 11: "\x{23AA}"
layer at (57,492) size 11x10 scrollHeight 14
  RenderBlock {mo} at (0,117) size 11x10
    RenderText {mo} at (0,-3) size 11x17
      text run at (0,-3) width 11: "\x{23AA}"
layer at (57,502) size 11x7 scrollHeight 14
  RenderBlock {mo} at (0,127) size 11x7
    RenderText {mo} at (0,-3) size 11x17
      text run at (0,-3) width 11: "\x{23AA}"
layer at (57,509) size 11x11 scrollHeight 14
  RenderBlock {mo} at (0,134) size 11x11
layer at (124,375) size 11x10 scrollHeight 15
  RenderBlock {mo} at (0,0) size 11x10
layer at (124,385) size 11x10 scrollHeight 14
  RenderBlock {mo} at (0,10) size 11x10
    RenderText {mo} at (0,-3) size 11x17
      text run at (0,-3) width 11: "\x{23AA}"
layer at (124,395) size 11x10 scrollHeight 14
  RenderBlock {mo} at (0,20) size 11x10
    RenderText {mo} at (0,-3) size 11x17
      text run at (0,-3) width 11: "\x{23AA}"
layer at (124,405) size 11x10 scrollHeight 14
  RenderBlock {mo} at (0,30) size 11x10
    RenderText {mo} at (0,-3) size 11x17
      text run at (0,-3) width 11: "\x{23AA}"
layer at (124,415) size 11x10 scrollHeight 14
  RenderBlock {mo} at (0,40) size 11x10
    RenderText {mo} at (0,-3) size 11x17
      text run at (0,-3) width 11: "\x{23AA}"
layer at (124,425) size 11x10 scrollHeight 14
  RenderBlock {mo} at (0,50) size 11x10
    RenderText {mo} at (0,-3) size 11x17
      text run at (0,-3) width 11: "\x{23AA}"
layer at (124,435) size 11x7 scrollHeight 14
  RenderBlock {mo} at (0,60) size 11x7
    RenderText {mo} at (0,-3) size 11x17
      text run at (0,-3) width 11: "\x{23AA}"
layer at (124,442) size 11x10 scrollHeight 14
  RenderBlock {mo} at (0,67) size 11x10
layer at (124,452) size 11x10 scrollHeight 14
  RenderBlock {mo} at (0,77) size 11x10
    RenderText {mo} at (0,-3) size 11x17
      text run at (0,-3) width 11: "\x{23AA}"
layer at (124,462) size 11x10 scrollHeight 14
  RenderBlock {mo} at (0,87) size 11x10
    RenderText {mo} at (0,-3) size 11x17
      text run at (0,-3) width 11: "\x{23AA}"
layer at (124,472) size 11x10 scrollHeight 14
  RenderBlock {mo} at (0,97) size 11x10
    RenderText {mo} at (0,-3) size 11x17
      text run at (0,-3) width 11: "\x{23AA}"
layer at (124,482) size 11x10 scrollHeight 14
  RenderBlock {mo} at (0,107) size 11x10
    RenderText {mo} at (0,-3) size 11x17
      text run at (0,-3) width 11: "\x{23AA}"
layer at (124,492) size 11x10 scrollHeight 14
  RenderBlock {mo} at (0,117) size 11x10
    RenderText {mo} at (0,-3) size 11x17
      text run at (0,-3) width 11: "\x{23AA}"
layer at (124,502) size 11x7 scrollHeight 14
  RenderBlock {mo} at (0,127) size 11x7
    RenderText {mo} at (0,-3) size 11x17
      text run at (0,-3) width 11: "\x{23AA}"
layer at (124,509) size 11x11 scrollHeight 14
  RenderBlock {mo} at (0,134) size 11x11
layer at (142,375) size 7x10 scrollHeight 15
  RenderBlock {mo} at (0,0) size 7x10
layer at (142,385) size 7x10 scrollHeight 14
  RenderBlock {mo} at (0,10) size 7x10
    RenderText {mo} at (0,-3) size 7x17
      text run at (0,-3) width 7: "\x{23A2}"
layer at (142,395) size 7x10 scrollHeight 14
  RenderBlock {mo} at (0,20) size 7x10
    RenderText {mo} at (0,-3) size 7x17
      text run at (0,-3) width 7: "\x{23A2}"
layer at (142,405) size 7x10 scrollHeight 14
  RenderBlock {mo} at (0,30) size 7x10
    RenderText {mo} at (0,-3) size 7x17
      text run at (0,-3) width 7: "\x{23A2}"
layer at (142,415) size 7x10 scrollHeight 14
  RenderBlock {mo} at (0,40) size 7x10
    RenderText {mo} at (0,-3) size 7x17
      text run at (0,-3) width 7: "\x{23A2}"
layer at (142,425) size 7x10 scrollHeight 14
  RenderBlock {mo} at (0,50) size 7x10
    RenderText {mo} at (0,-3) size 7x17
      text run at (0,-3) width 7: "\x{23A2}"
layer at (142,435) size 7x10 scrollHeight 14
  RenderBlock {mo} at (0,60) size 7x10
    RenderText {mo} at (0,-3) size 7x17
      text run at (0,-3) width 7: "\x{23A2}"
layer at (142,445) size 7x10 scrollHeight 14
  RenderBlock {mo} at (0,70) size 7x10
    RenderText {mo} at (0,-3) size 7x17
      text run at (0,-3) width 7: "\x{23A2}"
layer at (142,455) size 7x10 scrollHeight 14
  RenderBlock {mo} at (0,80) size 7x10
    RenderText {mo} at (0,-3) size 7x17
      text run at (0,-3) width 7: "\x{23A2}"
layer at (142,465) size 7x10 scrollHeight 14
  RenderBlock {mo} at (0,90) size 7x10
    RenderText {mo} at (0,-3) size 7x17
      text run at (0,-3) width 7: "\x{23A2}"
layer at (142,475) size 7x10 scrollHeight 14
  RenderBlock {mo} at (0,100) size 7x10
    RenderText {mo} at (0,-3) size 7x17
      text run at (0,-3) width 7: "\x{23A2}"
layer at (142,485) size 7x10 scrollHeight 14
  RenderBlock {mo} at (0,110) size 7x10
    RenderText {mo} at (0,-3) size 7x17
      text run at (0,-3) width 7: "\x{23A2}"
layer at (142,495) size 7x10 scrollHeight 14
  RenderBlock {mo} at (0,120) size 7x10
    RenderText {mo} at (0,-3) size 7x17
      text run at (0,-3) width 7: "\x{23A2}"
layer at (142,505) size 7x4 scrollHeight 14
  RenderBlock {mo} at (0,130) size 7x4
    RenderText {mo} at (0,-3) size 7x17
      text run at (0,-3) width 7: "\x{23A2}"
layer at (142,509) size 7x11 scrollHeight 14
  RenderBlock {mo} at (0,134) size 7x11
layer at (205,375) size 7x10 scrollHeight 15
  RenderBlock {mo} at (0,0) size 7x10
layer at (205,385) size 7x10 scrollHeight 14
  RenderBlock {mo} at (0,10) size 7x10
    RenderText {mo} at (0,-3) size 7x17
      text run at (0,-3) width 7: "\x{23A5}"
layer at (205,395) size 7x10 scrollHeight 14
  RenderBlock {mo} at (0,20) size 7x10
    RenderText {mo} at (0,-3) size 7x17
      text run at (0,-3) width 7: "\x{23A5}"
layer at (205,405) size 7x10 scrollHeight 14
  RenderBlock {mo} at (0,30) size 7x10
    RenderText {mo} at (0,-3) size 7x17
      text run at (0,-3) width 7: "\x{23A5}"
layer at (205,415) size 7x10 scrollHeight 14
  RenderBlock {mo} at (0,40) size 7x10
    RenderText {mo} at (0,-3) size 7x17
      text run at (0,-3) width 7: "\x{23A5}"
layer at (205,425) size 7x10 scrollHeight 14
  RenderBlock {mo} at (0,50) size 7x10
    RenderText {mo} at (0,-3) size 7x17
      text run at (0,-3) width 7: "\x{23A5}"
layer at (205,435) size 7x10 scrollHeight 14
  RenderBlock {mo} at (0,60) size 7x10
    RenderText {mo} at (0,-3) size 7x17
      text run at (0,-3) width 7: "\x{23A5}"
layer at (205,445) size 7x10 scrollHeight 14
  RenderBlock {mo} at (0,70) size 7x10
    RenderText {mo} at (0,-3) size 7x17
      text run at (0,-3) width 7: "\x{23A5}"
layer at (205,455) size 7x10 scrollHeight 14
  RenderBlock {mo} at (0,80) size 7x10
    RenderText {mo} at (0,-3) size 7x17
      text run at (0,-3) width 7: "\x{23A5}"
layer at (205,465) size 7x10 scrollHeight 14
  RenderBlock {mo} at (0,90) size 7x10
    RenderText {mo} at (0,-3) size 7x17
      text run at (0,-3) width 7: "\x{23A5}"
layer at (205,475) size 7x10 scrollHeight 14
  RenderBlock {mo} at (0,100) size 7x10
    RenderText {mo} at (0,-3) size 7x17
      text run at (0,-3) width 7: "\x{23A5}"
layer at (205,485) size 7x10 scrollHeight 14
  RenderBlock {mo} at (0,110) size 7x10
    RenderText {mo} at (0,-3) size 7x17
      text run at (0,-3) width 7: "\x{23A5}"
layer at (205,495) size 7x10 scrollHeight 14
  RenderBlock {mo} at (0,120) size 7x10
    RenderText {mo} at (0,-3) size 7x17
      text run at (0,-3) width 7: "\x{23A5}"
layer at (205,505) size 7x4 scrollHeight 14
  RenderBlock {mo} at (0,130) size 7x4
    RenderText {mo} at (0,-3) size 7x17
      text run at (0,-3) width 7: "\x{23A5}"
layer at (205,509) size 7x11 scrollHeight 14
  RenderBlock {mo} at (0,134) size 7x11
layer at (219,375) size 7x10 scrollHeight 15
  RenderBlock {mo} at (0,0) size 7x10
layer at (219,385) size 7x10 scrollHeight 14
  RenderBlock {mo} at (0,10) size 7x10
    RenderText {mo} at (0,-3) size 7x17
      text run at (0,-3) width 7: "\x{239C}"
layer at (219,395) size 7x10 scrollHeight 14
  RenderBlock {mo} at (0,20) size 7x10
    RenderText {mo} at (0,-3) size 7x17
      text run at (0,-3) width 7: "\x{239C}"
layer at (219,405) size 7x10 scrollHeight 14
  RenderBlock {mo} at (0,30) size 7x10
    RenderText {mo} at (0,-3) size 7x17
      text run at (0,-3) width 7: "\x{239C}"
layer at (219,415) size 7x10 scrollHeight 14
  RenderBlock {mo} at (0,40) size 7x10
    RenderText {mo} at (0,-3) size 7x17
      text run at (0,-3) width 7: "\x{239C}"
layer at (219,425) size 7x10 scrollHeight 14
  RenderBlock {mo} at (0,50) size 7x10
    RenderText {mo} at (0,-3) size 7x17
      text run at (0,-3) width 7: "\x{239C}"
layer at (219,435) size 7x10 scrollHeight 14
  RenderBlock {mo} at (0,60) size 7x10
    RenderText {mo} at (0,-3) size 7x17
      text run at (0,-3) width 7: "\x{239C}"
layer at (219,445) size 7x10 scrollHeight 14
  RenderBlock {mo} at (0,70) size 7x10
    RenderText {mo} at (0,-3) size 7x17
      text run at (0,-3) width 7: "\x{239C}"
layer at (219,455) size 7x10 scrollHeight 14
  RenderBlock {mo} at (0,80) size 7x10
    RenderText {mo} at (0,-3) size 7x17
      text run at (0,-3) width 7: "\x{239C}"
layer at (219,465) size 7x10 scrollHeight 14
  RenderBlock {mo} at (0,90) size 7x10
    RenderText {mo} at (0,-3) size 7x17
      text run at (0,-3) width 7: "\x{239C}"
layer at (219,475) size 7x10 scrollHeight 14
  RenderBlock {mo} at (0,100) size 7x10
    RenderText {mo} at (0,-3) size 7x17
      text run at (0,-3) width 7: "\x{239C}"
layer at (219,485) size 7x10 scrollHeight 14
  RenderBlock {mo} at (0,110) size 7x10
    RenderText {mo} at (0,-3) size 7x17
      text run at (0,-3) width 7: "\x{239C}"
layer at (219,495) size 7x10 scrollHeight 14
  RenderBlock {mo} at (0,120) size 7x10
    RenderText {mo} at (0,-3) size 7x17
      text run at (0,-3) width 7: "\x{239C}"
layer at (219,505) size 7x4 scrollHeight 14
  RenderBlock {mo} at (0,130) size 7x4
    RenderText {mo} at (0,-3) size 7x17
      text run at (0,-3) width 7: "\x{239C}"
layer at (219,509) size 7x11 scrollHeight 14
  RenderBlock {mo} at (0,134) size 7x11
layer at (282,375) size 7x10 scrollHeight 15
  RenderBlock {mo} at (0,0) size 7x10
layer at (282,385) size 7x10 scrollHeight 14
  RenderBlock {mo} at (0,10) size 7x10
    RenderText {mo} at (0,-3) size 7x17
      text run at (0,-3) width 7: "\x{239F}"
layer at (282,395) size 7x10 scrollHeight 14
  RenderBlock {mo} at (0,20) size 7x10
    RenderText {mo} at (0,-3) size 7x17
      text run at (0,-3) width 7: "\x{239F}"
layer at (282,405) size 7x10 scrollHeight 14
  RenderBlock {mo} at (0,30) size 7x10
    RenderText {mo} at (0,-3) size 7x17
      text run at (0,-3) width 7: "\x{239F}"
layer at (282,415) size 7x10 scrollHeight 14
  RenderBlock {mo} at (0,40) size 7x10
    RenderText {mo} at (0,-3) size 7x17
      text run at (0,-3) width 7: "\x{239F}"
layer at (282,425) size 7x10 scrollHeight 14
  RenderBlock {mo} at (0,50) size 7x10
    RenderText {mo} at (0,-3) size 7x17
      text run at (0,-3) width 7: "\x{239F}"
layer at (282,435) size 7x10 scrollHeight 14
  RenderBlock {mo} at (0,60) size 7x10
    RenderText {mo} at (0,-3) size 7x17
      text run at (0,-3) width 7: "\x{239F}"
layer at (282,445) size 7x10 scrollHeight 14
  RenderBlock {mo} at (0,70) size 7x10
    RenderText {mo} at (0,-3) size 7x17
      text run at (0,-3) width 7: "\x{239F}"
layer at (282,455) size 7x10 scrollHeight 14
  RenderBlock {mo} at (0,80) size 7x10
    RenderText {mo} at (0,-3) size 7x17
      text run at (0,-3) width 7: "\x{239F}"
layer at (282,465) size 7x10 scrollHeight 14
  RenderBlock {mo} at (0,90) size 7x10
    RenderText {mo} at (0,-3) size 7x17
      text run at (0,-3) width 7: "\x{239F}"
layer at (282,475) size 7x10 scrollHeight 14
  RenderBlock {mo} at (0,100) size 7x10
    RenderText {mo} at (0,-3) size 7x17
      text run at (0,-3) width 7: "\x{239F}"
layer at (282,485) size 7x10 scrollHeight 14
  RenderBlock {mo} at (0,110) size 7x10
    RenderText {mo} at (0,-3) size 7x17
      text run at (0,-3) width 7: "\x{239F}"
layer at (282,495) size 7x10 scrollHeight 14
  RenderBlock {mo} at (0,120) size 7x10
    RenderText {mo} at (0,-3) size 7x17
      text run at (0,-3) width 7: "\x{239F}"
layer at (282,505) size 7x4 scrollHeight 14
  RenderBlock {mo} at (0,130) size 7x4
    RenderText {mo} at (0,-3) size 7x17
      text run at (0,-3) width 7: "\x{239F}"
layer at (282,509) size 7x11 scrollHeight 14
  RenderBlock {mo} at (0,134) size 7x11
layer at (296,375) size 7x10 scrollHeight 15
  RenderBlock {mo} at (0,0) size 7x10
layer at (296,385) size 7x10 scrollHeight 14
  RenderBlock {mo} at (0,10) size 7x10
    RenderText {mo} at (0,-3) size 7x17
      text run at (0,-3) width 7: "\x{23D0}"
layer at (296,395) size 7x10 scrollHeight 14
  RenderBlock {mo} at (0,20) size 7x10
    RenderText {mo} at (0,-3) size 7x17
      text run at (0,-3) width 7: "\x{23D0}"
layer at (296,405) size 7x10 scrollHeight 14
  RenderBlock {mo} at (0,30) size 7x10
    RenderText {mo} at (0,-3) size 7x17
      text run at (0,-3) width 7: "\x{23D0}"
layer at (296,415) size 7x10 scrollHeight 14
  RenderBlock {mo} at (0,40) size 7x10
    RenderText {mo} at (0,-3) size 7x17
      text run at (0,-3) width 7: "\x{23D0}"
layer at (296,425) size 7x10 scrollHeight 14
  RenderBlock {mo} at (0,50) size 7x10
    RenderText {mo} at (0,-3) size 7x17
      text run at (0,-3) width 7: "\x{23D0}"
layer at (296,435) size 7x10 scrollHeight 14
  RenderBlock {mo} at (0,60) size 7x10
    RenderText {mo} at (0,-3) size 7x17
      text run at (0,-3) width 7: "\x{23D0}"
layer at (296,445) size 7x10 scrollHeight 14
  RenderBlock {mo} at (0,70) size 7x10
    RenderText {mo} at (0,-3) size 7x17
      text run at (0,-3) width 7: "\x{23D0}"
layer at (296,455) size 7x10 scrollHeight 14
  RenderBlock {mo} at (0,80) size 7x10
    RenderText {mo} at (0,-3) size 7x17
      text run at (0,-3) width 7: "\x{23D0}"
layer at (296,465) size 7x10 scrollHeight 14
  RenderBlock {mo} at (0,90) size 7x10
    RenderText {mo} at (0,-3) size 7x17
      text run at (0,-3) width 7: "\x{23D0}"
layer at (296,475) size 7x10 scrollHeight 14
  RenderBlock {mo} at (0,100) size 7x10
    RenderText {mo} at (0,-3) size 7x17
      text run at (0,-3) width 7: "\x{23D0}"
layer at (296,485) size 7x10 scrollHeight 14
  RenderBlock {mo} at (0,110) size 7x10
    RenderText {mo} at (0,-3) size 7x17
      text run at (0,-3) width 7: "\x{23D0}"
layer at (296,495) size 7x10 scrollHeight 14
  RenderBlock {mo} at (0,120) size 7x10
    RenderText {mo} at (0,-3) size 7x17
      text run at (0,-3) width 7: "\x{23D0}"
layer at (296,505) size 7x4 scrollHeight 14
  RenderBlock {mo} at (0,130) size 7x4
    RenderText {mo} at (0,-3) size 7x17
      text run at (0,-3) width 7: "\x{23D0}"
layer at (296,509) size 7x11 scrollHeight 14
  RenderBlock {mo} at (0,134) size 7x11
layer at (359,375) size 7x10 scrollHeight 15
  RenderBlock {mo} at (0,0) size 7x10
layer at (359,385) size 7x10 scrollHeight 14
  RenderBlock {mo} at (0,10) size 7x10
    RenderText {mo} at (0,-3) size 7x17
      text run at (0,-3) width 7: "\x{23D0}"
layer at (359,395) size 7x10 scrollHeight 14
  RenderBlock {mo} at (0,20) size 7x10
    RenderText {mo} at (0,-3) size 7x17
      text run at (0,-3) width 7: "\x{23D0}"
layer at (359,405) size 7x10 scrollHeight 14
  RenderBlock {mo} at (0,30) size 7x10
    RenderText {mo} at (0,-3) size 7x17
      text run at (0,-3) width 7: "\x{23D0}"
layer at (359,415) size 7x10 scrollHeight 14
  RenderBlock {mo} at (0,40) size 7x10
    RenderText {mo} at (0,-3) size 7x17
      text run at (0,-3) width 7: "\x{23D0}"
layer at (359,425) size 7x10 scrollHeight 14
  RenderBlock {mo} at (0,50) size 7x10
    RenderText {mo} at (0,-3) size 7x17
      text run at (0,-3) width 7: "\x{23D0}"
layer at (359,435) size 7x10 scrollHeight 14
  RenderBlock {mo} at (0,60) size 7x10
    RenderText {mo} at (0,-3) size 7x17
      text run at (0,-3) width 7: "\x{23D0}"
layer at (359,445) size 7x10 scrollHeight 14
  RenderBlock {mo} at (0,70) size 7x10
    RenderText {mo} at (0,-3) size 7x17
      text run at (0,-3) width 7: "\x{23D0}"
layer at (359,455) size 7x10 scrollHeight 14
  RenderBlock {mo} at (0,80) size 7x10
    RenderText {mo} at (0,-3) size 7x17
      text run at (0,-3) width 7: "\x{23D0}"
layer at (359,465) size 7x10 scrollHeight 14
  RenderBlock {mo} at (0,90) size 7x10
    RenderText {mo} at (0,-3) size 7x17
      text run at (0,-3) width 7: "\x{23D0}"
layer at (359,475) size 7x10 scrollHeight 14
  RenderBlock {mo} at (0,100) size 7x10
    RenderText {mo} at (0,-3) size 7x17
      text run at (0,-3) width 7: "\x{23D0}"
layer at (359,485) size 7x10 scrollHeight 14
  RenderBlock {mo} at (0,110) size 7x10
    RenderText {mo} at (0,-3) size 7x17
      text run at (0,-3) width 7: "\x{23D0}"
layer at (359,495) size 7x10 scrollHeight 14
  RenderBlock {mo} at (0,120) size 7x10
    RenderText {mo} at (0,-3) size 7x17
      text run at (0,-3) width 7: "\x{23D0}"
layer at (359,505) size 7x4 scrollHeight 14
  RenderBlock {mo} at (0,130) size 7x4
    RenderText {mo} at (0,-3) size 7x17
      text run at (0,-3) width 7: "\x{23D0}"
layer at (359,509) size 7x11 scrollHeight 14
  RenderBlock {mo} at (0,134) size 7x11
layer at (373,375) size 8x10 scrollHeight 15
  RenderBlock {mo} at (0,0) size 8x10
layer at (373,385) size 8x10 scrollHeight 14
  RenderBlock {mo} at (0,10) size 8x10
    RenderText {mo} at (0,-3) size 7x17
      text run at (0,-3) width 7: "\x{23AE}"
layer at (373,395) size 8x10 scrollHeight 14
  RenderBlock {mo} at (0,20) size 8x10
    RenderText {mo} at (0,-3) size 7x17
      text run at (0,-3) width 7: "\x{23AE}"
layer at (373,405) size 8x10 scrollHeight 14
  RenderBlock {mo} at (0,30) size 8x10
    RenderText {mo} at (0,-3) size 7x17
      text run at (0,-3) width 7: "\x{23AE}"
layer at (373,415) size 8x10 scrollHeight 14
  RenderBlock {mo} at (0,40) size 8x10
    RenderText {mo} at (0,-3) size 7x17
      text run at (0,-3) width 7: "\x{23AE}"
layer at (373,425) size 8x10 scrollHeight 14
  RenderBlock {mo} at (0,50) size 8x10
    RenderText {mo} at (0,-3) size 7x17
      text run at (0,-3) width 7: "\x{23AE}"
layer at (373,435) size 8x10 scrollHeight 14
  RenderBlock {mo} at (0,60) size 8x10
    RenderText {mo} at (0,-3) size 7x17
      text run at (0,-3) width 7: "\x{23AE}"
layer at (373,445) size 8x10 scrollHeight 14
  RenderBlock {mo} at (0,70) size 8x10
    RenderText {mo} at (0,-3) size 7x17
      text run at (0,-3) width 7: "\x{23AE}"
layer at (373,455) size 8x10 scrollHeight 14
  RenderBlock {mo} at (0,80) size 8x10
    RenderText {mo} at (0,-3) size 7x17
      text run at (0,-3) width 7: "\x{23AE}"
layer at (373,465) size 8x10 scrollHeight 14
  RenderBlock {mo} at (0,90) size 8x10
    RenderText {mo} at (0,-3) size 7x17
      text run at (0,-3) width 7: "\x{23AE}"
layer at (373,475) size 8x10 scrollHeight 14
  RenderBlock {mo} at (0,100) size 8x10
    RenderText {mo} at (0,-3) size 7x17
      text run at (0,-3) width 7: "\x{23AE}"
layer at (373,485) size 8x10 scrollHeight 14
  RenderBlock {mo} at (0,110) size 8x10
    RenderText {mo} at (0,-3) size 7x17
      text run at (0,-3) width 7: "\x{23AE}"
layer at (373,495) size 8x10 scrollHeight 14
  RenderBlock {mo} at (0,120) size 8x10
    RenderText {mo} at (0,-3) size 7x17
      text run at (0,-3) width 7: "\x{23AE}"
layer at (373,505) size 8x4 scrollHeight 14
  RenderBlock {mo} at (0,130) size 8x4
    RenderText {mo} at (0,-3) size 7x17
      text run at (0,-3) width 7: "\x{23AE}"
layer at (373,509) size 8x11 scrollHeight 14
  RenderBlock {mo} at (0,134) size 8x11
layer at (9,550) size 7x10 scrollHeight 15
  RenderBlock {mo} at (0,0) size 7x10
layer at (9,560) size 7x10 scrollHeight 14
  RenderBlock {mo} at (0,10) size 7x10
    RenderText {mo} at (0,-3) size 7x17
      text run at (0,-3) width 7: "\x{239C}"
layer at (9,570) size 7x10 scrollHeight 14
  RenderBlock {mo} at (0,20) size 7x10
    RenderText {mo} at (0,-3) size 7x17
      text run at (0,-3) width 7: "\x{239C}"
layer at (9,580) size 7x8 scrollHeight 14
  RenderBlock {mo} at (0,30) size 7x8
    RenderText {mo} at (0,-3) size 7x17
      text run at (0,-3) width 7: "\x{239C}"
layer at (9,588) size 7x11 scrollHeight 14
  RenderBlock {mo} at (0,38) size 7x11
layer at (159,550) size 7x10 scrollHeight 15
  RenderBlock {mo} at (0,0) size 7x10
layer at (159,560) size 7x10 scrollHeight 14
  RenderBlock {mo} at (0,10) size 7x10
    RenderText {mo} at (0,-3) size 7x17
      text run at (0,-3) width 7: "\x{239F}"
layer at (159,570) size 7x10 scrollHeight 14
  RenderBlock {mo} at (0,20) size 7x10
    RenderText {mo} at (0,-3) size 7x17
      text run at (0,-3) width 7: "\x{239F}"
layer at (159,580) size 7x8 scrollHeight 14
  RenderBlock {mo} at (0,30) size 7x8
    RenderText {mo} at (0,-3) size 7x17
      text run at (0,-3) width 7: "\x{239F}"
layer at (159,588) size 7x11 scrollHeight 14
  RenderBlock {mo} at (0,38) size 7x11
layer at (49,52) size 11x14 backgroundClip at (49,51) size 11x10 clip at (49,51) size 11x10 outlineClip at (49,51) size 11x10
  RenderBlock (relative positioned) {mo} at (0,0) size 11x11
    RenderText {mo} at (0,-3) size 11x17
      text run at (0,-3) width 11: "\x{23A7}"
layer at (49,60) size 11x14 backgroundClip at (49,61) size 11x10 clip at (49,61) size 11x10 outlineClip at (49,61) size 11x10
  RenderBlock (relative positioned) {mo} at (0,0) size 11x11
    RenderText {mo} at (0,-3) size 11x17
      text run at (0,-3) width 11: "\x{23A8}"
layer at (49,68) size 11x14 backgroundClip at (49,71) size 11x11 clip at (49,71) size 11x11 outlineClip at (49,71) size 11x11
  RenderBlock (relative positioned) {mo} at (0,0) size 11x11
    RenderText {mo} at (0,-3) size 11x17
      text run at (0,-3) width 11: "\x{23A9}"
layer at (84,52) size 11x14 backgroundClip at (84,51) size 11x10 clip at (84,51) size 11x10 outlineClip at (84,51) size 11x10
  RenderBlock (relative positioned) {mo} at (0,0) size 11x11
    RenderText {mo} at (0,-3) size 11x17
      text run at (0,-3) width 11: "\x{23AB}"
layer at (84,60) size 11x14 backgroundClip at (84,61) size 11x10 clip at (84,61) size 11x10 outlineClip at (84,61) size 11x10
  RenderBlock (relative positioned) {mo} at (0,0) size 11x11
    RenderText {mo} at (0,-3) size 11x17
      text run at (0,-3) width 11: "\x{23AC}"
layer at (84,68) size 11x14 backgroundClip at (84,71) size 11x11 clip at (84,71) size 11x11 outlineClip at (84,71) size 11x11
  RenderBlock (relative positioned) {mo} at (0,0) size 11x11
    RenderText {mo} at (0,-3) size 11x17
      text run at (0,-3) width 11: "\x{23AD}"
layer at (102,52) size 7x14 backgroundClip at (102,51) size 7x10 clip at (102,51) size 7x10 outlineClip at (102,51) size 7x10
  RenderBlock (relative positioned) {mo} at (0,0) size 7x11
    RenderText {mo} at (0,-3) size 7x17
      text run at (0,-3) width 7: "\x{23A1}"
layer at (102,68) size 7x14 backgroundClip at (102,71) size 7x11 clip at (102,71) size 7x11 outlineClip at (102,71) size 7x11
  RenderBlock (relative positioned) {mo} at (0,0) size 7x11
    RenderText {mo} at (0,-3) size 7x17
      text run at (0,-3) width 7: "\x{23A3}"
layer at (133,52) size 7x14 backgroundClip at (133,51) size 7x10 clip at (133,51) size 7x10 outlineClip at (133,51) size 7x10
  RenderBlock (relative positioned) {mo} at (0,0) size 7x11
    RenderText {mo} at (0,-3) size 7x17
      text run at (0,-3) width 7: "\x{23A4}"
layer at (133,68) size 7x14 backgroundClip at (133,71) size 7x11 clip at (133,71) size 7x11 outlineClip at (133,71) size 7x11
  RenderBlock (relative positioned) {mo} at (0,0) size 7x11
    RenderText {mo} at (0,-3) size 7x17
      text run at (0,-3) width 7: "\x{23A6}"
layer at (147,52) size 7x14 backgroundClip at (147,51) size 7x10 clip at (147,51) size 7x10 outlineClip at (147,51) size 7x10
  RenderBlock (relative positioned) {mo} at (0,0) size 7x11
    RenderText {mo} at (0,-3) size 7x17
      text run at (0,-3) width 7: "\x{239B}"
layer at (147,68) size 7x14 backgroundClip at (147,71) size 7x11 clip at (147,71) size 7x11 outlineClip at (147,71) size 7x11
  RenderBlock (relative positioned) {mo} at (0,0) size 7x11
    RenderText {mo} at (0,-3) size 7x17
      text run at (0,-3) width 7: "\x{239D}"
layer at (178,52) size 7x14 backgroundClip at (178,51) size 7x10 clip at (178,51) size 7x10 outlineClip at (178,51) size 7x10
  RenderBlock (relative positioned) {mo} at (0,0) size 7x11
    RenderText {mo} at (0,-3) size 7x17
      text run at (0,-3) width 7: "\x{239E}"
layer at (178,68) size 7x14 backgroundClip at (178,71) size 7x11 clip at (178,71) size 7x11 outlineClip at (178,71) size 7x11
  RenderBlock (relative positioned) {mo} at (0,0) size 7x11
    RenderText {mo} at (0,-3) size 7x17
      text run at (0,-3) width 7: "\x{23A0}"
layer at (192,52) size 7x14 backgroundClip at (192,51) size 7x10 clip at (192,51) size 7x10 outlineClip at (192,51) size 7x10
  RenderBlock (relative positioned) {mo} at (0,0) size 7x11
    RenderText {mo} at (0,-3) size 7x17
      text run at (0,-3) width 7: "\x{23D0}"
layer at (192,68) size 7x14 backgroundClip at (192,71) size 7x11 clip at (192,71) size 7x11 outlineClip at (192,71) size 7x11
  RenderBlock (relative positioned) {mo} at (0,0) size 7x11
    RenderText {mo} at (0,-3) size 7x17
      text run at (0,-3) width 7: "\x{23D0}"
layer at (223,52) size 7x14 backgroundClip at (223,51) size 7x10 clip at (223,51) size 7x10 outlineClip at (223,51) size 7x10
  RenderBlock (relative positioned) {mo} at (0,0) size 7x11
    RenderText {mo} at (0,-3) size 7x17
      text run at (0,-3) width 7: "\x{23D0}"
layer at (223,68) size 7x14 backgroundClip at (223,71) size 7x11 clip at (223,71) size 7x11 outlineClip at (223,71) size 7x11
  RenderBlock (relative positioned) {mo} at (0,0) size 7x11
    RenderText {mo} at (0,-3) size 7x17
      text run at (0,-3) width 7: "\x{23D0}"
layer at (237,52) size 8x14 backgroundClip at (237,51) size 8x10 clip at (237,51) size 8x10 outlineClip at (237,51) size 8x10
  RenderBlock (relative positioned) {mo} at (0,0) size 8x11
    RenderText {mo} at (0,-3) size 8x17
      text run at (0,-3) width 8: "\x{2320}"
layer at (237,68) size 8x14 backgroundClip at (237,71) size 8x11 clip at (237,71) size 8x11 outlineClip at (237,71) size 8x11
  RenderBlock (relative positioned) {mo} at (0,0) size 8x11
    RenderText {mo} at (0,-3) size 8x17
      text run at (0,-3) width 8: "\x{2321}"
layer at (49,103) size 11x14 backgroundClip at (49,102) size 11x10 clip at (49,102) size 11x10 outlineClip at (49,102) size 11x10
  RenderBlock (relative positioned) {mo} at (0,0) size 11x11
    RenderText {mo} at (0,-3) size 11x17
      text run at (0,-3) width 11: "\x{23A7}"
layer at (49,111) size 11x14 backgroundClip at (49,112) size 11x10 clip at (49,112) size 11x10 outlineClip at (49,112) size 11x10
  RenderBlock (relative positioned) {mo} at (0,0) size 11x11
    RenderText {mo} at (0,-3) size 11x17
      text run at (0,-3) width 11: "\x{23A8}"
layer at (49,119) size 11x14 backgroundClip at (49,122) size 11x11 clip at (49,122) size 11x11 outlineClip at (49,122) size 11x11
  RenderBlock (relative positioned) {mo} at (0,0) size 11x11
    RenderText {mo} at (0,-3) size 11x17
      text run at (0,-3) width 11: "\x{23A9}"
layer at (92,103) size 11x14 backgroundClip at (92,102) size 11x10 clip at (92,102) size 11x10 outlineClip at (92,102) size 11x10
  RenderBlock (relative positioned) {mo} at (0,0) size 11x11
    RenderText {mo} at (0,-3) size 11x17
      text run at (0,-3) width 11: "\x{23AB}"
layer at (92,111) size 11x14 backgroundClip at (92,112) size 11x10 clip at (92,112) size 11x10 outlineClip at (92,112) size 11x10
  RenderBlock (relative positioned) {mo} at (0,0) size 11x11
    RenderText {mo} at (0,-3) size 11x17
      text run at (0,-3) width 11: "\x{23AC}"
layer at (92,119) size 11x14 backgroundClip at (92,122) size 11x11 clip at (92,122) size 11x11 outlineClip at (92,122) size 11x11
  RenderBlock (relative positioned) {mo} at (0,0) size 11x11
    RenderText {mo} at (0,-3) size 11x17
      text run at (0,-3) width 11: "\x{23AD}"
layer at (110,103) size 7x14 backgroundClip at (110,102) size 7x10 clip at (110,102) size 7x10 outlineClip at (110,102) size 7x10
  RenderBlock (relative positioned) {mo} at (0,0) size 7x11
    RenderText {mo} at (0,-3) size 7x17
      text run at (0,-3) width 7: "\x{23A1}"
layer at (110,119) size 7x14 backgroundClip at (110,122) size 7x11 clip at (110,122) size 7x11 outlineClip at (110,122) size 7x11
  RenderBlock (relative positioned) {mo} at (0,0) size 7x11
    RenderText {mo} at (0,-3) size 7x17
      text run at (0,-3) width 7: "\x{23A3}"
layer at (149,103) size 7x14 backgroundClip at (149,102) size 7x10 clip at (149,102) size 7x10 outlineClip at (149,102) size 7x10
  RenderBlock (relative positioned) {mo} at (0,0) size 7x11
    RenderText {mo} at (0,-3) size 7x17
      text run at (0,-3) width 7: "\x{23A4}"
layer at (149,119) size 7x14 backgroundClip at (149,122) size 7x11 clip at (149,122) size 7x11 outlineClip at (149,122) size 7x11
  RenderBlock (relative positioned) {mo} at (0,0) size 7x11
    RenderText {mo} at (0,-3) size 7x17
      text run at (0,-3) width 7: "\x{23A6}"
layer at (163,103) size 7x14 backgroundClip at (163,102) size 7x10 clip at (163,102) size 7x10 outlineClip at (163,102) size 7x10
  RenderBlock (relative positioned) {mo} at (0,0) size 7x11
    RenderText {mo} at (0,-3) size 7x17
      text run at (0,-3) width 7: "\x{239B}"
layer at (163,119) size 7x14 backgroundClip at (163,122) size 7x11 clip at (163,122) size 7x11 outlineClip at (163,122) size 7x11
  RenderBlock (relative positioned) {mo} at (0,0) size 7x11
    RenderText {mo} at (0,-3) size 7x17
      text run at (0,-3) width 7: "\x{239D}"
layer at (202,103) size 7x14 backgroundClip at (202,102) size 7x10 clip at (202,102) size 7x10 outlineClip at (202,102) size 7x10
  RenderBlock (relative positioned) {mo} at (0,0) size 7x11
    RenderText {mo} at (0,-3) size 7x17
      text run at (0,-3) width 7: "\x{239E}"
layer at (202,119) size 7x14 backgroundClip at (202,122) size 7x11 clip at (202,122) size 7x11 outlineClip at (202,122) size 7x11
  RenderBlock (relative positioned) {mo} at (0,0) size 7x11
    RenderText {mo} at (0,-3) size 7x17
      text run at (0,-3) width 7: "\x{23A0}"
layer at (216,103) size 7x14 backgroundClip at (216,102) size 7x10 clip at (216,102) size 7x10 outlineClip at (216,102) size 7x10
  RenderBlock (relative positioned) {mo} at (0,0) size 7x11
    RenderText {mo} at (0,-3) size 7x17
      text run at (0,-3) width 7: "\x{23D0}"
layer at (216,119) size 7x14 backgroundClip at (216,122) size 7x11 clip at (216,122) size 7x11 outlineClip at (216,122) size 7x11
  RenderBlock (relative positioned) {mo} at (0,0) size 7x11
    RenderText {mo} at (0,-3) size 7x17
      text run at (0,-3) width 7: "\x{23D0}"
layer at (255,103) size 7x14 backgroundClip at (255,102) size 7x10 clip at (255,102) size 7x10 outlineClip at (255,102) size 7x10
  RenderBlock (relative positioned) {mo} at (0,0) size 7x11
    RenderText {mo} at (0,-3) size 7x17
      text run at (0,-3) width 7: "\x{23D0}"
layer at (255,119) size 7x14 backgroundClip at (255,122) size 7x11 clip at (255,122) size 7x11 outlineClip at (255,122) size 7x11
  RenderBlock (relative positioned) {mo} at (0,0) size 7x11
    RenderText {mo} at (0,-3) size 7x17
      text run at (0,-3) width 7: "\x{23D0}"
layer at (269,103) size 8x14 backgroundClip at (269,102) size 8x10 clip at (269,102) size 8x10 outlineClip at (269,102) size 8x10
  RenderBlock (relative positioned) {mo} at (0,0) size 8x11
    RenderText {mo} at (0,-3) size 8x17
      text run at (0,-3) width 8: "\x{2320}"
layer at (269,119) size 8x14 backgroundClip at (269,122) size 8x11 clip at (269,122) size 8x11 outlineClip at (269,122) size 8x11
  RenderBlock (relative positioned) {mo} at (0,0) size 8x11
    RenderText {mo} at (0,-3) size 8x17
      text run at (0,-3) width 8: "\x{2321}"
layer at (49,159) size 11x14 backgroundClip at (49,158) size 11x10 clip at (49,158) size 11x10 outlineClip at (49,158) size 11x10
  RenderBlock (relative positioned) {mo} at (0,0) size 11x11
    RenderText {mo} at (0,-3) size 11x17
      text run at (0,-3) width 11: "\x{23A7}"
layer at (49,171) size 11x14 backgroundClip at (49,172) size 11x10 clip at (49,172) size 11x10 outlineClip at (49,172) size 11x10
  RenderBlock (relative positioned) {mo} at (0,0) size 11x11
    RenderText {mo} at (0,-3) size 11x17
      text run at (0,-3) width 11: "\x{23A8}"
layer at (49,183) size 11x14 backgroundClip at (49,186) size 11x11 clip at (49,186) size 11x11 outlineClip at (49,186) size 11x11
  RenderBlock (relative positioned) {mo} at (0,0) size 11x11
    RenderText {mo} at (0,-3) size 11x17
      text run at (0,-3) width 11: "\x{23A9}"
layer at (100,159) size 11x14 backgroundClip at (100,158) size 11x10 clip at (100,158) size 11x10 outlineClip at (100,158) size 11x10
  RenderBlock (relative positioned) {mo} at (0,0) size 11x11
    RenderText {mo} at (0,-3) size 11x17
      text run at (0,-3) width 11: "\x{23AB}"
layer at (100,171) size 11x14 backgroundClip at (100,172) size 11x10 clip at (100,172) size 11x10 outlineClip at (100,172) size 11x10
  RenderBlock (relative positioned) {mo} at (0,0) size 11x11
    RenderText {mo} at (0,-3) size 11x17
      text run at (0,-3) width 11: "\x{23AC}"
layer at (100,183) size 11x14 backgroundClip at (100,186) size 11x11 clip at (100,186) size 11x11 outlineClip at (100,186) size 11x11
  RenderBlock (relative positioned) {mo} at (0,0) size 11x11
    RenderText {mo} at (0,-3) size 11x17
      text run at (0,-3) width 11: "\x{23AD}"
layer at (118,159) size 7x14 backgroundClip at (118,158) size 7x10 clip at (118,158) size 7x10 outlineClip at (118,158) size 7x10
  RenderBlock (relative positioned) {mo} at (0,0) size 7x11
    RenderText {mo} at (0,-3) size 7x17
      text run at (0,-3) width 7: "\x{23A1}"
layer at (118,183) size 7x14 backgroundClip at (118,186) size 7x11 clip at (118,186) size 7x11 outlineClip at (118,186) size 7x11
  RenderBlock (relative positioned) {mo} at (0,0) size 7x11
    RenderText {mo} at (0,-3) size 7x17
      text run at (0,-3) width 7: "\x{23A3}"
layer at (165,159) size 7x14 backgroundClip at (165,158) size 7x10 clip at (165,158) size 7x10 outlineClip at (165,158) size 7x10
  RenderBlock (relative positioned) {mo} at (0,0) size 7x11
    RenderText {mo} at (0,-3) size 7x17
      text run at (0,-3) width 7: "\x{23A4}"
layer at (165,183) size 7x14 backgroundClip at (165,186) size 7x11 clip at (165,186) size 7x11 outlineClip at (165,186) size 7x11
  RenderBlock (relative positioned) {mo} at (0,0) size 7x11
    RenderText {mo} at (0,-3) size 7x17
      text run at (0,-3) width 7: "\x{23A6}"
layer at (179,159) size 7x14 backgroundClip at (179,158) size 7x10 clip at (179,158) size 7x10 outlineClip at (179,158) size 7x10
  RenderBlock (relative positioned) {mo} at (0,0) size 7x11
    RenderText {mo} at (0,-3) size 7x17
      text run at (0,-3) width 7: "\x{239B}"
layer at (179,183) size 7x14 backgroundClip at (179,186) size 7x11 clip at (179,186) size 7x11 outlineClip at (179,186) size 7x11
  RenderBlock (relative positioned) {mo} at (0,0) size 7x11
    RenderText {mo} at (0,-3) size 7x17
      text run at (0,-3) width 7: "\x{239D}"
layer at (226,159) size 7x14 backgroundClip at (226,158) size 7x10 clip at (226,158) size 7x10 outlineClip at (226,158) size 7x10
  RenderBlock (relative positioned) {mo} at (0,0) size 7x11
    RenderText {mo} at (0,-3) size 7x17
      text run at (0,-3) width 7: "\x{239E}"
layer at (226,183) size 7x14 backgroundClip at (226,186) size 7x11 clip at (226,186) size 7x11 outlineClip at (226,186) size 7x11
  RenderBlock (relative positioned) {mo} at (0,0) size 7x11
    RenderText {mo} at (0,-3) size 7x17
      text run at (0,-3) width 7: "\x{23A0}"
layer at (240,159) size 7x14 backgroundClip at (240,158) size 7x10 clip at (240,158) size 7x10 outlineClip at (240,158) size 7x10
  RenderBlock (relative positioned) {mo} at (0,0) size 7x11
    RenderText {mo} at (0,-3) size 7x17
      text run at (0,-3) width 7: "\x{23D0}"
layer at (240,183) size 7x14 backgroundClip at (240,186) size 7x11 clip at (240,186) size 7x11 outlineClip at (240,186) size 7x11
  RenderBlock (relative positioned) {mo} at (0,0) size 7x11
    RenderText {mo} at (0,-3) size 7x17
      text run at (0,-3) width 7: "\x{23D0}"
layer at (287,159) size 7x14 backgroundClip at (287,158) size 7x10 clip at (287,158) size 7x10 outlineClip at (287,158) size 7x10
  RenderBlock (relative positioned) {mo} at (0,0) size 7x11
    RenderText {mo} at (0,-3) size 7x17
      text run at (0,-3) width 7: "\x{23D0}"
layer at (287,183) size 7x14 backgroundClip at (287,186) size 7x11 clip at (287,186) size 7x11 outlineClip at (287,186) size 7x11
  RenderBlock (relative positioned) {mo} at (0,0) size 7x11
    RenderText {mo} at (0,-3) size 7x17
      text run at (0,-3) width 7: "\x{23D0}"
layer at (301,159) size 8x14 backgroundClip at (301,158) size 8x10 clip at (301,158) size 8x10 outlineClip at (301,158) size 8x10
  RenderBlock (relative positioned) {mo} at (0,0) size 8x11
    RenderText {mo} at (0,-3) size 8x17
      text run at (0,-3) width 8: "\x{2320}"
layer at (301,183) size 8x14 backgroundClip at (301,186) size 8x11 clip at (301,186) size 8x11 outlineClip at (301,186) size 8x11
  RenderBlock (relative positioned) {mo} at (0,0) size 8x11
    RenderText {mo} at (0,-3) size 8x17
      text run at (0,-3) width 8: "\x{2321}"
layer at (49,234) size 11x14 backgroundClip at (49,233) size 11x10 clip at (49,233) size 11x10 outlineClip at (49,233) size 11x10
  RenderBlock (relative positioned) {mo} at (0,0) size 11x11
    RenderText {mo} at (0,-3) size 11x17
      text run at (0,-3) width 11: "\x{23A7}"
layer at (49,255) size 11x14 backgroundClip at (49,256) size 11x10 clip at (49,256) size 11x10 outlineClip at (49,256) size 11x10
  RenderBlock (relative positioned) {mo} at (0,0) size 11x11
    RenderText {mo} at (0,-3) size 11x17
      text run at (0,-3) width 11: "\x{23A8}"
layer at (49,277) size 11x14 backgroundClip at (49,280) size 11x11 clip at (49,280) size 11x11 outlineClip at (49,280) size 11x11
  RenderBlock (relative positioned) {mo} at (0,0) size 11x11
    RenderText {mo} at (0,-3) size 11x17
      text run at (0,-3) width 11: "\x{23A9}"
layer at (116,234) size 11x14 backgroundClip at (116,233) size 11x10 clip at (116,233) size 11x10 outlineClip at (116,233) size 11x10
  RenderBlock (relative positioned) {mo} at (0,0) size 11x11
    RenderText {mo} at (0,-3) size 11x17
      text run at (0,-3) width 11: "\x{23AB}"
layer at (116,255) size 11x14 backgroundClip at (116,256) size 11x10 clip at (116,256) size 11x10 outlineClip at (116,256) size 11x10
  RenderBlock (relative positioned) {mo} at (0,0) size 11x11
    RenderText {mo} at (0,-3) size 11x17
      text run at (0,-3) width 11: "\x{23AC}"
layer at (116,277) size 11x14 backgroundClip at (116,280) size 11x11 clip at (116,280) size 11x11 outlineClip at (116,280) size 11x11
  RenderBlock (relative positioned) {mo} at (0,0) size 11x11
    RenderText {mo} at (0,-3) size 11x17
      text run at (0,-3) width 11: "\x{23AD}"
layer at (134,234) size 7x14 backgroundClip at (134,233) size 7x10 clip at (134,233) size 7x10 outlineClip at (134,233) size 7x10
  RenderBlock (relative positioned) {mo} at (0,0) size 7x11
    RenderText {mo} at (0,-3) size 7x17
      text run at (0,-3) width 7: "\x{23A1}"
layer at (134,277) size 7x14 backgroundClip at (134,280) size 7x11 clip at (134,280) size 7x11 outlineClip at (134,280) size 7x11
  RenderBlock (relative positioned) {mo} at (0,0) size 7x11
    RenderText {mo} at (0,-3) size 7x17
      text run at (0,-3) width 7: "\x{23A3}"
layer at (197,234) size 7x14 backgroundClip at (197,233) size 7x10 clip at (197,233) size 7x10 outlineClip at (197,233) size 7x10
  RenderBlock (relative positioned) {mo} at (0,0) size 7x11
    RenderText {mo} at (0,-3) size 7x17
      text run at (0,-3) width 7: "\x{23A4}"
layer at (197,277) size 7x14 backgroundClip at (197,280) size 7x11 clip at (197,280) size 7x11 outlineClip at (197,280) size 7x11
  RenderBlock (relative positioned) {mo} at (0,0) size 7x11
    RenderText {mo} at (0,-3) size 7x17
      text run at (0,-3) width 7: "\x{23A6}"
layer at (211,234) size 7x14 backgroundClip at (211,233) size 7x10 clip at (211,233) size 7x10 outlineClip at (211,233) size 7x10
  RenderBlock (relative positioned) {mo} at (0,0) size 7x11
    RenderText {mo} at (0,-3) size 7x17
      text run at (0,-3) width 7: "\x{239B}"
layer at (211,277) size 7x14 backgroundClip at (211,280) size 7x11 clip at (211,280) size 7x11 outlineClip at (211,280) size 7x11
  RenderBlock (relative positioned) {mo} at (0,0) size 7x11
    RenderText {mo} at (0,-3) size 7x17
      text run at (0,-3) width 7: "\x{239D}"
layer at (274,234) size 7x14 backgroundClip at (274,233) size 7x10 clip at (274,233) size 7x10 outlineClip at (274,233) size 7x10
  RenderBlock (relative positioned) {mo} at (0,0) size 7x11
    RenderText {mo} at (0,-3) size 7x17
      text run at (0,-3) width 7: "\x{239E}"
layer at (274,277) size 7x14 backgroundClip at (274,280) size 7x11 clip at (274,280) size 7x11 outlineClip at (274,280) size 7x11
  RenderBlock (relative positioned) {mo} at (0,0) size 7x11
    RenderText {mo} at (0,-3) size 7x17
      text run at (0,-3) width 7: "\x{23A0}"
layer at (288,234) size 7x14 backgroundClip at (288,233) size 7x10 clip at (288,233) size 7x10 outlineClip at (288,233) size 7x10
  RenderBlock (relative positioned) {mo} at (0,0) size 7x11
    RenderText {mo} at (0,-3) size 7x17
      text run at (0,-3) width 7: "\x{23D0}"
layer at (288,277) size 7x14 backgroundClip at (288,280) size 7x11 clip at (288,280) size 7x11 outlineClip at (288,280) size 7x11
  RenderBlock (relative positioned) {mo} at (0,0) size 7x11
    RenderText {mo} at (0,-3) size 7x17
      text run at (0,-3) width 7: "\x{23D0}"
layer at (351,234) size 7x14 backgroundClip at (351,233) size 7x10 clip at (351,233) size 7x10 outlineClip at (351,233) size 7x10
  RenderBlock (relative positioned) {mo} at (0,0) size 7x11
    RenderText {mo} at (0,-3) size 7x17
      text run at (0,-3) width 7: "\x{23D0}"
layer at (351,277) size 7x14 backgroundClip at (351,280) size 7x11 clip at (351,280) size 7x11 outlineClip at (351,280) size 7x11
  RenderBlock (relative positioned) {mo} at (0,0) size 7x11
    RenderText {mo} at (0,-3) size 7x17
      text run at (0,-3) width 7: "\x{23D0}"
layer at (365,234) size 8x14 backgroundClip at (365,233) size 8x10 clip at (365,233) size 8x10 outlineClip at (365,233) size 8x10
  RenderBlock (relative positioned) {mo} at (0,0) size 8x11
    RenderText {mo} at (0,-3) size 8x17
      text run at (0,-3) width 8: "\x{2320}"
layer at (365,277) size 8x14 backgroundClip at (365,280) size 8x11 clip at (365,280) size 8x11 outlineClip at (365,280) size 8x11
  RenderBlock (relative positioned) {mo} at (0,0) size 8x11
    RenderText {mo} at (0,-3) size 8x17
      text run at (0,-3) width 8: "\x{2321}"
layer at (57,376) size 11x14 backgroundClip at (57,375) size 11x10 clip at (57,375) size 11x10 outlineClip at (57,375) size 11x10
  RenderBlock (relative positioned) {mo} at (0,0) size 11x11
    RenderText {mo} at (0,-3) size 11x17
      text run at (0,-3) width 11: "\x{23A7}"
layer at (57,441) size 11x14 backgroundClip at (57,442) size 11x10 clip at (57,442) size 11x10 outlineClip at (57,442) size 11x10
  RenderBlock (relative positioned) {mo} at (0,0) size 11x11
    RenderText {mo} at (0,-3) size 11x17
      text run at (0,-3) width 11: "\x{23A8}"
layer at (57,506) size 11x14 backgroundClip at (57,509) size 11x11 clip at (57,509) size 11x11 outlineClip at (57,509) size 11x11
  RenderBlock (relative positioned) {mo} at (0,0) size 11x11
    RenderText {mo} at (0,-3) size 11x17
      text run at (0,-3) width 11: "\x{23A9}"
layer at (124,376) size 11x14 backgroundClip at (124,375) size 11x10 clip at (124,375) size 11x10 outlineClip at (124,375) size 11x10
  RenderBlock (relative positioned) {mo} at (0,0) size 11x11
    RenderText {mo} at (0,-3) size 11x17
      text run at (0,-3) width 11: "\x{23AB}"
layer at (124,441) size 11x14 backgroundClip at (124,442) size 11x10 clip at (124,442) size 11x10 outlineClip at (124,442) size 11x10
  RenderBlock (relative positioned) {mo} at (0,0) size 11x11
    RenderText {mo} at (0,-3) size 11x17
      text run at (0,-3) width 11: "\x{23AC}"
layer at (124,506) size 11x14 backgroundClip at (124,509) size 11x11 clip at (124,509) size 11x11 outlineClip at (124,509) size 11x11
  RenderBlock (relative positioned) {mo} at (0,0) size 11x11
    RenderText {mo} at (0,-3) size 11x17
      text run at (0,-3) width 11: "\x{23AD}"
layer at (142,376) size 7x14 backgroundClip at (142,375) size 7x10 clip at (142,375) size 7x10 outlineClip at (142,375) size 7x10
  RenderBlock (relative positioned) {mo} at (0,0) size 7x11
    RenderText {mo} at (0,-3) size 7x17
      text run at (0,-3) width 7: "\x{23A1}"
layer at (142,506) size 7x14 backgroundClip at (142,509) size 7x11 clip at (142,509) size 7x11 outlineClip at (142,509) size 7x11
  RenderBlock (relative positioned) {mo} at (0,0) size 7x11
    RenderText {mo} at (0,-3) size 7x17
      text run at (0,-3) width 7: "\x{23A3}"
layer at (205,376) size 7x14 backgroundClip at (205,375) size 7x10 clip at (205,375) size 7x10 outlineClip at (205,375) size 7x10
  RenderBlock (relative positioned) {mo} at (0,0) size 7x11
    RenderText {mo} at (0,-3) size 7x17
      text run at (0,-3) width 7: "\x{23A4}"
layer at (205,506) size 7x14 backgroundClip at (205,509) size 7x11 clip at (205,509) size 7x11 outlineClip at (205,509) size 7x11
  RenderBlock (relative positioned) {mo} at (0,0) size 7x11
    RenderText {mo} at (0,-3) size 7x17
      text run at (0,-3) width 7: "\x{23A6}"
layer at (219,376) size 7x14 backgroundClip at (219,375) size 7x10 clip at (219,375) size 7x10 outlineClip at (219,375) size 7x10
  RenderBlock (relative positioned) {mo} at (0,0) size 7x11
    RenderText {mo} at (0,-3) size 7x17
      text run at (0,-3) width 7: "\x{239B}"
layer at (219,506) size 7x14 backgroundClip at (219,509) size 7x11 clip at (219,509) size 7x11 outlineClip at (219,509) size 7x11
  RenderBlock (relative positioned) {mo} at (0,0) size 7x11
    RenderText {mo} at (0,-3) size 7x17
      text run at (0,-3) width 7: "\x{239D}"
layer at (282,376) size 7x14 backgroundClip at (282,375) size 7x10 clip at (282,375) size 7x10 outlineClip at (282,375) size 7x10
  RenderBlock (relative positioned) {mo} at (0,0) size 7x11
    RenderText {mo} at (0,-3) size 7x17
      text run at (0,-3) width 7: "\x{239E}"
layer at (282,506) size 7x14 backgroundClip at (282,509) size 7x11 clip at (282,509) size 7x11 outlineClip at (282,509) size 7x11
  RenderBlock (relative positioned) {mo} at (0,0) size 7x11
    RenderText {mo} at (0,-3) size 7x17
      text run at (0,-3) width 7: "\x{23A0}"
layer at (296,376) size 7x14 backgroundClip at (296,375) size 7x10 clip at (296,375) size 7x10 outlineClip at (296,375) size 7x10
  RenderBlock (relative positioned) {mo} at (0,0) size 7x11
    RenderText {mo} at (0,-3) size 7x17
      text run at (0,-3) width 7: "\x{23D0}"
layer at (296,506) size 7x14 backgroundClip at (296,509) size 7x11 clip at (296,509) size 7x11 outlineClip at (296,509) size 7x11
  RenderBlock (relative positioned) {mo} at (0,0) size 7x11
    RenderText {mo} at (0,-3) size 7x17
      text run at (0,-3) width 7: "\x{23D0}"
layer at (359,376) size 7x14 backgroundClip at (359,375) size 7x10 clip at (359,375) size 7x10 outlineClip at (359,375) size 7x10
  RenderBlock (relative positioned) {mo} at (0,0) size 7x11
    RenderText {mo} at (0,-3) size 7x17
      text run at (0,-3) width 7: "\x{23D0}"
layer at (359,506) size 7x14 backgroundClip at (359,509) size 7x11 clip at (359,509) size 7x11 outlineClip at (359,509) size 7x11
  RenderBlock (relative positioned) {mo} at (0,0) size 7x11
    RenderText {mo} at (0,-3) size 7x17
      text run at (0,-3) width 7: "\x{23D0}"
layer at (373,376) size 8x14 backgroundClip at (373,375) size 8x10 clip at (373,375) size 8x10 outlineClip at (373,375) size 8x10
  RenderBlock (relative positioned) {mo} at (0,0) size 8x11
    RenderText {mo} at (0,-3) size 8x17
      text run at (0,-3) width 8: "\x{2320}"
layer at (373,506) size 8x14 backgroundClip at (373,509) size 8x11 clip at (373,509) size 8x11 outlineClip at (373,509) size 8x11
  RenderBlock (relative positioned) {mo} at (0,0) size 8x11
    RenderText {mo} at (0,-3) size 8x17
      text run at (0,-3) width 8: "\x{2321}"
layer at (9,551) size 7x14 backgroundClip at (9,550) size 7x10 clip at (9,550) size 7x10 outlineClip at (9,550) size 7x10
  RenderBlock (relative positioned) {mo} at (0,0) size 7x11
    RenderText {mo} at (0,-3) size 7x17
      text run at (0,-3) width 7: "\x{239B}"
layer at (9,585) size 7x14 backgroundClip at (9,588) size 7x11 clip at (9,588) size 7x11 outlineClip at (9,588) size 7x11
  RenderBlock (relative positioned) {mo} at (0,0) size 7x11
    RenderText {mo} at (0,-3) size 7x17
      text run at (0,-3) width 7: "\x{239D}"
layer at (159,551) size 7x14 backgroundClip at (159,550) size 7x10 clip at (159,550) size 7x10 outlineClip at (159,550) size 7x10
  RenderBlock (relative positioned) {mo} at (0,0) size 7x11
    RenderText {mo} at (0,-3) size 7x17
      text run at (0,-3) width 7: "\x{239E}"
layer at (159,585) size 7x14 backgroundClip at (159,588) size 7x11 clip at (159,588) size 7x11 outlineClip at (159,588) size 7x11
  RenderBlock (relative positioned) {mo} at (0,0) size 7x11
    RenderText {mo} at (0,-3) size 7x17
      text run at (0,-3) width 7: "\x{23A0}"
