layer at (0,0) size 800x600
  RenderView at (0,0) size 800x600
layer at (0,0) size 800x544
  RenderBlock {html} at (0,0) size 800x544
    RenderBody {body} at (8,19) size 784x509
      RenderBlock {div} at (0,0) size 784x66
        RenderBlock {h2} at (0,0) size 784x28
          RenderText {#text} at (0,0) size 129x28
            text run at (0,0) width 129: "Normal flow"
        RenderBlock {p} at (0,47) size 784x19
          RenderText {#text} at (0,0) size 154x19
            text run at (0,0) width 154: "I am a paragraph of text "
          RenderBlock {math} at (154,2) size 29x16
            RenderInline {mi} at (0,0) size 7x25
              RenderText {#text} at (1,-4) size 7x25
                text run at (1,-4) width 7: "x"
            RenderBlock {mo} at (8,0) size 12x16
              RenderBlock {mo} at (0,0) size 11x16
                RenderText {mo} at (0,-4) size 11x25
                  text run at (0,-4) width 11: "+"
            RenderInline {mn} at (0,0) size 8x25
              RenderText {#text} at (20,-4) size 8x25
                text run at (20,-4) width 8: "1"
          RenderText {#text} at (183,0) size 110x19
            text run at (183,0) width 110: " with math inline."
      RenderBlock {div} at (0,85) size 784x131
        RenderBlock {h2} at (0,0) size 784x28
          RenderText {#text} at (0,0) size 203x28
            text run at (0,0) width 203: "Fraction Alignment"
        RenderBlock {p} at (0,47) size 784x34
          RenderText {#text} at (0,6) size 27x19
            text run at (0,6) width 27: "text "
          RenderBlock {math} at (27,0) size 35x34
            RenderBlock {mfrac} at (1,0) size 33x34
              RenderBlock {mfrac} at (0,0) size 22x16
                RenderBlock {mrow} at (3,0) size 27x16
                  RenderInline {mi} at (0,0) size 7x25
                    RenderText {#text} at (0,-4) size 7x25
                      text run at (0,-4) width 7: "x"
                  RenderBlock {mo} at (7,0) size 12x16
                    RenderBlock {mo} at (0,0) size 11x16
                      RenderText {mo} at (0,-4) size 11x25
                        text run at (0,-4) width 11: "+"
                  RenderInline {mn} at (0,0) size 8x25
                    RenderText {#text} at (19,-4) size 8x25
                      text run at (19,-4) width 8: "1"
              RenderBlock {mfrac} at (0,16) size 22x18
                RenderInline {mn} at (0,0) size 8x25
                  RenderText {#text} at (7,-2) size 8x25
                    text run at (7,-2) width 8: "2"
          RenderText {#text} at (0,0) size 0x0
        RenderBlock {p} at (0,97) size 784x34
          RenderText {#text} at (0,6) size 27x19
            text run at (0,6) width 27: "text "
          RenderBlock {math} at (27,0) size 54x34
            RenderInline {mi} at (0,0) size 7x25
              RenderText {#text} at (1,4) size 7x25
                text run at (1,4) width 7: "x"
            RenderBlock {mo} at (8,8) size 12x16
              RenderBlock {mo} at (0,0) size 11x16
                RenderText {mo} at (0,-4) size 11x25
                  text run at (0,-4) width 11: "+"
            RenderBlock {mfrac} at (20,0) size 33x34
              RenderBlock {mfrac} at (0,0) size 22x16
                RenderBlock {mrow} at (3,0) size 27x16
                  RenderInline {mi} at (0,0) size 7x25
                    RenderText {#text} at (0,-4) size 7x25
                      text run at (0,-4) width 7: "x"
                  RenderBlock {mo} at (7,0) size 12x16
                    RenderBlock {mo} at (0,0) size 11x16
                      RenderText {mo} at (0,-4) size 11x25
                        text run at (0,-4) width 11: "+"
                  RenderInline {mn} at (0,0) size 8x25
                    RenderText {#text} at (19,-4) size 8x25
                      text run at (19,-4) width 8: "1"
              RenderBlock {mfrac} at (0,16) size 22x18
                RenderInline {mn} at (0,0) size 8x25
                  RenderText {#text} at (7,-2) size 8x25
                    text run at (7,-2) width 8: "2"
          RenderText {#text} at (0,0) size 0x0
      RenderBlock {div} at (0,235) size 784x274
        RenderBlock {h2} at (0,0) size 784x28
          RenderText {#text} at (0,0) size 210x28
            text run at (0,0) width 210: "Operator Stretching"
        RenderBlock {p} at (0,47) size 784x41
          RenderText {#text} at (0,8) size 27x19
            text run at (0,8) width 27: "text "
          RenderBlock {math} at (27,0) size 70x41
            RenderBlock {mo} at (1,0) size 8x41
            RenderInline {mi} at (0,0) size 7x25
              RenderText {#text} at (9,6) size 7x25
                text run at (9,6) width 7: "x"
            RenderBlock {mo} at (16,10) size 12x16
              RenderBlock {mo} at (0,0) size 11x16
                RenderText {mo} at (0,-4) size 11x25
                  text run at (0,-4) width 11: "+"
            RenderBlock {mfrac} at (28,2) size 33x34
              RenderBlock {mfrac} at (0,0) size 22x16
                RenderBlock {mrow} at (3,0) size 27x16
                  RenderInline {mi} at (0,0) size 7x25
                    RenderText {#text} at (0,-4) size 7x25
                      text run at (0,-4) width 7: "x"
                  RenderBlock {mo} at (7,0) size 12x16
                    RenderBlock {mo} at (0,0) size 11x16
                      RenderText {mo} at (0,-4) size 11x25
                        text run at (0,-4) width 11: "+"
                  RenderInline {mn} at (0,0) size 8x25
                    RenderText {#text} at (19,-4) size 8x25
                      text run at (19,-4) width 8: "1"
              RenderBlock {mfrac} at (0,16) size 22x18
                RenderInline {mn} at (0,0) size 8x25
                  RenderText {#text} at (7,-2) size 8x25
                    text run at (7,-2) width 8: "2"
            RenderBlock {mo} at (61,0) size 8x41
          RenderText {#text} at (0,0) size 0x0
        RenderBlock {p} at (0,104) size 784x85
          RenderText {#text} at (0,34) size 27x19
            text run at (0,34) width 27: "text "
          RenderBlock {math} at (27,0) size 96x85
            RenderInline {mi} at (0,0) size 7x25
              RenderText {#text} at (1,32) size 7x25
                text run at (1,32) width 7: "y"
            RenderBlock {mo} at (8,0) size 8x85
            RenderBlock {munder} at (16,33) size 13x29
              RenderBlock {munder} at (0,0) size 13x16
                RenderInline {mi} at (0,0) size 13x25
                  RenderText {#text} at (0,-4) size 13x25
                    text run at (0,-4) width 13: "\x{220F}"
              RenderBlock {munder} at (0,13) size 13x16
                RenderInline {mi} at (0,0) size 5x19
                  RenderText {#text} at (4,0) size 5x19
                    text run at (4,0) width 5: "x"
            RenderBlock {mfrac} at (29,10) size 58x70
              RenderBlock {mfrac} at (0,0) size 36x34
                RenderBlock {mrow} at (3,0) size 52x34
                  RenderInline {mi} at (0,0) size 7x25
                    RenderText {#text} at (0,4) size 7x25
                      text run at (0,4) width 7: "x"
                  RenderBlock {mo} at (7,8) size 12x16
                    RenderBlock {mo} at (0,0) size 11x16
                      RenderText {mo} at (0,-4) size 11x25
                        text run at (0,-4) width 11: "+"
                  RenderBlock {mfrac} at (19,0) size 33x34
                    RenderBlock {mfrac} at (0,0) size 22x16
                      RenderBlock {mrow} at (3,0) size 27x16
                        RenderInline {mi} at (0,0) size 7x25
                          RenderText {#text} at (0,-4) size 7x25
                            text run at (0,-4) width 7: "x"
                        RenderBlock {mo} at (7,0) size 12x16
                          RenderBlock {mo} at (0,0) size 11x16
                            RenderText {mo} at (0,-4) size 11x25
                              text run at (0,-4) width 11: "+"
                        RenderInline {mn} at (0,0) size 8x25
                          RenderText {#text} at (19,-4) size 8x25
                            text run at (19,-4) width 8: "1"
                    RenderBlock {mfrac} at (0,16) size 22x18
                      RenderInline {mn} at (0,0) size 8x25
                        RenderText {#text} at (7,-2) size 8x25
                          text run at (7,-2) width 8: "2"
              RenderBlock {mfrac} at (0,34) size 36x36
                RenderBlock {mrow} at (3,2) size 52x34
                  RenderInline {mi} at (0,0) size 7x25
                    RenderText {#text} at (0,4) size 7x25
                      text run at (0,4) width 7: "x"
                  RenderBlock {mo} at (7,8) size 12x16
                    RenderBlock {mo} at (0,0) size 11x16
                      RenderText {mo} at (0,-4) size 11x25
                        text run at (0,-4) width 11: "+"
                  RenderBlock {mfrac} at (19,0) size 33x34
                    RenderBlock {mfrac} at (0,0) size 22x16
                      RenderBlock {mrow} at (3,0) size 27x16
                        RenderInline {mi} at (0,0) size 7x25
                          RenderText {#text} at (0,-4) size 7x25
                            text run at (0,-4) width 7: "x"
                        RenderBlock {mo} at (7,0) size 12x16
                          RenderBlock {mo} at (0,0) size 11x16
                            RenderText {mo} at (0,-4) size 11x25
                              text run at (0,-4) width 11: "+"
                        RenderInline {mn} at (0,0) size 8x25
                          RenderText {#text} at (19,-4) size 8x25
                            text run at (19,-4) width 8: "1"
                    RenderBlock {mfrac} at (0,16) size 22x18
                      RenderInline {mn} at (0,0) size 8x25
                        RenderText {#text} at (7,-2) size 8x25
                          text run at (7,-2) width 8: "2"
            RenderBlock {mo} at (87,0) size 8x85
          RenderText {#text} at (0,0) size 0x0
        RenderBlock {p} at (0,205) size 784x69
          RenderText {#text} at (0,24) size 27x19
            text run at (0,24) width 27: "text "
          RenderBlock {math} at (27,0) size 102x69
            RenderBlock {mo} at (1,0) size 8x69
            RenderTable {mtable} at (9,4) size 84x57
              RenderTableSection (anonymous) at (0,0) size 84x57
                RenderTableRow {mtr} at (0,0) size 84x19
                  RenderTableCell {mtd} at (0,0) size 28x19 [r=0 c=0 rs=1 cs=1]
                    RenderBlock {msub} at (4,0) size 20x19
                      RenderBlock {msub} at (0,0) size 8x16
                        RenderInline {mi} at (0,0) size 8x25
                          RenderText {#text} at (0,-4) size 8x25
                            text run at (0,-4) width 8: "a"
                      RenderInline {mn} at (0,0) size 12x19
                        RenderText {#text} at (8,4) size 12x19
                          text run at (8,4) width 12: "11"
                  RenderTableCell {mtd} at (28,0) size 28x19 [r=0 c=1 rs=1 cs=1]
                    RenderBlock {msub} at (4,0) size 20x19
                      RenderBlock {msub} at (0,0) size 8x16
                        RenderInline {mi} at (0,0) size 8x25
                          RenderText {#text} at (0,-4) size 8x25
                            text run at (0,-4) width 8: "a"
                      RenderInline {mn} at (0,0) size 12x19
                        RenderText {#text} at (8,4) size 12x19
                          text run at (8,4) width 12: "12"
                  RenderTableCell {mtd} at (56,0) size 28x19 [r=0 c=2 rs=1 cs=1]
                    RenderBlock {msub} at (4,0) size 20x19
                      RenderBlock {msub} at (0,0) size 8x16
                        RenderInline {mi} at (0,0) size 8x25
                          RenderText {#text} at (0,-4) size 8x25
                            text run at (0,-4) width 8: "a"
                      RenderInline {mn} at (0,0) size 12x19
                        RenderText {#text} at (8,4) size 12x19
                          text run at (8,4) width 12: "13"
                RenderTableRow {mtr} at (0,19) size 84x19
                  RenderTableCell {mtd} at (0,19) size 28x19 [r=1 c=0 rs=1 cs=1]
                    RenderBlock {msub} at (4,0) size 20x19
                      RenderBlock {msub} at (0,0) size 8x16
                        RenderInline {mi} at (0,0) size 8x25
                          RenderText {#text} at (0,-4) size 8x25
                            text run at (0,-4) width 8: "b"
                      RenderInline {mn} at (0,0) size 12x19
                        RenderText {#text} at (8,4) size 12x19
                          text run at (8,4) width 12: "21"
                  RenderTableCell {mtd} at (28,19) size 28x19 [r=1 c=1 rs=1 cs=1]
                    RenderBlock {msub} at (4,0) size 20x19
                      RenderBlock {msub} at (0,0) size 8x16
                        RenderInline {mi} at (0,0) size 8x25
                          RenderText {#text} at (0,-4) size 8x25
                            text run at (0,-4) width 8: "b"
                      RenderInline {mn} at (0,0) size 12x19
                        RenderText {#text} at (8,4) size 12x19
                          text run at (8,4) width 12: "22"
                  RenderTableCell {mtd} at (56,19) size 28x19 [r=1 c=2 rs=1 cs=1]
                    RenderBlock {msub} at (4,0) size 20x19
                      RenderBlock {msub} at (0,0) size 8x16
                        RenderInline {mi} at (0,0) size 8x25
                          RenderText {#text} at (0,-4) size 8x25
                            text run at (0,-4) width 8: "b"
                      RenderInline {mn} at (0,0) size 12x19
                        RenderText {#text} at (8,4) size 12x19
                          text run at (8,4) width 12: "23"
                RenderTableRow {mtr} at (0,38) size 84x19
                  RenderTableCell {mtd} at (0,38) size 28x19 [r=2 c=0 rs=1 cs=1]
                    RenderBlock {msub} at (4,0) size 19x19
                      RenderBlock {msub} at (0,0) size 7x16
                        RenderInline {mi} at (0,0) size 7x25
                          RenderText {#text} at (0,-4) size 7x25
                            text run at (0,-4) width 7: "c"
                      RenderInline {mn} at (0,0) size 12x19
                        RenderText {#text} at (7,4) size 12x19
                          text run at (7,4) width 12: "31"
                  RenderTableCell {mtd} at (28,38) size 28x19 [r=2 c=1 rs=1 cs=1]
                    RenderBlock {msub} at (4,0) size 19x19
                      RenderBlock {msub} at (0,0) size 7x16
                        RenderInline {mi} at (0,0) size 7x25
                          RenderText {#text} at (0,-4) size 7x25
                            text run at (0,-4) width 7: "c"
                      RenderInline {mn} at (0,0) size 12x19
                        RenderText {#text} at (7,4) size 12x19
                          text run at (7,4) width 12: "32"
                  RenderTableCell {mtd} at (56,38) size 28x19 [r=2 c=2 rs=1 cs=1]
                    RenderBlock {msub} at (4,0) size 19x19
                      RenderBlock {msub} at (0,0) size 7x16
                        RenderInline {mi} at (0,0) size 7x25
                          RenderText {#text} at (0,-4) size 7x25
                            text run at (0,-4) width 7: "c"
                      RenderInline {mn} at (0,0) size 12x19
                        RenderText {#text} at (7,4) size 12x19
                          text run at (7,4) width 12: "33"
            RenderBlock {mo} at (93,0) size 8x69
          RenderText {#text} at (0,0) size 0x0
layer at (36,301) size 7x10 scrollHeight 15
  RenderBlock {mo} at (0,0) size 7x10
layer at (36,311) size 7x10 scrollHeight 14
  RenderBlock {mo} at (0,10) size 7x10
    RenderText {mo} at (0,-3) size 7x17
      text run at (0,-3) width 7: "\x{239C}"
layer at (36,321) size 7x10 scrollHeight 14
  RenderBlock {mo} at (0,20) size 7x10
    RenderText {mo} at (0,-3) size 7x17
      text run at (0,-3) width 7: "\x{239C}"
layer at (36,331) size 7x11 scrollHeight 14
  RenderBlock {mo} at (0,30) size 7x11
layer at (96,301) size 7x10 scrollHeight 15
  RenderBlock {mo} at (0,0) size 7x10
layer at (96,311) size 7x10 scrollHeight 14
  RenderBlock {mo} at (0,10) size 7x10
    RenderText {mo} at (0,-3) size 7x17
      text run at (0,-3) width 7: "\x{239F}"
layer at (96,321) size 7x10 scrollHeight 14
  RenderBlock {mo} at (0,20) size 7x10
    RenderText {mo} at (0,-3) size 7x17
      text run at (0,-3) width 7: "\x{239F}"
layer at (96,331) size 7x11 scrollHeight 14
  RenderBlock {mo} at (0,30) size 7x11
layer at (43,358) size 7x10 scrollHeight 15
  RenderBlock {mo} at (0,0) size 7x10
layer at (43,368) size 7x10 scrollHeight 14
  RenderBlock {mo} at (0,10) size 7x10
    RenderText {mo} at (0,-3) size 7x17
      text run at (0,-3) width 7: "\x{239C}"
layer at (43,378) size 7x10 scrollHeight 14
  RenderBlock {mo} at (0,20) size 7x10
    RenderText {mo} at (0,-3) size 7x17
      text run at (0,-3) width 7: "\x{239C}"
layer at (43,388) size 7x10 scrollHeight 14
  RenderBlock {mo} at (0,30) size 7x10
    RenderText {mo} at (0,-3) size 7x17
      text run at (0,-3) width 7: "\x{239C}"
layer at (43,398) size 7x10 scrollHeight 14
  RenderBlock {mo} at (0,40) size 7x10
    RenderText {mo} at (0,-3) size 7x17
      text run at (0,-3) width 7: "\x{239C}"
layer at (43,408) size 7x10 scrollHeight 14
  RenderBlock {mo} at (0,50) size 7x10
    RenderText {mo} at (0,-3) size 7x17
      text run at (0,-3) width 7: "\x{239C}"
layer at (43,418) size 7x10 scrollHeight 14
  RenderBlock {mo} at (0,60) size 7x10
    RenderText {mo} at (0,-3) size 7x17
      text run at (0,-3) width 7: "\x{239C}"
layer at (43,428) size 7x4 scrollHeight 14
  RenderBlock {mo} at (0,70) size 7x4
    RenderText {mo} at (0,-3) size 7x17
      text run at (0,-3) width 7: "\x{239C}"
layer at (43,432) size 7x11 scrollHeight 14
  RenderBlock {mo} at (0,74) size 7x11
layer at (122,358) size 7x10 scrollHeight 15
  RenderBlock {mo} at (0,0) size 7x10
layer at (122,368) size 7x10 scrollHeight 14
  RenderBlock {mo} at (0,10) size 7x10
    RenderText {mo} at (0,-3) size 7x17
      text run at (0,-3) width 7: "\x{239F}"
layer at (122,378) size 7x10 scrollHeight 14
  RenderBlock {mo} at (0,20) size 7x10
    RenderText {mo} at (0,-3) size 7x17
      text run at (0,-3) width 7: "\x{239F}"
layer at (122,388) size 7x10 scrollHeight 14
  RenderBlock {mo} at (0,30) size 7x10
    RenderText {mo} at (0,-3) size 7x17
      text run at (0,-3) width 7: "\x{239F}"
layer at (122,398) size 7x10 scrollHeight 14
  RenderBlock {mo} at (0,40) size 7x10
    RenderText {mo} at (0,-3) size 7x17
      text run at (0,-3) width 7: "\x{239F}"
layer at (122,408) size 7x10 scrollHeight 14
  RenderBlock {mo} at (0,50) size 7x10
    RenderText {mo} at (0,-3) size 7x17
      text run at (0,-3) width 7: "\x{239F}"
layer at (122,418) size 7x10 scrollHeight 14
  RenderBlock {mo} at (0,60) size 7x10
    RenderText {mo} at (0,-3) size 7x17
      text run at (0,-3) width 7: "\x{239F}"
layer at (122,428) size 7x4 scrollHeight 14
  RenderBlock {mo} at (0,70) size 7x4
    RenderText {mo} at (0,-3) size 7x17
      text run at (0,-3) width 7: "\x{239F}"
layer at (122,432) size 7x11 scrollHeight 14
  RenderBlock {mo} at (0,74) size 7x11
layer at (36,459) size 7x10 scrollHeight 15
  RenderBlock {mo} at (0,0) size 7x10
layer at (36,469) size 7x10 scrollHeight 14
  RenderBlock {mo} at (0,10) size 7x10
    RenderText {mo} at (0,-3) size 7x17
      text run at (0,-3) width 7: "\x{23A2}"
layer at (36,479) size 7x10 scrollHeight 14
  RenderBlock {mo} at (0,20) size 7x10
    RenderText {mo} at (0,-3) size 7x17
      text run at (0,-3) width 7: "\x{23A2}"
layer at (36,489) size 7x10 scrollHeight 14
  RenderBlock {mo} at (0,30) size 7x10
    RenderText {mo} at (0,-3) size 7x17
      text run at (0,-3) width 7: "\x{23A2}"
layer at (36,499) size 7x10 scrollHeight 14
  RenderBlock {mo} at (0,40) size 7x10
    RenderText {mo} at (0,-3) size 7x17
      text run at (0,-3) width 7: "\x{23A2}"
layer at (36,509) size 7x8 scrollHeight 14
  RenderBlock {mo} at (0,50) size 7x8
    RenderText {mo} at (0,-3) size 7x17
      text run at (0,-3) width 7: "\x{23A2}"
layer at (36,517) size 7x11 scrollHeight 14
  RenderBlock {mo} at (0,58) size 7x11
layer at (128,459) size 7x10 scrollHeight 15
  RenderBlock {mo} at (0,0) size 7x10
layer at (128,469) size 7x10 scrollHeight 14
  RenderBlock {mo} at (0,10) size 7x10
    RenderText {mo} at (0,-3) size 7x17
      text run at (0,-3) width 7: "\x{23A5}"
layer at (128,479) size 7x10 scrollHeight 14
  RenderBlock {mo} at (0,20) size 7x10
    RenderText {mo} at (0,-3) size 7x17
      text run at (0,-3) width 7: "\x{23A5}"
layer at (128,489) size 7x10 scrollHeight 14
  RenderBlock {mo} at (0,30) size 7x10
    RenderText {mo} at (0,-3) size 7x17
      text run at (0,-3) width 7: "\x{23A5}"
layer at (128,499) size 7x10 scrollHeight 14
  RenderBlock {mo} at (0,40) size 7x10
    RenderText {mo} at (0,-3) size 7x17
      text run at (0,-3) width 7: "\x{23A5}"
layer at (128,509) size 7x8 scrollHeight 14
  RenderBlock {mo} at (0,50) size 7x8
    RenderText {mo} at (0,-3) size 7x17
      text run at (0,-3) width 7: "\x{23A5}"
layer at (128,517) size 7x11 scrollHeight 14
  RenderBlock {mo} at (0,58) size 7x11
layer at (36,302) size 7x14 backgroundClip at (36,301) size 7x10 clip at (36,301) size 7x10 outlineClip at (36,301) size 7x10
  RenderBlock (relative positioned) {mo} at (0,0) size 7x11
    RenderText {mo} at (0,-3) size 7x17
      text run at (0,-3) width 7: "\x{239B}"
layer at (36,328) size 7x14 backgroundClip at (36,331) size 7x11 clip at (36,331) size 7x11 outlineClip at (36,331) size 7x11
  RenderBlock (relative positioned) {mo} at (0,0) size 7x11
    RenderText {mo} at (0,-3) size 7x17
      text run at (0,-3) width 7: "\x{239D}"
layer at (96,302) size 7x14 backgroundClip at (96,301) size 7x10 clip at (96,301) size 7x10 outlineClip at (96,301) size 7x10
  RenderBlock (relative positioned) {mo} at (0,0) size 7x11
    RenderText {mo} at (0,-3) size 7x17
      text run at (0,-3) width 7: "\x{239E}"
layer at (96,328) size 7x14 backgroundClip at (96,331) size 7x11 clip at (96,331) size 7x11 outlineClip at (96,331) size 7x11
  RenderBlock (relative positioned) {mo} at (0,0) size 7x11
    RenderText {mo} at (0,-3) size 7x17
      text run at (0,-3) width 7: "\x{23A0}"
layer at (43,359) size 7x14 backgroundClip at (43,358) size 7x10 clip at (43,358) size 7x10 outlineClip at (43,358) size 7x10
  RenderBlock (relative positioned) {mo} at (0,0) size 7x11
    RenderText {mo} at (0,-3) size 7x17
      text run at (0,-3) width 7: "\x{239B}"
layer at (43,429) size 7x14 backgroundClip at (43,432) size 7x11 clip at (43,432) size 7x11 outlineClip at (43,432) size 7x11
  RenderBlock (relative positioned) {mo} at (0,0) size 7x11
    RenderText {mo} at (0,-3) size 7x17
      text run at (0,-3) width 7: "\x{239D}"
layer at (122,359) size 7x14 backgroundClip at (122,358) size 7x10 clip at (122,358) size 7x10 outlineClip at (122,358) size 7x10
  RenderBlock (relative positioned) {mo} at (0,0) size 7x11
    RenderText {mo} at (0,-3) size 7x17
      text run at (0,-3) width 7: "\x{239E}"
layer at (122,429) size 7x14 backgroundClip at (122,432) size 7x11 clip at (122,432) size 7x11 outlineClip at (122,432) size 7x11
  RenderBlock (relative positioned) {mo} at (0,0) size 7x11
    RenderText {mo} at (0,-3) size 7x17
      text run at (0,-3) width 7: "\x{23A0}"
layer at (36,460) size 7x14 backgroundClip at (36,459) size 7x10 clip at (36,459) size 7x10 outlineClip at (36,459) size 7x10
  RenderBlock (relative positioned) {mo} at (0,0) size 7x11
    RenderText {mo} at (0,-3) size 7x17
      text run at (0,-3) width 7: "\x{23A1}"
layer at (36,514) size 7x14 backgroundClip at (36,517) size 7x11 clip at (36,517) size 7x11 outlineClip at (36,517) size 7x11
  RenderBlock (relative positioned) {mo} at (0,0) size 7x11
    RenderText {mo} at (0,-3) size 7x17
      text run at (0,-3) width 7: "\x{23A3}"
layer at (128,460) size 7x14 backgroundClip at (128,459) size 7x10 clip at (128,459) size 7x10 outlineClip at (128,459) size 7x10
  RenderBlock (relative positioned) {mo} at (0,0) size 7x11
    RenderText {mo} at (0,-3) size 7x17
      text run at (0,-3) width 7: "\x{23A4}"
layer at (128,514) size 7x14 backgroundClip at (128,517) size 7x11 clip at (128,517) size 7x11 outlineClip at (128,517) size 7x11
  RenderBlock (relative positioned) {mo} at (0,0) size 7x11
    RenderText {mo} at (0,-3) size 7x17
      text run at (0,-3) width 7: "\x{23A6}"
