layer at (0,0) size 800x600
  RenderView at (0,0) size 800x600
layer at (0,0) size 800x100
  RenderBlock {html} at (0,0) size 800x100
    RenderBody {body} at (8,16) size 784x68
      RenderBlock {p} at (0,0) size 784x68
        RenderText {#text} at (0,0) size 0x0
layer at (8,16) size 29x64 clip at (8,16) size 13x48 scrollWidth 14 scrollHeight 53
  RenderBlock {math} at (0,0) size 29x64
    RenderInline {mi} at (0,0) size 7x25
      RenderText {#text} at (1,-4) size 7x25
        text run at (1,-4) width 7: "x"
    RenderBlock {mo} at (1,16) size 12x16
      RenderBlock {mo} at (0,0) size 11x16
        RenderText {mo} at (0,-4) size 11x25
          text run at (0,-4) width 11: "+"
    RenderInline {mn} at (0,0) size 8x25
      RenderText {#text} at (1,28) size 8x25
        text run at (1,28) width 8: "1"
