layer at (0,0) size 800x600
  RenderView at (0,0) size 800x600
layer at (0,0) size 800x256
  RenderBlock {html} at (0,0) size 800x256
    RenderBody {body} at (8,16) size 784x224
      RenderBlock {p} at (0,0) size 784x32
        RenderText {#text} at (0,4) size 36x19
          text run at (0,4) width 36: "both: "
        RenderBlock {math} at (36,0) size 16x32
          RenderBlock {msubsup} at (1,0) size 14x32
            RenderBlock {msubsup} at (0,3) size 7x19
              RenderInline {mi} at (0,0) size 7x25
                RenderText {#text} at (0,-1) size 7x25
                  text run at (0,-1) width 7: "x"
            RenderBlock {msubsup} at (8,0) size 6x32
              RenderBlock {msubsup} at (0,0) size 6x16
                RenderInline {mi} at (0,0) size 5x19
                  RenderText {#text} at (0,0) size 5x19
                    text run at (0,0) width 5: "k"
              RenderBlock {msubsup} at (0,16) size 6x16
                RenderInline {mn} at (0,0) size 6x19
                  RenderText {#text} at (0,0) size 6x19
                    text run at (0,0) width 6: "1"
        RenderText {#text} at (0,0) size 0x0
      RenderBlock {p} at (0,48) size 784x32
        RenderText {#text} at (0,4) size 148x19
          text run at (0,4) width 148: "long subscript w/ both: "
        RenderBlock {math} at (148,0) size 46x32
          RenderBlock {msubsup} at (1,0) size 44x32
            RenderBlock {msubsup} at (0,3) size 9x19
              RenderInline {mi} at (0,0) size 9x25
                RenderText {#text} at (0,-1) size 9x25
                  text run at (0,-1) width 9: "Z"
            RenderBlock {msubsup} at (10,0) size 34x32
              RenderBlock {msubsup} at (0,0) size 34x16
                RenderInline {mi} at (0,0) size 3x19
                  RenderText {#text} at (0,0) size 3x19
                    text run at (0,0) width 3: "j"
              RenderBlock {msubsup} at (0,16) size 34x16
                RenderBlock {mrow} at (1,3) size 33x12
                  RenderInline {mi} at (0,0) size 5x19
                    RenderText {#text} at (0,-3) size 5x19
                      text run at (0,-3) width 5: "x"
                  RenderBlock {mo} at (5,0) size 9x12
                    RenderBlock {mo} at (0,0) size 8x12
                      RenderText {mo} at (0,-3) size 8x19
                        text run at (0,-3) width 8: "+"
                  RenderInline {mi} at (0,0) size 5x19
                    RenderText {#text} at (14,-3) size 5x19
                      text run at (14,-3) width 5: "y"
                  RenderBlock {mo} at (19,0) size 9x12
                    RenderBlock {mo} at (0,0) size 8x12
                      RenderText {mo} at (0,-3) size 8x19
                        text run at (0,-3) width 8: "+"
                  RenderInline {mi} at (0,0) size 5x19
                    RenderText {#text} at (28,-3) size 5x19
                      text run at (28,-3) width 5: "z"
        RenderText {#text} at (0,0) size 0x0
      RenderBlock {p} at (0,96) size 784x32
        RenderText {#text} at (0,4) size 160x19
          text run at (0,4) width 160: "long superscript w/ both: "
        RenderBlock {math} at (160,0) size 30x32
          RenderBlock {msubsup} at (1,0) size 28x32
            RenderBlock {msubsup} at (0,3) size 9x19
              RenderInline {mi} at (0,0) size 9x25
                RenderText {#text} at (0,-1) size 9x25
                  text run at (0,-1) width 9: "Z"
            RenderBlock {msubsup} at (10,0) size 18x32
              RenderBlock {msubsup} at (0,0) size 18x16
                RenderBlock {mrow} at (1,3) size 17x12
                  RenderInline {mi} at (0,0) size 5x19
                    RenderText {#text} at (0,-3) size 5x19
                      text run at (0,-3) width 5: "k"
                  RenderBlock {mo} at (5,0) size 9x12
                    RenderBlock {mo} at (0,0) size 8x12
                      RenderText {mo} at (0,-3) size 8x19
                        text run at (0,-3) width 8: "+"
                  RenderInline {mi} at (0,0) size 3x19
                    RenderText {#text} at (14,-3) size 3x19
                      text run at (14,-3) width 3: "j"
              RenderBlock {msubsup} at (0,16) size 18x16
                RenderInline {mi} at (0,0) size 5x19
                  RenderText {#text} at (0,0) size 5x19
                    text run at (0,0) width 5: "x"
        RenderText {#text} at (0,0) size 0x0
      RenderBlock {p} at (0,144) size 784x32
        RenderText {#text} at (0,4) size 88x19
          text run at (0,4) width 88: "long w/ both: "
        RenderBlock {math} at (88,0) size 46x32
          RenderBlock {msubsup} at (1,0) size 44x32
            RenderBlock {msubsup} at (0,3) size 9x19
              RenderInline {mi} at (0,0) size 9x25
                RenderText {#text} at (0,-1) size 9x25
                  text run at (0,-1) width 9: "Z"
            RenderBlock {msubsup} at (10,0) size 34x32
              RenderBlock {msubsup} at (0,0) size 34x16
                RenderBlock {mrow} at (1,3) size 17x12
                  RenderInline {mi} at (0,0) size 5x19
                    RenderText {#text} at (0,-3) size 5x19
                      text run at (0,-3) width 5: "k"
                  RenderBlock {mo} at (5,0) size 9x12
                    RenderBlock {mo} at (0,0) size 8x12
                      RenderText {mo} at (0,-3) size 8x19
                        text run at (0,-3) width 8: "+"
                  RenderInline {mi} at (0,0) size 3x19
                    RenderText {#text} at (14,-3) size 3x19
                      text run at (14,-3) width 3: "j"
              RenderBlock {msubsup} at (0,16) size 34x16
                RenderBlock {mrow} at (1,3) size 33x12
                  RenderInline {mi} at (0,0) size 5x19
                    RenderText {#text} at (0,-3) size 5x19
                      text run at (0,-3) width 5: "x"
                  RenderBlock {mo} at (5,0) size 9x12
                    RenderBlock {mo} at (0,0) size 8x12
                      RenderText {mo} at (0,-3) size 8x19
                        text run at (0,-3) width 8: "+"
                  RenderInline {mi} at (0,0) size 5x19
                    RenderText {#text} at (14,-3) size 5x19
                      text run at (14,-3) width 5: "y"
                  RenderBlock {mo} at (19,0) size 9x12
                    RenderBlock {mo} at (0,0) size 8x12
                      RenderText {mo} at (0,-3) size 8x19
                        text run at (0,-3) width 8: "+"
                  RenderInline {mi} at (0,0) size 5x19
                    RenderText {#text} at (28,-3) size 5x19
                      text run at (28,-3) width 5: "z"
        RenderText {#text} at (0,0) size 0x0
      RenderBlock {p} at (0,192) size 784x32
        RenderText {#text} at (0,4) size 123x19
          text run at (0,4) width 123: "Wrapped in mrow: "
        RenderBlock {math} at (123,0) size 16x32
          RenderBlock {mrow} at (1,0) size 14x32
            RenderBlock {msubsup} at (0,0) size 14x32
              RenderBlock {msubsup} at (0,3) size 7x19
                RenderInline {mi} at (0,0) size 7x25
                  RenderText {#text} at (0,-1) size 7x25
                    text run at (0,-1) width 7: "x"
              RenderBlock {msubsup} at (8,0) size 6x32
                RenderBlock {msubsup} at (0,0) size 6x16
                  RenderInline {mi} at (0,0) size 5x19
                    RenderText {#text} at (0,0) size 5x19
                      text run at (0,0) width 5: "k"
                RenderBlock {msubsup} at (0,16) size 6x16
                  RenderInline {mn} at (0,0) size 6x19
                    RenderText {#text} at (0,0) size 6x19
                      text run at (0,0) width 6: "1"
        RenderText {#text} at (0,0) size 0x0
