layer at (0,0) size 800x600
  RenderView at (0,0) size 800x600
layer at (0,0) size 800x19
  RenderBlock {P} at (0,0) size 800x19
    RenderText {#text} at (0,0) size 138x19
      text run at (0,0) width 138: "Hello World, Success!"
