layer at (0,0) size 800x600
  RenderView at (0,0) size 800x600
layer at (0,0) size 800x48
  RenderBlock {HTML} at (0,0) size 800x48
    RenderBody {BODY} at (8,14) size 784x20
      RenderBlock {P} at (0,0) size 784x20
        RenderText {#text} at (0,0) size 57x19
          text run at (0,0) width 57: "This is a "
        RenderInline {I} at (0,0) size 59x19
          RenderText {#text} at (57,0) size 59x19
            text run at (57,0) width 59: "test page"
        RenderText {#text} at (116,0) size 4x19
          text run at (116,0) width 4: "."
