layer at (0,0) size 800x600
  RenderView at (0,0) size 800x600
layer at (0,0) size 800x232
  RenderBlock {HTML} at (0,0) size 800x232
    RenderBody {BODY} at (8,16) size 784x208
      RenderBlock {P} at (0,0) size 784x20
        RenderText {#text} at (0,0) size 370x19
          text run at (0,0) width 370: "Test passes if all the T and surrounding punctuation are green."
      RenderBlock {DIV} at (0,36) size 784x43
        RenderInline (generated) at (0,0) size 45x41 [color=#008000]
          RenderText {#text} at (0,1) size 45x41
            text run at (0,1) width 45: "(T)"
        RenderText {#text} at (45,18) size 17x19
          text run at (45,18) width 17: "est"
      RenderBlock {DIV} at (0,79) size 784x43
        RenderInline (generated) at (0,0) size 52x41 [color=#008000]
          RenderText {#text} at (0,1) size 52x41
            text run at (0,1) width 52: "\x{201C}T\x{201D}"
        RenderText {#text} at (52,18) size 17x19
          text run at (52,18) width 17: "est"
      RenderBlock {DIV} at (0,122) size 784x43
        RenderInline (generated) at (0,0) size 71x41 [color=#008000]
          RenderText {#text} at (0,1) size 71x41
            text run at (0,1) width 71: "\x{AB} T \x{BB}"
        RenderText {#text} at (71,18) size 17x19
          text run at (71,18) width 17: "est"
      RenderBlock {DIV} at (0,165) size 784x43
        RenderInline (generated) at (0,0) size 71x41 [color=#008000]
          RenderText {#text} at (0,1) size 71x41
            text run at (0,1) width 71: "\x{AB} T \x{BB}"
        RenderText {#text} at (71,18) size 33x19
          text run at (71,18) width 33: "    est"
