layer at (0,0) size 800x600
  RenderView at (0,0) size 800x600
layer at (0,0) size 800x600
  RenderBlock {HTML} at (0,0) size 800x600
    RenderBody {BODY} at (8,8) size 784x584
      RenderTable {TABLE} at (0,0) size 784x120 [border: (1px outset #808080)]
        RenderTableSection {TBODY} at (1,1) size 782x118
          RenderTableRow {TR} at (0,2) size 782x114
            RenderTableCell {TD} at (2,2) size 74x114 [border: (1px inset #808080)] [r=0 c=0 rs=1 cs=1]
              RenderText {#text} at (2,2) size 70x72
                text run at (2,2) width 59: "check for"
                text run at (2,20) width 55: "handling"
                text run at (2,38) width 13: "of"
                text run at (2,56) width 70: "whitespace"
              RenderImage {IMG} at (2,74) size 20x16
              RenderText {#text} at (22,76) size 68x36
                text run at (22,76) width 48: " around"
                text run at (2,94) width 61: "the image"
            RenderTableCell {TD} at (78,48) size 702x22 [border: (1px inset #808080)] [r=0 c=1 rs=1 cs=1]
              RenderText {#text} at (2,2) size 12x18
                text run at (2,2) width 12: "X"
      RenderBlock {HR} at (0,128) size 77x2 [border: (1px inset #000000)]
      RenderTable {TABLE} at (0,138) size 784x152 [border: (1px outset #808080)]
        RenderTableSection {TBODY} at (1,1) size 782x150
          RenderTableRow {TR} at (0,2) size 782x146
            RenderTableCell {TD} at (2,2) size 24x146 [border: (1px inset #808080)] [r=0 c=0 rs=1 cs=1]
              RenderText {#text} at (2,2) size 16x72
                text run at (2,2) width 14: "aa"
                text run at (2,20) width 16: "bb"
                text run at (2,38) width 14: "cc"
                text run at (2,56) width 16: "dd"
              RenderImage {IMG} at (2,74) size 20x16
              RenderText {#text} at (2,90) size 16x54
                text run at (2,90) width 14: "ee"
                text run at (2,108) width 10: "ff"
                text run at (2,126) width 16: "gg"
            RenderTableCell {TD} at (28,64) size 752x22 [border: (1px inset #808080)] [r=0 c=1 rs=1 cs=1]
              RenderText {#text} at (2,2) size 12x18
                text run at (2,2) width 12: "X"
      RenderBlock {HR} at (0,298) size 77x2 [border: (1px inset #000000)]
      RenderTable {TABLE} at (0,308) size 784x48 [border: (1px outset #808080)]
        RenderTableSection {TBODY} at (1,1) size 782x46
          RenderTableRow {TR} at (0,2) size 782x42
            RenderTableCell {TD} at (2,2) size 213x42 [border: (1px inset #808080)] [r=0 c=0 rs=1 cs=1]
              RenderText {#text} at (2,2) size 209x18
                text run at (2,2) width 209: "checkforhandlingofnowhitespace"
              RenderImage {IMG} at (2,20) size 20x16
              RenderText {#text} at (22,22) size 105x18
                text run at (22,22) width 105: " aroundtheimage"
            RenderTableCell {TD} at (217,12) size 563x22 [border: (1px inset #808080)] [r=0 c=1 rs=1 cs=1]
              RenderText {#text} at (2,2) size 12x18
                text run at (2,2) width 12: "X"
      RenderBlock {HR} at (0,364) size 77x2 [border: (1px inset #000000)]
      RenderTable {TABLE} at (0,374) size 784x30 [border: (1px outset #808080)]
        RenderTableSection {TBODY} at (1,1) size 782x28
          RenderTableRow {TR} at (0,2) size 782x24
            RenderTableCell {TD} at (2,2) size 334x24 [border: (1px inset #808080)] [r=0 c=0 rs=1 cs=1]
              RenderText {#text} at (2,4) size 209x18
                text run at (2,4) width 209: "checkforhandlingofnowhitespace"
              RenderImage {IMG} at (211,2) size 20x16
              RenderText {#text} at (231,4) size 101x18
                text run at (231,4) width 101: "aroundtheimage"
            RenderTableCell {TD} at (338,3) size 442x22 [border: (1px inset #808080)] [r=0 c=1 rs=1 cs=1]
              RenderText {#text} at (2,2) size 12x18
                text run at (2,2) width 12: "X"
