layer at (0,0) size 800x600
  RenderView at (0,0) size 800x600
layer at (0,0) size 800x600
  RenderBlock {HTML} at (0,0) size 800x600
    RenderBody {BODY} at (8,8) size 784x576
      RenderBlock {P} at (0,0) size 784x40
        RenderText {#text} at (0,0) size 772x39
          text run at (0,0) width 772: "This tests that complex text that requires font fallback wraps correctly. The text is Tamil, which is not covered by the default font,"
          text run at (0,20) width 371: "so fallback occurs. Note that the exclamation point in the end "
        RenderInline {I} at (0,0) size 10x19
          RenderText {#text} at (371,20) size 10x19
            text run at (371,20) width 10: "is"
        RenderText {#text} at (381,20) size 311x19
          text run at (381,20) width 311: " covered by the default font and is rendered using it."
      RenderBlock {P} at (0,56) size 306x146 [border: (3px solid #000000)]
        RenderText {#text} at (3,3) size 300x139
          text run at (3,3) width 176: "\x{B87}\x{BA4}\x{BC1} \x{B89}\x{B99}\x{BCD}\x{B95}\x{BB3}\x{BC8}\x{BAA}\x{BCD} \x{BAA}\x{BCB}\x{BA9}\x{BCD}\x{BB1}"
          text run at (3,23) width 290: "\x{B86}\x{BB0}\x{BCD}\x{BB5}\x{BAE}\x{BC1}\x{B9F}\x{BC8}\x{BAF}\x{BB5}\x{BB0}\x{BCD}\x{B95}\x{BB3}\x{BBE}\x{BB2}\x{BCD} \x{BA4}\x{BCA}\x{B95}\x{BC1}\x{B95}\x{BCD}\x{B95}\x{BAA}\x{BCD}\x{BAA}\x{B9F}\x{BCD}\x{B9F}\x{BC1}"
          text run at (3,43) width 300: "\x{B95}\x{B9F}\x{BCD}\x{B9F}\x{BC1}\x{BAA}\x{BCD}\x{BAA}\x{BBE}\x{B9F}\x{BC1}\x{B95}\x{BB3}\x{BCD} \x{B8F}\x{BA4}\x{BC1}\x{BAE}\x{BCD} \x{B87}\x{BA9}\x{BCD}\x{BB1}\x{BBF} \x{B87}\x{BB2}\x{BB5}\x{B9A}\x{BAE}\x{BBE}\x{B95}\x{BAA}\x{BCD}"
          text run at (3,63) width 264: "\x{BAA}\x{BAF}\x{BA9}\x{BCD}\x{BAA}\x{B9F}\x{BC1}\x{BA4}\x{BCD}\x{BA4}\x{B95}\x{BCD}\x{B95}\x{BC2}\x{B9F}\x{BBF}\x{BAF} \x{B92}\x{BB0}\x{BC1} \x{BAA}\x{BA9}\x{BCD}\x{BAE}\x{BCA}\x{BB4}\x{BBF}\x{B95}\x{BCD}"
          text run at (3,83) width 273: "\x{B95}\x{BB2}\x{BC8}\x{B95}\x{BCD} \x{B95}\x{BB3}\x{B9E}\x{BCD}\x{B9A}\x{BBF}\x{BAF}\x{BA4}\x{BCD} \x{BA4}\x{BBF}\x{B9F}\x{BCD}\x{B9F}\x{BAE}\x{BBE}\x{B95}\x{BC1}\x{BAE}\x{BCD}. \x{B87}\x{B99}\x{BCD}\x{B95}\x{BC1}"
          text run at (3,103) width 254: "\x{BA8}\x{BC0}\x{B99}\x{BCD}\x{B95}\x{BB3}\x{BC1}\x{BAE}\x{BCD} \x{B89}\x{B99}\x{BCD}\x{B95}\x{BB3}\x{BC1}\x{B95}\x{BCD}\x{B95}\x{BC1} \x{BB5}\x{BBF}\x{BB0}\x{BC1}\x{BAA}\x{BCD}\x{BAA}\x{BAE}\x{BBE}\x{BA9}"
          text run at (3,123) width 263: "\x{BA4}\x{BB2}\x{BC8}\x{BAA}\x{BCD}\x{BAA}\x{BC1}\x{B95}\x{BB3}\x{BBF}\x{BB2}\x{BCD} \x{BAA}\x{BC1}\x{BA4}\x{BBF}\x{BA4}\x{BBE}\x{B95}\x{B95}\x{BCD} \x{B95}\x{B9F}\x{BCD}\x{B9F}\x{BC1}\x{BB0}\x{BC8}\x{B95}\x{BB3}\x{BCD}!"
      RenderBlock {P} at (0,218) size 784x40
        RenderText {#text} at (0,0) size 776x39
          text run at (0,0) width 776: "This is the same text but specifying a font that covers Tamil. Note that the exclamation point is rendered using the same font as the"
          text run at (0,20) width 26: "text."
      RenderBlock {P} at (0,274) size 306x146 [border: (3px solid #000000)]
        RenderText {#text} at (3,3) size 300x139
          text run at (3,3) width 176: "\x{B87}\x{BA4}\x{BC1} \x{B89}\x{B99}\x{BCD}\x{B95}\x{BB3}\x{BC8}\x{BAA}\x{BCD} \x{BAA}\x{BCB}\x{BA9}\x{BCD}\x{BB1}"
          text run at (3,23) width 290: "\x{B86}\x{BB0}\x{BCD}\x{BB5}\x{BAE}\x{BC1}\x{B9F}\x{BC8}\x{BAF}\x{BB5}\x{BB0}\x{BCD}\x{B95}\x{BB3}\x{BBE}\x{BB2}\x{BCD} \x{BA4}\x{BCA}\x{B95}\x{BC1}\x{B95}\x{BCD}\x{B95}\x{BAA}\x{BCD}\x{BAA}\x{B9F}\x{BCD}\x{B9F}\x{BC1}"
          text run at (3,43) width 300: "\x{B95}\x{B9F}\x{BCD}\x{B9F}\x{BC1}\x{BAA}\x{BCD}\x{BAA}\x{BBE}\x{B9F}\x{BC1}\x{B95}\x{BB3}\x{BCD} \x{B8F}\x{BA4}\x{BC1}\x{BAE}\x{BCD} \x{B87}\x{BA9}\x{BCD}\x{BB1}\x{BBF} \x{B87}\x{BB2}\x{BB5}\x{B9A}\x{BAE}\x{BBE}\x{B95}\x{BAA}\x{BCD}"
          text run at (3,63) width 264: "\x{BAA}\x{BAF}\x{BA9}\x{BCD}\x{BAA}\x{B9F}\x{BC1}\x{BA4}\x{BCD}\x{BA4}\x{B95}\x{BCD}\x{B95}\x{BC2}\x{B9F}\x{BBF}\x{BAF} \x{B92}\x{BB0}\x{BC1} \x{BAA}\x{BA9}\x{BCD}\x{BAE}\x{BCA}\x{BB4}\x{BBF}\x{B95}\x{BCD}"
          text run at (3,83) width 273: "\x{B95}\x{BB2}\x{BC8}\x{B95}\x{BCD} \x{B95}\x{BB3}\x{B9E}\x{BCD}\x{B9A}\x{BBF}\x{BAF}\x{BA4}\x{BCD} \x{BA4}\x{BBF}\x{B9F}\x{BCD}\x{B9F}\x{BAE}\x{BBE}\x{B95}\x{BC1}\x{BAE}\x{BCD}. \x{B87}\x{B99}\x{BCD}\x{B95}\x{BC1}"
          text run at (3,103) width 254: "\x{BA8}\x{BC0}\x{B99}\x{BCD}\x{B95}\x{BB3}\x{BC1}\x{BAE}\x{BCD} \x{B89}\x{B99}\x{BCD}\x{B95}\x{BB3}\x{BC1}\x{B95}\x{BCD}\x{B95}\x{BC1} \x{BB5}\x{BBF}\x{BB0}\x{BC1}\x{BAA}\x{BCD}\x{BAA}\x{BAE}\x{BBE}\x{BA9}"
          text run at (3,123) width 263: "\x{BA4}\x{BB2}\x{BC8}\x{BAA}\x{BCD}\x{BAA}\x{BC1}\x{B95}\x{BB3}\x{BBF}\x{BB2}\x{BCD} \x{BAA}\x{BC1}\x{BA4}\x{BBF}\x{BA4}\x{BBE}\x{B95}\x{B95}\x{BCD} \x{B95}\x{B9F}\x{BCD}\x{B9F}\x{BC1}\x{BB0}\x{BC8}\x{B95}\x{BB3}\x{BCD}!"
