layer at (0,0) size 800x600
  RenderView at (0,0) size 800x600
layer at (0,0) size 800x562
  RenderBlock {HTML} at (0,0) size 800x562
    RenderBody {BODY} at (8,16) size 784x538
      RenderBlock {P} at (0,0) size 784x20
        RenderText {#text} at (0,0) size 660x19
          text run at (0,0) width 458: "Verify that the alignment and writing direction of each selected item matches "
          text run at (458,0) width 202: "the one below the pop-up button."
      RenderBlock {DIV} at (0,36) size 784x250
        RenderMenuList {SELECT} at (0,0) size 500x23 [bgcolor=#DDDDDD] [border: (1px solid #000000)]
          RenderBlock (anonymous) at (1,1) size 498x21
            RenderText at (4,1) size 170x18
              text run at (4,1) width 35: "First "
              text run at (39,1) width 50 RTL: ") \x{5E8}\x{5D1}\x{5D9}\x{5E2}\x{5D9}\x{5EA}"
              text run at (89,1) width 18: "03"
              text run at (107,1) width 39 RTL: "\x{5E9}\x{5E0}\x{5D9}\x{5D4} ("
              text run at (146,1) width 28: " fifth"
        RenderBlock {DIV} at (0,25) size 470x36
          RenderText {#text} at (10,10) size 130x15
            text run at (10,10) width 27: "First "
            text run at (37,10) width 38 RTL: ") \x{5E8}\x{5D1}\x{5D9}\x{5E2}\x{5D9}\x{5EA}"
            text run at (75,10) width 12: "03"
            text run at (87,10) width 28 RTL: "\x{5E9}\x{5E0}\x{5D9}\x{5D4} ("
            text run at (115,10) width 25: " fifth"
        RenderMenuList {SELECT} at (0,63) size 500x23 [bgcolor=#DDDDDD] [border: (1px solid #000000)]
          RenderBlock (anonymous) at (1,1) size 498x21
            RenderText at (4,1) size 170x18
              text run at (4,1) width 24: "fifth"
              text run at (28,1) width 54 RTL: ") \x{5E8}\x{5D1}\x{5D9}\x{5E2}\x{5D9}\x{5EA} "
              text run at (82,1) width 18: "03"
              text run at (100,1) width 43 RTL: " \x{5E9}\x{5E0}\x{5D9}\x{5D4} ("
              text run at (143,1) width 31: "First"
        RenderBlock {DIV} at (0,88) size 470x36
          RenderText {#text} at (10,10) size 130x15
            text run at (10,10) width 22: "fifth"
            text run at (32,10) width 41 RTL: ") \x{5E8}\x{5D1}\x{5D9}\x{5E2}\x{5D9}\x{5EA} "
            text run at (73,10) width 12: "03"
            text run at (85,10) width 31 RTL: " \x{5E9}\x{5E0}\x{5D9}\x{5D4} ("
            text run at (116,10) width 24: "First"
        RenderMenuList {SELECT} at (0,126) size 500x23 [bgcolor=#DDDDDD] [border: (1px solid #000000)]
          RenderBlock (anonymous) at (1,1) size 498x21
            RenderText at (4,1) size 170x18
              text run at (4,1) width 170 LTR override: "First \x{5E9}\x{5E0}\x{5D9}\x{5D4} (03) \x{5E8}\x{5D1}\x{5D9}\x{5E2}\x{5D9}\x{5EA} fifth"
        RenderBlock {DIV} at (0,151) size 470x36
          RenderText {#text} at (10,10) size 130x15
            text run at (10,10) width 130 LTR override: "First \x{5E9}\x{5E0}\x{5D9}\x{5D4} (03) \x{5E8}\x{5D1}\x{5D9}\x{5E2}\x{5D9}\x{5EA} fifth"
        RenderMenuList {SELECT} at (0,189) size 500x23 [bgcolor=#DDDDDD] [border: (1px solid #000000)]
          RenderBlock (anonymous) at (1,1) size 498x21
            RenderText at (4,1) size 170x18
              text run at (4,1) width 170 RTL override: "First \x{5E9}\x{5E0}\x{5D9}\x{5D4} (03) \x{5E8}\x{5D1}\x{5D9}\x{5E2}\x{5D9}\x{5EA} fifth"
        RenderBlock {DIV} at (0,214) size 470x36
          RenderText {#text} at (10,10) size 130x15
            text run at (10,10) width 130 RTL override: "First \x{5E9}\x{5E0}\x{5D9}\x{5D4} (03) \x{5E8}\x{5D1}\x{5D9}\x{5E2}\x{5D9}\x{5EA} fifth"
      RenderBlock {DIV} at (0,288) size 784x250
        RenderMenuList {SELECT} at (0,0) size 500x23 [bgcolor=#DDDDDD] [border: (1px solid #000000)]
          RenderBlock (anonymous) at (1,1) size 498x21
            RenderText at (324,1) size 170x18
              text run at (324,1) width 35: "First "
              text run at (359,1) width 50 RTL: ") \x{5E8}\x{5D1}\x{5D9}\x{5E2}\x{5D9}\x{5EA}"
              text run at (409,1) width 18: "03"
              text run at (427,1) width 39 RTL: "\x{5E9}\x{5E0}\x{5D9}\x{5D4} ("
              text run at (466,1) width 28: " fifth"
        RenderBlock {DIV} at (0,25) size 470x36
          RenderText {#text} at (330,10) size 130x15
            text run at (330,10) width 27: "First "
            text run at (357,10) width 38 RTL: ") \x{5E8}\x{5D1}\x{5D9}\x{5E2}\x{5D9}\x{5EA}"
            text run at (395,10) width 12: "03"
            text run at (407,10) width 28 RTL: "\x{5E9}\x{5E0}\x{5D9}\x{5D4} ("
            text run at (435,10) width 25: " fifth"
        RenderMenuList {SELECT} at (0,63) size 500x23 [bgcolor=#DDDDDD] [border: (1px solid #000000)]
          RenderBlock (anonymous) at (1,1) size 498x21
            RenderText at (324,1) size 170x18
              text run at (324,1) width 24: "fifth"
              text run at (348,1) width 54 RTL: ") \x{5E8}\x{5D1}\x{5D9}\x{5E2}\x{5D9}\x{5EA} "
              text run at (402,1) width 18: "03"
              text run at (420,1) width 43 RTL: " \x{5E9}\x{5E0}\x{5D9}\x{5D4} ("
              text run at (463,1) width 31: "First"
        RenderBlock {DIV} at (0,88) size 470x36
          RenderText {#text} at (330,10) size 130x15
            text run at (330,10) width 22: "fifth"
            text run at (352,10) width 41 RTL: ") \x{5E8}\x{5D1}\x{5D9}\x{5E2}\x{5D9}\x{5EA} "
            text run at (393,10) width 12: "03"
            text run at (405,10) width 31 RTL: " \x{5E9}\x{5E0}\x{5D9}\x{5D4} ("
            text run at (436,10) width 24: "First"
        RenderMenuList {SELECT} at (0,126) size 500x23 [bgcolor=#DDDDDD] [border: (1px solid #000000)]
          RenderBlock (anonymous) at (1,1) size 498x21
            RenderText at (324,1) size 170x18
              text run at (324,1) width 170 LTR override: "First \x{5E9}\x{5E0}\x{5D9}\x{5D4} (03) \x{5E8}\x{5D1}\x{5D9}\x{5E2}\x{5D9}\x{5EA} fifth"
        RenderBlock {DIV} at (0,151) size 470x36
          RenderText {#text} at (330,10) size 130x15
            text run at (330,10) width 130 LTR override: "First \x{5E9}\x{5E0}\x{5D9}\x{5D4} (03) \x{5E8}\x{5D1}\x{5D9}\x{5E2}\x{5D9}\x{5EA} fifth"
        RenderMenuList {SELECT} at (0,189) size 500x23 [bgcolor=#DDDDDD] [border: (1px solid #000000)]
          RenderBlock (anonymous) at (1,1) size 498x21
            RenderText at (324,1) size 170x18
              text run at (324,1) width 170 RTL override: "First \x{5E9}\x{5E0}\x{5D9}\x{5D4} (03) \x{5E8}\x{5D1}\x{5D9}\x{5E2}\x{5D9}\x{5EA} fifth"
        RenderBlock {DIV} at (0,214) size 470x36
          RenderText {#text} at (330,10) size 130x15
            text run at (330,10) width 130 RTL override: "First \x{5E9}\x{5E0}\x{5D9}\x{5D4} (03) \x{5E8}\x{5D1}\x{5D9}\x{5E2}\x{5D9}\x{5EA} fifth"
