layer at (0,0) size 800x600
  RenderView at (0,0) size 800x600
layer at (0,0) size 800x600
  RenderBlock {HTML} at (0,0) size 800x600
    RenderBody {BODY} at (8,8) size 784x584
      RenderBlock {P} at (0,0) size 784x19
        RenderText {#text} at (0,0) size 53x19
          text run at (0,0) width 53: "Test for "
        RenderInline {A} at (0,0) size 60x19 [color=#0000EE]
          RenderText {#text} at (53,0) size 60x19
            text run at (53,0) width 60: "bug 3438"
        RenderText {#text} at (113,0) size 200x19
          text run at (113,0) width 200: ": rendering of 1x1 PNG images."
      RenderBlock {P} at (0,33) size 784x19
        RenderText {#text} at (0,0) size 289x19
          text run at (0,0) width 289: "The two squares should have the same color:"
      RenderBlock (anonymous) at (0,66) size 784x55
        RenderImage {IMG} at (0,0) size 50x50
        RenderText {#text} at (50,36) size 4x19
          text run at (50,36) width 4: " "
        RenderImage {IMG} at (54,0) size 50x50
        RenderText {#text} at (0,0) size 0x0
