layer at (0,0) size 800x600
  RenderView at (0,0) size 800x600
layer at (0,0) size 800x118
  RenderBlock {HTML} at (0,0) size 800x118
    RenderBody {BODY} at (8,10) size 784x92
      RenderBlock {P} at (0,0) size 784x19
        RenderText {#text} at (0,6) size 22x13
          text run at (0,6) width 22: "mini "
        RenderBlock {SPAN} at (22,0) size 17x16
      RenderBlock {P} at (0,30) size 784x21
        RenderText {#text} at (0,8) size 27x13
          text run at (0,8) width 27: "small "
        RenderBlock {SPAN} at (27,0) size 19x18
      RenderBlock {P} at (0,67) size 784x25
        RenderText {#text} at (0,7) size 48x18
          text run at (0,7) width 48: "regular "
        RenderBlock {SPAN} at (48,0) size 21x21
