layer at (0,0) size 800x600
  RenderView at (0,0) size 800x600
layer at (0,0) size 800x600
  RenderBlock {HTML} at (0,0) size 800x600
    RenderBody {BODY} at (8,8) size 784x584
      RenderBlock (anonymous) at (0,0) size 784x73
        RenderText {#text} at (0,0) size 744x18
          text run at (0,0) width 744: "This tests that radio buttons are checked by default, even when the name attribute is parsed after the checked attribute. "
        RenderBR {BR} at (744,14) size 0x0
        RenderBR {BR} at (0,18) size 0x18
        RenderBlock {INPUT} at (2,39) size 12x13
        RenderText {#text} at (16,36) size 300x18
          text run at (16,36) width 300: "This radio button should be checked by default "
        RenderBR {BR} at (316,50) size 0x0
        RenderBR {BR} at (0,55) size 0x18
      RenderBlock {DIV} at (0,73) size 784x18
        RenderText {#text} at (0,0) size 301x18
          text run at (0,0) width 82: "Test Passed. "
          text run at (82,0) width 219: "Radio button is checked by default"
