layer at (0,0) size 800x600
  RenderView at (0,0) size 800x600
layer at (0,0) size 800x600
  RenderBlock {HTML} at (0,0) size 800x600
    RenderBody {BODY} at (8,8) size 784x584
      RenderBlock {P} at (0,0) size 784x60
        RenderText {#text} at (0,0) size 783x39
          text run at (0,0) width 783: "This tests that the background-image of a table row-group \"extends from the top left corner of its topmost cell in the first column to"
          text run at (0,20) width 428: "the bottom right corner of its bottommost cell in the last column\" as per "
        RenderInline {A} at (0,0) size 213x19 [color=#0000EE]
          RenderText {#text} at (428,20) size 213x19
            text run at (428,20) width 213: "section 17.5.1 of the CSS 2.1 spec"
        RenderText {#text} at (641,20) size 772x39
          text run at (641,20) width 131: ". This test PASSED if"
          text run at (0,40) width 189: "you do not see the word FAIL."
      RenderTable {TABLE} at (0,76) size 100x100
        RenderTableSection {TBODY} at (0,0) size 100x100
          RenderTableRow {TR} at (0,0) size 100x50
            RenderTableCell {TD} at (0,14) size 50x22 [color=#0000FF] [r=0 c=0 rs=1 cs=1]
              RenderText {#text} at (8,1) size 34x19
                text run at (8,1) width 34: "FAIL"
            RenderTableCell {TD} at (50,14) size 50x22 [color=#FFFF00] [r=0 c=1 rs=1 cs=1]
              RenderText {#text} at (8,1) size 34x19
                text run at (8,1) width 34: "FAIL"
          RenderTableRow {TR} at (0,50) size 100x50
            RenderTableCell {TD} at (0,64) size 50x22 [color=#FFFF00] [r=1 c=0 rs=1 cs=1]
              RenderText {#text} at (8,1) size 34x19
                text run at (8,1) width 34: "FAIL"
            RenderTableCell {TD} at (50,64) size 50x22 [color=#0000FF] [r=1 c=1 rs=1 cs=1]
              RenderText {#text} at (8,1) size 34x19
                text run at (8,1) width 34: "FAIL"
