layer at (0,0) size 800x600
  RenderView at (0,0) size 800x600
layer at (0,0) size 800x600
  RenderBlock {HTML} at (0,0) size 800x600
    RenderBody {BODY} at (8,8) size 784x584
      RenderBlock {P} at (0,0) size 784x40
        RenderText {#text} at (0,0) size 776x39
          text run at (0,0) width 776: "This tests that the border of a table cell draws on top of the background-image of a row. This test PASSED if you do not see any"
          text run at (0,20) width 145: "red in the square below."
      RenderTable {TABLE} at (0,56) size 100x50
        RenderTableSection {TBODY} at (0,0) size 100x50
          RenderTableRow {TR} at (0,0) size 100x50
            RenderTableCell {TD} at (0,4) size 50x42 [border: (10px solid #00FF00) none (10px solid #00FF00)] [r=0 c=0 rs=1 cs=1]
              RenderText {#text} at (11,11) size 4x19
                text run at (11,11) width 4: " "
            RenderTableCell {TD} at (50,4) size 50x42 [border: (10px solid #00FF00) none] [r=0 c=1 rs=1 cs=1]
              RenderText {#text} at (1,11) size 4x19
                text run at (1,11) width 4: " "
