layer at (0,0) size 800x600
  RenderView at (0,0) size 800x600
layer at (0,0) size 800x600
  RenderBlock {HTML} at (0,0) size 800x600
    RenderBody {BODY} at (8,8) size 784x584
      RenderTable {TABLE} at (0,0) size 161x60
        RenderTableSection {TBODY} at (0,0) size 161x60
          RenderTableRow {TR} at (0,2) size 161x56
            RenderTableCell {TD} at (2,2) size 157x56 [r=0 c=0 rs=1 cs=1]
              RenderBlock (anonymous) at (1,1) size 155x0
                RenderInline {SPAN} at (0,0) size 0x0
                  RenderText {#text} at (0,0) size 0x0
                  RenderInline {SPAN} at (0,0) size 0x0
                    RenderText {#text} at (0,0) size 0x0
                    RenderText {#text} at (0,0) size 0x0
              RenderBlock (anonymous) at (1,1) size 155x54
                RenderTable {TABLE} at (0,0) size 155x54
                  RenderTableSection {TBODY} at (0,0) size 155x54
                    RenderTableRow {TR} at (0,2) size 155x50
                      RenderTableCell {TD} at (2,2) size 151x50 [r=0 c=0 rs=1 cs=1]
                        RenderTable {TABLE} at (1,1) size 149x48
                          RenderTableSection {TBODY} at (0,0) size 149x48
                            RenderTableRow {TR} at (0,2) size 149x44
                              RenderTableCell {TD} at (2,2) size 145x44 [r=0 c=0 rs=1 cs=1]
                                RenderBlock {FORM} at (1,1) size 143x26
                                  RenderButton {INPUT} at (2,2) size 139x22 [bgcolor=#DDDDDD] [border: (2px outset #DDDDDD)]
                                    RenderBlock (anonymous) at (8,3) size 123x16
                                      RenderText at (0,0) size 123x16
                                        text run at (0,0) width 123: "ApplyForThisPosition"
                                  RenderText {#text} at (0,0) size 0x0
              RenderBlock (anonymous) at (1,55) size 155x0
                RenderInline {SPAN} at (0,0) size 0x0
                  RenderInline {SPAN} at (0,0) size 0x0
                  RenderText {#text} at (0,0) size 0x0
                RenderText {#text} at (0,0) size 0x0
