layer at (0,0) size 800x600
  RenderView at (0,0) size 800x600
layer at (0,0) size 800x600
  RenderBlock {HTML} at (0,0) size 800x600
    RenderBody {BODY} at (8,8) size 784x578
      RenderBlock {P} at (0,0) size 784x40
        RenderText {#text} at (0,0) size 260x19
          text run at (0,0) width 260: "This test checks for a regression against "
        RenderInline {I} at (0,0) size 751x39
          RenderInline {A} at (0,0) size 337x19 [color=#0000EE]
            RenderText {#text} at (260,0) size 337x19
              text run at (260,0) width 337: "http://bugzilla.opendarwin.org/show_bug.cgi?id=6214"
          RenderText {#text} at (597,0) size 751x39
            text run at (597,0) width 154: " text-indent in RTL block"
            text run at (0,20) width 113: "does the opposite"
        RenderText {#text} at (113,20) size 4x19
          text run at (113,20) width 4: "."
      RenderBlock {HR} at (0,54) size 784x2 [border: (1px inset #000000)]
      RenderBlock {P} at (0,70) size 784x38 [bgcolor=#00FFFF]
        RenderText {#text} at (40,0) size 744x38
          text run at (40,0) width 694: "The first line of this sententce should be indented 50 pixels to the left, but the rest of it should be flush with the"
          text run at (580,19) width 4 RTL: "."
          text run at (584,19) width 200: "normal right margin of the page"
