layer at (0,0) size 800x600
  RenderView at (0,0) size 800x600
layer at (0,0) size 800x600
  RenderBlock {HTML} at (0,0) size 800x600
    RenderBody {BODY} at (8,8) size 784x584
      RenderButton {BUTTON} at (0,10) size 41x12 [bgcolor=#DDDDDD] [border: (2px outset #DDDDDD)]
        RenderBlock (anonymous) at (8,3) size 25x6
          RenderText {#text} at (0,0) size 25x6
            text run at (0,0) width 25: "Test Button"
      RenderText {#text} at (41,3) size 4x19
        text run at (41,3) width 4: " "
      RenderButton {BUTTON} at (45,10) size 47x13 [bgcolor=#DDDDDD] [border: (2px outset #DDDDDD)]
        RenderBlock (anonymous) at (8,3) size 31x7
          RenderText {#text} at (0,0) size 31x7
            text run at (0,0) width 31: "Test Button"
      RenderText {#text} at (92,3) size 4x19
        text run at (92,3) width 4: " "
      RenderButton {BUTTON} at (96,9) size 54x14 [bgcolor=#DDDDDD] [border: (2px outset #DDDDDD)]
        RenderBlock (anonymous) at (8,3) size 38x8
          RenderText {#text} at (0,0) size 38x8
            text run at (0,0) width 38: "Test Button"
      RenderText {#text} at (150,3) size 4x19
        text run at (150,3) width 4: " "
      RenderButton {BUTTON} at (154,7) size 54x16 [bgcolor=#DDDDDD] [border: (2px outset #DDDDDD)]
        RenderBlock (anonymous) at (8,3) size 38x10
          RenderText {#text} at (0,0) size 38x10
            text run at (0,0) width 38: "Test Button"
      RenderText {#text} at (208,3) size 4x19
        text run at (208,3) width 4: " "
      RenderButton {BUTTON} at (212,6) size 64x18 [bgcolor=#DDDDDD] [border: (2px outset #DDDDDD)]
        RenderBlock (anonymous) at (8,3) size 48x12
          RenderText {#text} at (0,0) size 48x12
            text run at (0,0) width 48: "Test Button"
      RenderText {#text} at (276,3) size 4x19
        text run at (276,3) width 4: " "
      RenderButton {BUTTON} at (280,5) size 70x19 [bgcolor=#DDDDDD] [border: (2px outset #DDDDDD)]
        RenderBlock (anonymous) at (8,3) size 54x13
          RenderText {#text} at (0,0) size 54x13
            text run at (0,0) width 54: "Test Button"
      RenderText {#text} at (350,3) size 4x19
        text run at (350,3) width 4: " "
      RenderButton {BUTTON} at (356,4) size 71x20 [bgcolor=#DDDDDD] [border: (2px outset #DDDDDD)]
        RenderBlock (anonymous) at (8,3) size 55x14
          RenderText {#text} at (0,0) size 55x14
            text run at (0,0) width 55: "Test Button"
      RenderText {#text} at (429,3) size 4x19
        text run at (429,3) width 4: " "
      RenderButton {INPUT} at (435,2) size 83x22 [bgcolor=#DDDDDD] [border: (2px outset #DDDDDD)]
        RenderBlock (anonymous) at (8,3) size 67x16
          RenderText at (0,0) size 67x16
            text run at (0,0) width 67: "Test Button"
      RenderText {#text} at (520,3) size 4x19
        text run at (520,3) width 4: " "
      RenderButton {BUTTON} at (526,3) size 78x21 [bgcolor=#DDDDDD] [border: (2px outset #DDDDDD)]
        RenderBlock (anonymous) at (8,3) size 62x15
          RenderText {#text} at (0,0) size 62x15
            text run at (0,0) width 62: "Test Button"
      RenderText {#text} at (606,3) size 4x19
        text run at (606,3) width 4: " "
      RenderButton {BUTTON} at (612,2) size 83x22 [bgcolor=#DDDDDD] [border: (2px outset #DDDDDD)]
        RenderBlock (anonymous) at (8,3) size 67x16
          RenderText {#text} at (0,0) size 67x16
            text run at (0,0) width 67: "Test Button"
      RenderText {#text} at (697,3) size 4x19
        text run at (697,3) width 4: " "
      RenderButton {BUTTON} at (2,34) size 89x22 [bgcolor=#DDDDDD] [border: (2px outset #DDDDDD)]
        RenderBlock (anonymous) at (8,3) size 73x16
          RenderText {#text} at (0,0) size 73x16
            text run at (0,0) width 73: "Test Button"
      RenderText {#text} at (93,35) size 4x19
        text run at (93,35) width 4: " "
      RenderButton {BUTTON} at (99,33) size 91x23 [bgcolor=#DDDDDD] [border: (2px outset #DDDDDD)]
        RenderBlock (anonymous) at (8,3) size 75x17
          RenderText {#text} at (0,0) size 75x17
            text run at (0,0) width 75: "Test Button"
      RenderText {#text} at (192,35) size 4x19
        text run at (192,35) width 4: " "
      RenderButton {BUTTON} at (198,32) size 94x25 [bgcolor=#DDDDDD] [border: (2px outset #DDDDDD)]
        RenderBlock (anonymous) at (8,3) size 78x19
          RenderText {#text} at (0,0) size 78x18
            text run at (0,0) width 78: "Test Button"
      RenderText {#text} at (294,35) size 4x19
        text run at (294,35) width 4: " "
      RenderButton {BUTTON} at (300,32) size 97x26 [bgcolor=#DDDDDD] [border: (2px outset #DDDDDD)]
        RenderBlock (anonymous) at (8,3) size 81x20
          RenderText {#text} at (0,0) size 81x19
            text run at (0,0) width 81: "Test Button"
      RenderText {#text} at (399,35) size 4x19
        text run at (399,35) width 4: " "
      RenderButton {BUTTON} at (405,30) size 109x28 [bgcolor=#DDDDDD] [border: (2px outset #DDDDDD)]
        RenderBlock (anonymous) at (8,3) size 93x22
          RenderText {#text} at (0,0) size 93x21
            text run at (0,0) width 93: "Test Button"
      RenderText {#text} at (516,35) size 4x19
        text run at (516,35) width 4: " "
      RenderButton {BUTTON} at (522,29) size 113x29 [bgcolor=#DDDDDD] [border: (2px outset #DDDDDD)]
        RenderBlock (anonymous) at (8,3) size 97x23
          RenderText {#text} at (0,0) size 97x22
            text run at (0,0) width 97: "Test Button"
      RenderText {#text} at (637,35) size 4x19
        text run at (637,35) width 4: " "
      RenderButton {BUTTON} at (643,28) size 117x30 [bgcolor=#DDDDDD] [border: (2px outset #DDDDDD)]
        RenderBlock (anonymous) at (8,3) size 101x24
          RenderText {#text} at (0,0) size 101x23
            text run at (0,0) width 101: "Test Button"
      RenderText {#text} at (762,35) size 4x19
        text run at (762,35) width 4: " "
      RenderButton {BUTTON} at (2,62) size 123x31 [bgcolor=#DDDDDD] [border: (2px outset #DDDDDD)]
        RenderBlock (anonymous) at (8,3) size 107x25
          RenderText {#text} at (0,0) size 107x24
            text run at (0,0) width 107: "Test Button"
      RenderText {#text} at (0,0) size 0x0
