layer at (0,0) size 800x600
  RenderView at (0,0) size 800x600
layer at (0,0) size 800x600
  RenderBlock {HTML} at (0,0) size 800x600
    RenderBody {BODY} at (8,8) size 784x584
      RenderText {#text} at (0,0) size 444x19
        text run at (0,0) width 444: "This tests that empty select controls and buttons have the correct baseline."
      RenderBR {BR} at (444,15) size 0x0
      RenderMenuList {SELECT} at (2,23) size 25x20 [bgcolor=#DDDDDD] [border: (1px solid #000000)]
        RenderBlock (anonymous) at (1,1) size 23x18
          RenderBR at (4,1) size 0x16 [bgcolor=#DDDDDD]
      RenderText {#text} at (29,23) size 29x19
        text run at (29,23) width 29: " test "
      RenderMenuList {SELECT} at (60,23) size 47x20 [bgcolor=#DDDDDD] [border: (1px solid #000000)]
        RenderBlock (anonymous) at (1,1) size 45x18
          RenderText at (4,1) size 22x16
            text run at (4,1) width 22: "test"
      RenderText {#text} at (109,23) size 4x19
        text run at (109,23) width 4: " "
      RenderMenuList {SELECT} at (115,23) size 25x20 [color=#00008B] [bgcolor=#ADD8E6] [border: (1px solid #00008B)]
        RenderBlock (anonymous) at (1,1) size 23x18
          RenderBR at (4,1) size 0x16 [bgcolor=#ADD8E6]
      RenderText {#text} at (142,23) size 29x19
        text run at (142,23) width 29: " test "
      RenderMenuList {SELECT} at (173,23) size 47x20 [color=#00008B] [bgcolor=#ADD8E6] [border: (1px solid #00008B)]
        RenderBlock (anonymous) at (1,1) size 45x18
          RenderText at (4,1) size 22x16
            text run at (4,1) width 22: "test"
      RenderText {#text} at (222,23) size 4x19
        text run at (222,23) width 4: " "
      RenderButton {BUTTON} at (228,22) size 16x22 [bgcolor=#DDDDDD] [border: (2px outset #DDDDDD)]
      RenderText {#text} at (246,23) size 4x19
        text run at (246,23) width 4: " "
      RenderButton {BUTTON} at (252,22) size 38x22 [bgcolor=#DDDDDD] [border: (2px outset #DDDDDD)]
        RenderBlock (anonymous) at (8,3) size 22x16
          RenderText {#text} at (0,0) size 22x16
            text run at (0,0) width 22: "test"
      RenderText {#text} at (292,23) size 4x19
        text run at (292,23) width 4: " "
      RenderButton {BUTTON} at (298,22) size 16x22 [color=#00008B] [bgcolor=#ADD8E6] [border: (2px outset #DDDDDD)]
      RenderText {#text} at (316,23) size 4x19
        text run at (316,23) width 4: " "
      RenderButton {BUTTON} at (322,22) size 38x22 [color=#00008B] [bgcolor=#ADD8E6] [border: (2px outset #DDDDDD)]
        RenderBlock (anonymous) at (8,3) size 22x16
          RenderText {#text} at (0,0) size 22x16
            text run at (0,0) width 22: "test"
      RenderText {#text} at (0,0) size 0x0
