layer at (0,0) size 800x600
  RenderView at (0,0) size 800x600
layer at (0,0) size 800x600
  RenderBlock {HTML} at (0,0) size 800x600
    RenderBody {BODY} at (8,8) size 784x578
      RenderBlock {PRE} at (0,0) size 784x19
        RenderText {#text} at (0,1) size 104x17
          text run at (0,1) width 104: "text      col"
          text run at (104,1) width 0: " "
      RenderBlock {PRE} at (0,33) size 784x19
        RenderText {#text} at (0,1) size 104x17
          text run at (0,1) width 104: "          col"
          text run at (104,1) width 0: " "
      RenderBlock {PRE} at (0,66) size 784x19
        RenderText {#text} at (0,1) size 104x17
          text run at (0,1) width 104: "thistextiscol"
          text run at (104,1) width 0: " "
