layer at (0,0) size 800x1338
  RenderView at (0,0) size 800x600
layer at (0,0) size 800x1338
  RenderBlock {HTML} at (0,0) size 800x1338
    RenderBody {BODY} at (8,8) size 784x1322 [bgcolor=#FFFFFF]
      RenderBlock {H1} at (0,0) size 784x38
        RenderText {#text} at (0,0) size 333x38
          text run at (0,0) width 333: "Safari 1.0 PRE width bug"
      RenderBlock (anonymous) at (0,56) size 784x76
        RenderText {#text} at (0,0) size 98x19
          text run at (0,0) width 98: "As noted in my "
        RenderInline {A} at (0,0) size 27x19 [color=#0000EE]
          RenderText {#text} at (98,0) size 27x19
            text run at (98,0) width 27: "blog"
        RenderText {#text} at (125,0) size 777x76
          text run at (125,0) width 8: ", "
          text run at (133,0) width 429: "in certain cases Safari will miscalculate the width of a PRE element. "
          text run at (562,0) width 201: "I think I've found the trigger. If a"
          text run at (0,19) width 262: "nested container element is preceded by "
          text run at (262,19) width 451: "uncontained text and a blank line, and there are \"too many\" characters "
          text run at (713,19) width 62: "contained"
          text run at (0,38) width 342: "in the nested element, the PRE width will be too wide. "
          text run at (342,38) width 435: "In the examples below, the nested element is a SPAN whose content"
          text run at (0,57) width 223: "is the days-of-week line, as follows:"
      RenderBlock {PRE} at (0,146) size 784x19
        RenderText {#text} at (0,0) size 330x19
          text run at (0,0) width 330: "    <SPAN CLASS=dow> D  M  T  W  J  F  S</SPAN>"
          text run at (330,0) width 0: " "
      RenderBlock {H2} at (0,182) size 784x29
        RenderText {#text} at (0,0) size 106x29
          text run at (0,0) width 106: "Example 1"
      RenderTable {TABLE} at (0,228) size 784x212
        RenderTableSection {TBODY} at (0,0) size 784x212
          RenderTableRow {TR} at (0,2) size 784x208
            RenderTableCell {TD} at (2,2) size 154x208 [r=0 c=0 rs=1 cs=1]
              RenderBlock {PRE} at (1,1) size 152x206 [bgcolor=#CCCC99] [border: (1px solid #000000)]
                RenderText {#text} at (8,8) size 64x38
                  text run at (8,8) width 64: "        2003"
                  text run at (72,8) width 0: " "
                  text run at (8,27) width 0: " "
                RenderInline {SPAN} at (0,0) size 121x22 [border: (1px solid #000000) none (2px solid #000000) none]
                  RenderText {#text} at (8,46) size 121x19
                    text run at (8,46) width 121: " D  M  T  W  J  F  S"
                RenderText {#text} at (129,46) size 136x152
                  text run at (129,46) width 0: " "
                  text run at (8,65) width 0: " "
                  text run at (8,84) width 94: "      September"
                  text run at (102,84) width 0: " "
                  text run at (8,103) width 104: "    1  2  3  4  5  6"
                  text run at (112,103) width 0: " "
                  text run at (8,122) width 124: " 7  8  9 10 11 12 13"
                  text run at (132,122) width 0: " "
                  text run at (8,141) width 136: "14 15 16 17 18 19 20"
                  text run at (144,141) width 0: " "
                  text run at (8,160) width 136: "21 22 23 24 25 26 27"
                  text run at (144,160) width 0: " "
                  text run at (8,179) width 56: "28 29 30"
            RenderTableCell {TD} at (158,2) size 624x21 [r=0 c=1 rs=1 cs=1]
              RenderText {#text} at (1,1) size 488x19
                text run at (1,1) width 347: "The blank line between '2003' and the nested element "
                text run at (348,1) width 141: "triggers the width bug."
      RenderBlock (anonymous) at (0,440) size 784x19
        RenderBR {BR} at (0,0) size 0x19
      RenderBlock {H2} at (0,476) size 784x29
        RenderText {#text} at (0,0) size 106x29
          text run at (0,0) width 106: "Example 2"
      RenderTable {TABLE} at (0,522) size 784x212
        RenderTableSection {TBODY} at (0,0) size 784x212
          RenderTableRow {TR} at (0,2) size 784x208
            RenderTableCell {TD} at (2,2) size 154x208 [r=0 c=0 rs=1 cs=1]
              RenderBlock {PRE} at (1,1) size 152x206 [bgcolor=#CCCC99] [border: (1px solid #000000)]
                RenderText {#text} at (8,8) size 64x38
                  text run at (8,8) width 64: "        2003"
                  text run at (72,8) width 0: " "
                  text run at (8,27) width 0: " "
                RenderInline {SPAN} at (0,0) size 89x22 [border: (1px solid #000000) none (2px solid #000000) none]
                  RenderText {#text} at (8,46) size 89x19
                    text run at (8,46) width 89: " D  M  TWJFS"
                RenderText {#text} at (97,46) size 136x152
                  text run at (97,46) width 0: " "
                  text run at (8,65) width 0: " "
                  text run at (8,84) width 94: "      September"
                  text run at (102,84) width 0: " "
                  text run at (8,103) width 104: "    1  2  3  4  5  6"
                  text run at (112,103) width 0: " "
                  text run at (8,122) width 124: " 7  8  9 10 11 12 13"
                  text run at (132,122) width 0: " "
                  text run at (8,141) width 136: "14 15 16 17 18 19 20"
                  text run at (144,141) width 0: " "
                  text run at (8,160) width 136: "21 22 23 24 25 26 27"
                  text run at (144,160) width 0: " "
                  text run at (8,179) width 56: "28 29 30"
            RenderTableCell {TD} at (158,2) size 624x73 [r=0 c=1 rs=1 cs=1]
              RenderBlock (anonymous) at (1,1) size 622x19
                RenderText {#text} at (0,0) size 488x19
                  text run at (0,0) width 347: "The blank line between '2003' and the nested element "
                  text run at (347,0) width 141: "triggers the width bug."
              RenderBlock {P} at (1,34) size 622x38
                RenderText {#text} at (0,0) size 603x38
                  text run at (0,0) width 358: "Here, the excess whitespace is reduced by reducing the "
                  text run at (358,0) width 245: "number of characters contained by the"
                  text run at (0,19) width 102: "nested element."
      RenderBlock (anonymous) at (0,734) size 784x19
        RenderBR {BR} at (0,0) size 0x19
      RenderBlock {H2} at (0,770) size 784x29
        RenderText {#text} at (0,0) size 106x29
          text run at (0,0) width 106: "Example 3"
      RenderTable {TABLE} at (0,816) size 784x193
        RenderTableSection {TBODY} at (0,0) size 784x193
          RenderTableRow {TR} at (0,2) size 784x189
            RenderTableCell {TD} at (2,2) size 154x189 [r=0 c=0 rs=1 cs=1]
              RenderBlock {PRE} at (1,1) size 152x187 [bgcolor=#CCCC99] [border: (1px solid #000000)]
                RenderText {#text} at (8,8) size 64x19
                  text run at (8,8) width 64: "        2003"
                  text run at (72,8) width 0: " "
                RenderInline {SPAN} at (0,0) size 121x22 [border: (1px solid #000000) none (2px solid #000000) none]
                  RenderText {#text} at (8,27) size 121x19
                    text run at (8,27) width 121: " D  M  T  W  J  F  S"
                RenderText {#text} at (129,27) size 136x152
                  text run at (129,27) width 0: " "
                  text run at (8,46) width 0: " "
                  text run at (8,65) width 94: "      September"
                  text run at (102,65) width 0: " "
                  text run at (8,84) width 104: "    1  2  3  4  5  6"
                  text run at (112,84) width 0: " "
                  text run at (8,103) width 124: " 7  8  9 10 11 12 13"
                  text run at (132,103) width 0: " "
                  text run at (8,122) width 136: "14 15 16 17 18 19 20"
                  text run at (144,122) width 0: " "
                  text run at (8,141) width 136: "21 22 23 24 25 26 27"
                  text run at (144,141) width 0: " "
                  text run at (8,160) width 56: "28 29 30"
            RenderTableCell {TD} at (158,2) size 624x40 [r=0 c=1 rs=1 cs=1]
              RenderText {#text} at (1,1) size 579x38
                text run at (1,1) width 347: "The blank line between '2003' and the nested element "
                text run at (348,1) width 232: "has been removed, so the bug is not"
                text run at (1,20) width 61: "triggered."
      RenderBlock (anonymous) at (0,1009) size 784x19
        RenderBR {BR} at (0,0) size 0x19
      RenderBlock {H2} at (0,1045) size 784x29
        RenderText {#text} at (0,0) size 106x29
          text run at (0,0) width 106: "Example 4"
      RenderTable {TABLE} at (0,1091) size 784x212
        RenderTableSection {TBODY} at (0,0) size 784x212
          RenderTableRow {TR} at (0,2) size 784x208
            RenderTableCell {TD} at (2,2) size 154x208 [r=0 c=0 rs=1 cs=1]
              RenderBlock {PRE} at (1,1) size 152x206 [bgcolor=#CCCC99] [border: (1px solid #000000)]
                RenderInline {SPAN} at (0,0) size 64x19
                  RenderText {#text} at (8,8) size 64x19
                    text run at (8,8) width 64: "        2003"
                RenderText {#text} at (72,8) size 64x38
                  text run at (72,8) width 0: " "
                  text run at (8,27) width 0: " "
                RenderInline {SPAN} at (0,0) size 121x22 [border: (1px solid #000000) none (2px solid #000000) none]
                  RenderText {#text} at (8,46) size 121x19
                    text run at (8,46) width 121: " D  M  T  W  J  F  S"
                RenderText {#text} at (129,46) size 136x152
                  text run at (129,46) width 0: " "
                  text run at (8,65) width 0: " "
                  text run at (8,84) width 94: "      September"
                  text run at (102,84) width 0: " "
                  text run at (8,103) width 104: "    1  2  3  4  5  6"
                  text run at (112,103) width 0: " "
                  text run at (8,122) width 124: " 7  8  9 10 11 12 13"
                  text run at (132,122) width 0: " "
                  text run at (8,141) width 136: "14 15 16 17 18 19 20"
                  text run at (144,141) width 0: " "
                  text run at (8,160) width 136: "21 22 23 24 25 26 27"
                  text run at (144,160) width 0: " "
                  text run at (8,179) width 56: "28 29 30"
            RenderTableCell {TD} at (158,2) size 624x40 [r=0 c=1 rs=1 cs=1]
              RenderText {#text} at (1,1) size 610x38
                text run at (1,1) width 347: "The blank line between '2003' and the nested element "
                text run at (348,1) width 263: "no longer triggers the width bug, because"
                text run at (1,20) width 228: "now the '2003' is itself contained by "
                text run at (229,20) width 297: "a nested element (in this case, another SPAN)."
      RenderBlock (anonymous) at (0,1303) size 784x19
        RenderBR {BR} at (0,0) size 0x19
