layer at (0,0) size 800x600
  RenderView at (0,0) size 800x600
layer at (0,0) size 800x600
  RenderBlock {HTML} at (0,0) size 800x600
    RenderBody {BODY} at (8,8) size 784x584
      RenderBlock {DIV} at (0,0) size 154x137 [border: (2px solid #FF0000)]
        RenderText {#text} at (2,2) size 149x133
          text run at (2,2) width 146: "Even though this div is "
          text run at (2,21) width 145: "white-space pre, the te"
          text run at (2,40) width 149: "xt inside should still wra"
          text run at (2,59) width 145: "p to multiple lines beca"
          text run at (2,78) width 146: "use of the word-wrap:b"
          text run at (2,97) width 146: "reak-word CSS propert"
          text run at (2,116) width 11: "y."
