layer at (0,0) size 784x785
  RenderView at (0,0) size 784x600
layer at (0,0) size 784x785
  RenderBlock {html} at (0,0) size 784x785
    RenderBody {body} at (8,16) size 768x761
      RenderBlock {parsererror} at (16,0) size 736x140 [bgcolor=#FFDDDD] [border: (2px solid #CC7777)]
        RenderBlock {h3} at (18,20) size 700x25
          RenderText {#text} at (0,0) size 324x25
            text run at (0,0) width 324: "This page contains the following errors:"
        RenderBlock {div} at (18,63) size 700x14
          RenderText {#text} at (0,0) size 385x13
            text run at (0,0) width 385: "error on line 2 at column 0: Premature end of document."
        RenderBlock {h3} at (18,95) size 700x25
          RenderText {#text} at (0,0) size 429x25
            text run at (0,0) width 429: "Below is a rendering of the page up to the first error."
      RenderBlock (anonymous) at (0,156) size 768x605
        RenderSVGRoot {svg} at (8,176) size 365x21
          RenderSVGText {text} at (0,4) size 365x21 contains 1 chunk(s)
            RenderSVGInlineText {#text} at (0,0) size 365x21
              chunk 1 text run 1 at (0.00,20.00) startOffset 0 endOffset 53 width 365.00: "This should not crash, but display an error document."
          RenderSVGContainer {use} at (8,172) size 0x0
            RenderSVGContainer {g} at (8,172) size 0x0
