layer at (0,0) size 800x600
  RenderView at (0,0) size 800x600
layer at (0,0) size 800x74
  RenderBlock {HTML} at (0,0) size 800x74
    RenderBody {BODY} at (8,14) size 784x52
      RenderBlock {P} at (0,0) size 784x19
        RenderText {#text} at (0,0) size 194x19
          text run at (0,0) width 194: "There should be no red below."
      RenderBlock {DIV} at (140,33) size 644x19 [color=#FF0000] [bgcolor=#00FF00]
        RenderBlock (compact) {DIV} at (-140,0) size 0x0 [color=#000000]
          RenderText {#text} at (0,0) size 32x19
            text run at (0,0) width 32: "Test:"
        RenderInline {SPAN} at (0,0) size 306x19 [color=#000000]
          RenderText {#text} at (0,0) size 306x19
            text run at (0,0) width 306: "This sentence should have a green background."
        RenderText {#text} at (0,0) size 0x0
