layer at (0,0) size 800x600
  RenderView at (0,0) size 800x600
layer at (0,0) size 800x484
  RenderBlock {HTML} at (0,0) size 800x484
    RenderBody {BODY} at (8,8) size 784x462
      RenderBlock (anonymous) at (0,0) size 784x19
        RenderInline {DIV} at (0,0) size 462x16 [color=#FFFFFF] [bgcolor=#FF0000]
          RenderText {#text} at (0,2) size 462x16
            text run at (0,2) width 462: "Ahem_font_required_for_this_test."
        RenderText {#text} at (0,0) size 0x0
      RenderBlock {P} at (14,33) size 756x19 [color=#008000]
        RenderText {#text} at (0,0) size 362x19
          text run at (0,0) width 362: "This line should be green. There should be no red below."
      RenderBlock {P} at (14,66) size 84x16 [color=#008000]
        RenderInline {SPAN} at (0,0) size 84x16 [color=#FFFFFF] [bgcolor=#FF0000]
          RenderText {#text} at (0,0) size 84x16
            text run at (0,0) width 84: "FAIL-a"
        RenderText {#text} at (0,0) size 0x0
      RenderBlock {P} at (14,96) size 84x16 [color=#008000]
        RenderInline {SPAN} at (0,0) size 84x16 [color=#FFFFFF] [bgcolor=#FF0000]
          RenderText {#text} at (0,0) size 84x16
            text run at (0,0) width 84: "FAIL-b"
        RenderText {#text} at (0,0) size 0x0
      RenderBlock {P} at (14,126) size 84x14 [color=#008000]
        RenderInline {SPAN} at (0,0) size 84x16 [color=#FFFFFF] [bgcolor=#FF0000]
          RenderText {#text} at (0,-1) size 84x16
            text run at (0,-1) width 84: "FAIL-c"
        RenderText {#text} at (0,0) size 0x0
      RenderBlock {P} at (14,154) size 84x14 [color=#008000]
        RenderInline {SPAN} at (0,0) size 84x16 [color=#FFFFFF] [bgcolor=#FF0000]
          RenderText {#text} at (0,-1) size 84x16
            text run at (0,-1) width 84: "FAIL-d"
        RenderText {#text} at (0,0) size 0x0
      RenderBlock {P} at (14,182) size 84x14 [color=#008000]
        RenderInline {SPAN} at (0,0) size 84x16 [color=#FFFFFF] [bgcolor=#FF0000]
          RenderText {#text} at (0,-1) size 84x16
            text run at (0,-1) width 84: "FAIL-e"
        RenderText {#text} at (0,0) size 0x0
      RenderBlock {P} at (14,210) size 84x14 [color=#008000]
        RenderInline {SPAN} at (0,0) size 84x16 [color=#FFFFFF] [bgcolor=#FF0000]
          RenderText {#text} at (0,-1) size 84x16
            text run at (0,-1) width 84: "FAIL-f"
        RenderText {#text} at (0,0) size 0x0
      RenderBlock {P} at (14,238) size 84x14 [color=#008000]
        RenderInline {SPAN} at (0,0) size 84x16 [color=#FFFFFF] [bgcolor=#FF0000]
          RenderText {#text} at (0,-1) size 84x16
            text run at (0,-1) width 84: "FAIL-g"
        RenderText {#text} at (0,0) size 0x0
      RenderBlock {P} at (14,266) size 84x16 [color=#008000]
        RenderInline {SPAN} at (0,0) size 84x16 [color=#FFFFFF] [bgcolor=#FF0000]
          RenderText {#text} at (0,0) size 84x16
            text run at (0,0) width 84: "FAIL-h"
        RenderText {#text} at (0,0) size 0x0
      RenderBlock {P} at (14,296) size 84x16 [color=#008000]
        RenderInline {SPAN} at (0,0) size 84x16 [color=#FFFFFF] [bgcolor=#FF0000]
          RenderText {#text} at (0,0) size 84x16
            text run at (0,0) width 84: "FAIL-i"
        RenderText {#text} at (0,0) size 0x0
      RenderBlock {P} at (14,326) size 84x16 [color=#008000]
        RenderInline {SPAN} at (0,0) size 84x16 [color=#FFFFFF] [bgcolor=#FF0000]
          RenderText {#text} at (0,0) size 84x16
            text run at (0,0) width 84: "FAIL-j"
        RenderText {#text} at (0,0) size 0x0
      RenderBlock {P} at (14,356) size 84x16 [color=#008000]
        RenderInline {SPAN} at (0,0) size 84x16 [color=#FFFFFF] [bgcolor=#FF0000]
          RenderText {#text} at (0,0) size 84x16
            text run at (0,0) width 84: "FAIL-k"
        RenderText {#text} at (0,0) size 0x0
      RenderBlock {P} at (14,386) size 84x16 [color=#008000]
        RenderInline {SPAN} at (0,0) size 84x16 [color=#FFFFFF] [bgcolor=#FF0000]
          RenderText {#text} at (0,0) size 84x16
            text run at (0,0) width 84: "FAIL-l"
        RenderText {#text} at (0,0) size 0x0
      RenderBlock {P} at (14,416) size 84x16 [color=#008000]
        RenderInline {SPAN} at (0,0) size 84x16 [color=#FFFFFF] [bgcolor=#FF0000]
          RenderText {#text} at (0,0) size 84x16
            text run at (0,0) width 84: "FAIL-m"
        RenderText {#text} at (0,0) size 0x0
      RenderBlock {P} at (14,446) size 84x16 [color=#008000]
        RenderInline {SPAN} at (0,0) size 84x16 [color=#FFFFFF] [bgcolor=#FF0000]
          RenderText {#text} at (0,0) size 84x16
            text run at (0,0) width 84: "FAIL-n"
        RenderText {#text} at (0,0) size 0x0
