layer at (0,0) size 800x600
  RenderView at (0,0) size 800x600
layer at (0,0) size 800x600
  RenderBlock {HTML} at (0,0) size 800x600
    RenderBody {BODY} at (8,8) size 784x584
      RenderBlock {H2} at (3,0) size 778x18
        RenderText {#text} at (0,0) size 350x18
          text run at (0,0) width 350: "Horizontal meters with the non-themed default style"
      RenderBlock {UL} at (3,21) size 778x60
        RenderListItem {LI} at (43,0) size 732x18
          RenderMeter {METER} at (0,1) size 80x16
            RenderBlock {DIV} at (0,0) size 80x16
            RenderBlock {DIV} at (0,0) size 20x16
            RenderBlock {DIV} at (0,0) size 80x16
            RenderBlock {DIV} at (0,12) size 80x4
        RenderListItem {LI} at (43,21) size 732x18
          RenderMeter {METER} at (0,1) size 80x16
            RenderBlock {DIV} at (0,0) size 80x16
            RenderBlock {DIV} at (0,0) size 36x16
            RenderBlock {DIV} at (0,0) size 80x16
            RenderBlock {DIV} at (0,9) size 80x7
        RenderListItem {LI} at (43,42) size 732x18
          RenderMeter {METER} at (0,1) size 80x16
            RenderBlock {DIV} at (0,0) size 80x16
            RenderBlock {DIV} at (0,0) size 60x16
            RenderBlock {DIV} at (0,0) size 80x16
            RenderBlock {DIV} at (0,4) size 80x12
      RenderBlock {H2} at (3,84) size 778x18
        RenderText {#text} at (0,0) size 332x18
          text run at (0,0) width 332: "Vertical meters with the non-themed default style"
      RenderBlock {UL} at (3,105) size 778x129
        RenderListItem {LI} at (43,0) size 732x41
          RenderMeter {METER} at (0,0) size 30x40
            RenderBlock {DIV} at (0,0) size 30x40
            RenderBlock {DIV} at (0,0) size 7x40
            RenderBlock {DIV} at (0,0) size 30x40
            RenderBlock {DIV} at (0,30) size 30x10
        RenderListItem {LI} at (43,44) size 732x41
          RenderMeter {METER} at (0,0) size 30x40
            RenderBlock {DIV} at (0,0) size 30x40
            RenderBlock {DIV} at (0,0) size 13x40
            RenderBlock {DIV} at (0,0) size 30x40
            RenderBlock {DIV} at (0,22) size 30x18
        RenderListItem {LI} at (43,88) size 732x41
          RenderMeter {METER} at (0,0) size 30x40
            RenderBlock {DIV} at (0,0) size 30x40
            RenderBlock {DIV} at (0,0) size 22x40
            RenderBlock {DIV} at (0,0) size 30x40
            RenderBlock {DIV} at (0,10) size 30x30
      RenderBlock {H2} at (3,237) size 778x18
        RenderText {#text} at (0,0) size 150x18
          text run at (0,0) width 150: "Providing meter styles"
      RenderBlock {DIV} at (0,258) size 784x102 [bgcolor=#EEEEEE]
        RenderBlock {UL} at (3,0) size 778x102
          RenderListItem {LI} at (43,0) size 732x32
            RenderMeter {METER} at (0,0) size 230x31 [bgcolor=#AAAACC] [border: (10px solid #222244) (50px solid #222244) (5px solid #222244) (100px solid #222244)]
              RenderBlock {DIV} at (100,10) size 80x16
              RenderBlock {DIV} at (100,10) size 64x16
              RenderBlock {DIV} at (100,10) size 80x16
              RenderBlock {DIV} at (100,14) size 80x12
            RenderText {#text} at (230,14) size 70x18
              text run at (230,14) width 70: " has border"
          RenderListItem {LI} at (43,35) size 732x32
            RenderMeter {METER} at (0,0) size 230x31 [bgcolor=#AAAACC]
              RenderBlock {DIV} at (100,10) size 80x16
              RenderBlock {DIV} at (100,10) size 64x16
              RenderBlock {DIV} at (100,10) size 80x16
              RenderBlock {DIV} at (100,14) size 80x12
            RenderText {#text} at (230,14) size 80x18
              text run at (230,14) width 80: " has padding"
          RenderListItem {LI} at (43,70) size 732x32
            RenderMeter {METER} at (100,10) size 80x16 [bgcolor=#AAAACC]
              RenderBlock {DIV} at (0,0) size 80x16
              RenderBlock {DIV} at (0,0) size 64x16
              RenderBlock {DIV} at (0,0) size 80x16
              RenderBlock {DIV} at (0,4) size 80x12
            RenderText {#text} at (230,14) size 73x18
              text run at (230,14) width 73: " has margin"
      RenderBlock {H2} at (3,363) size 778x18
        RenderText {#text} at (0,0) size 224x18
          text run at (0,0) width 224: "Providing bar and/or value styles"
      RenderBlock {DIV} at (0,384) size 784x60 [bgcolor=#EEEEEE]
        RenderBlock {UL} at (3,0) size 778x60
          RenderListItem {LI} at (43,0) size 732x18
            RenderMeter {METER} at (0,1) size 80x16
              RenderBlock {DIV} at (0,0) size 80x16
              RenderBlock {DIV} at (0,0) size 64x16 [bgcolor=#008000] [border: (2px solid #77CC77)]
              RenderBlock {DIV} at (0,0) size 80x16
              RenderBlock {DIV} at (0,4) size 80x12
            RenderText {#text} at (80,0) size 250x18
              text run at (80,0) width 250: " has bar style, should be styled as it has."
          RenderListItem {LI} at (43,21) size 732x18
            RenderMeter {METER} at (0,1) size 80x16
              RenderBlock {DIV} at (0,0) size 80x16 [bgcolor=#808080] [border: (2px solid #222222)]
              RenderBlock {DIV} at (0,0) size 64x16
              RenderBlock {DIV} at (0,0) size 80x16
              RenderBlock {DIV} at (0,4) size 80x12
            RenderText {#text} at (80,0) size 264x18
              text run at (80,0) width 264: " has value style, should be styled as it has."
          RenderListItem {LI} at (43,42) size 732x18
            RenderMeter {METER} at (0,1) size 80x16
              RenderBlock {DIV} at (0,0) size 80x16 [bgcolor=#808080] [border: (2px solid #222222)]
              RenderBlock {DIV} at (0,0) size 64x16 [bgcolor=#008000] [border: (2px solid #77CC77)]
              RenderBlock {DIV} at (0,0) size 80x16
              RenderBlock {DIV} at (0,4) size 80x12
            RenderText {#text} at (80,0) size 264x18
              text run at (80,0) width 264: " has both styles, should be styled as it has."
      RenderBlock {H2} at (3,447) size 778x18
        RenderText {#text} at (0,0) size 156x18
          text run at (0,0) width 156: "Providing appearances"
      RenderBlock {DIV} at (0,468) size 784x39 [bgcolor=#EEEEEE]
        RenderBlock {UL} at (3,0) size 778x39
          RenderListItem {LI} at (43,0) size 732x18
            RenderMeter {METER} at (0,1) size 80x16
              RenderBlock {DIV} at (0,0) size 80x16
              RenderBlock {DIV} at (0,0) size 64x16
              RenderBlock {DIV} at (0,0) size 80x16
              RenderBlock {DIV} at (0,4) size 80x12
            RenderText {#text} at (80,0) size 375x18
              text run at (80,0) width 375: " has \"none\" appearance, should be styled with default style."
          RenderListItem {LI} at (43,21) size 732x18
            RenderMeter {METER} at (0,1) size 80x16
              RenderBlock {DIV} at (0,0) size 80x16
              RenderBlock {DIV} at (0,0) size 64x16
              RenderBlock {DIV} at (0,0) size 80x16
              RenderBlock {DIV} at (0,4) size 80x12
            RenderText {#text} at (80,0) size 276x18
              text run at (80,0) width 276: " has \"meter\" appearance, should be themed."
