layer at (0,0) size 800x600
  RenderView at (0,0) size 800x600
layer at (0,0) size 800x600
  RenderBlock {HTML} at (0,0) size 800x600
    RenderBody {BODY} at (8,8) size 784x578
      RenderBlock {DIV} at (0,0) size 396x193 [border: (2px solid #FF0000)]
        RenderBlock {P} at (2,16) size 392x38
          RenderText {#text} at (0,0) size 378x38
            text run at (0,0) width 378: "I\x{2019}m told this is the longest word in the English language: anti\x{AD}"
            text run at (0,19) width 18: "dis"
            text run at (18,19) width 19: "est"
            text run at (37,19) width 16: "ab"
            text run at (53,19) width 21: "lish"
            text run at (74,19) width 32: "ment"
            text run at (106,19) width 32: "arian"
            text run at (138,19) width 26: "ism."
        RenderBlock {P} at (2,68) size 392x38
          RenderText {#text} at (0,0) size 378x38
            text run at (0,0) width 378: "I\x{2019}m told this is the longest word in the English language: anti\x{AD}"
            text run at (0,19) width 18: "dis"
            text run at (18,19) width 19: "est"
            text run at (37,19) width 16: "ab"
            text run at (53,19) width 21: "lish"
            text run at (74,19) width 32: "ment"
            text run at (106,19) width 32: "arian"
            text run at (138,19) width 26: "ism."
        RenderBlock {P} at (2,120) size 392x57
          RenderText {#text} at (0,0) size 378x38
            text run at (0,0) width 378: "I\x{2019}m told this is the longest word in the English language: anti\x{AD}"
            text run at (0,19) width 18: "dis"
            text run at (18,19) width 19: "est"
            text run at (37,19) width 16: "ab"
          RenderBR {BR} at (0,0) size 0x0
          RenderText {#text} at (0,38) size 111x19
            text run at (0,38) width 21: "lish"
            text run at (21,38) width 32: "ment"
            text run at (53,38) width 32: "arian"
            text run at (85,38) width 26: "ism."
      RenderBlock {P} at (0,207) size 784x0
      RenderBlock (floating) {DIV} at (0,207) size 546x136 [border: (2px solid #FF0000)]
        RenderBlock {P} at (2,16) size 542x19
          RenderText {#text} at (0,0) size 542x19
            text run at (0,0) width 378: "I\x{2019}m told this is the longest word in the English language: anti"
            text run at (378,0) width 18: "dis"
            text run at (396,0) width 19: "est"
            text run at (415,0) width 16: "ab"
            text run at (431,0) width 21: "lish"
            text run at (452,0) width 32: "ment"
            text run at (484,0) width 32: "arian"
            text run at (516,0) width 26: "ism."
        RenderBlock {P} at (2,49) size 542x19
          RenderText {#text} at (0,0) size 542x19
            text run at (0,0) width 378: "I\x{2019}m told this is the longest word in the English language: anti"
            text run at (378,0) width 18: "dis"
            text run at (396,0) width 19: "est"
            text run at (415,0) width 16: "ab"
            text run at (431,0) width 21: "lish"
            text run at (452,0) width 32: "ment"
            text run at (484,0) width 32: "arian"
            text run at (516,0) width 26: "ism."
        RenderBlock {P} at (2,82) size 542x38
          RenderText {#text} at (0,0) size 431x19
            text run at (0,0) width 378: "I\x{2019}m told this is the longest word in the English language: anti"
            text run at (378,0) width 18: "dis"
            text run at (396,0) width 19: "est"
            text run at (415,0) width 16: "ab"
          RenderBR {BR} at (0,0) size 0x0
          RenderText {#text} at (0,19) size 111x19
            text run at (0,19) width 21: "lish"
            text run at (21,19) width 32: "ment"
            text run at (53,19) width 32: "arian"
            text run at (85,19) width 26: "ism."
