layer at (0,0) size 800x600
  RenderView at (0,0) size 800x600
layer at (0,0) size 800x600
  RenderBlock {HTML} at (0,0) size 800x600
    RenderBody {BODY} at (8,8) size 784x584
layer at (8,8) size 784x558
  RenderBlock {DIV} at (0,0) size 784x558 [border: (5px solid #000000)]
    RenderText {#text} at (15,5) size 240x1615
      text run at (15,5) width 169: "Lorem ipsum dolor sit amet,"
      text run at (15,25) width 239: "consectetuer adipiscing elit. Nulla varius"
      text run at (15,45) width 222: "enim ac mi. Curabitur sollicitudin felis"
      text run at (15,65) width 234: "quis lectus. Quisque adipiscing rhoncus"
      text run at (15,85) width 219: "sem. Proin nulla purus, vulputate vel,"
      text run at (15,105) width 214: "varius ut, euismod et, nisi. Sed vitae"
      text run at (15,125) width 202: "felis vel orci sagittis aliquam. Cras"
      text run at (15,145) width 180: "convallis adipiscing sem. Nam"
      text run at (15,165) width 204: "nonummy enim. Nullam bibendum"
      text run at (15,185) width 219: "lobortis neque. Vestibulum velit orci,"
      text run at (15,205) width 238: "tempus euismod, pretium quis, interdum"
      text run at (15,225) width 237: "vitae, nulla. Phasellus eget ante et tortor"
      text run at (15,245) width 229: "condimentum vestibulum. Suspendisse"
      text run at (15,265) width 213: "hendrerit quam nec felis. Sed varius"
      text run at (15,285) width 239: "turpis vitae pede. Lorem ipsum dolor sit"
      text run at (15,305) width 237: "amet, consectetuer adipiscing elit. Proin"
      text run at (15,325) width 224: "bibendum justo ac enim. Class aptent"
      text run at (15,345) width 216: "taciti sociosqu ad litora torquent per"
      text run at (15,365) width 170: "conubia nostra, per inceptos"
      text run at (15,385) width 221: "hymenaeos. Sed leo nulla, rutrum eu,"
      text run at (15,405) width 204: "dictum ut, posuere vel, arcu. Nam"
      text run at (15,425) width 177: "libero. Morbi orci. Maecenas"
      text run at (15,445) width 197: "pellentesque. Curabitur erat erat,"
      text run at (15,465) width 214: "ullamcorper at, gravida vitae, iaculis"
      text run at (15,485) width 226: "vitae, elit. Nullam quam. Quisque orci"
      text run at (15,505) width 224: "lectus, ullamcorper eu, imperdiet sed,"
      text run at (15,525) width 207: "accumsan et, ligula. Duis diam nisl,"
      text run at (15,553) width 240: "sagittis a, blandit volutpat, interdum sed,"
      text run at (15,573) width 228: "velit. Vestibulum quam. Nulla a purus."
      text run at (15,593) width 229: "Phasellus semper semper lectus. Nulla"
      text run at (15,613) width 203: "porttitor, dolor dictum scelerisque"
      text run at (15,633) width 219: "luctus, velit ipsum lobortis mauris, ac"
      text run at (15,653) width 201: "pretium enim nunc vel risus. Proin"
      text run at (15,673) width 230: "gravida mi ut sem cursus mattis. Fusce"
      text run at (15,693) width 220: "laoreet, nisi quis luctus volutpat, arcu"
      text run at (15,713) width 212: "pede tincidunt enim, nec malesuada"
      text run at (15,733) width 237: "urna nisl eu enim. Vivamus varius augue"
      text run at (15,753) width 197: "ac purus. Vestibulum vestibulum."
      text run at (15,773) width 215: "Phasellus et est vitae ante accumsan"
      text run at (15,793) width 197: "rhoncus. Morbi convallis, arcu at"
      text run at (15,813) width 224: "hendrerit gravida, sem diam dignissim"
      text run at (15,833) width 218: "risus, sed aliquet erat mi ut mi. Nunc"
      text run at (15,853) width 237: "cursus lacinia elit. Nunc nisi. Quisque at"
      text run at (15,873) width 211: "erat. Vestibulum dictum quam vitae"
      text run at (15,893) width 240: "nibh. Nunc vitae ante non odio interdum"
      text run at (15,913) width 235: "blandit. Curabitur leo quam, fermentum"
      text run at (15,933) width 213: "sed, feugiat in, ullamcorper id, nibh."
      text run at (15,953) width 189: "Suspendisse ac turpis. In iaculis"
      text run at (15,973) width 240: "sollicitudin dui. Aenean vitae lectus vitae"
      text run at (15,993) width 212: "nulla pellentesque sollicitudin. Nunc"
      text run at (15,1013) width 212: "gravida pharetra lectus. Etiam lacus"
      text run at (15,1033) width 232: "ligula, placerat ut, dictum vitae, tempus"
      text run at (15,1053) width 239: "vel, risus. Cras rhoncus. Praesent varius"
      text run at (15,1073) width 218: "ultricies orci. Donec mattis, neque ut"
      text run at (15,1101) width 234: "ornare fringilla, ante urna placerat eros,"
      text run at (15,1121) width 205: "vel commodo nisi tortor ut mauris."
      text run at (15,1141) width 205: "Morbi magna dui, sagittis sit amet,"
      text run at (15,1161) width 211: "tincidunt et, elementum eget, quam."
      text run at (15,1181) width 171: "Fusce molestie nisl vitae nisi."
      text run at (15,1201) width 212: "Vestibulum a sapien. Phasellus ante"
      text run at (15,1221) width 239: "lacus, vehicula non, cursus a, tempor ut,"
      text run at (15,1241) width 210: "magna. Suspendisse potenti. Fusce"
      text run at (15,1261) width 225: "aliquet, odio viverra vulputate dictum,"
      text run at (15,1281) width 223: "enim odio luctus purus, ut scelerisque"
      text run at (15,1301) width 227: "quam nulla non est. Donec eros lacus,"
      text run at (15,1321) width 232: "egestas vitae, lacinia quis, tempor quis,"
      text run at (15,1341) width 236: "pede. Morbi orci erat, iaculis id, ornare"
      text run at (15,1361) width 217: "ac, elementum at, sem. Nunc ornare"
      text run at (15,1381) width 235: "sodales nisi. Morbi interdum commodo"
      text run at (15,1401) width 214: "nisl. Fusce eget eros non nisi ornare"
      text run at (15,1421) width 229: "facilisis. Sed placerat, est non posuere"
      text run at (15,1441) width 228: "posuere, purus sem dignissim libero, a"
      text run at (15,1461) width 207: "viverra tellus dolor vel lorem. Cras"
      text run at (15,1481) width 226: "augue. Etiam ultricies consequat odio."
      text run at (15,1501) width 234: "Mauris ac libero. Etiam posuere, libero"
      text run at (15,1521) width 185: "vitae euismod gravida, urna elit"
      text run at (15,1541) width 240: "imperdiet magna, vel cursus elit felis non"
      text run at (15,1561) width 200: "mauris. Donec orci erat, porta id,"
      text run at (15,1581) width 199: "dignissim ut, posuere dictum, leo."
      text run at (15,1601) width 227: "Suspendisse scelerisque egestas nulla."
