layer at (0,0) size 800x1430
  RenderView at (0,0) size 800x600
layer at (0,0) size 800x1430
  RenderBlock {HTML} at (0,0) size 800x1430
    RenderBody {BODY} at (8,8) size 784x1414
      RenderBlock {DIV} at (0,0) size 784x200
        RenderBlock (floating) {DIV} at (584,0) size 200x200 [bgcolor=#FF0000]
        RenderTable {TABLE} at (0,0) size 584x48 [border: (2px solid #008000)]
          RenderTableSection {TBODY} at (2,2) size 580x44
            RenderTableRow {TR} at (0,2) size 580x40
              RenderTableCell {TD} at (2,2) size 576x40 [r=0 c=0 rs=1 cs=1]
                RenderText {#text} at (19,1) size 556x38
                  text run at (19,1) width 556: "This is a table. It should sit on the same line as the float and wrap as needed to fit within"
                  text run at (421,20) width 4 RTL: "."
                  text run at (425,20) width 150: "the remaining line width"
      RenderBlock {DIV} at (0,200) size 784x200
        RenderBlock (floating) {DIV} at (584,0) size 200x200 [bgcolor=#FF0000]
      RenderBlock {DIV} at (0,407) size 784x200
        RenderBlock (floating) {DIV} at (584,0) size 200x200 [bgcolor=#FF0000]
        RenderBlock {HR} at (0,0) size 584x2 [border: (1px inset #000000)]
      RenderBlock {DIV} at (0,607) size 784x200
        RenderBlock (floating) {DIV} at (584,0) size 200x200 [bgcolor=#FF0000]
        RenderTable {TABLE} at (192,0) size 392x48 [border: (2px solid #008000)]
          RenderTableSection {TBODY} at (2,2) size 388x44
            RenderTableRow {TR} at (0,2) size 388x40
              RenderTableCell {TD} at (2,2) size 384x40 [r=0 c=0 rs=1 cs=1]
                RenderText {#text} at (4,1) size 379x38
                  text run at (4,1) width 379: "This is a table. It should sit on the same line as the float and"
                  text run at (52,20) width 4 RTL: "."
                  text run at (56,20) width 327: "wrap as needed to fit within the remaining line width"
      RenderBlock {DIV} at (0,807) size 784x200
        RenderBlock (floating) {DIV} at (584,0) size 200x200 [bgcolor=#FF0000]
      RenderBlock {DIV} at (0,1014) size 784x200
        RenderBlock (floating) {DIV} at (584,0) size 200x200 [bgcolor=#FF0000]
        RenderBlock {HR} at (190,0) size 394x2 [border: (1px inset #000000)]
      RenderBlock {DIV} at (0,1214) size 784x200
        RenderBlock (floating) {DIV} at (584,0) size 200x200 [bgcolor=#FF0000]
        RenderImage {IMG} at (192,0) size 392x50 [bgcolor=#008000]
layer at (8,208) size 584x58 clip at (10,210) size 564x38
  RenderBlock {DIV} at (0,0) size 584x58 [border: (2px solid #0000FF)]
    RenderText {#text} at (22,2) size 544x38
      text run at (22,2) width 544: "This is an overflow:scroll region. It should sit on the same line as the float and wrap as"
      text run at (289,21) width 4 RTL: "."
      text run at (293,21) width 273: "needed to fit within the remaining line width"
layer at (196,815) size 396x77 clip at (198,817) size 376x57
  RenderBlock {DIV} at (188,0) size 396x77 [border: (2px solid #0000FF)]
    RenderText {#text} at (16,2) size 362x57
      text run at (16,2) width 362: "This is an overflow:scroll region. It should sit on the same"
      text run at (53,21) width 325: "line as the float and wrap as needed to fit within the"
      text run at (248,40) width 4 RTL: "."
      text run at (252,40) width 126: "remaining line width"
