layer at (0,0) size 785x2819
  RenderView at (0,0) size 785x600
layer at (0,0) size 785x2819
  RenderBlock {HTML} at (0,0) size 785x2819
    RenderBody {BODY} at (8,8) size 769x2803 [bgcolor=#CCCCCC]
      RenderBlock {P} at (0,0) size 769x18
        RenderText {#text} at (0,0) size 355x18
          text run at (0,0) width 355: "The style declarations which apply to the text below are:"
      RenderBlock {PRE} at (0,34) size 769x300
        RenderText {#text} at (0,0) size 224x300
          text run at (0,0) width 200: ".one {font-size: medium;}"
          text run at (200,0) width 0: " "
          text run at (0,15) width 200: ".two {font-size: larger;}"
          text run at (200,15) width 0: " "
          text run at (0,30) width 224: ".three {font-size: smaller;}"
          text run at (224,30) width 0: " "
          text run at (0,45) width 224: ".four {font-size: xx-small;}"
          text run at (224,45) width 0: " "
          text run at (0,60) width 216: ".five {font-size: x-small;}"
          text run at (216,60) width 0: " "
          text run at (0,75) width 192: ".six {font-size: small;}"
          text run at (192,75) width 0: " "
          text run at (0,90) width 208: ".seven {font-size: large;}"
          text run at (208,90) width 0: " "
          text run at (0,105) width 224: ".eight {font-size: x-large;}"
          text run at (224,105) width 0: " "
          text run at (0,120) width 224: ".nine {font-size: xx-large;}"
          text run at (224,120) width 0: " "
          text run at (0,135) width 176: ".a {font-size: 0.5in;}"
          text run at (176,135) width 0: " "
          text run at (0,150) width 160: ".b {font-size: 1cm;}"
          text run at (160,150) width 0: " "
          text run at (0,165) width 168: ".c {font-size: 10mm;}"
          text run at (168,165) width 0: " "
          text run at (0,180) width 168: ".d {font-size: 18pt;}"
          text run at (168,180) width 0: " "
          text run at (0,195) width 176: ".e {font-size: 1.5pc;}"
          text run at (176,195) width 0: " "
          text run at (0,210) width 160: ".f {font-size: 2em;}"
          text run at (160,210) width 0: " "
          text run at (0,225) width 160: ".g {font-size: 3ex;}"
          text run at (160,225) width 0: " "
          text run at (0,240) width 168: ".h {font-size: 25px;}"
          text run at (168,240) width 0: " "
          text run at (0,255) width 168: ".i {font-size: 200%;}"
          text run at (168,255) width 0: " "
          text run at (0,270) width 184: ".j {font-size: -0.5in;}"
          text run at (184,270) width 0: " "
          text run at (0,285) width 0: " "
      RenderBlock {HR} at (0,347) size 769x2 [border: (1px inset #000000)]
      RenderBlock {P} at (0,365) size 769x18
        RenderText {#text} at (0,0) size 688x18
          text run at (0,0) width 688: "This paragraph element is unstyled, so the size of the font in this element is the default size for this user agent."
      RenderBlock {P} at (0,399) size 769x18
        RenderText {#text} at (0,0) size 186x18
          text run at (0,0) width 186: "This sentence has been set to "
        RenderInline {CODE} at (0,0) size 48x15
          RenderText {#text} at (186,2) size 48x15
            text run at (186,2) width 48: "medium"
        RenderText {#text} at (234,0) size 361x18
          text run at (234,0) width 361: ", which may or may not be the same size as unstyled text."
      RenderBlock {P} at (0,436) size 769x22
        RenderText {#text} at (0,0) size 377x22
          text run at (0,0) width 377: "This sentence should be larger than unstyled text."
      RenderBlock {P} at (0,477) size 769x15
        RenderText {#text} at (0,0) size 276x15
          text run at (0,0) width 276: "This sentence should be smaller than unstyled text."
      RenderBlock {P} at (0,505) size 769x18
        RenderText {#text} at (0,6) size 303x10
          text run at (0,6) width 303: "This sentence should be very small, but the last word in the sentence should be "
        RenderInline {SPAN} at (0,0) size 51x18
          RenderText {#text} at (303,0) size 51x18
            text run at (303,0) width 51: "medium"
        RenderText {#text} at (354,6) size 2x10
          text run at (354,6) width 2: "."
      RenderBlock {P} at (0,533) size 769x18
        RenderText {#text} at (0,4) size 327x13
          text run at (0,4) width 327: "This sentence should be rather small, but the last word in the sentence should be "
        RenderInline {SPAN} at (0,0) size 51x18
          RenderText {#text} at (327,0) size 51x18
            text run at (327,0) width 51: "medium"
        RenderText {#text} at (378,4) size 3x13
          text run at (378,4) width 3: "."
      RenderBlock {P} at (0,564) size 769x18
        RenderText {#text} at (0,2) size 401x15
          text run at (0,2) width 401: "This sentence should be small, but the last word in the sentence should be "
        RenderInline {SPAN} at (0,0) size 51x18
          RenderText {#text} at (401,0) size 51x18
            text run at (401,0) width 51: "medium"
        RenderText {#text} at (452,2) size 3x15
          text run at (452,2) width 3: "."
      RenderBlock {P} at (0,600) size 769x22
        RenderText {#text} at (0,0) size 540x22
          text run at (0,0) width 540: "This sentence should be large, but the last word in the sentence should be "
        RenderInline {SPAN} at (0,0) size 51x18
          RenderText {#text} at (540,3) size 51x18
            text run at (540,3) width 51: "medium"
        RenderText {#text} at (591,0) size 5x22
          text run at (591,0) width 5: "."
      RenderBlock {P} at (0,646) size 769x56
        RenderText {#text} at (0,0) size 745x56
          text run at (0,0) width 745: "This sentence should be rather large, but the last word in the sentence should"
          text run at (0,28) width 29: "be "
        RenderInline {SPAN} at (0,0) size 51x18
          RenderText {#text} at (29,36) size 51x18
            text run at (29,36) width 51: "medium"
        RenderText {#text} at (80,28) size 6x28
          text run at (80,28) width 6: "."
      RenderBlock {P} at (0,734) size 769x74
        RenderText {#text} at (0,0) size 752x74
          text run at (0,0) width 752: "This sentence should be very large, but the last word in the"
          text run at (0,37) width 248: "sentence should be "
        RenderInline {SPAN} at (0,0) size 51x18
          RenderText {#text} at (248,52) size 51x18
            text run at (248,52) width 51: "medium"
        RenderText {#text} at (299,37) size 8x37
          text run at (299,37) width 8: "."
      RenderBlock {P} at (0,856) size 769x110
        RenderText {#text} at (0,0) size 695x110
          text run at (0,0) width 695: "This sentence should be half an inch"
          text run at (0,55) width 72: "tall."
      RenderBlock {P} at (0,1014) size 769x45
        RenderText {#text} at (0,0) size 676x45
          text run at (0,0) width 676: "This sentence should be one centimeter tall."
      RenderBlock {P} at (0,1096) size 769x45
        RenderText {#text} at (0,0) size 682x45
          text run at (0,0) width 682: "This sentence should be ten millimeters tall."
      RenderBlock {P} at (0,1178) size 769x28
        RenderText {#text} at (0,0) size 430x28
          text run at (0,0) width 430: "This sentence should be eighteen points tall."
      RenderBlock {P} at (0,1230) size 769x28
        RenderText {#text} at (0,0) size 499x28
          text run at (0,0) width 499: "This sentence should be one and one half picas tall."
      RenderBlock {P} at (0,1290) size 769x37
        RenderText {#text} at (0,0) size 465x37
          text run at (0,0) width 465: "This sentence should be two em tall."
      RenderBlock {P} at (0,1359) size 769x26
        RenderText {#text} at (0,0) size 331x26
          text run at (0,0) width 331: "This sentence should be three ex tall."
      RenderBlock {P} at (0,1410) size 769x29
        RenderText {#text} at (0,0) size 476x29
          text run at (0,0) width 476: "This sentence should be twenty-five pixels tall."
      RenderBlock {P} at (0,1471) size 769x37
        RenderText {#text} at (0,0) size 546x37
          text run at (0,0) width 546: "This sentence should be twice normal size."
      RenderBlock {P} at (0,1540) size 769x18
        RenderText {#text} at (0,0) size 673x18
          text run at (0,0) width 673: "This sentence should be normal size, since no negative values are allowed and therefore should be ignored."
      RenderTable {TABLE} at (0,1574) size 769x1229 [border: (1px outset #808080)]
        RenderTableSection {TBODY} at (1,1) size 767x1227
          RenderTableRow {TR} at (0,0) size 767x26
            RenderTableCell {TD} at (0,0) size 767x26 [bgcolor=#C0C0C0] [border: (1px inset #808080)] [r=0 c=0 rs=1 cs=2]
              RenderInline {STRONG} at (0,0) size 163x18
                RenderText {#text} at (4,4) size 163x18
                  text run at (4,4) width 163: "TABLE Testing Section"
          RenderTableRow {TR} at (0,26) size 767x1201
            RenderTableCell {TD} at (0,613) size 12x26 [bgcolor=#C0C0C0] [border: (1px inset #808080)] [r=1 c=0 rs=1 cs=1]
              RenderText {#text} at (4,4) size 4x18
                text run at (4,4) width 4: " "
            RenderTableCell {TD} at (12,26) size 755x1201 [border: (1px inset #808080)] [r=1 c=1 rs=1 cs=1]
              RenderBlock {P} at (4,4) size 747x18
                RenderText {#text} at (0,0) size 688x18
                  text run at (0,0) width 688: "This paragraph element is unstyled, so the size of the font in this element is the default size for this user agent."
              RenderBlock {P} at (4,38) size 747x18
                RenderText {#text} at (0,0) size 186x18
                  text run at (0,0) width 186: "This sentence has been set to "
                RenderInline {CODE} at (0,0) size 48x15
                  RenderText {#text} at (186,2) size 48x15
                    text run at (186,2) width 48: "medium"
                RenderText {#text} at (234,0) size 361x18
                  text run at (234,0) width 361: ", which may or may not be the same size as unstyled text."
              RenderBlock {P} at (4,75) size 747x22
                RenderText {#text} at (0,0) size 377x22
                  text run at (0,0) width 377: "This sentence should be larger than unstyled text."
              RenderBlock {P} at (4,116) size 747x15
                RenderText {#text} at (0,0) size 276x15
                  text run at (0,0) width 276: "This sentence should be smaller than unstyled text."
              RenderBlock {P} at (4,144) size 747x18
                RenderText {#text} at (0,6) size 303x10
                  text run at (0,6) width 303: "This sentence should be very small, but the last word in the sentence should be "
                RenderInline {SPAN} at (0,0) size 51x18
                  RenderText {#text} at (303,0) size 51x18
                    text run at (303,0) width 51: "medium"
                RenderText {#text} at (354,6) size 2x10
                  text run at (354,6) width 2: "."
              RenderBlock {P} at (4,172) size 747x18
                RenderText {#text} at (0,4) size 327x13
                  text run at (0,4) width 327: "This sentence should be rather small, but the last word in the sentence should be "
                RenderInline {SPAN} at (0,0) size 51x18
                  RenderText {#text} at (327,0) size 51x18
                    text run at (327,0) width 51: "medium"
                RenderText {#text} at (378,4) size 3x13
                  text run at (378,4) width 3: "."
              RenderBlock {P} at (4,203) size 747x18
                RenderText {#text} at (0,2) size 401x15
                  text run at (0,2) width 401: "This sentence should be small, but the last word in the sentence should be "
                RenderInline {SPAN} at (0,0) size 51x18
                  RenderText {#text} at (401,0) size 51x18
                    text run at (401,0) width 51: "medium"
                RenderText {#text} at (452,2) size 3x15
                  text run at (452,2) width 3: "."
              RenderBlock {P} at (4,239) size 747x22
                RenderText {#text} at (0,0) size 540x22
                  text run at (0,0) width 540: "This sentence should be large, but the last word in the sentence should be "
                RenderInline {SPAN} at (0,0) size 51x18
                  RenderText {#text} at (540,3) size 51x18
                    text run at (540,3) width 51: "medium"
                RenderText {#text} at (591,0) size 5x22
                  text run at (591,0) width 5: "."
              RenderBlock {P} at (4,285) size 747x56
                RenderText {#text} at (0,0) size 745x56
                  text run at (0,0) width 745: "This sentence should be rather large, but the last word in the sentence should"
                  text run at (0,28) width 29: "be "
                RenderInline {SPAN} at (0,0) size 51x18
                  RenderText {#text} at (29,36) size 51x18
                    text run at (29,36) width 51: "medium"
                RenderText {#text} at (80,28) size 6x28
                  text run at (80,28) width 6: "."
              RenderBlock {P} at (4,373) size 747x74
                RenderText {#text} at (0,0) size 705x74
                  text run at (0,0) width 705: "This sentence should be very large, but the last word in"
                  text run at (0,37) width 295: "the sentence should be "
                RenderInline {SPAN} at (0,0) size 51x18
                  RenderText {#text} at (295,52) size 51x18
                    text run at (295,52) width 51: "medium"
                RenderText {#text} at (346,37) size 8x37
                  text run at (346,37) width 8: "."
              RenderBlock {P} at (4,495) size 747x110
                RenderText {#text} at (0,0) size 695x110
                  text run at (0,0) width 695: "This sentence should be half an inch"
                  text run at (0,55) width 72: "tall."
              RenderBlock {P} at (4,653) size 747x45
                RenderText {#text} at (0,0) size 676x45
                  text run at (0,0) width 676: "This sentence should be one centimeter tall."
              RenderBlock {P} at (4,735) size 747x45
                RenderText {#text} at (0,0) size 682x45
                  text run at (0,0) width 682: "This sentence should be ten millimeters tall."
              RenderBlock {P} at (4,817) size 747x28
                RenderText {#text} at (0,0) size 430x28
                  text run at (0,0) width 430: "This sentence should be eighteen points tall."
              RenderBlock {P} at (4,869) size 747x28
                RenderText {#text} at (0,0) size 499x28
                  text run at (0,0) width 499: "This sentence should be one and one half picas tall."
              RenderBlock {P} at (4,929) size 747x37
                RenderText {#text} at (0,0) size 465x37
                  text run at (0,0) width 465: "This sentence should be two em tall."
              RenderBlock {P} at (4,998) size 747x26
                RenderText {#text} at (0,0) size 331x26
                  text run at (0,0) width 331: "This sentence should be three ex tall."
              RenderBlock {P} at (4,1049) size 747x29
                RenderText {#text} at (0,0) size 476x29
                  text run at (0,0) width 476: "This sentence should be twenty-five pixels tall."
              RenderBlock {P} at (4,1110) size 747x37
                RenderText {#text} at (0,0) size 546x37
                  text run at (0,0) width 546: "This sentence should be twice normal size."
              RenderBlock {P} at (4,1179) size 747x18
                RenderText {#text} at (0,0) size 673x18
                  text run at (0,0) width 673: "This sentence should be normal size, since no negative values are allowed and therefore should be ignored."
