layer at (0,0) size 785x2024
  RenderView at (0,0) size 785x600
layer at (0,0) size 785x2024
  RenderBlock {HTML} at (0,0) size 785x2024
    RenderBody {BODY} at (8,8) size 769x2008
      RenderBlock (anonymous) at (0,0) size 769x18
        RenderBR {BR} at (0,0) size 0x18
      RenderBlock {HR} at (0,26) size 769x2 [border: (1px inset #000000)]
      RenderBlock {H3} at (0,46) size 769x22
        RenderText {#text} at (0,0) size 89x22
          text run at (0,0) width 89: "border-top"
      RenderBlock {P} at (0,86) size 769x18
        RenderInline {CODE} at (0,0) size 56x15
          RenderText {#text} at (0,2) size 56x15
            text run at (0,2) width 56: "<table>"
        RenderText {#text} at (56,0) size 31x18
          text run at (56,0) width 31: " has "
        RenderInline {CODE} at (0,0) size 48x15
          RenderText {#text} at (87,2) size 48x15
            text run at (87,2) width 48: "border"
        RenderText {#text} at (135,0) size 72x18
          text run at (135,0) width 72: " attribute; "
        RenderInline {CODE} at (0,0) size 32x15
          RenderText {#text} at (207,2) size 32x15
            text run at (207,2) width 32: "<td>"
        RenderText {#text} at (239,0) size 40x18
          text run at (239,0) width 40: " have "
        RenderInline {CODE} at (0,0) size 296x15
          RenderText {#text} at (279,2) size 296x15
            text run at (279,2) width 296: "style=\"border-top: green 10px solid;\""
        RenderText {#text} at (575,0) size 4x18
          text run at (575,0) width 4: "."
      RenderTable {TABLE} at (0,120) size 449x116 [border: (1px outset #808080)]
        RenderTableSection {TBODY} at (1,1) size 447x114
          RenderTableRow {TR} at (0,5) size 447x31
            RenderTableCell {TD} at (5,5) size 437x31 [border: (10px solid #008000) (1px inset #808080)] [r=0 c=0 rs=1 cs=2]
              RenderText {#text} at (2,11) size 433x18
                text run at (2,11) width 433: "Every cell in this table should have a 10-pixel solid green top border."
          RenderTableRow {TR} at (0,41) size 447x68
            RenderTableCell {TD} at (5,59) size 110x31 [border: (10px solid #008000) (1px inset #808080)] [r=1 c=0 rs=1 cs=1]
              RenderText {#text} at (2,11) size 53x18
                text run at (2,11) width 53: "Cell one"
            RenderTableCell {TD} at (120,41) size 322x68 [border: (10px solid #008000) (1px inset #808080)] [r=1 c=1 rs=1 cs=1]
              RenderBlock (anonymous) at (2,11) size 318x18
                RenderText {#text} at (0,0) size 54x18
                  text run at (0,0) width 54: "Cell two"
              RenderTable {TABLE} at (2,29) size 161x37 [border: (1px outset #808080)]
                RenderTableSection {TBODY} at (1,1) size 159x35
                  RenderTableRow {TR} at (0,2) size 159x31
                    RenderTableCell {TD} at (2,2) size 155x31 [border: (10px solid #008000) (1px inset #808080)] [r=0 c=0 rs=1 cs=1]
                      RenderText {#text} at (2,11) size 151x18
                        text run at (2,11) width 151: "Nested single-cell table!"
      RenderBlock (anonymous) at (0,236) size 769x18
        RenderBR {BR} at (0,0) size 0x18
      RenderBlock {P} at (0,270) size 769x18
        RenderInline {CODE} at (0,0) size 56x15
          RenderText {#text} at (0,2) size 56x15
            text run at (0,2) width 56: "<table>"
        RenderText {#text} at (56,0) size 68x18
          text run at (56,0) width 68: " has *no* "
        RenderInline {CODE} at (0,0) size 48x15
          RenderText {#text} at (124,2) size 48x15
            text run at (124,2) width 48: "border"
        RenderText {#text} at (172,0) size 72x18
          text run at (172,0) width 72: " attribute; "
        RenderInline {CODE} at (0,0) size 32x15
          RenderText {#text} at (244,2) size 32x15
            text run at (244,2) width 32: "<td>"
        RenderText {#text} at (276,0) size 40x18
          text run at (276,0) width 40: " have "
        RenderInline {CODE} at (0,0) size 296x15
          RenderText {#text} at (316,2) size 296x15
            text run at (316,2) width 296: "style=\"border-top: green 10px solid;\""
        RenderText {#text} at (612,0) size 4x18
          text run at (612,0) width 4: "."
      RenderTable {TABLE} at (0,304) size 445x109
        RenderTableSection {TBODY} at (0,0) size 445x109
          RenderTableRow {TR} at (0,5) size 445x30
            RenderTableCell {TD} at (5,5) size 435x30 [border: (10px solid #008000) none] [r=0 c=0 rs=1 cs=2]
              RenderText {#text} at (1,11) size 433x18
                text run at (1,11) width 433: "Every cell in this table should have a 10-pixel solid green top border."
          RenderTableRow {TR} at (0,40) size 445x64
            RenderTableCell {TD} at (5,57) size 110x30 [border: (10px solid #008000) none] [r=1 c=0 rs=1 cs=1]
              RenderText {#text} at (1,11) size 53x18
                text run at (1,11) width 53: "Cell one"
            RenderTableCell {TD} at (120,40) size 320x64 [border: (10px solid #008000) none] [r=1 c=1 rs=1 cs=1]
              RenderBlock (anonymous) at (1,11) size 318x18
                RenderText {#text} at (0,0) size 54x18
                  text run at (0,0) width 54: "Cell two"
              RenderTable {TABLE} at (1,29) size 157x34
                RenderTableSection {TBODY} at (0,0) size 157x34
                  RenderTableRow {TR} at (0,2) size 157x30
                    RenderTableCell {TD} at (2,2) size 153x30 [border: (10px solid #008000) none] [r=0 c=0 rs=1 cs=1]
                      RenderText {#text} at (1,11) size 151x18
                        text run at (1,11) width 151: "Nested single-cell table!"
      RenderBlock (anonymous) at (0,413) size 769x18
        RenderBR {BR} at (0,0) size 0x18
      RenderBlock {HR} at (0,439) size 769x2 [border: (1px inset #000000)]
      RenderBlock {H3} at (0,459) size 769x22
        RenderText {#text} at (0,0) size 102x22
          text run at (0,0) width 102: "border-right"
      RenderBlock {P} at (0,499) size 769x18
        RenderInline {CODE} at (0,0) size 56x15
          RenderText {#text} at (0,2) size 56x15
            text run at (0,2) width 56: "<table>"
        RenderText {#text} at (56,0) size 31x18
          text run at (56,0) width 31: " has "
        RenderInline {CODE} at (0,0) size 48x15
          RenderText {#text} at (87,2) size 48x15
            text run at (87,2) width 48: "border"
        RenderText {#text} at (135,0) size 72x18
          text run at (135,0) width 72: " attribute; "
        RenderInline {CODE} at (0,0) size 32x15
          RenderText {#text} at (207,2) size 32x15
            text run at (207,2) width 32: "<td>"
        RenderText {#text} at (239,0) size 40x18
          text run at (239,0) width 40: " have "
        RenderInline {CODE} at (0,0) size 312x15
          RenderText {#text} at (279,2) size 312x15
            text run at (279,2) width 312: "style=\"border-right: green 10px solid;\""
        RenderText {#text} at (591,0) size 4x18
          text run at (591,0) width 4: "."
      RenderTable {TABLE} at (0,533) size 467x89 [border: (1px outset #808080)]
        RenderTableSection {TBODY} at (1,1) size 465x87
          RenderTableRow {TR} at (0,5) size 465x22
            RenderTableCell {TD} at (5,5) size 455x22 [border: (1px inset #808080) (10px solid #008000) (1px inset #808080)] [r=0 c=0 rs=1 cs=2]
              RenderText {#text} at (2,2) size 442x18
                text run at (2,2) width 442: "Every cell in this table should have a 10-pixel solid green right border."
          RenderTableRow {TR} at (0,32) size 465x50
            RenderTableCell {TD} at (5,46) size 119x22 [border: (1px inset #808080) (10px solid #008000) (1px inset #808080)] [r=1 c=0 rs=1 cs=1]
              RenderText {#text} at (2,2) size 53x18
                text run at (2,2) width 53: "Cell one"
            RenderTableCell {TD} at (129,32) size 331x50 [border: (1px inset #808080) (10px solid #008000) (1px inset #808080)] [r=1 c=1 rs=1 cs=1]
              RenderBlock (anonymous) at (2,2) size 318x18
                RenderText {#text} at (0,0) size 54x18
                  text run at (0,0) width 54: "Cell two"
              RenderTable {TABLE} at (2,20) size 170x28 [border: (1px outset #808080)]
                RenderTableSection {TBODY} at (1,1) size 168x26
                  RenderTableRow {TR} at (0,2) size 168x22
                    RenderTableCell {TD} at (2,2) size 164x22 [border: (1px inset #808080) (10px solid #008000) (1px inset #808080)] [r=0 c=0 rs=1 cs=1]
                      RenderText {#text} at (2,2) size 151x18
                        text run at (2,2) width 151: "Nested single-cell table!"
      RenderBlock (anonymous) at (0,622) size 769x18
        RenderBR {BR} at (0,0) size 0x18
      RenderBlock {P} at (0,656) size 769x18
        RenderInline {CODE} at (0,0) size 56x15
          RenderText {#text} at (0,2) size 56x15
            text run at (0,2) width 56: "<table>"
        RenderText {#text} at (56,0) size 31x18
          text run at (56,0) width 31: " has "
        RenderInline {CODE} at (0,0) size 48x15
          RenderText {#text} at (87,2) size 48x15
            text run at (87,2) width 48: "border"
        RenderText {#text} at (135,0) size 72x18
          text run at (135,0) width 72: " attribute; "
        RenderInline {CODE} at (0,0) size 32x15
          RenderText {#text} at (207,2) size 32x15
            text run at (207,2) width 32: "<td>"
        RenderText {#text} at (239,0) size 40x18
          text run at (239,0) width 40: " have "
        RenderInline {CODE} at (0,0) size 312x15
          RenderText {#text} at (279,2) size 312x15
            text run at (279,2) width 312: "style=\"border-right: green 10px solid;\""
        RenderText {#text} at (591,0) size 4x18
          text run at (591,0) width 4: "."
      RenderTable {TABLE} at (0,690) size 464x79
        RenderTableSection {TBODY} at (0,0) size 464x79
          RenderTableRow {TR} at (0,5) size 464x20
            RenderTableCell {TD} at (5,5) size 454x20 [border: none (10px solid #008000) none] [r=0 c=0 rs=1 cs=2]
              RenderText {#text} at (1,1) size 442x18
                text run at (1,1) width 442: "Every cell in this table should have a 10-pixel solid green right border."
          RenderTableRow {TR} at (0,30) size 464x44
            RenderTableCell {TD} at (5,42) size 119x20 [border: none (10px solid #008000) none] [r=1 c=0 rs=1 cs=1]
              RenderText {#text} at (1,1) size 53x18
                text run at (1,1) width 53: "Cell one"
            RenderTableCell {TD} at (129,30) size 330x44 [border: none (10px solid #008000) none] [r=1 c=1 rs=1 cs=1]
              RenderBlock (anonymous) at (1,1) size 318x18
                RenderText {#text} at (0,0) size 54x18
                  text run at (0,0) width 54: "Cell two"
              RenderTable {TABLE} at (1,19) size 167x24
                RenderTableSection {TBODY} at (0,0) size 167x24
                  RenderTableRow {TR} at (0,2) size 167x20
                    RenderTableCell {TD} at (2,2) size 163x20 [border: none (10px solid #008000) none] [r=0 c=0 rs=1 cs=1]
                      RenderText {#text} at (1,1) size 151x18
                        text run at (1,1) width 151: "Nested single-cell table!"
      RenderBlock (anonymous) at (0,769) size 769x18
        RenderBR {BR} at (0,0) size 0x18
      RenderBlock {HR} at (0,795) size 769x2 [border: (1px inset #000000)]
      RenderBlock {H3} at (0,815) size 769x22
        RenderText {#text} at (0,0) size 121x22
          text run at (0,0) width 121: "border-bottom"
      RenderBlock {P} at (0,855) size 769x18
        RenderInline {CODE} at (0,0) size 56x15
          RenderText {#text} at (0,2) size 56x15
            text run at (0,2) width 56: "<table>"
        RenderText {#text} at (56,0) size 31x18
          text run at (56,0) width 31: " has "
        RenderInline {CODE} at (0,0) size 48x15
          RenderText {#text} at (87,2) size 48x15
            text run at (87,2) width 48: "border"
        RenderText {#text} at (135,0) size 72x18
          text run at (135,0) width 72: " attribute; "
        RenderInline {CODE} at (0,0) size 32x15
          RenderText {#text} at (207,2) size 32x15
            text run at (207,2) width 32: "<td>"
        RenderText {#text} at (239,0) size 40x18
          text run at (239,0) width 40: " have "
        RenderInline {CODE} at (0,0) size 320x15
          RenderText {#text} at (279,2) size 320x15
            text run at (279,2) width 320: "style=\"border-bottom: green 10px solid;\""
        RenderText {#text} at (599,0) size 4x18
          text run at (599,0) width 4: "."
      RenderTable {TABLE} at (0,889) size 473x116 [border: (1px outset #808080)]
        RenderTableSection {TBODY} at (1,1) size 471x114
          RenderTableRow {TR} at (0,5) size 471x31
            RenderTableCell {TD} at (5,5) size 461x31 [border: (1px inset #808080) (10px solid #008000) (1px inset #808080)] [r=0 c=0 rs=1 cs=2]
              RenderText {#text} at (2,2) size 457x18
                text run at (2,2) width 457: "Every cell in this table should have a 10-pixel solid green bottom border."
          RenderTableRow {TR} at (0,41) size 471x68
            RenderTableCell {TD} at (5,59) size 117x31 [border: (1px inset #808080) (10px solid #008000) (1px inset #808080)] [r=1 c=0 rs=1 cs=1]
              RenderText {#text} at (2,2) size 53x18
                text run at (2,2) width 53: "Cell one"
            RenderTableCell {TD} at (127,41) size 339x68 [border: (1px inset #808080) (10px solid #008000) (1px inset #808080)] [r=1 c=1 rs=1 cs=1]
              RenderBlock (anonymous) at (2,2) size 335x18
                RenderText {#text} at (0,0) size 54x18
                  text run at (0,0) width 54: "Cell two"
              RenderTable {TABLE} at (2,20) size 161x37 [border: (1px outset #808080)]
                RenderTableSection {TBODY} at (1,1) size 159x35
                  RenderTableRow {TR} at (0,2) size 159x31
                    RenderTableCell {TD} at (2,2) size 155x31 [border: (1px inset #808080) (10px solid #008000) (1px inset #808080)] [r=0 c=0 rs=1 cs=1]
                      RenderText {#text} at (2,2) size 151x18
                        text run at (2,2) width 151: "Nested single-cell table!"
      RenderBlock (anonymous) at (0,1005) size 769x18
        RenderBR {BR} at (0,0) size 0x18
      RenderBlock {P} at (0,1039) size 769x18
        RenderInline {CODE} at (0,0) size 56x15
          RenderText {#text} at (0,2) size 56x15
            text run at (0,2) width 56: "<table>"
        RenderText {#text} at (56,0) size 68x18
          text run at (56,0) width 68: " has *no* "
        RenderInline {CODE} at (0,0) size 48x15
          RenderText {#text} at (124,2) size 48x15
            text run at (124,2) width 48: "border"
        RenderText {#text} at (172,0) size 72x18
          text run at (172,0) width 72: " attribute; "
        RenderInline {CODE} at (0,0) size 32x15
          RenderText {#text} at (244,2) size 32x15
            text run at (244,2) width 32: "<td>"
        RenderText {#text} at (276,0) size 40x18
          text run at (276,0) width 40: " have "
        RenderInline {CODE} at (0,0) size 320x15
          RenderText {#text} at (316,2) size 320x15
            text run at (316,2) width 320: "style=\"border-bottom: green 10px solid;\""
        RenderText {#text} at (636,0) size 4x18
          text run at (636,0) width 4: "."
      RenderTable {TABLE} at (0,1073) size 469x109
        RenderTableSection {TBODY} at (0,0) size 469x109
          RenderTableRow {TR} at (0,5) size 469x30
            RenderTableCell {TD} at (5,5) size 459x30 [border: none (10px solid #008000) none] [r=0 c=0 rs=1 cs=2]
              RenderText {#text} at (1,1) size 457x18
                text run at (1,1) width 457: "Every cell in this table should have a 10-pixel solid green bottom border."
          RenderTableRow {TR} at (0,40) size 469x64
            RenderTableCell {TD} at (5,57) size 116x30 [border: none (10px solid #008000) none] [r=1 c=0 rs=1 cs=1]
              RenderText {#text} at (1,1) size 53x18
                text run at (1,1) width 53: "Cell one"
            RenderTableCell {TD} at (126,40) size 338x64 [border: none (10px solid #008000) none] [r=1 c=1 rs=1 cs=1]
              RenderBlock (anonymous) at (1,1) size 336x18
                RenderText {#text} at (0,0) size 54x18
                  text run at (0,0) width 54: "Cell two"
              RenderTable {TABLE} at (1,19) size 157x34
                RenderTableSection {TBODY} at (0,0) size 157x34
                  RenderTableRow {TR} at (0,2) size 157x30
                    RenderTableCell {TD} at (2,2) size 153x30 [border: none (10px solid #008000) none] [r=0 c=0 rs=1 cs=1]
                      RenderText {#text} at (1,1) size 151x18
                        text run at (1,1) width 151: "Nested single-cell table!"
      RenderBlock (anonymous) at (0,1182) size 769x18
        RenderBR {BR} at (0,0) size 0x18
      RenderBlock {HR} at (0,1208) size 769x2 [border: (1px inset #000000)]
      RenderBlock {H3} at (0,1228) size 769x22
        RenderText {#text} at (0,0) size 87x22
          text run at (0,0) width 87: "border-left"
      RenderBlock {P} at (0,1268) size 769x18
        RenderInline {CODE} at (0,0) size 56x15
          RenderText {#text} at (0,2) size 56x15
            text run at (0,2) width 56: "<table>"
        RenderText {#text} at (56,0) size 31x18
          text run at (56,0) width 31: " has "
        RenderInline {CODE} at (0,0) size 48x15
          RenderText {#text} at (87,2) size 48x15
            text run at (87,2) width 48: "border"
        RenderText {#text} at (135,0) size 72x18
          text run at (135,0) width 72: " attribute; "
        RenderInline {CODE} at (0,0) size 32x15
          RenderText {#text} at (207,2) size 32x15
            text run at (207,2) width 32: "<td>"
        RenderText {#text} at (239,0) size 40x18
          text run at (239,0) width 40: " have "
        RenderInline {CODE} at (0,0) size 304x15
          RenderText {#text} at (279,2) size 304x15
            text run at (279,2) width 304: "style=\"border-left: green 10px solid;\""
        RenderText {#text} at (583,0) size 4x18
          text run at (583,0) width 4: "."
      RenderTable {TABLE} at (0,1302) size 458x89 [border: (1px outset #808080)]
        RenderTableSection {TBODY} at (1,1) size 456x87
          RenderTableRow {TR} at (0,5) size 456x22
            RenderTableCell {TD} at (5,5) size 446x22 [border: (1px inset #808080) (10px solid #008000)] [r=0 c=0 rs=1 cs=2]
              RenderText {#text} at (11,2) size 433x18
                text run at (11,2) width 433: "Every cell in this table should have a 10-pixel solid green left border."
          RenderTableRow {TR} at (0,32) size 456x50
            RenderTableCell {TD} at (5,46) size 116x22 [border: (1px inset #808080) (10px solid #008000)] [r=1 c=0 rs=1 cs=1]
              RenderText {#text} at (11,2) size 53x18
                text run at (11,2) width 53: "Cell one"
            RenderTableCell {TD} at (126,32) size 325x50 [border: (1px inset #808080) (10px solid #008000)] [r=1 c=1 rs=1 cs=1]
              RenderBlock (anonymous) at (11,2) size 312x18
                RenderText {#text} at (0,0) size 54x18
                  text run at (0,0) width 54: "Cell two"
              RenderTable {TABLE} at (11,20) size 170x28 [border: (1px outset #808080)]
                RenderTableSection {TBODY} at (1,1) size 168x26
                  RenderTableRow {TR} at (0,2) size 168x22
                    RenderTableCell {TD} at (2,2) size 164x22 [border: (1px inset #808080) (10px solid #008000)] [r=0 c=0 rs=1 cs=1]
                      RenderText {#text} at (11,2) size 151x18
                        text run at (11,2) width 151: "Nested single-cell table!"
      RenderBlock (anonymous) at (0,1391) size 769x18
        RenderBR {BR} at (0,0) size 0x18
      RenderBlock {P} at (0,1425) size 769x18
        RenderInline {CODE} at (0,0) size 56x15
          RenderText {#text} at (0,2) size 56x15
            text run at (0,2) width 56: "<table>"
        RenderText {#text} at (56,0) size 68x18
          text run at (56,0) width 68: " has *no* "
        RenderInline {CODE} at (0,0) size 48x15
          RenderText {#text} at (124,2) size 48x15
            text run at (124,2) width 48: "border"
        RenderText {#text} at (172,0) size 72x18
          text run at (172,0) width 72: " attribute; "
        RenderInline {CODE} at (0,0) size 32x15
          RenderText {#text} at (244,2) size 32x15
            text run at (244,2) width 32: "<td>"
        RenderText {#text} at (276,0) size 40x18
          text run at (276,0) width 40: " have "
        RenderInline {CODE} at (0,0) size 304x15
          RenderText {#text} at (316,2) size 304x15
            text run at (316,2) width 304: "style=\"border-left: green 10px solid;\""
        RenderText {#text} at (620,0) size 4x18
          text run at (620,0) width 4: "."
      RenderTable {TABLE} at (0,1459) size 455x79
        RenderTableSection {TBODY} at (0,0) size 455x79
          RenderTableRow {TR} at (0,5) size 455x20
            RenderTableCell {TD} at (5,5) size 445x20 [border: none (10px solid #008000)] [r=0 c=0 rs=1 cs=2]
              RenderText {#text} at (11,1) size 433x18
                text run at (11,1) width 433: "Every cell in this table should have a 10-pixel solid green left border."
          RenderTableRow {TR} at (0,30) size 455x44
            RenderTableCell {TD} at (5,42) size 117x20 [border: none (10px solid #008000)] [r=1 c=0 rs=1 cs=1]
              RenderText {#text} at (11,1) size 53x18
                text run at (11,1) width 53: "Cell one"
            RenderTableCell {TD} at (127,30) size 323x44 [border: none (10px solid #008000)] [r=1 c=1 rs=1 cs=1]
              RenderBlock (anonymous) at (11,1) size 311x18
                RenderText {#text} at (0,0) size 54x18
                  text run at (0,0) width 54: "Cell two"
              RenderTable {TABLE} at (11,19) size 167x24
                RenderTableSection {TBODY} at (0,0) size 167x24
                  RenderTableRow {TR} at (0,2) size 167x20
                    RenderTableCell {TD} at (2,2) size 163x20 [border: none (10px solid #008000)] [r=0 c=0 rs=1 cs=1]
                      RenderText {#text} at (11,1) size 151x18
                        text run at (11,1) width 151: "Nested single-cell table!"
      RenderBlock (anonymous) at (0,1538) size 769x18
        RenderBR {BR} at (0,0) size 0x18
      RenderBlock {HR} at (0,1564) size 769x2 [border: (1px inset #000000)]
      RenderBlock {H3} at (0,1584) size 769x22
        RenderText {#text} at (0,0) size 56x22
          text run at (0,0) width 56: "border"
      RenderBlock {P} at (0,1624) size 769x18
        RenderInline {CODE} at (0,0) size 56x15
          RenderText {#text} at (0,2) size 56x15
            text run at (0,2) width 56: "<table>"
        RenderText {#text} at (56,0) size 31x18
          text run at (56,0) width 31: " has "
        RenderInline {CODE} at (0,0) size 48x15
          RenderText {#text} at (87,2) size 48x15
            text run at (87,2) width 48: "border"
        RenderText {#text} at (135,0) size 72x18
          text run at (135,0) width 72: " attribute; "
        RenderInline {CODE} at (0,0) size 32x15
          RenderText {#text} at (207,2) size 32x15
            text run at (207,2) width 32: "<td>"
        RenderText {#text} at (239,0) size 40x18
          text run at (239,0) width 40: " have "
        RenderInline {CODE} at (0,0) size 264x15
          RenderText {#text} at (279,2) size 264x15
            text run at (279,2) width 264: "style=\"border: green 10px solid;\""
        RenderText {#text} at (543,0) size 4x18
          text run at (543,0) width 4: "."
      RenderTable {TABLE} at (0,1658) size 443x143 [border: (1px outset #808080)]
        RenderTableSection {TBODY} at (1,1) size 441x141
          RenderTableRow {TR} at (0,5) size 441x40
            RenderTableCell {TD} at (5,5) size 431x40 [border: (10px solid #008000)] [r=0 c=0 rs=1 cs=2]
              RenderText {#text} at (11,11) size 409x18
                text run at (11,11) width 409: "Every cell in this table should have a 10-pixel solid green border."
          RenderTableRow {TR} at (0,50) size 441x86
            RenderTableCell {TD} at (5,73) size 115x40 [border: (10px solid #008000)] [r=1 c=0 rs=1 cs=1]
              RenderText {#text} at (11,11) size 53x18
                text run at (11,11) width 53: "Cell one"
            RenderTableCell {TD} at (125,50) size 311x86 [border: (10px solid #008000)] [r=1 c=1 rs=1 cs=1]
              RenderBlock (anonymous) at (11,11) size 289x18
                RenderText {#text} at (0,0) size 54x18
                  text run at (0,0) width 54: "Cell two"
              RenderTable {TABLE} at (11,29) size 179x46 [border: (1px outset #808080)]
                RenderTableSection {TBODY} at (1,1) size 177x44
                  RenderTableRow {TR} at (0,2) size 177x40
                    RenderTableCell {TD} at (2,2) size 173x40 [border: (10px solid #008000)] [r=0 c=0 rs=1 cs=1]
                      RenderText {#text} at (11,11) size 151x18
                        text run at (11,11) width 151: "Nested single-cell table!"
      RenderBlock (anonymous) at (0,1801) size 769x18
        RenderBR {BR} at (0,0) size 0x18
      RenderBlock {P} at (0,1835) size 769x18
        RenderInline {CODE} at (0,0) size 56x15
          RenderText {#text} at (0,2) size 56x15
            text run at (0,2) width 56: "<table>"
        RenderText {#text} at (56,0) size 68x18
          text run at (56,0) width 68: " has *no* "
        RenderInline {CODE} at (0,0) size 48x15
          RenderText {#text} at (124,2) size 48x15
            text run at (124,2) width 48: "border"
        RenderText {#text} at (172,0) size 72x18
          text run at (172,0) width 72: " attribute; "
        RenderInline {CODE} at (0,0) size 32x15
          RenderText {#text} at (244,2) size 32x15
            text run at (244,2) width 32: "<td>"
        RenderText {#text} at (276,0) size 40x18
          text run at (276,0) width 40: " have "
        RenderInline {CODE} at (0,0) size 264x15
          RenderText {#text} at (316,2) size 264x15
            text run at (316,2) width 264: "style=\"border: green 10px solid;\""
        RenderText {#text} at (580,0) size 4x18
          text run at (580,0) width 4: "."
      RenderTable {TABLE} at (0,1869) size 441x139
        RenderTableSection {TBODY} at (0,0) size 441x139
          RenderTableRow {TR} at (0,5) size 441x40
            RenderTableCell {TD} at (5,5) size 431x40 [border: (10px solid #008000)] [r=0 c=0 rs=1 cs=2]
              RenderText {#text} at (11,11) size 409x18
                text run at (11,11) width 409: "Every cell in this table should have a 10-pixel solid green border."
          RenderTableRow {TR} at (0,50) size 441x84
            RenderTableCell {TD} at (5,72) size 116x40 [border: (10px solid #008000)] [r=1 c=0 rs=1 cs=1]
              RenderText {#text} at (11,11) size 53x18
                text run at (11,11) width 53: "Cell one"
            RenderTableCell {TD} at (126,50) size 310x84 [border: (10px solid #008000)] [r=1 c=1 rs=1 cs=1]
              RenderBlock (anonymous) at (11,11) size 288x18
                RenderText {#text} at (0,0) size 54x18
                  text run at (0,0) width 54: "Cell two"
              RenderTable {TABLE} at (11,29) size 177x44
                RenderTableSection {TBODY} at (0,0) size 177x44
                  RenderTableRow {TR} at (0,2) size 177x40
                    RenderTableCell {TD} at (2,2) size 173x40 [border: (10px solid #008000)] [r=0 c=0 rs=1 cs=1]
                      RenderText {#text} at (11,11) size 151x18
                        text run at (11,11) width 151: "Nested single-cell table!"
