layer at (0,0) size 800x600
  RenderView at (0,0) size 800x600
layer at (0,0) size 800x600
  RenderBlock {HTML} at (0,0) size 800x600
    RenderBody {BODY} at (8,8) size 784x584
      RenderTable {TABLE} at (0,0) size 784x58
        RenderTableSection {TBODY} at (0,0) size 784x58
          RenderTableRow {TR} at (0,2) size 784x31
            RenderTableCell {TD} at (2,7) size 40x21 [r=0 c=0 rs=1 cs=1]
              RenderText {#text} at (1,1) size 32x19
                text run at (1,1) width 32: "URL:"
            RenderTableCell {TD} at (44,2) size 738x31 [r=0 c=1 rs=1 cs=1]
              RenderTextControl {INPUT} at (1,3) size 736x25 [border: (2px inset #000000)]
          RenderTableRow {TR} at (0,35) size 784x21
            RenderTableCell {TD} at (2,35) size 780x21 [bgcolor=#FF0000] [r=1 c=0 rs=1 cs=2]
              RenderText {#text} at (1,1) size 241x19
                text run at (1,1) width 241: "Alongwordtogiveyouanicebigminwidth."
      RenderTable {TABLE} at (0,58) size 100x100 [bgcolor=#FF0000] [border: (2px outset #808080)]
        RenderTableSection {TBODY} at (2,2) size 96x96
          RenderTableRow {TR} at (0,2) size 96x92
            RenderTableCell {TD} at (2,46) size 92x4 [border: (1px inset #808080)] [r=0 c=0 rs=1 cs=1]
      RenderTable {TABLE} at (0,158) size 200x127 [border: (2px outset #808080)]
        RenderTableSection {TBODY} at (2,2) size 196x123
          RenderTableRow {TR} at (0,2) size 196x23
            RenderTableCell {TD} at (2,2) size 192x23 [border: (1px inset #808080)] [r=0 c=0 rs=1 cs=1]
              RenderText {#text} at (2,2) size 30x19
                text run at (2,2) width 30: "hello"
          RenderTableRow {TR} at (0,27) size 196x23
            RenderTableCell {TD} at (2,27) size 192x23 [border: (1px inset #808080)] [r=1 c=0 rs=1 cs=1]
              RenderText {#text} at (2,2) size 67x19
                text run at (2,2) width 67: "more hello"
          RenderTableRow {TR} at (0,52) size 196x23
            RenderTableCell {TD} at (2,52) size 192x23 [border: (1px inset #808080)] [r=2 c=0 rs=1 cs=1]
              RenderText {#text} at (2,2) size 34x19
                text run at (2,2) width 34: "world"
          RenderTableRow {TR} at (0,77) size 196x44
            RenderTableCell {TD} at (2,78) size 192x42 [border: (1px inset #808080)] [r=3 c=0 rs=1 cs=1]
              RenderTextControl {TEXTAREA} at (4,2) size 184x38 [border: (1px solid #000000)]
              RenderText {#text} at (0,0) size 0x0
      RenderTable {TABLE} at (0,285) size 106x82
        RenderTableSection {TBODY} at (0,0) size 106x82
          RenderTableRow {TR} at (0,2) size 106x78
            RenderTableCell {TD} at (2,2) size 102x78 [r=0 c=0 rs=1 cs=1]
              RenderText {#text} at (1,1) size 97x76
                text run at (1,1) width 85: "I should wrap"
                text run at (1,20) width 83: "and not have"
                text run at (1,39) width 55: "nowrap. "
                text run at (56,39) width 42: "I really"
                text run at (1,58) width 46: "should."
      RenderTable {TABLE} at (0,367) size 106x82
        RenderTableSection {TBODY} at (0,0) size 106x82
          RenderTableRow {TR} at (0,2) size 106x78
            RenderTableCell {TD} at (2,2) size 102x78 [r=0 c=0 rs=1 cs=1]
              RenderBlock {DIV} at (1,1) size 100x76
                RenderText {#text} at (0,0) size 97x76
                  text run at (0,0) width 85: "I should wrap"
                  text run at (0,19) width 83: "and not have"
                  text run at (0,38) width 55: "nowrap. "
                  text run at (55,38) width 42: "I really"
                  text run at (0,57) width 46: "should."
      RenderTable {TABLE} at (0,449) size 360x25
        RenderTableSection {TBODY} at (0,0) size 360x25
          RenderTableRow {TR} at (0,2) size 360x21
            RenderTableCell {TD} at (2,2) size 356x21 [r=0 c=0 rs=1 cs=1]
              RenderText {#text} at (1,1) size 354x19
                text run at (1,1) width 144: "I should have nowrap. "
                text run at (145,1) width 96: "I really should. "
                text run at (241,1) width 114: "Definitely. Should."
      RenderTable {TABLE} at (0,474) size 360x25
        RenderTableSection {TBODY} at (0,0) size 360x25
          RenderTableRow {TR} at (0,2) size 360x21
            RenderTableCell {TD} at (2,2) size 356x21 [r=0 c=0 rs=1 cs=1]
              RenderBlock {DIV} at (1,1) size 354x19
                RenderText {#text} at (0,0) size 354x19
                  text run at (0,0) width 144: "I should have nowrap. "
                  text run at (144,0) width 96: "I really should. "
                  text run at (240,0) width 114: "Definitely. Should."
layer at (56,16) size 730x19
  RenderBlock {DIV} at (3,3) size 730x19
layer at (17,249) size 182x36
  RenderBlock {DIV} at (1,1) size 182x36
