layer at (0,0) size 800x600
  RenderView at (0,0) size 800x600
layer at (0,0) size 800x47
  RenderBlock {html} at (0,0) size 800x47
    RenderBody {body} at (8,14) size 784x19
      RenderBlock {p} at (0,0) size 784x19
        RenderText {#text} at (0,0) size 21x19
          text run at (0,0) width 21: "bar"
