layer at (0,0) size 800x600
  RenderView at (0,0) size 800x600
layer at (0,0) size 800x600
  RenderBlock {HTML} at (0,0) size 800x600
    RenderBody {BODY} at (8,8) size 784x584
      RenderBlock {P} at (0,0) size 784x20
        RenderText {#text} at (0,0) size 53x19
          text run at (0,0) width 53: "Test for "
        RenderInline {I} at (0,0) size 662x19
          RenderInline {A} at (0,0) size 294x19 [color=#0000EE]
            RenderText {#text} at (53,0) size 294x19
              text run at (53,0) width 294: "http://bugs.webkit.org/show_bug.cgi?id=13391"
          RenderText {#text} at (347,0) size 368x19
            text run at (347,0) width 4: " "
            text run at (351,0) width 364: "REGRESSION (r18819): Incomplete repaint of button text"
        RenderText {#text} at (715,0) size 4x19
          text run at (715,0) width 4: "."
      RenderBlock {P} at (0,34) size 784x19
        RenderText {#text} at (0,0) size 489x19
          text run at (0,0) width 489: "The popup and the button should say \x{201C}SUCCESS\x{201D} with no sign of \x{201C}FAILURE\x{201D}."
      RenderMenuList {SELECT} at (0,67) size 200x30 [bgcolor=#FFFFFF] [border: (1px solid #000000)]
        RenderBlock (anonymous) at (1,5) size 198x19
          RenderText at (0,0) size 66x19
            text run at (0,0) width 66: "SUCCESS"
      RenderButton {BUTTON} at (0,97) size 200x28 [bgcolor=#C0C0C0]
        RenderBlock (anonymous) at (6,6) size 188x17
          RenderText {#text} at (64,0) size 59x17
            text run at (64,0) width 59: "SUCCESS"
