layer at (0,0) size 800x600
  RenderView at (0,0) size 800x600
layer at (0,0) size 800x212
  RenderBlock {HTML} at (0,0) size 800x212
    RenderBody {BODY} at (8,14) size 784x190
      RenderBlock {P} at (0,0) size 784x20
        RenderInline {B} at (0,0) size 54x20
          RenderText {#text} at (0,0) size 54x20
            text run at (0,0) width 54: "BUG ID:"
        RenderText {#text} at (54,0) size 4x19
          text run at (54,0) width 4: " "
        RenderInline {A} at (0,0) size 113x19 [color=#0000EE]
          RenderText {#text} at (58,0) size 113x19
            text run at (58,0) width 113: "Bugzilla bug 8337"
        RenderText {#text} at (171,0) size 321x19
          text run at (171,0) width 321: " Incomplete repaint of inlines\x{2019} outline during editing"
      RenderBlock {P} at (0,34) size 784x45 [bgcolor=#98FB98]
        RenderInline {B} at (0,0) size 82x20
          RenderText {#text} at (3,3) size 82x20
            text run at (3,3) width 82: "TEST PASS:"
        RenderText {#text} at (85,3) size 738x39
          text run at (85,3) width 4: " "
          text run at (89,3) width 652: "The words \x{201C}sit amet\x{201D} will be deleted, and the blue outline will shrink to surround only the remaining text,"
          text run at (3,23) width 314: "without leaving behind any trails or other artifacts."
      RenderBlock {P} at (0,93) size 784x45 [bgcolor=#FF3300]
        RenderInline {B} at (0,0) size 77x20
          RenderText {#text} at (3,3) size 77x20
            text run at (3,3) width 77: "TEST FAIL:"
        RenderText {#text} at (80,3) size 769x39
          text run at (80,3) width 4: " "
          text run at (84,3) width 688: "As the words \x{201C}sit amet\x{201D} will be deleted, the blue outline will leave trails behind as it shrinks to fit the remaining"
          text run at (3,23) width 27: "text."
      RenderBlock {DIV} at (0,152) size 100x38
        RenderInline {SPAN} at (0,0) size 87x38
          RenderText {#text} at (0,0) size 87x38
            text run at (0,0) width 87: "Lorem ipsum "
            text run at (0,19) width 36: "dolor "
caret: position 18 of child 0 {#text} of child 1 {SPAN} of child 7 {DIV} of body
